12:21:19 INFO  : Registering command handlers for SDK TCF services
12:21:19 INFO  : Launching XSCT server: xsct.bat -interactive D:\Sem_6\AELD\Labs\Lab_5\Lab_5.sdk\temp_xsdb_launch_script.tcl
12:21:23 INFO  : XSCT server has started successfully.
12:21:28 INFO  : Successfully done setting XSCT server connection channel  
12:21:28 INFO  : Successfully done setting SDK workspace  
12:21:28 INFO  : Processing command line option -hwspec D:/Sem_6/AELD/Labs/Lab_5/Lab_5.sdk/design_1_wrapper.hdf.
12:39:01 INFO  : Refreshed build settings on project Lab_5
12:40:07 INFO  : Connected through redirection to target on host '192.168.226.142' and port '60913'.
12:40:08 INFO  : Jtag cable 'Digilent Zed 210248A39C95' is selected.
12:40:08 INFO  : 'jtag frequency' command is executed.
12:40:08 INFO  : Sourcing of 'D:/Sem_6/AELD/Labs/Lab_5/Lab_5.sdk/design_1_wrapper_hw_platform_0/ps7_init.tcl' is done.
12:40:08 INFO  : Context for 'APU' is selected.
12:40:08 INFO  : System reset is completed.
12:40:11 INFO  : 'after 3000' command is executed.
12:40:11 INFO  : 'targets -set -filter {jtag_cable_name =~ "Digilent Zed 210248A39C95" && level==0} -index 1' command is executed.
12:40:14 INFO  : FPGA configured successfully with bitstream "D:/Sem_6/AELD/Labs/Lab_5/Lab_5.sdk/design_1_wrapper_hw_platform_0/design_1_wrapper.bit"
12:40:14 INFO  : Context for 'APU' is selected.
12:40:14 INFO  : Hardware design information is loaded from 'D:/Sem_6/AELD/Labs/Lab_5/Lab_5.sdk/design_1_wrapper_hw_platform_0/system.hdf'.
12:40:14 INFO  : 'configparams force-mem-access 1' command is executed.
12:40:14 INFO  : Context for 'APU' is selected.
12:40:19 INFO  : 'ps7_init' command is executed.
12:40:19 INFO  : 'ps7_post_config' command is executed.
12:40:19 INFO  : Context for processor 'ps7_cortexa9_0' is selected.
12:40:19 INFO  : The application 'D:/Sem_6/AELD/Labs/Lab_5/Lab_5.sdk/Lab_5/Debug/Lab_5.elf' is downloaded to processor 'ps7_cortexa9_0'.
12:40:19 INFO  : 'configparams force-mem-access 0' command is executed.
12:40:19 INFO  : ----------------XSDB Script----------------
connect -path [list tcp::1534 tcp:192.168.226.142:60913]
source D:/Sem_6/AELD/Labs/Lab_5/Lab_5.sdk/design_1_wrapper_hw_platform_0/ps7_init.tcl
targets -set -nocase -filter {name =~"APU*" && jtag_cable_name =~ "Digilent Zed 210248A39C95"} -index 0
rst -system
after 3000
targets -set -filter {jtag_cable_name =~ "Digilent Zed 210248A39C95" && level==0} -index 1
fpga -file D:/Sem_6/AELD/Labs/Lab_5/Lab_5.sdk/design_1_wrapper_hw_platform_0/design_1_wrapper.bit
targets -set -nocase -filter {name =~"APU*" && jtag_cable_name =~ "Digilent Zed 210248A39C95"} -index 0
loadhw -hw D:/Sem_6/AELD/Labs/Lab_5/Lab_5.sdk/design_1_wrapper_hw_platform_0/system.hdf -mem-ranges [list {0x40000000 0xbfffffff}]
configparams force-mem-access 1
targets -set -nocase -filter {name =~"APU*" && jtag_cable_name =~ "Digilent Zed 210248A39C95"} -index 0
ps7_init
ps7_post_config
targets -set -nocase -filter {name =~ "ARM*#0" && jtag_cable_name =~ "Digilent Zed 210248A39C95"} -index 0
dow D:/Sem_6/AELD/Labs/Lab_5/Lab_5.sdk/Lab_5/Debug/Lab_5.elf
configparams force-mem-access 0
----------------End of Script----------------

12:40:19 INFO  : Memory regions updated for context APU
12:40:19 INFO  : Context for processor 'ps7_cortexa9_0' is selected.
12:40:19 INFO  : 'con' command is executed.
12:40:19 INFO  : ----------------XSDB Script (After Launch)----------------
targets -set -nocase -filter {name =~ "ARM*#0" && jtag_cable_name =~ "Digilent Zed 210248A39C95"} -index 0
con
----------------End of Script----------------

12:40:19 INFO  : Launch script is exported to file 'D:\Sem_6\AELD\Labs\Lab_5\Lab_5.sdk\.sdk\launch_scripts\xilinx_c-c++_application_(system_debugger)\system_debugger_using_debug_lab_5.elf_on_zed.tcl'
12:42:15 INFO  : Disconnected from the channel tcfchan#1.
12:42:16 INFO  : Connected through redirection to target on host '192.168.226.142' and port '60913'.
12:42:16 INFO  : Jtag cable 'Digilent Zed 210248A39C95' is selected.
12:42:16 INFO  : 'jtag frequency' command is executed.
12:42:16 INFO  : Sourcing of 'D:/Sem_6/AELD/Labs/Lab_5/Lab_5.sdk/design_1_wrapper_hw_platform_0/ps7_init.tcl' is done.
12:42:16 INFO  : Context for 'APU' is selected.
12:42:17 INFO  : System reset is completed.
12:42:20 INFO  : 'after 3000' command is executed.
12:42:20 INFO  : 'targets -set -filter {jtag_cable_name =~ "Digilent Zed 210248A39C95" && level==0} -index 1' command is executed.
12:42:22 INFO  : FPGA configured successfully with bitstream "D:/Sem_6/AELD/Labs/Lab_5/Lab_5.sdk/design_1_wrapper_hw_platform_0/design_1_wrapper.bit"
12:42:22 INFO  : Context for 'APU' is selected.
12:42:24 INFO  : Hardware design information is loaded from 'D:/Sem_6/AELD/Labs/Lab_5/Lab_5.sdk/design_1_wrapper_hw_platform_0/system.hdf'.
12:42:24 INFO  : 'configparams force-mem-access 1' command is executed.
12:42:24 INFO  : Context for 'APU' is selected.
12:42:29 INFO  : 'ps7_init' command is executed.
12:42:29 INFO  : 'ps7_post_config' command is executed.
12:42:29 INFO  : Context for processor 'ps7_cortexa9_0' is selected.
12:42:29 INFO  : The application 'D:/Sem_6/AELD/Labs/Lab_5/Lab_5.sdk/Lab_5/Debug/Lab_5.elf' is downloaded to processor 'ps7_cortexa9_0'.
12:42:29 INFO  : 'configparams force-mem-access 0' command is executed.
12:42:29 INFO  : ----------------XSDB Script----------------
connect -path [list tcp::1534 tcp:192.168.226.142:60913]
source D:/Sem_6/AELD/Labs/Lab_5/Lab_5.sdk/design_1_wrapper_hw_platform_0/ps7_init.tcl
targets -set -nocase -filter {name =~"APU*" && jtag_cable_name =~ "Digilent Zed 210248A39C95"} -index 0
rst -system
after 3000
targets -set -filter {jtag_cable_name =~ "Digilent Zed 210248A39C95" && level==0} -index 1
fpga -file D:/Sem_6/AELD/Labs/Lab_5/Lab_5.sdk/design_1_wrapper_hw_platform_0/design_1_wrapper.bit
targets -set -nocase -filter {name =~"APU*" && jtag_cable_name =~ "Digilent Zed 210248A39C95"} -index 0
loadhw -hw D:/Sem_6/AELD/Labs/Lab_5/Lab_5.sdk/design_1_wrapper_hw_platform_0/system.hdf -mem-ranges [list {0x40000000 0xbfffffff}]
configparams force-mem-access 1
targets -set -nocase -filter {name =~"APU*" && jtag_cable_name =~ "Digilent Zed 210248A39C95"} -index 0
ps7_init
ps7_post_config
targets -set -nocase -filter {name =~ "ARM*#0" && jtag_cable_name =~ "Digilent Zed 210248A39C95"} -index 0
dow D:/Sem_6/AELD/Labs/Lab_5/Lab_5.sdk/Lab_5/Debug/Lab_5.elf
configparams force-mem-access 0
----------------End of Script----------------

12:42:30 INFO  : Memory regions updated for context APU
12:42:30 INFO  : Context for processor 'ps7_cortexa9_0' is selected.
12:42:30 INFO  : 'con' command is executed.
12:42:30 INFO  : ----------------XSDB Script (After Launch)----------------
targets -set -nocase -filter {name =~ "ARM*#0" && jtag_cable_name =~ "Digilent Zed 210248A39C95"} -index 0
con
----------------End of Script----------------

12:42:30 INFO  : Launch script is exported to file 'D:\Sem_6\AELD\Labs\Lab_5\Lab_5.sdk\.sdk\launch_scripts\xilinx_c-c++_application_(system_debugger)\system_debugger_using_debug_lab_5.elf_on_zed.tcl'
12:42:54 INFO  : Disconnected from the channel tcfchan#2.
12:42:55 INFO  : Connected through redirection to target on host '192.168.226.142' and port '60913'.
12:42:56 INFO  : Jtag cable 'Digilent Zed 210248A39C95' is selected.
12:42:56 INFO  : 'jtag frequency' command is executed.
12:42:56 INFO  : Sourcing of 'D:/Sem_6/AELD/Labs/Lab_5/Lab_5.sdk/design_1_wrapper_hw_platform_0/ps7_init.tcl' is done.
12:42:56 INFO  : Context for 'APU' is selected.
12:42:56 INFO  : System reset is completed.
12:42:59 INFO  : 'after 3000' command is executed.
12:42:59 INFO  : 'targets -set -filter {jtag_cable_name =~ "Digilent Zed 210248A39C95" && level==0} -index 1' command is executed.
12:43:02 INFO  : FPGA configured successfully with bitstream "D:/Sem_6/AELD/Labs/Lab_5/Lab_5.sdk/design_1_wrapper_hw_platform_0/design_1_wrapper.bit"
12:43:02 INFO  : Context for 'APU' is selected.
12:43:04 INFO  : Hardware design information is loaded from 'D:/Sem_6/AELD/Labs/Lab_5/Lab_5.sdk/design_1_wrapper_hw_platform_0/system.hdf'.
12:43:04 INFO  : 'configparams force-mem-access 1' command is executed.
12:43:04 INFO  : Context for 'APU' is selected.
12:43:09 INFO  : 'ps7_init' command is executed.
12:43:09 INFO  : 'ps7_post_config' command is executed.
12:43:09 INFO  : Context for processor 'ps7_cortexa9_0' is selected.
12:43:10 INFO  : The application 'D:/Sem_6/AELD/Labs/Lab_5/Lab_5.sdk/Lab_5/Debug/Lab_5.elf' is downloaded to processor 'ps7_cortexa9_0'.
12:43:10 INFO  : 'configparams force-mem-access 0' command is executed.
12:43:10 INFO  : ----------------XSDB Script----------------
connect -path [list tcp::1534 tcp:192.168.226.142:60913]
source D:/Sem_6/AELD/Labs/Lab_5/Lab_5.sdk/design_1_wrapper_hw_platform_0/ps7_init.tcl
targets -set -nocase -filter {name =~"APU*" && jtag_cable_name =~ "Digilent Zed 210248A39C95"} -index 0
rst -system
after 3000
targets -set -filter {jtag_cable_name =~ "Digilent Zed 210248A39C95" && level==0} -index 1
fpga -file D:/Sem_6/AELD/Labs/Lab_5/Lab_5.sdk/design_1_wrapper_hw_platform_0/design_1_wrapper.bit
targets -set -nocase -filter {name =~"APU*" && jtag_cable_name =~ "Digilent Zed 210248A39C95"} -index 0
loadhw -hw D:/Sem_6/AELD/Labs/Lab_5/Lab_5.sdk/design_1_wrapper_hw_platform_0/system.hdf -mem-ranges [list {0x40000000 0xbfffffff}]
configparams force-mem-access 1
targets -set -nocase -filter {name =~"APU*" && jtag_cable_name =~ "Digilent Zed 210248A39C95"} -index 0
ps7_init
ps7_post_config
targets -set -nocase -filter {name =~ "ARM*#0" && jtag_cable_name =~ "Digilent Zed 210248A39C95"} -index 0
dow D:/Sem_6/AELD/Labs/Lab_5/Lab_5.sdk/Lab_5/Debug/Lab_5.elf
configparams force-mem-access 0
----------------End of Script----------------

12:43:10 INFO  : Memory regions updated for context APU
12:43:10 INFO  : Context for processor 'ps7_cortexa9_0' is selected.
12:43:10 INFO  : 'con' command is executed.
12:43:10 INFO  : ----------------XSDB Script (After Launch)----------------
targets -set -nocase -filter {name =~ "ARM*#0" && jtag_cable_name =~ "Digilent Zed 210248A39C95"} -index 0
con
----------------End of Script----------------

12:43:10 INFO  : Launch script is exported to file 'D:\Sem_6\AELD\Labs\Lab_5\Lab_5.sdk\.sdk\launch_scripts\xilinx_c-c++_application_(system_debugger)\system_debugger_using_debug_lab_5.elf_on_zed.tcl'
12:46:01 WARN  : channel "tcfchan#3" closed
12:46:53 INFO  : Connected through redirection to target on host '192.168.226.142' and port '59246'.
12:47:05 INFO  : ----------------XSDB Script----------------
connect -path [list tcp::1534 tcp:192.168.226.142:59246]
----------------End of Script----------------

12:47:53 INFO  : Connected through redirection to target on host '192.168.226.142' and port '59246'.
12:48:11 INFO  : ----------------XSDB Script----------------
connect -path [list tcp::1534 tcp:192.168.226.142:59246]
----------------End of Script----------------

12:51:09 INFO  : Connected through redirection to target on host '192.168.226.142' and port '59246'.
12:51:28 INFO  : ----------------XSDB Script----------------
connect -path [list tcp::1534 tcp:192.168.226.142:59246]
----------------End of Script----------------

13:24:34 ERROR : Failed to redirect connection to hardware server on host '192.168.226.142' and port '59246'.
Reason: No connection could be made because the target machine actively refused it
13:24:34 INFO  : ----------------XSDB Script----------------
connect -path [list tcp::1534 tcp:192.168.226.142:59246]
----------------End of Script----------------

13:25:05 ERROR : Failed to redirect connection to hardware server on host '192.168.226.142' and port '59246'.
Reason: No connection could be made because the target machine actively refused it
13:25:05 INFO  : ----------------XSDB Script----------------
connect -path [list tcp::1534 tcp:192.168.226.142:59246]
----------------End of Script----------------

13:25:21 INFO  : Connected to target on host '127.0.0.1' and port '3121'.
13:25:39 INFO  : ----------------XSDB Script----------------
connect -url tcp:127.0.0.1:3121
----------------End of Script----------------

13:26:44 INFO  : Connected to target on host '127.0.0.1' and port '3121'.
13:26:44 INFO  : Jtag cable 'Digilent Zed 210248722900' is selected.
13:26:44 INFO  : 'jtag frequency' command is executed.
13:26:44 INFO  : Sourcing of 'D:/Sem_6/AELD/Labs/Lab_5/Lab_5.sdk/design_1_wrapper_hw_platform_0/ps7_init.tcl' is done.
13:26:44 INFO  : Context for 'APU' is selected.
13:26:45 INFO  : System reset is completed.
13:26:48 INFO  : 'after 3000' command is executed.
13:26:48 INFO  : 'targets -set -filter {jtag_cable_name =~ "Digilent Zed 210248722900" && level==0} -index 1' command is executed.
13:26:50 INFO  : FPGA configured successfully with bitstream "D:/Sem_6/AELD/Labs/Lab_5/Lab_5.sdk/design_1_wrapper_hw_platform_0/design_1_wrapper.bit"
13:26:50 INFO  : Context for 'APU' is selected.
13:26:50 INFO  : Hardware design information is loaded from 'D:/Sem_6/AELD/Labs/Lab_5/Lab_5.sdk/design_1_wrapper_hw_platform_0/system.hdf'.
13:26:50 INFO  : 'configparams force-mem-access 1' command is executed.
13:26:50 INFO  : Context for 'APU' is selected.
13:26:51 INFO  : 'ps7_init' command is executed.
13:26:51 INFO  : 'ps7_post_config' command is executed.
13:26:51 INFO  : Context for processor 'ps7_cortexa9_0' is selected.
13:26:51 INFO  : The application 'D:/Sem_6/AELD/Labs/Lab_5/Lab_5.sdk/Lab_5/Debug/Lab_5.elf' is downloaded to processor 'ps7_cortexa9_0'.
13:26:51 INFO  : 'configparams force-mem-access 0' command is executed.
13:26:51 INFO  : ----------------XSDB Script----------------
connect -url tcp:127.0.0.1:3121
source D:/Sem_6/AELD/Labs/Lab_5/Lab_5.sdk/design_1_wrapper_hw_platform_0/ps7_init.tcl
targets -set -nocase -filter {name =~"APU*" && jtag_cable_name =~ "Digilent Zed 210248722900"} -index 0
rst -system
after 3000
targets -set -filter {jtag_cable_name =~ "Digilent Zed 210248722900" && level==0} -index 1
fpga -file D:/Sem_6/AELD/Labs/Lab_5/Lab_5.sdk/design_1_wrapper_hw_platform_0/design_1_wrapper.bit
targets -set -nocase -filter {name =~"APU*" && jtag_cable_name =~ "Digilent Zed 210248722900"} -index 0
loadhw -hw D:/Sem_6/AELD/Labs/Lab_5/Lab_5.sdk/design_1_wrapper_hw_platform_0/system.hdf -mem-ranges [list {0x40000000 0xbfffffff}]
configparams force-mem-access 1
targets -set -nocase -filter {name =~"APU*" && jtag_cable_name =~ "Digilent Zed 210248722900"} -index 0
ps7_init
ps7_post_config
targets -set -nocase -filter {name =~ "ARM*#0" && jtag_cable_name =~ "Digilent Zed 210248722900"} -index 0
dow D:/Sem_6/AELD/Labs/Lab_5/Lab_5.sdk/Lab_5/Debug/Lab_5.elf
configparams force-mem-access 0
----------------End of Script----------------

13:26:51 INFO  : Memory regions updated for context APU
13:26:51 INFO  : Context for processor 'ps7_cortexa9_0' is selected.
13:26:51 INFO  : 'con' command is executed.
13:26:51 INFO  : ----------------XSDB Script (After Launch)----------------
targets -set -nocase -filter {name =~ "ARM*#0" && jtag_cable_name =~ "Digilent Zed 210248722900"} -index 0
con
----------------End of Script----------------

13:26:51 INFO  : Launch script is exported to file 'D:\Sem_6\AELD\Labs\Lab_5\Lab_5.sdk\.sdk\launch_scripts\xilinx_c-c++_application_(system_debugger)\system_debugger_using_debug_lab_5.elf_on_zed.tcl'
13:27:35 INFO  : Disconnected from the channel tcfchan#7.
13:27:36 INFO  : Connected to target on host '127.0.0.1' and port '3121'.
13:27:36 INFO  : Jtag cable 'Digilent Zed 210248722900' is selected.
13:27:36 INFO  : 'jtag frequency' command is executed.
13:27:36 INFO  : Sourcing of 'D:/Sem_6/AELD/Labs/Lab_5/Lab_5.sdk/design_1_wrapper_hw_platform_0/ps7_init.tcl' is done.
13:27:37 INFO  : Context for 'APU' is selected.
13:27:37 INFO  : System reset is completed.
13:27:40 INFO  : 'after 3000' command is executed.
13:27:40 INFO  : 'targets -set -filter {jtag_cable_name =~ "Digilent Zed 210248722900" && level==0} -index 1' command is executed.
13:27:42 INFO  : FPGA configured successfully with bitstream "D:/Sem_6/AELD/Labs/Lab_5/Lab_5.sdk/design_1_wrapper_hw_platform_0/design_1_wrapper.bit"
13:27:42 INFO  : Context for 'APU' is selected.
13:27:44 INFO  : Hardware design information is loaded from 'D:/Sem_6/AELD/Labs/Lab_5/Lab_5.sdk/design_1_wrapper_hw_platform_0/system.hdf'.
13:27:44 INFO  : 'configparams force-mem-access 1' command is executed.
13:27:44 INFO  : Context for 'APU' is selected.
13:27:44 INFO  : 'ps7_init' command is executed.
13:27:44 INFO  : 'ps7_post_config' command is executed.
13:27:44 INFO  : Context for processor 'ps7_cortexa9_0' is selected.
13:27:45 INFO  : The application 'D:/Sem_6/AELD/Labs/Lab_5/Lab_5.sdk/Lab_5/Debug/Lab_5.elf' is downloaded to processor 'ps7_cortexa9_0'.
13:27:45 INFO  : 'configparams force-mem-access 0' command is executed.
13:27:45 INFO  : ----------------XSDB Script----------------
connect -url tcp:127.0.0.1:3121
source D:/Sem_6/AELD/Labs/Lab_5/Lab_5.sdk/design_1_wrapper_hw_platform_0/ps7_init.tcl
targets -set -nocase -filter {name =~"APU*" && jtag_cable_name =~ "Digilent Zed 210248722900"} -index 0
rst -system
after 3000
targets -set -filter {jtag_cable_name =~ "Digilent Zed 210248722900" && level==0} -index 1
fpga -file D:/Sem_6/AELD/Labs/Lab_5/Lab_5.sdk/design_1_wrapper_hw_platform_0/design_1_wrapper.bit
targets -set -nocase -filter {name =~"APU*" && jtag_cable_name =~ "Digilent Zed 210248722900"} -index 0
loadhw -hw D:/Sem_6/AELD/Labs/Lab_5/Lab_5.sdk/design_1_wrapper_hw_platform_0/system.hdf -mem-ranges [list {0x40000000 0xbfffffff}]
configparams force-mem-access 1
targets -set -nocase -filter {name =~"APU*" && jtag_cable_name =~ "Digilent Zed 210248722900"} -index 0
ps7_init
ps7_post_config
targets -set -nocase -filter {name =~ "ARM*#0" && jtag_cable_name =~ "Digilent Zed 210248722900"} -index 0
dow D:/Sem_6/AELD/Labs/Lab_5/Lab_5.sdk/Lab_5/Debug/Lab_5.elf
configparams force-mem-access 0
----------------End of Script----------------

13:27:45 INFO  : Memory regions updated for context APU
13:27:45 INFO  : Context for processor 'ps7_cortexa9_0' is selected.
13:27:45 INFO  : 'con' command is executed.
13:27:45 INFO  : ----------------XSDB Script (After Launch)----------------
targets -set -nocase -filter {name =~ "ARM*#0" && jtag_cable_name =~ "Digilent Zed 210248722900"} -index 0
con
----------------End of Script----------------

13:27:45 INFO  : Launch script is exported to file 'D:\Sem_6\AELD\Labs\Lab_5\Lab_5.sdk\.sdk\launch_scripts\xilinx_c-c++_application_(system_debugger)\system_debugger_using_debug_lab_5.elf_on_zed.tcl'
13:29:01 INFO  : Disconnected from the channel tcfchan#8.
13:29:02 INFO  : Connected to target on host '127.0.0.1' and port '3121'.
13:29:02 INFO  : Jtag cable 'Digilent Zed 210248722900' is selected.
13:29:02 INFO  : 'jtag frequency' command is executed.
13:29:02 INFO  : Sourcing of 'D:/Sem_6/AELD/Labs/Lab_5/Lab_5.sdk/design_1_wrapper_hw_platform_0/ps7_init.tcl' is done.
13:29:02 INFO  : Context for 'APU' is selected.
13:29:02 INFO  : System reset is completed.
13:29:05 INFO  : 'after 3000' command is executed.
13:29:05 INFO  : 'targets -set -filter {jtag_cable_name =~ "Digilent Zed 210248722900" && level==0} -index 1' command is executed.
13:29:08 INFO  : FPGA configured successfully with bitstream "D:/Sem_6/AELD/Labs/Lab_5/Lab_5.sdk/design_1_wrapper_hw_platform_0/design_1_wrapper.bit"
13:29:08 INFO  : Context for 'APU' is selected.
13:29:10 INFO  : Hardware design information is loaded from 'D:/Sem_6/AELD/Labs/Lab_5/Lab_5.sdk/design_1_wrapper_hw_platform_0/system.hdf'.
13:29:10 INFO  : 'configparams force-mem-access 1' command is executed.
13:29:10 INFO  : Context for 'APU' is selected.
13:29:10 INFO  : 'ps7_init' command is executed.
13:29:10 INFO  : 'ps7_post_config' command is executed.
13:29:10 INFO  : Context for processor 'ps7_cortexa9_0' is selected.
13:29:10 INFO  : The application 'D:/Sem_6/AELD/Labs/Lab_5/Lab_5.sdk/Lab_5/Debug/Lab_5.elf' is downloaded to processor 'ps7_cortexa9_0'.
13:29:10 INFO  : 'configparams force-mem-access 0' command is executed.
13:29:10 INFO  : ----------------XSDB Script----------------
connect -url tcp:127.0.0.1:3121
source D:/Sem_6/AELD/Labs/Lab_5/Lab_5.sdk/design_1_wrapper_hw_platform_0/ps7_init.tcl
targets -set -nocase -filter {name =~"APU*" && jtag_cable_name =~ "Digilent Zed 210248722900"} -index 0
rst -system
after 3000
targets -set -filter {jtag_cable_name =~ "Digilent Zed 210248722900" && level==0} -index 1
fpga -file D:/Sem_6/AELD/Labs/Lab_5/Lab_5.sdk/design_1_wrapper_hw_platform_0/design_1_wrapper.bit
targets -set -nocase -filter {name =~"APU*" && jtag_cable_name =~ "Digilent Zed 210248722900"} -index 0
loadhw -hw D:/Sem_6/AELD/Labs/Lab_5/Lab_5.sdk/design_1_wrapper_hw_platform_0/system.hdf -mem-ranges [list {0x40000000 0xbfffffff}]
configparams force-mem-access 1
targets -set -nocase -filter {name =~"APU*" && jtag_cable_name =~ "Digilent Zed 210248722900"} -index 0
ps7_init
ps7_post_config
targets -set -nocase -filter {name =~ "ARM*#0" && jtag_cable_name =~ "Digilent Zed 210248722900"} -index 0
dow D:/Sem_6/AELD/Labs/Lab_5/Lab_5.sdk/Lab_5/Debug/Lab_5.elf
configparams force-mem-access 0
----------------End of Script----------------

13:29:10 INFO  : Memory regions updated for context APU
13:29:10 INFO  : Context for processor 'ps7_cortexa9_0' is selected.
13:29:10 INFO  : 'con' command is executed.
13:29:10 INFO  : ----------------XSDB Script (After Launch)----------------
targets -set -nocase -filter {name =~ "ARM*#0" && jtag_cable_name =~ "Digilent Zed 210248722900"} -index 0
con
----------------End of Script----------------

13:29:10 INFO  : Launch script is exported to file 'D:\Sem_6\AELD\Labs\Lab_5\Lab_5.sdk\.sdk\launch_scripts\xilinx_c-c++_application_(system_debugger)\system_debugger_using_debug_lab_5.elf_on_zed.tcl'
13:29:41 INFO  : Disconnected from the channel tcfchan#9.
14:29:32 INFO  : Launching XSCT server: xsct.bat -interactive D:\Sem_6\AELD\Labs\Lab_5\Lab_5.sdk\temp_xsdb_launch_script.tcl
14:29:32 INFO  : Registering command handlers for SDK TCF services
14:29:34 INFO  : XSCT server has started successfully.
14:29:34 INFO  : Successfully done setting XSCT server connection channel  
14:29:34 INFO  : Successfully done setting SDK workspace  
14:29:34 INFO  : Processing command line option -hwspec D:/Sem_6/AELD/Labs/Lab_5/Lab_5.sdk/design_1_wrapper.hdf.
14:29:34 INFO  : Checking for hwspec changes in the project design_1_wrapper_hw_platform_0.
14:30:09 INFO  : Connected to target on host '127.0.0.1' and port '3121'.
14:30:09 INFO  : Jtag cable 'Digilent Zed 210248722265' is selected.
14:30:09 INFO  : 'jtag frequency' command is executed.
14:30:09 INFO  : Sourcing of 'D:/Sem_6/AELD/Labs/Lab_5/Lab_5.sdk/design_1_wrapper_hw_platform_0/ps7_init.tcl' is done.
14:30:10 INFO  : Context for 'APU' is selected.
14:30:10 INFO  : System reset is completed.
14:30:13 INFO  : 'after 3000' command is executed.
14:30:13 INFO  : 'targets -set -filter {jtag_cable_name =~ "Digilent Zed 210248722265" && level==0} -index 1' command is executed.
14:30:15 INFO  : FPGA configured successfully with bitstream "D:/Sem_6/AELD/Labs/Lab_5/Lab_5.sdk/design_1_wrapper_hw_platform_0/design_1_wrapper.bit"
14:30:15 INFO  : Context for 'APU' is selected.
14:30:15 INFO  : Hardware design information is loaded from 'D:/Sem_6/AELD/Labs/Lab_5/Lab_5.sdk/design_1_wrapper_hw_platform_0/system.hdf'.
14:30:15 INFO  : 'configparams force-mem-access 1' command is executed.
14:30:15 INFO  : Context for 'APU' is selected.
14:30:16 INFO  : 'ps7_init' command is executed.
14:30:16 INFO  : 'ps7_post_config' command is executed.
14:30:16 INFO  : Context for processor 'ps7_cortexa9_0' is selected.
14:30:16 INFO  : The application 'D:/Sem_6/AELD/Labs/Lab_5/Lab_5.sdk/Lab_5/Debug/Lab_5.elf' is downloaded to processor 'ps7_cortexa9_0'.
14:30:16 INFO  : 'configparams force-mem-access 0' command is executed.
14:30:16 INFO  : ----------------XSDB Script----------------
connect -url tcp:127.0.0.1:3121
source D:/Sem_6/AELD/Labs/Lab_5/Lab_5.sdk/design_1_wrapper_hw_platform_0/ps7_init.tcl
targets -set -nocase -filter {name =~"APU*" && jtag_cable_name =~ "Digilent Zed 210248722265"} -index 0
rst -system
after 3000
targets -set -filter {jtag_cable_name =~ "Digilent Zed 210248722265" && level==0} -index 1
fpga -file D:/Sem_6/AELD/Labs/Lab_5/Lab_5.sdk/design_1_wrapper_hw_platform_0/design_1_wrapper.bit
targets -set -nocase -filter {name =~"APU*" && jtag_cable_name =~ "Digilent Zed 210248722265"} -index 0
loadhw -hw D:/Sem_6/AELD/Labs/Lab_5/Lab_5.sdk/design_1_wrapper_hw_platform_0/system.hdf -mem-ranges [list {0x40000000 0xbfffffff}]
configparams force-mem-access 1
targets -set -nocase -filter {name =~"APU*" && jtag_cable_name =~ "Digilent Zed 210248722265"} -index 0
ps7_init
ps7_post_config
targets -set -nocase -filter {name =~ "ARM*#0" && jtag_cable_name =~ "Digilent Zed 210248722265"} -index 0
dow D:/Sem_6/AELD/Labs/Lab_5/Lab_5.sdk/Lab_5/Debug/Lab_5.elf
configparams force-mem-access 0
----------------End of Script----------------

14:30:16 INFO  : Memory regions updated for context APU
14:30:16 INFO  : Context for processor 'ps7_cortexa9_0' is selected.
14:30:16 INFO  : 'con' command is executed.
14:30:16 INFO  : ----------------XSDB Script (After Launch)----------------
targets -set -nocase -filter {name =~ "ARM*#0" && jtag_cable_name =~ "Digilent Zed 210248722265"} -index 0
con
----------------End of Script----------------

14:30:16 INFO  : Launch script is exported to file 'D:\Sem_6\AELD\Labs\Lab_5\Lab_5.sdk\.sdk\launch_scripts\xilinx_c-c++_application_(system_debugger)\system_debugger_using_debug_lab_5.elf_on_zed.tcl'
14:31:47 INFO  : Disconnected from the channel tcfchan#1.
14:31:48 INFO  : Connected to target on host '127.0.0.1' and port '3121'.
14:31:48 INFO  : Jtag cable 'Digilent Zed 210248722265' is selected.
14:31:49 INFO  : 'jtag frequency' command is executed.
14:31:49 INFO  : Sourcing of 'D:/Sem_6/AELD/Labs/Lab_5/Lab_5.sdk/design_1_wrapper_hw_platform_0/ps7_init.tcl' is done.
14:31:49 INFO  : Context for 'APU' is selected.
14:31:49 INFO  : System reset is completed.
14:31:52 INFO  : 'after 3000' command is executed.
14:31:52 INFO  : 'targets -set -filter {jtag_cable_name =~ "Digilent Zed 210248722265" && level==0} -index 1' command is executed.
14:31:54 INFO  : FPGA configured successfully with bitstream "D:/Sem_6/AELD/Labs/Lab_5/Lab_5.sdk/design_1_wrapper_hw_platform_0/design_1_wrapper.bit"
14:31:54 INFO  : Context for 'APU' is selected.
14:31:56 INFO  : Hardware design information is loaded from 'D:/Sem_6/AELD/Labs/Lab_5/Lab_5.sdk/design_1_wrapper_hw_platform_0/system.hdf'.
14:31:56 INFO  : 'configparams force-mem-access 1' command is executed.
14:31:56 INFO  : Context for 'APU' is selected.
14:31:57 INFO  : 'ps7_init' command is executed.
14:31:57 INFO  : 'ps7_post_config' command is executed.
14:31:57 INFO  : Context for processor 'ps7_cortexa9_0' is selected.
14:31:57 INFO  : The application 'D:/Sem_6/AELD/Labs/Lab_5/Lab_5.sdk/Lab_5/Debug/Lab_5.elf' is downloaded to processor 'ps7_cortexa9_0'.
14:31:57 INFO  : 'configparams force-mem-access 0' command is executed.
14:31:57 INFO  : ----------------XSDB Script----------------
connect -url tcp:127.0.0.1:3121
source D:/Sem_6/AELD/Labs/Lab_5/Lab_5.sdk/design_1_wrapper_hw_platform_0/ps7_init.tcl
targets -set -nocase -filter {name =~"APU*" && jtag_cable_name =~ "Digilent Zed 210248722265"} -index 0
rst -system
after 3000
targets -set -filter {jtag_cable_name =~ "Digilent Zed 210248722265" && level==0} -index 1
fpga -file D:/Sem_6/AELD/Labs/Lab_5/Lab_5.sdk/design_1_wrapper_hw_platform_0/design_1_wrapper.bit
targets -set -nocase -filter {name =~"APU*" && jtag_cable_name =~ "Digilent Zed 210248722265"} -index 0
loadhw -hw D:/Sem_6/AELD/Labs/Lab_5/Lab_5.sdk/design_1_wrapper_hw_platform_0/system.hdf -mem-ranges [list {0x40000000 0xbfffffff}]
configparams force-mem-access 1
targets -set -nocase -filter {name =~"APU*" && jtag_cable_name =~ "Digilent Zed 210248722265"} -index 0
ps7_init
ps7_post_config
targets -set -nocase -filter {name =~ "ARM*#0" && jtag_cable_name =~ "Digilent Zed 210248722265"} -index 0
dow D:/Sem_6/AELD/Labs/Lab_5/Lab_5.sdk/Lab_5/Debug/Lab_5.elf
configparams force-mem-access 0
----------------End of Script----------------

14:31:57 INFO  : Memory regions updated for context APU
14:31:57 INFO  : Context for processor 'ps7_cortexa9_0' is selected.
14:31:57 INFO  : 'con' command is executed.
14:31:57 INFO  : ----------------XSDB Script (After Launch)----------------
targets -set -nocase -filter {name =~ "ARM*#0" && jtag_cable_name =~ "Digilent Zed 210248722265"} -index 0
con
----------------End of Script----------------

14:31:57 INFO  : Launch script is exported to file 'D:\Sem_6\AELD\Labs\Lab_5\Lab_5.sdk\.sdk\launch_scripts\xilinx_c-c++_application_(system_debugger)\system_debugger_using_debug_lab_5.elf_on_zed.tcl'
14:32:24 INFO  : Disconnected from the channel tcfchan#2.
14:34:12 INFO  : Launching XSCT server: xsct.bat -interactive D:\Sem_6\AELD\Labs\Lab_5\Lab_5.sdk\temp_xsdb_launch_script.tcl
14:34:12 INFO  : Registering command handlers for SDK TCF services
14:34:15 INFO  : XSCT server has started successfully.
14:34:15 INFO  : Successfully done setting XSCT server connection channel  
14:34:15 INFO  : Successfully done setting SDK workspace  
14:34:15 INFO  : Processing command line option -hwspec D:/Sem_6/AELD/Labs/Lab_5/Lab_5.sdk/design_1_wrapper.hdf.
14:34:15 INFO  : Checking for hwspec changes in the project design_1_wrapper_hw_platform_0.
14:34:56 INFO  : Connected to target on host '127.0.0.1' and port '3121'.
14:34:57 INFO  : Jtag cable 'Digilent Zed 210248722265' is selected.
14:34:57 INFO  : 'jtag frequency' command is executed.
14:34:57 INFO  : Sourcing of 'D:/Sem_6/AELD/Labs/Lab_5/Lab_5.sdk/design_1_wrapper_hw_platform_0/ps7_init.tcl' is done.
14:34:57 INFO  : Context for 'APU' is selected.
14:34:57 INFO  : System reset is completed.
14:35:00 INFO  : 'after 3000' command is executed.
14:35:00 INFO  : 'targets -set -filter {jtag_cable_name =~ "Digilent Zed 210248722265" && level==0} -index 1' command is executed.
14:35:02 INFO  : FPGA configured successfully with bitstream "D:/Sem_6/AELD/Labs/Lab_5/Lab_5.sdk/design_1_wrapper_hw_platform_0/design_1_wrapper.bit"
14:35:02 INFO  : Context for 'APU' is selected.
14:35:02 INFO  : Hardware design information is loaded from 'D:/Sem_6/AELD/Labs/Lab_5/Lab_5.sdk/design_1_wrapper_hw_platform_0/system.hdf'.
14:35:02 INFO  : 'configparams force-mem-access 1' command is executed.
14:35:02 INFO  : Context for 'APU' is selected.
14:35:03 INFO  : 'ps7_init' command is executed.
14:35:03 INFO  : 'ps7_post_config' command is executed.
14:35:03 INFO  : Context for processor 'ps7_cortexa9_0' is selected.
14:35:03 INFO  : The application 'D:/Sem_6/AELD/Labs/Lab_5/Lab_5.sdk/Lab_5/Debug/Lab_5.elf' is downloaded to processor 'ps7_cortexa9_0'.
14:35:03 INFO  : 'configparams force-mem-access 0' command is executed.
14:35:03 INFO  : ----------------XSDB Script----------------
connect -url tcp:127.0.0.1:3121
source D:/Sem_6/AELD/Labs/Lab_5/Lab_5.sdk/design_1_wrapper_hw_platform_0/ps7_init.tcl
targets -set -nocase -filter {name =~"APU*" && jtag_cable_name =~ "Digilent Zed 210248722265"} -index 0
rst -system
after 3000
targets -set -filter {jtag_cable_name =~ "Digilent Zed 210248722265" && level==0} -index 1
fpga -file D:/Sem_6/AELD/Labs/Lab_5/Lab_5.sdk/design_1_wrapper_hw_platform_0/design_1_wrapper.bit
targets -set -nocase -filter {name =~"APU*" && jtag_cable_name =~ "Digilent Zed 210248722265"} -index 0
loadhw -hw D:/Sem_6/AELD/Labs/Lab_5/Lab_5.sdk/design_1_wrapper_hw_platform_0/system.hdf -mem-ranges [list {0x40000000 0xbfffffff}]
configparams force-mem-access 1
targets -set -nocase -filter {name =~"APU*" && jtag_cable_name =~ "Digilent Zed 210248722265"} -index 0
ps7_init
ps7_post_config
targets -set -nocase -filter {name =~ "ARM*#0" && jtag_cable_name =~ "Digilent Zed 210248722265"} -index 0
dow D:/Sem_6/AELD/Labs/Lab_5/Lab_5.sdk/Lab_5/Debug/Lab_5.elf
configparams force-mem-access 0
----------------End of Script----------------

14:35:03 INFO  : Memory regions updated for context APU
14:35:04 INFO  : Context for processor 'ps7_cortexa9_0' is selected.
14:35:04 INFO  : 'con' command is executed.
14:35:04 INFO  : ----------------XSDB Script (After Launch)----------------
targets -set -nocase -filter {name =~ "ARM*#0" && jtag_cable_name =~ "Digilent Zed 210248722265"} -index 0
con
----------------End of Script----------------

14:35:04 INFO  : Launch script is exported to file 'D:\Sem_6\AELD\Labs\Lab_5\Lab_5.sdk\.sdk\launch_scripts\xilinx_c-c++_application_(system_debugger)\system_debugger_using_debug_lab_5.elf_on_zed.tcl'
14:42:34 INFO  : Disconnected from the channel tcfchan#1.
14:42:35 INFO  : Connected to target on host '127.0.0.1' and port '3121'.
14:42:35 INFO  : Jtag cable 'Digilent Zed 210248A39C83' is selected.
14:42:35 INFO  : 'jtag frequency' command is executed.
14:42:35 INFO  : Sourcing of 'D:/Sem_6/AELD/Labs/Lab_5/Lab_5.sdk/design_1_wrapper_hw_platform_0/ps7_init.tcl' is done.
14:42:35 INFO  : Context for 'APU' is selected.
14:42:36 INFO  : System reset is completed.
14:42:39 INFO  : 'after 3000' command is executed.
14:42:39 INFO  : 'targets -set -filter {jtag_cable_name =~ "Digilent Zed 210248A39C83" && level==0} -index 1' command is executed.
14:42:41 INFO  : FPGA configured successfully with bitstream "D:/Sem_6/AELD/Labs/Lab_5/Lab_5.sdk/design_1_wrapper_hw_platform_0/design_1_wrapper.bit"
14:42:41 INFO  : Context for 'APU' is selected.
14:42:43 INFO  : Hardware design information is loaded from 'D:/Sem_6/AELD/Labs/Lab_5/Lab_5.sdk/design_1_wrapper_hw_platform_0/system.hdf'.
14:42:43 INFO  : 'configparams force-mem-access 1' command is executed.
14:42:43 INFO  : Context for 'APU' is selected.
14:42:44 INFO  : 'ps7_init' command is executed.
14:42:44 INFO  : 'ps7_post_config' command is executed.
14:42:44 INFO  : Context for processor 'ps7_cortexa9_0' is selected.
14:42:44 INFO  : The application 'D:/Sem_6/AELD/Labs/Lab_5/Lab_5.sdk/Lab_5/Debug/Lab_5.elf' is downloaded to processor 'ps7_cortexa9_0'.
14:42:44 INFO  : 'configparams force-mem-access 0' command is executed.
14:42:44 INFO  : ----------------XSDB Script----------------
connect -url tcp:127.0.0.1:3121
source D:/Sem_6/AELD/Labs/Lab_5/Lab_5.sdk/design_1_wrapper_hw_platform_0/ps7_init.tcl
targets -set -nocase -filter {name =~"APU*" && jtag_cable_name =~ "Digilent Zed 210248A39C83"} -index 0
rst -system
after 3000
targets -set -filter {jtag_cable_name =~ "Digilent Zed 210248A39C83" && level==0} -index 1
fpga -file D:/Sem_6/AELD/Labs/Lab_5/Lab_5.sdk/design_1_wrapper_hw_platform_0/design_1_wrapper.bit
targets -set -nocase -filter {name =~"APU*" && jtag_cable_name =~ "Digilent Zed 210248A39C83"} -index 0
loadhw -hw D:/Sem_6/AELD/Labs/Lab_5/Lab_5.sdk/design_1_wrapper_hw_platform_0/system.hdf -mem-ranges [list {0x40000000 0xbfffffff}]
configparams force-mem-access 1
targets -set -nocase -filter {name =~"APU*" && jtag_cable_name =~ "Digilent Zed 210248A39C83"} -index 0
ps7_init
ps7_post_config
targets -set -nocase -filter {name =~ "ARM*#0" && jtag_cable_name =~ "Digilent Zed 210248A39C83"} -index 0
dow D:/Sem_6/AELD/Labs/Lab_5/Lab_5.sdk/Lab_5/Debug/Lab_5.elf
configparams force-mem-access 0
----------------End of Script----------------

14:42:44 INFO  : Memory regions updated for context APU
14:42:45 INFO  : Context for processor 'ps7_cortexa9_0' is selected.
14:42:45 INFO  : 'con' command is executed.
14:42:45 INFO  : ----------------XSDB Script (After Launch)----------------
targets -set -nocase -filter {name =~ "ARM*#0" && jtag_cable_name =~ "Digilent Zed 210248A39C83"} -index 0
con
----------------End of Script----------------

14:42:45 INFO  : Launch script is exported to file 'D:\Sem_6\AELD\Labs\Lab_5\Lab_5.sdk\.sdk\launch_scripts\xilinx_c-c++_application_(system_debugger)\system_debugger_using_debug_lab_5.elf_on_zed.tcl'
14:57:39 INFO  : Disconnected from the channel tcfchan#2.
14:57:40 INFO  : Connected to target on host '127.0.0.1' and port '3121'.
14:57:40 INFO  : Jtag cable 'Digilent Zed 210248722900' is selected.
14:57:40 INFO  : 'jtag frequency' command is executed.
14:57:40 INFO  : Sourcing of 'D:/Sem_6/AELD/Labs/Lab_5/Lab_5.sdk/design_1_wrapper_hw_platform_0/ps7_init.tcl' is done.
14:57:40 INFO  : Context for 'APU' is selected.
14:57:41 INFO  : System reset is completed.
14:57:44 INFO  : 'after 3000' command is executed.
14:57:44 INFO  : 'targets -set -filter {jtag_cable_name =~ "Digilent Zed 210248722900" && level==0} -index 1' command is executed.
14:57:46 INFO  : FPGA configured successfully with bitstream "D:/Sem_6/AELD/Labs/Lab_5/Lab_5.sdk/design_1_wrapper_hw_platform_0/design_1_wrapper.bit"
14:57:46 INFO  : Context for 'APU' is selected.
14:57:48 INFO  : Hardware design information is loaded from 'D:/Sem_6/AELD/Labs/Lab_5/Lab_5.sdk/design_1_wrapper_hw_platform_0/system.hdf'.
14:57:48 INFO  : 'configparams force-mem-access 1' command is executed.
14:57:48 INFO  : Context for 'APU' is selected.
14:57:48 INFO  : 'ps7_init' command is executed.
14:57:48 INFO  : 'ps7_post_config' command is executed.
14:57:48 INFO  : Context for processor 'ps7_cortexa9_0' is selected.
14:57:49 INFO  : The application 'D:/Sem_6/AELD/Labs/Lab_5/Lab_5.sdk/Lab_5/Debug/Lab_5.elf' is downloaded to processor 'ps7_cortexa9_0'.
14:57:49 INFO  : 'configparams force-mem-access 0' command is executed.
14:57:49 INFO  : ----------------XSDB Script----------------
connect -url tcp:127.0.0.1:3121
source D:/Sem_6/AELD/Labs/Lab_5/Lab_5.sdk/design_1_wrapper_hw_platform_0/ps7_init.tcl
targets -set -nocase -filter {name =~"APU*" && jtag_cable_name =~ "Digilent Zed 210248722900"} -index 0
rst -system
after 3000
targets -set -filter {jtag_cable_name =~ "Digilent Zed 210248722900" && level==0} -index 1
fpga -file D:/Sem_6/AELD/Labs/Lab_5/Lab_5.sdk/design_1_wrapper_hw_platform_0/design_1_wrapper.bit
targets -set -nocase -filter {name =~"APU*" && jtag_cable_name =~ "Digilent Zed 210248722900"} -index 0
loadhw -hw D:/Sem_6/AELD/Labs/Lab_5/Lab_5.sdk/design_1_wrapper_hw_platform_0/system.hdf -mem-ranges [list {0x40000000 0xbfffffff}]
configparams force-mem-access 1
targets -set -nocase -filter {name =~"APU*" && jtag_cable_name =~ "Digilent Zed 210248722900"} -index 0
ps7_init
ps7_post_config
targets -set -nocase -filter {name =~ "ARM*#0" && jtag_cable_name =~ "Digilent Zed 210248722900"} -index 0
dow D:/Sem_6/AELD/Labs/Lab_5/Lab_5.sdk/Lab_5/Debug/Lab_5.elf
configparams force-mem-access 0
----------------End of Script----------------

14:57:49 INFO  : Memory regions updated for context APU
14:57:49 INFO  : Context for processor 'ps7_cortexa9_0' is selected.
14:57:49 INFO  : 'con' command is executed.
14:57:49 INFO  : ----------------XSDB Script (After Launch)----------------
targets -set -nocase -filter {name =~ "ARM*#0" && jtag_cable_name =~ "Digilent Zed 210248722900"} -index 0
con
----------------End of Script----------------

14:57:49 INFO  : Launch script is exported to file 'D:\Sem_6\AELD\Labs\Lab_5\Lab_5.sdk\.sdk\launch_scripts\xilinx_c-c++_application_(system_debugger)\system_debugger_using_debug_lab_5.elf_on_zed.tcl'
14:58:39 INFO  : Disconnected from the channel tcfchan#3.
