#-----------------------------------------------------------
# Vivado v2019.1 (64-bit)
# SW Build 2552052 on Fri May 24 14:49:42 MDT 2019
# IP Build 2548770 on Fri May 24 18:01:18 MDT 2019
# Start of session at: Tue Mar 25 13:09:50 2025
# Process ID: 15132
# Current directory: D:/Sem_6/AELD/Labs/Lab_6_HLS/solution1/sim/verilog
# Command line: vivado.exe -source open_wave.tcl
# Log file: D:/Sem_6/AELD/Labs/Lab_6_HLS/solution1/sim/verilog/vivado.log
# Journal file: D:/Sem_6/AELD/Labs/Lab_6_HLS/solution1/sim/verilog\vivado.jou
#-----------------------------------------------------------
start_gui
source open_wave.tcl
# current_fileset
WARNING: [Board 49-91] Board repository path 'C:/Users/Shivam' does not exist, it will not be used to search board files.
WARNING: [Board 49-91] Board repository path 'Shukla/AppData/Roaming/Xilinx/Vivado/2019.1/xhub/board_store' does not exist, it will not be used to search board files.
INFO: [IP_Flow 19-234] Refreshing IP repositories
INFO: [IP_Flow 19-1704] No user IP repositories specified
INFO: [IP_Flow 19-2313] Loaded Vivado IP repository 'C:/Xilinx/Vivado/2019.1/data/ip'.
current_fileset: Time (s): cpu = 00:00:07 ; elapsed = 00:00:08 . Memory (MB): peak = 831.852 ; gain = 145.324
# open_wave_database demo_find.wdb
open_wave_config D:/Sem_6/AELD/Labs/Lab_6_HLS/solution1/sim/verilog/demo_find.wcfg
close_sim
INFO: [Simtcl 6-16] Simulation closed
exit
INFO: [Common 17-206] Exiting Vivado at Tue Mar 25 13:11:01 2025...
