INFO: [XSIM 43-3496] Using init file passed via -initfile option "C:/Xilinx/Vivado/2019.1/data/xsim/ip/xsim_ip.ini".
Vivado Simulator 2019.1
Copyright 1986-1999, 2001-2019 Xilinx, Inc. All Rights Reserved.
Running: C:/Xilinx/Vivado/2019.1/bin/unwrapped/win64.o/xelab.exe xil_defaultlib.apatb_demo_find_top glbl -prj demo_find.prj -L smartconnect_v1_0 -L axi_protocol_checker_v1_1_12 -L axi_protocol_checker_v1_1_13 -L axis_protocol_checker_v1_1_11 -L axis_protocol_checker_v1_1_12 -L xil_defaultlib -L unisims_ver -L xpm --initfile C:/Xilinx/Vivado/2019.1/data/xsim/ip/xsim_ip.ini --lib ieee_proposed=./ieee_proposed -s demo_find -debug wave 
Multi-threading is on. Using 22 slave threads.
INFO: [VRFC 10-2263] Analyzing SystemVerilog file "D:/Sem_6/AELD/Labs/Lab_6_HLS/solution1/sim/verilog/glbl.v" into library work
INFO: [VRFC 10-311] analyzing module glbl
INFO: [VRFC 10-2263] Analyzing SystemVerilog file "D:/Sem_6/AELD/Labs/Lab_6_HLS/solution1/sim/verilog/AESL_axi_s_in_vec.v" into library xil_defaultlib
INFO: [VRFC 10-311] analyzing module AESL_axi_s_in_vec
INFO: [VRFC 10-2263] Analyzing SystemVerilog file "D:/Sem_6/AELD/Labs/Lab_6_HLS/solution1/sim/verilog/AESL_axi_s_out_vec.v" into library xil_defaultlib
INFO: [VRFC 10-311] analyzing module AESL_axi_s_out_vec
INFO: [VRFC 10-2263] Analyzing SystemVerilog file "D:/Sem_6/AELD/Labs/Lab_6_HLS/solution1/sim/verilog/AESL_axi_s_val_r.v" into library xil_defaultlib
INFO: [VRFC 10-311] analyzing module AESL_axi_s_val_r
INFO: [VRFC 10-2263] Analyzing SystemVerilog file "D:/Sem_6/AELD/Labs/Lab_6_HLS/solution1/sim/verilog/AESL_fifo.v" into library xil_defaultlib
INFO: [VRFC 10-311] analyzing module fifo
INFO: [VRFC 10-2263] Analyzing SystemVerilog file "D:/Sem_6/AELD/Labs/Lab_6_HLS/solution1/sim/verilog/demo_find.autotb.v" into library xil_defaultlib
INFO: [VRFC 10-311] analyzing module apatb_demo_find_top
INFO: [VRFC 10-2263] Analyzing SystemVerilog file "D:/Sem_6/AELD/Labs/Lab_6_HLS/solution1/sim/verilog/demo_find.v" into library xil_defaultlib
INFO: [VRFC 10-311] analyzing module demo_find
Starting static elaboration
Completed static elaboration
Starting simulation data flow analysis
Completed simulation data flow analysis
Time Resolution for simulation is 1ps
Compiling module xil_defaultlib.demo_find
Compiling module xil_defaultlib.fifo(DEPTH=1)
Compiling module xil_defaultlib.AESL_axi_s_val_r
Compiling module xil_defaultlib.fifo(DEPTH=32,WIDTH=32)
Compiling module xil_defaultlib.fifo(DEPTH=32,WIDTH=1)
Compiling module xil_defaultlib.AESL_axi_s_in_vec
Compiling module xil_defaultlib.AESL_axi_s_out_vec
Compiling module xil_defaultlib.apatb_demo_find_top
Compiling module work.glbl
Built simulation snapshot demo_find
