

================================================================
== Vivado HLS Report for 'demo_find'
================================================================
* Date:           Tue Mar 25 13:08:10 2025

* Version:        2019.1 (Build 2552052 on Fri May 24 15:28:33 MDT 2019)
* Project:        Lab_6_HLS
* Solution:       solution1
* Product family: zynq
* Target device:  xc7z020-clg484-1


================================================================
== Performance Estimates
================================================================
+ Timing (ns): 
    * Summary: 
    +--------+-------+----------+------------+
    |  Clock | Target| Estimated| Uncertainty|
    +--------+-------+----------+------------+
    |ap_clk  |  10.00|     2.473|        1.25|
    +--------+-------+----------+------------+

+ Latency (clock cycles): 
    * Summary: 
    +-----+-----+-----+-----+---------+
    |  Latency  |  Interval | Pipeline|
    | min | max | min | max |   Type  |
    +-----+-----+-----+-----+---------+
    |   65|   65|   65|   65|   none  |
    +-----+-----+-----+-----+---------+

    + Detail: 
        * Instance: 
        N/A

        * Loop: 
        +----------+-----+-----+----------+-----------+-----------+------+----------+
        |          |  Latency  | Iteration|  Initiation Interval  | Trip |          |
        | Loop Name| min | max |  Latency |  achieved |   target  | Count| Pipelined|
        +----------+-----+-----+----------+-----------+-----------+------+----------+
        |- Loop 1  |   64|   64|         2|          -|          -|    32|    no    |
        +----------+-----+-----+----------+-----------+-----------+------+----------+



================================================================
== Utilization Estimates
================================================================
* Summary: 
+-----------------+---------+-------+--------+-------+-----+
|       Name      | BRAM_18K| DSP48E|   FF   |  LUT  | URAM|
+-----------------+---------+-------+--------+-------+-----+
|DSP              |        -|      -|       -|      -|    -|
|Expression       |        -|      -|       0|    107|    -|
|FIFO             |        -|      -|       -|      -|    -|
|Instance         |        -|      -|       -|      -|    -|
|Memory           |        -|      -|       -|      -|    -|
|Multiplexer      |        -|      -|       -|    168|    -|
|Register         |        -|      -|     211|      -|    -|
+-----------------+---------+-------+--------+-------+-----+
|Total            |        0|      0|     211|    275|    0|
+-----------------+---------+-------+--------+-------+-----+
|Available        |      280|    220|  106400|  53200|    0|
+-----------------+---------+-------+--------+-------+-----+
|Utilization (%)  |        0|      0|   ~0   |   ~0  |    0|
+-----------------+---------+-------+--------+-------+-----+

+ Detail: 
    * Instance: 
    N/A

    * DSP48E: 
    N/A

    * Memory: 
    N/A

    * FIFO: 
    N/A

    * Expression: 
    +-----------------------------------+----------+-------+---+----+------------+------------+
    |           Variable Name           | Operation| DSP48E| FF| LUT| Bitwidth P0| Bitwidth P1|
    +-----------------------------------+----------+-------+---+----+------------+------------+
    |i_fu_93_p2                         |     +    |      0|  0|  15|           6|           1|
    |ap_block_state2_io                 |    and   |      0|  0|   2|           1|           1|
    |in_vec_V_data_V_0_load_A           |    and   |      0|  0|   2|           1|           1|
    |in_vec_V_data_V_0_load_B           |    and   |      0|  0|   2|           1|           1|
    |out_vec_V_data_V_1_load_A          |    and   |      0|  0|   2|           1|           1|
    |out_vec_V_data_V_1_load_B          |    and   |      0|  0|   2|           1|           1|
    |out_vec_V_last_V_1_load_A          |    and   |      0|  0|   2|           1|           1|
    |out_vec_V_last_V_1_load_B          |    and   |      0|  0|   2|           1|           1|
    |val_r_0_load_A                     |    and   |      0|  0|   2|           1|           1|
    |val_r_0_load_B                     |    and   |      0|  0|   2|           1|           1|
    |icmp_ln879_fu_103_p2               |   icmp   |      0|  0|  18|          32|          32|
    |icmp_ln9_fu_87_p2                  |   icmp   |      0|  0|  11|           6|           7|
    |in_vec_V_data_V_0_state_cmp_full   |   icmp   |      0|  0|   8|           2|           1|
    |out_vec_V_data_V_1_state_cmp_full  |   icmp   |      0|  0|   8|           2|           1|
    |out_vec_V_last_V_1_state_cmp_full  |   icmp   |      0|  0|   8|           2|           1|
    |tmp_last_V_fu_113_p2               |   icmp   |      0|  0|  11|           6|           5|
    |val_r_0_state_cmp_full             |   icmp   |      0|  0|   8|           2|           1|
    |ap_block_state2                    |    or    |      0|  0|   2|           1|           1|
    +-----------------------------------+----------+-------+---+----+------------+------------+
    |Total                              |          |      0|  0| 107|          68|          59|
    +-----------------------------------+----------+-------+---+----+------------+------------+

    * Multiplexer: 
    +-----------------------------+----+-----------+-----+-----------+
    |             Name            | LUT| Input Size| Bits| Total Bits|
    +-----------------------------+----+-----------+-----+-----------+
    |ap_NS_fsm                    |  21|          4|    1|          4|
    |i_0_reg_72                   |   9|          2|    6|         12|
    |in_vec_TDATA_blk_n           |   9|          2|    1|          2|
    |in_vec_V_data_V_0_data_out   |   9|          2|   32|         64|
    |in_vec_V_data_V_0_state      |  15|          3|    2|          6|
    |in_vec_V_last_V_0_state      |  15|          3|    2|          6|
    |out_vec_TDATA_blk_n          |   9|          2|    1|          2|
    |out_vec_V_data_V_1_data_out  |   9|          2|   32|         64|
    |out_vec_V_data_V_1_state     |  15|          3|    2|          6|
    |out_vec_V_last_V_1_data_out  |   9|          2|    1|          2|
    |out_vec_V_last_V_1_state     |  15|          3|    2|          6|
    |val_r_0_data_out             |   9|          2|    8|         16|
    |val_r_0_state                |  15|          3|    2|          6|
    |val_r_TDATA_blk_n            |   9|          2|    1|          2|
    +-----------------------------+----+-----------+-----+-----------+
    |Total                        | 168|         35|   93|        198|
    +-----------------------------+----+-----------+-----+-----------+

    * Register: 
    +------------------------------+----+----+-----+-----------+
    |             Name             | FF | LUT| Bits| Const Bits|
    +------------------------------+----+----+-----+-----------+
    |ap_CS_fsm                     |   3|   0|    3|          0|
    |i_0_reg_72                    |   6|   0|    6|          0|
    |i_reg_128                     |   6|   0|    6|          0|
    |in_vec_V_data_V_0_payload_A   |  32|   0|   32|          0|
    |in_vec_V_data_V_0_payload_B   |  32|   0|   32|          0|
    |in_vec_V_data_V_0_sel_rd      |   1|   0|    1|          0|
    |in_vec_V_data_V_0_sel_wr      |   1|   0|    1|          0|
    |in_vec_V_data_V_0_state       |   2|   0|    2|          0|
    |in_vec_V_last_V_0_state       |   2|   0|    2|          0|
    |out_vec_V_data_V_1_payload_A  |  32|   0|   32|          0|
    |out_vec_V_data_V_1_payload_B  |  32|   0|   32|          0|
    |out_vec_V_data_V_1_sel_rd     |   1|   0|    1|          0|
    |out_vec_V_data_V_1_sel_wr     |   1|   0|    1|          0|
    |out_vec_V_data_V_1_state      |   2|   0|    2|          0|
    |out_vec_V_last_V_1_payload_A  |   1|   0|    1|          0|
    |out_vec_V_last_V_1_payload_B  |   1|   0|    1|          0|
    |out_vec_V_last_V_1_sel_rd     |   1|   0|    1|          0|
    |out_vec_V_last_V_1_sel_wr     |   1|   0|    1|          0|
    |out_vec_V_last_V_1_state      |   2|   0|    2|          0|
    |sext_ln7_reg_120              |  32|   0|   32|          0|
    |val_r_0_payload_A             |   8|   0|    8|          0|
    |val_r_0_payload_B             |   8|   0|    8|          0|
    |val_r_0_sel_rd                |   1|   0|    1|          0|
    |val_r_0_sel_wr                |   1|   0|    1|          0|
    |val_r_0_state                 |   2|   0|    2|          0|
    +------------------------------+----+----+-----+-----------+
    |Total                         | 211|   0|  211|          0|
    +------------------------------+----+----+-----+-----------+



================================================================
== Interface
================================================================
* Summary: 
+----------------+-----+-----+--------------+------------------+--------------+
|    RTL Ports   | Dir | Bits|   Protocol   |   Source Object  |    C Type    |
+----------------+-----+-----+--------------+------------------+--------------+
|ap_clk          |  in |    1| ap_ctrl_none |     demo_find    | return value |
|ap_rst_n        |  in |    1| ap_ctrl_none |     demo_find    | return value |
|val_r_TDATA     |  in |    8|     axis     |       val_r      |    scalar    |
|val_r_TVALID    |  in |    1|     axis     |       val_r      |    scalar    |
|val_r_TREADY    | out |    1|     axis     |       val_r      |    scalar    |
|in_vec_TDATA    |  in |   32|     axis     |  in_vec_V_data_V |    pointer   |
|in_vec_TVALID   |  in |    1|     axis     |  in_vec_V_last_V |    pointer   |
|in_vec_TREADY   | out |    1|     axis     |  in_vec_V_last_V |    pointer   |
|in_vec_TLAST    |  in |    1|     axis     |  in_vec_V_last_V |    pointer   |
|out_vec_TDATA   | out |   32|     axis     | out_vec_V_data_V |    pointer   |
|out_vec_TREADY  |  in |    1|     axis     | out_vec_V_data_V |    pointer   |
|out_vec_TVALID  | out |    1|     axis     | out_vec_V_last_V |    pointer   |
|out_vec_TLAST   | out |    1|     axis     | out_vec_V_last_V |    pointer   |
+----------------+-----+-----+--------------+------------------+--------------+

