No Error!
WARNING: Hls::stream 'hls::stream<axis_data>.1' contains leftover data, which may result in RTL simulation hanging.

D:\Sem_6\AELD\Labs\Lab_8_HLS\solution4\sim\verilog>set PATH= 

D:\Sem_6\AELD\Labs\Lab_8_HLS\solution4\sim\verilog>call C:/Xilinx/Vivado/2019.1/bin/xelab xil_defaultlib.apatb_matmul_MM_SP_top glbl -prj matmul_MM_SP.prj -L smartconnect_v1_0 -L axi_protocol_checker_v1_1_12 -L axi_protocol_checker_v1_1_13 -L axis_protocol_checker_v1_1_11 -L axis_protocol_checker_v1_1_12 -L xil_defaultlib -L unisims_ver -L xpm --initfile "C:/Xilinx/Vivado/2019.1/data/xsim/ip/xsim_ip.ini" --lib "ieee_proposed=./ieee_proposed" -s matmul_MM_SP -debug wave 
INFO: [XSIM 43-3496] Using init file passed via -initfile option "C:/Xilinx/Vivado/2019.1/data/xsim/ip/xsim_ip.ini".
Vivado Simulator 2019.1
Copyright 1986-1999, 2001-2019 Xilinx, Inc. All Rights Reserved.
Running: C:/Xilinx/Vivado/2019.1/bin/unwrapped/win64.o/xelab.exe xil_defaultlib.apatb_matmul_MM_SP_top glbl -prj matmul_MM_SP.prj -L smartconnect_v1_0 -L axi_protocol_checker_v1_1_12 -L axi_protocol_checker_v1_1_13 -L axis_protocol_checker_v1_1_11 -L axis_protocol_checker_v1_1_12 -L xil_defaultlib -L unisims_ver -L xpm --initfile C:/Xilinx/Vivado/2019.1/data/xsim/ip/xsim_ip.ini --lib ieee_proposed=./ieee_proposed -s matmul_MM_SP -debug wave 
Multi-threading is on. Using 22 slave threads.
Determining compilation order of HDL files.
INFO: [VRFC 10-2263] Analyzing SystemVerilog file "D:/Sem_6/AELD/Labs/Lab_8_HLS/solution4/sim/verilog/glbl.v" into library work
INFO: [VRFC 10-311] analyzing module glbl
INFO: [VRFC 10-2263] Analyzing SystemVerilog file "D:/Sem_6/AELD/Labs/Lab_8_HLS/solution4/sim/verilog/AESL_axi_master_gmem.v" into library xil_defaultlib
INFO: [VRFC 10-311] analyzing module AESL_axi_master_gmem
INFO: [VRFC 10-2263] Analyzing SystemVerilog file "D:/Sem_6/AELD/Labs/Lab_8_HLS/solution4/sim/verilog/AESL_axi_slave_AXILiteS.v" into library xil_defaultlib
INFO: [VRFC 10-311] analyzing module AESL_axi_slave_AXILiteS
INFO: [VRFC 10-2263] Analyzing SystemVerilog file "D:/Sem_6/AELD/Labs/Lab_8_HLS/solution4/sim/verilog/matmul_MM_SP.autotb.v" into library xil_defaultlib
INFO: [VRFC 10-311] analyzing module apatb_matmul_MM_SP_top
INFO: [VRFC 10-2263] Analyzing SystemVerilog file "D:/Sem_6/AELD/Labs/Lab_8_HLS/solution4/sim/verilog/matmul_MM_SP.v" into library xil_defaultlib
INFO: [VRFC 10-311] analyzing module matmul_MM_SP
INFO: [VRFC 10-2263] Analyzing SystemVerilog file "D:/Sem_6/AELD/Labs/Lab_8_HLS/solution4/sim/verilog/matmul_MM_SP_AXILiteS_s_axi.v" into library xil_defaultlib
INFO: [VRFC 10-311] analyzing module matmul_MM_SP_AXILiteS_s_axi
INFO: [VRFC 10-2263] Analyzing SystemVerilog file "D:/Sem_6/AELD/Labs/Lab_8_HLS/solution4/sim/verilog/matmul_MM_SP_fadddEe.v" into library xil_defaultlib
INFO: [VRFC 10-311] analyzing module matmul_MM_SP_fadddEe
INFO: [VRFC 10-2263] Analyzing SystemVerilog file "D:/Sem_6/AELD/Labs/Lab_8_HLS/solution4/sim/verilog/matmul_MM_SP_fmuleOg.v" into library xil_defaultlib
INFO: [VRFC 10-311] analyzing module matmul_MM_SP_fmuleOg
INFO: [VRFC 10-2263] Analyzing SystemVerilog file "D:/Sem_6/AELD/Labs/Lab_8_HLS/solution4/sim/verilog/matmul_MM_SP_gmem_m_axi.v" into library xil_defaultlib
INFO: [VRFC 10-311] analyzing module matmul_MM_SP_gmem_m_axi
INFO: [VRFC 10-311] analyzing module matmul_MM_SP_gmem_m_axi_reg_slice
INFO: [VRFC 10-311] analyzing module matmul_MM_SP_gmem_m_axi_fifo
INFO: [VRFC 10-311] analyzing module matmul_MM_SP_gmem_m_axi_buffer
INFO: [VRFC 10-311] analyzing module matmul_MM_SP_gmem_m_axi_decoder
INFO: [VRFC 10-311] analyzing module matmul_MM_SP_gmem_m_axi_throttl
INFO: [VRFC 10-311] analyzing module matmul_MM_SP_gmem_m_axi_read
INFO: [VRFC 10-311] analyzing module matmul_MM_SP_gmem_m_axi_write
INFO: [VRFC 10-2263] Analyzing SystemVerilog file "D:/Sem_6/AELD/Labs/Lab_8_HLS/solution4/sim/verilog/matmul_MM_SP_Inarbkb.v" into library xil_defaultlib
INFO: [VRFC 10-311] analyzing module matmul_MM_SP_Inarbkb_ram
INFO: [VRFC 10-311] analyzing module matmul_MM_SP_Inarbkb
INFO: [VRFC 10-2263] Analyzing SystemVerilog file "D:/Sem_6/AELD/Labs/Lab_8_HLS/solution4/sim/verilog/matmul_MM_SP_In_A_0.v" into library xil_defaultlib
INFO: [VRFC 10-311] analyzing module matmul_MM_SP_In_A_0_ram
INFO: [VRFC 10-311] analyzing module matmul_MM_SP_In_A_0
INFO: [VRFC 10-2263] Analyzing SystemVerilog file "D:/Sem_6/AELD/Labs/Lab_8_HLS/solution4/sim/verilog/matmul_MM_SP_Outacud.v" into library xil_defaultlib
INFO: [VRFC 10-311] analyzing module matmul_MM_SP_Outacud_ram
INFO: [VRFC 10-311] analyzing module matmul_MM_SP_Outacud
INFO: [VRFC 10-163] Analyzing VHDL file "D:/Sem_6/AELD/Labs/Lab_8_HLS/solution4/sim/verilog/ip/xil_defaultlib/matmul_MM_SP_ap_fadd_3_full_dsp_32.vhd" into library xil_defaultlib
INFO: [VRFC 10-3107] analyzing entity 'matmul_MM_SP_ap_fadd_3_full_dsp_32'
INFO: [VRFC 10-163] Analyzing VHDL file "D:/Sem_6/AELD/Labs/Lab_8_HLS/solution4/sim/verilog/ip/xil_defaultlib/matmul_MM_SP_ap_fmul_2_max_dsp_32.vhd" into library xil_defaultlib
INFO: [VRFC 10-3107] analyzing entity 'matmul_MM_SP_ap_fmul_2_max_dsp_32'
Starting static elaboration
WARNING: [VRFC 10-3499] library name 'floating_point_v7_1_8' of instantiated unit conflicts with visible identifier [ip/xil_defaultlib/matmul_MM_SP_ap_fadd_3_full_dsp_32.vhd:201]
WARNING: [VRFC 10-3499] library name 'floating_point_v7_1_8' of instantiated unit conflicts with visible identifier [ip/xil_defaultlib/matmul_MM_SP_ap_fmul_2_max_dsp_32.vhd:201]
Completed static elaboration
Starting simulation data flow analysis
Completed simulation data flow analysis
Time Resolution for simulation is 1ps
Compiling package std.standard
Compiling package std.textio
Compiling package ieee.std_logic_1164
Compiling package ieee.numeric_std
Compiling package floating_point_v7_1_8.floating_point_v7_1_8_viv_comp
Compiling package xbip_utils_v3_0_10.xbip_utils_v3_0_10_pkg
Compiling package axi_utils_v2_0_6.axi_utils_v2_0_6_pkg
Compiling package floating_point_v7_1_8.floating_point_v7_1_8_consts
Compiling package ieee.math_real
Compiling package floating_point_v7_1_8.floating_point_v7_1_8_exp_table_...
Compiling package mult_gen_v12_0_15.mult_gen_v12_0_15_pkg
Compiling package ieee.std_logic_arith
Compiling package ieee.std_logic_signed
Compiling package floating_point_v7_1_8.floating_point_v7_1_8_pkg
Compiling package floating_point_v7_1_8.flt_utils
Compiling package xbip_pipe_v3_0_6.xbip_pipe_v3_0_6_viv_comp
Compiling package unisim.vcomponents
Compiling package ieee.vital_timing
Compiling package ieee.vital_primitives
Compiling package unisim.vpkg
Compiling module xil_defaultlib.matmul_MM_SP_AXILiteS_s_axi
Compiling module xil_defaultlib.matmul_MM_SP_gmem_m_axi_throttl_...
Compiling module xil_defaultlib.matmul_MM_SP_gmem_m_axi_reg_slic...
Compiling module xil_defaultlib.matmul_MM_SP_gmem_m_axi_fifo(DAT...
Compiling module xil_defaultlib.matmul_MM_SP_gmem_m_axi_buffer(D...
Compiling module xil_defaultlib.matmul_MM_SP_gmem_m_axi_fifo(DEP...
Compiling module xil_defaultlib.matmul_MM_SP_gmem_m_axi_fifo(DAT...
Compiling module xil_defaultlib.matmul_MM_SP_gmem_m_axi_fifo(DAT...
Compiling module xil_defaultlib.matmul_MM_SP_gmem_m_axi_write(NU...
Compiling module xil_defaultlib.matmul_MM_SP_gmem_m_axi_buffer(D...
Compiling module xil_defaultlib.matmul_MM_SP_gmem_m_axi_reg_slic...
Compiling module xil_defaultlib.matmul_MM_SP_gmem_m_axi_read(NUM...
Compiling module xil_defaultlib.matmul_MM_SP_gmem_m_axi(NUM_READ...
Compiling module xil_defaultlib.matmul_MM_SP_Inarbkb_ram
Compiling module xil_defaultlib.matmul_MM_SP_Inarbkb(DataWidth=3...
Compiling module xil_defaultlib.matmul_MM_SP_Outacud_ram
Compiling module xil_defaultlib.matmul_MM_SP_Outacud(DataWidth=3...
Compiling module xil_defaultlib.matmul_MM_SP_In_A_0_ram
Compiling module xil_defaultlib.matmul_MM_SP_In_A_0(DataWidth=32...
Compiling architecture muxcy_v of entity unisim.MUXCY [muxcy_default]
Compiling architecture synth of entity xbip_pipe_v3_0_6.xbip_pipe_v3_0_6_viv [\xbip_pipe_v3_0_6_viv(c_has_ce=1...]
Compiling architecture rtl of entity floating_point_v7_1_8.delay [\delay(width=7,length=0)\]
Compiling architecture struct of entity floating_point_v7_1_8.carry_chain [\carry_chain(c_xdevicefamily="zy...]
Compiling architecture synth of entity floating_point_v7_1_8.compare_eq_im [\compare_eq_im(c_xdevicefamily="...]
Compiling architecture xorcy_v of entity unisim.XORCY [xorcy_default]
Compiling architecture struct of entity floating_point_v7_1_8.carry_chain [\carry_chain(c_xdevicefamily="zy...]
Compiling architecture synth of entity xbip_pipe_v3_0_6.xbip_pipe_v3_0_6_viv [\xbip_pipe_v3_0_6_viv(c_has_ce=1...]
Compiling architecture rtl of entity floating_point_v7_1_8.delay [\delay(length=0)\]
Compiling architecture synth of entity xbip_pipe_v3_0_6.xbip_pipe_v3_0_6_viv [\xbip_pipe_v3_0_6_viv(c_has_ce=1...]
Compiling architecture rtl of entity floating_point_v7_1_8.delay [\delay(width=24,length=0,fast_in...]
Compiling architecture synth of entity xbip_pipe_v3_0_6.xbip_pipe_v3_0_6_viv [\xbip_pipe_v3_0_6_viv(c_has_ce=1...]
Compiling architecture rtl of entity floating_point_v7_1_8.delay [\delay(width=16,length=0)\]
Compiling architecture synth of entity xbip_pipe_v3_0_6.xbip_pipe_v3_0_6_viv [\xbip_pipe_v3_0_6_viv(c_has_ce=1...]
Compiling architecture rtl of entity floating_point_v7_1_8.delay [\delay(width=4,length=0)\]
Compiling architecture synth of entity xbip_pipe_v3_0_6.xbip_pipe_v3_0_6_viv [\xbip_pipe_v3_0_6_viv(c_has_ce=1...]
Compiling architecture rtl of entity floating_point_v7_1_8.delay [\delay(width=48,length=0)\]
Compiling architecture synth of entity xbip_pipe_v3_0_6.xbip_pipe_v3_0_6_viv [\xbip_pipe_v3_0_6_viv(c_has_ce=1...]
Compiling architecture rtl of entity floating_point_v7_1_8.delay [\delay(width=24,length=0)\]
Compiling architecture dsp48e1_v of entity unisim.DSP48E1 [\DSP48E1(acascreg=0,adreg=0,alum...]
Compiling architecture rtl of entity floating_point_v7_1_8.dsp48e1_wrapper [\dsp48e1_wrapper(a_width=24,c_wi...]
Compiling architecture synth of entity xbip_pipe_v3_0_6.xbip_pipe_v3_0_6_viv [\xbip_pipe_v3_0_6_viv(c_latency=...]
Compiling architecture rtl of entity floating_point_v7_1_8.delay [delay_default]
Compiling architecture synth of entity xbip_pipe_v3_0_6.xbip_pipe_v3_0_6_viv [\xbip_pipe_v3_0_6_viv(c_has_ce=1...]
Compiling architecture rtl of entity floating_point_v7_1_8.delay [\delay(width=13,length=0)\]
Compiling architecture synth of entity xbip_pipe_v3_0_6.xbip_pipe_v3_0_6_viv [\xbip_pipe_v3_0_6_viv(c_has_ce=1...]
Compiling architecture rtl of entity floating_point_v7_1_8.delay [\delay(width=27,length=0)\]
Compiling architecture synth of entity floating_point_v7_1_8.align_add_dsp48e1_sgl [\align_add_dsp48e1_sgl(c_xdevice...]
Compiling architecture lut5_v of entity unisim.LUT5 [\LUT5(init="00000000000000001111...]
Compiling architecture lut5_v of entity unisim.LUT5 [\LUT5(init="00000000000000000000...]
Compiling architecture synth of entity xbip_pipe_v3_0_6.xbip_pipe_v3_0_6_viv [\xbip_pipe_v3_0_6_viv(c_has_ce=1...]
Compiling architecture rtl of entity floating_point_v7_1_8.delay [\delay(width=5,length=0)\]
Compiling architecture rtl of entity floating_point_v7_1_8.lead_zero_encode_shift [\lead_zero_encode_shift(ab_fw=24...]
Compiling architecture synth of entity xbip_pipe_v3_0_6.xbip_pipe_v3_0_6_viv [\xbip_pipe_v3_0_6_viv(c_has_ce=1...]
Compiling architecture rtl of entity floating_point_v7_1_8.delay [\delay(width=3,length=0)\]
Compiling architecture lut6_v of entity unisim.LUT6 [\LUT6(init="11111110010101001011...]
Compiling architecture lut5_v of entity unisim.LUT5 [\LUT5(init="00010001010111110000...]
Compiling architecture lut5_v of entity unisim.LUT5 [\LUT5(init="11101110101000001111...]
Compiling architecture synth of entity xbip_pipe_v3_0_6.xbip_pipe_v3_0_6_viv [\xbip_pipe_v3_0_6_viv(c_latency=...]
Compiling architecture rtl of entity floating_point_v7_1_8.delay [\delay(width=2)\]
Compiling architecture synth of entity xbip_pipe_v3_0_6.xbip_pipe_v3_0_6_viv [\xbip_pipe_v3_0_6_viv(c_has_ce=1...]
Compiling architecture rtl of entity floating_point_v7_1_8.delay [\delay(width=25,length=0)\]
Compiling architecture dsp48e1_v of entity unisim.DSP48E1 [\DSP48E1(adreg=0,alumodereg=0,ca...]
Compiling architecture rtl of entity floating_point_v7_1_8.dsp48e1_wrapper [\dsp48e1_wrapper(a_width=24,c_wi...]
Compiling architecture rtl of entity floating_point_v7_1_8.norm_and_round_dsp48e1_sgl [\norm_and_round_dsp48e1_sgl(c_mu...]
Compiling architecture lut5_v of entity unisim.LUT5 [\LUT5(init="10011001100110011001...]
Compiling architecture lut5_v of entity unisim.LUT5 [\LUT5(init="11111111000000001111...]
Compiling architecture synth of entity xbip_pipe_v3_0_6.xbip_pipe_v3_0_6_viv [\xbip_pipe_v3_0_6_viv(c_has_ce=1...]
Compiling architecture rtl of entity floating_point_v7_1_8.delay [\delay(width=9,length=0)\]
Compiling architecture struct of entity floating_point_v7_1_8.carry_chain [\carry_chain(c_xdevicefamily="zy...]
Compiling architecture synth of entity xbip_pipe_v3_0_6.xbip_pipe_v3_0_6_viv [\xbip_pipe_v3_0_6_viv(c_has_ce=1...]
Compiling architecture rtl of entity floating_point_v7_1_8.delay [\delay(width=8,length=0)\]
Compiling architecture synth of entity xbip_pipe_v3_0_6.xbip_pipe_v3_0_6_viv [\xbip_pipe_v3_0_6_viv(c_latency=...]
Compiling architecture rtl of entity floating_point_v7_1_8.delay [\delay(width=10)\]
Compiling architecture synth of entity xbip_pipe_v3_0_6.xbip_pipe_v3_0_6_viv [\xbip_pipe_v3_0_6_viv(c_has_ce=1...]
Compiling architecture rtl of entity floating_point_v7_1_8.delay [\delay(width=4,length=0,fast_inp...]
Compiling architecture fdre_v of entity unisim.FDRE [fdre_default]
Compiling architecture fde_v of entity unisim.FDE [fde_default]
Compiling architecture struct of entity floating_point_v7_1_8.carry_chain [\carry_chain(c_xdevicefamily="zy...]
Compiling architecture synth of entity floating_point_v7_1_8.compare_eq_im [\compare_eq_im(c_xdevicefamily="...]
Compiling architecture synth of entity xbip_pipe_v3_0_6.xbip_pipe_v3_0_6_viv [\xbip_pipe_v3_0_6_viv(c_latency=...]
Compiling architecture rtl of entity floating_point_v7_1_8.delay [\delay(fast_input=true)\]
Compiling architecture rtl of entity floating_point_v7_1_8.special_detect [\special_detect(c_xdevicefamily=...]
Compiling architecture struct of entity floating_point_v7_1_8.carry_chain [\carry_chain(c_xdevicefamily="zy...]
Compiling architecture synth of entity floating_point_v7_1_8.compare_gt [\compare_gt(c_xdevicefamily="zyn...]
Compiling architecture synth of entity floating_point_v7_1_8.compare [\compare(c_xdevicefamily="zynq",...]
Compiling architecture synth of entity xbip_pipe_v3_0_6.xbip_pipe_v3_0_6_viv [\xbip_pipe_v3_0_6_viv(c_latency=...]
Compiling architecture rtl of entity floating_point_v7_1_8.delay [\delay(width=8)\]
Compiling architecture synth of entity xbip_pipe_v3_0_6.xbip_pipe_v3_0_6_viv [\xbip_pipe_v3_0_6_viv(c_latency=...]
Compiling architecture rtl of entity floating_point_v7_1_8.delay [\delay(width=9)\]
Compiling architecture synth of entity xbip_pipe_v3_0_6.xbip_pipe_v3_0_6_viv [\xbip_pipe_v3_0_6_viv(c_latency=...]
Compiling architecture rtl of entity floating_point_v7_1_8.delay [\delay(width=2,length=2,fast_inp...]
Compiling architecture synth of entity xbip_pipe_v3_0_6.xbip_pipe_v3_0_6_viv [\xbip_pipe_v3_0_6_viv(c_latency=...]
Compiling architecture rtl of entity floating_point_v7_1_8.delay [\delay(length=2,fast_input=true)...]
Compiling architecture synth of entity xbip_pipe_v3_0_6.xbip_pipe_v3_0_6_viv [\xbip_pipe_v3_0_6_viv(c_has_ce=1...]
Compiling architecture rtl of entity floating_point_v7_1_8.delay [\delay(length=0,fast_input=true)...]
Compiling architecture synth of entity xbip_pipe_v3_0_6.xbip_pipe_v3_0_6_viv [\xbip_pipe_v3_0_6_viv(c_has_ce=1...]
Compiling architecture rtl of entity floating_point_v7_1_8.delay [\delay(width=2,length=0,fast_inp...]
Compiling architecture synth of entity xbip_pipe_v3_0_6.xbip_pipe_v3_0_6_viv [\xbip_pipe_v3_0_6_viv(c_has_ce=1...]
Compiling architecture rtl of entity floating_point_v7_1_8.delay [\delay(width=12,length=0)\]
Compiling architecture rtl of entity floating_point_v7_1_8.flt_add_exp_sp [\flt_add_exp_sp(c_xdevicefamily=...]
Compiling architecture synth of entity xbip_pipe_v3_0_6.xbip_pipe_v3_0_6_viv [\xbip_pipe_v3_0_6_viv(c_latency=...]
Compiling architecture rtl of entity floating_point_v7_1_8.delay [\delay(width=23)\]
Compiling architecture synth of entity floating_point_v7_1_8.flt_dec_op [\flt_dec_op(c_xdevicefamily="zyn...]
Compiling architecture rtl of entity floating_point_v7_1_8.flt_add_dsp [\flt_add_dsp(c_xdevicefamily="zy...]
Compiling architecture rtl of entity floating_point_v7_1_8.flt_add [\flt_add(c_xdevicefamily="zynq",...]
Compiling architecture synth of entity xbip_pipe_v3_0_6.xbip_pipe_v3_0_6_viv [\xbip_pipe_v3_0_6_viv(c_latency=...]
Compiling architecture synth of entity xbip_pipe_v3_0_6.xbip_pipe_v3_0_6_viv [\xbip_pipe_v3_0_6_viv(c_has_ce=1...]
Compiling architecture rtl of entity floating_point_v7_1_8.delay [\delay(width=32,length=0)\]
Compiling architecture xilinx of entity floating_point_v7_1_8.floating_point_v7_1_8_viv [\floating_point_v7_1_8_viv(c_xde...]
Compiling architecture xilinx of entity floating_point_v7_1_8.floating_point_v7_1_8 [\floating_point_v7_1_8(c_xdevice...]
Compiling architecture matmul_mm_sp_ap_fadd_3_full_dsp_32_arch of entity xil_defaultlib.matmul_MM_SP_ap_fadd_3_full_dsp_32 [matmul_mm_sp_ap_fadd_3_full_dsp_...]
Compiling module xil_defaultlib.matmul_MM_SP_fadddEe
Compiling architecture synth of entity xbip_pipe_v3_0_6.xbip_pipe_v3_0_6_viv [\xbip_pipe_v3_0_6_viv(c_has_ce=1...]
Compiling architecture rtl of entity floating_point_v7_1_8.delay [\delay(width=17,length=0)\]
Compiling architecture dsp48e1_v of entity unisim.DSP48E1 [\DSP48E1(acascreg=0,adreg=0,alum...]
Compiling architecture rtl of entity floating_point_v7_1_8.dsp48e1_wrapper [\dsp48e1_wrapper(a_width=24,b_wi...]
Compiling architecture dsp48e1_v of entity unisim.DSP48E1 [\DSP48E1(acascreg=0,adreg=0,alum...]
Compiling architecture rtl of entity floating_point_v7_1_8.dsp48e1_wrapper [\dsp48e1_wrapper(a_width=24,b_wi...]
Compiling architecture struct of entity floating_point_v7_1_8.fix_mult_dsp48e1_sgl [\fix_mult_dsp48e1_sgl(registers=...]
Compiling architecture rtl of entity floating_point_v7_1_8.fix_mult [\fix_mult(c_xdevicefamily="zynq"...]
Compiling architecture synth of entity xbip_pipe_v3_0_6.xbip_pipe_v3_0_6_viv [\xbip_pipe_v3_0_6_viv(c_has_ce=1...]
Compiling architecture rtl of entity floating_point_v7_1_8.delay [\delay(width=8,length=0,fast_inp...]
Compiling architecture struct of entity floating_point_v7_1_8.carry_chain [\carry_chain(c_xdevicefamily="zy...]
Compiling architecture struct of entity floating_point_v7_1_8.carry_chain [\carry_chain(c_xdevicefamily="zy...]
Compiling architecture synth of entity floating_point_v7_1_8.compare_eq_im [\compare_eq_im(c_xdevicefamily="...]
Compiling architecture rtl of entity floating_point_v7_1_8.special_detect [\special_detect(c_xdevicefamily=...]
Compiling architecture synth of entity xbip_pipe_v3_0_6.xbip_pipe_v3_0_6_viv [\xbip_pipe_v3_0_6_viv(c_latency=...]
Compiling architecture rtl of entity floating_point_v7_1_8.delay [\delay(width=2,fast_input=true)\]
Compiling architecture synth of entity xbip_pipe_v3_0_6.xbip_pipe_v3_0_6_viv [\xbip_pipe_v3_0_6_viv(c_latency=...]
Compiling architecture rtl of entity floating_point_v7_1_8.delay [\delay(width=4,fast_input=true)\]
Compiling architecture synth of entity xbip_pipe_v3_0_6.xbip_pipe_v3_0_6_viv [\xbip_pipe_v3_0_6_viv(c_has_ce=1...]
Compiling architecture rtl of entity floating_point_v7_1_8.delay [\delay(width=3,length=0,fast_inp...]
Compiling architecture synth of entity xbip_pipe_v3_0_6.xbip_pipe_v3_0_6_viv [\xbip_pipe_v3_0_6_viv(c_has_ce=1...]
Compiling architecture rtl of entity floating_point_v7_1_8.delay [\delay(width=14,length=0)\]
Compiling architecture rtl of entity floating_point_v7_1_8.flt_mult_exp [\flt_mult_exp(c_xdevicefamily="z...]
Compiling architecture synth of entity xbip_pipe_v3_0_6.xbip_pipe_v3_0_6_viv [\xbip_pipe_v3_0_6_viv(c_has_ce=1...]
Compiling architecture rtl of entity floating_point_v7_1_8.delay [\delay(width=30,length=0)\]
Compiling architecture synth of entity xbip_pipe_v3_0_6.xbip_pipe_v3_0_6_viv [\xbip_pipe_v3_0_6_viv(c_has_ce=1...]
Compiling architecture rtl of entity floating_point_v7_1_8.delay [\delay(width=18,length=0)\]
Compiling architecture dsp48e1_v of entity unisim.DSP48E1 [\DSP48E1(acascreg=0,adreg=0,alum...]
Compiling architecture rtl of entity floating_point_v7_1_8.dsp48e1_wrapper [\dsp48e1_wrapper(a_width=30,b_wi...]
Compiling architecture struct of entity floating_point_v7_1_8.flt_round_dsp_opt_full [\flt_round_dsp_opt_full(c_xdevic...]
Compiling architecture rtl of entity floating_point_v7_1_8.flt_mult_round [\flt_mult_round(c_xdevicefamily=...]
Compiling architecture synth of entity floating_point_v7_1_8.flt_dec_op_lat [\flt_dec_op_lat(c_xdevicefamily=...]
Compiling architecture rtl of entity floating_point_v7_1_8.flt_mult [\flt_mult(c_xdevicefamily="zynq"...]
Compiling architecture xilinx of entity floating_point_v7_1_8.floating_point_v7_1_8_viv [\floating_point_v7_1_8_viv(c_xde...]
Compiling architecture xilinx of entity floating_point_v7_1_8.floating_point_v7_1_8 [\floating_point_v7_1_8(c_xdevice...]
Compiling architecture matmul_mm_sp_ap_fmul_2_max_dsp_32_arch of entity xil_defaultlib.matmul_MM_SP_ap_fmul_2_max_dsp_32 [matmul_mm_sp_ap_fmul_2_max_dsp_3...]
Compiling module xil_defaultlib.matmul_MM_SP_fmuleOg(ID=1)
Compiling module xil_defaultlib.matmul_MM_SP
Compiling module xil_defaultlib.AESL_axi_master_gmem
Compiling module xil_defaultlib.AESL_axi_slave_AXILiteS
Compiling module xil_defaultlib.apatb_matmul_MM_SP_top
Compiling module work.glbl
Built simulation snapshot matmul_MM_SP

****** Webtalk v2019.1 (64-bit)
  **** SW Build 2552052 on Fri May 24 14:49:42 MDT 2019
  **** IP Build 2548770 on Fri May 24 18:01:18 MDT 2019
    ** Copyright 1986-2019 Xilinx, Inc. All Rights Reserved.

source D:/Sem_6/AELD/Labs/Lab_8_HLS/solution4/sim/verilog/xsim.dir/matmul_MM_SP/webtalk/xsim_webtalk.tcl -notrace
INFO: [Common 17-206] Exiting Webtalk at Mon Apr  7 22:11:24 2025...

****** xsim v2019.1 (64-bit)
  **** SW Build 2552052 on Fri May 24 14:49:42 MDT 2019
  **** IP Build 2548770 on Fri May 24 18:01:18 MDT 2019
    ** Copyright 1986-2019 Xilinx, Inc. All Rights Reserved.

source xsim.dir/matmul_MM_SP/xsim_script.tcl
# xsim {matmul_MM_SP} -autoloadwcfg -tclbatch {matmul_MM_SP.tcl}
Vivado Simulator 2019.1
Time resolution is 1 ps
source matmul_MM_SP.tcl
## log_wave -r /
WARNING: [Simtcl 6-197] One or more HDL objects could not be logged because of object type or size limitations.  To see details please rerun the command with -verbose (-v).
## set designtopgroup [add_wave_group "Design Top Signals"]
## set cinoutgroup [add_wave_group "C InOuts" -into $designtopgroup]
## set Matrix_In__Matrix_C_HW_group [add_wave_group Matrix_In__Matrix_C_HW(axi_master) -into $cinoutgroup]
## set rdata_group [add_wave_group "Read Channel" -into $Matrix_In__Matrix_C_HW_group]
## set wdata_group [add_wave_group "Write Channel" -into $Matrix_In__Matrix_C_HW_group]
## set ctrl_group [add_wave_group "Handshakes" -into $Matrix_In__Matrix_C_HW_group]
## add_wave /apatb_matmul_MM_SP_top/AESL_inst_matmul_MM_SP/m_axi_gmem_BUSER -into $wdata_group -radix hex
## add_wave /apatb_matmul_MM_SP_top/AESL_inst_matmul_MM_SP/m_axi_gmem_BID -into $wdata_group -radix hex
## add_wave /apatb_matmul_MM_SP_top/AESL_inst_matmul_MM_SP/m_axi_gmem_BRESP -into $wdata_group -radix hex
## add_wave /apatb_matmul_MM_SP_top/AESL_inst_matmul_MM_SP/m_axi_gmem_BREADY -into $ctrl_group -color #ffff00 -radix hex
## add_wave /apatb_matmul_MM_SP_top/AESL_inst_matmul_MM_SP/m_axi_gmem_BVALID -into $ctrl_group -color #ffff00 -radix hex
## add_wave /apatb_matmul_MM_SP_top/AESL_inst_matmul_MM_SP/m_axi_gmem_RRESP -into $rdata_group -radix hex
## add_wave /apatb_matmul_MM_SP_top/AESL_inst_matmul_MM_SP/m_axi_gmem_RUSER -into $rdata_group -radix hex
## add_wave /apatb_matmul_MM_SP_top/AESL_inst_matmul_MM_SP/m_axi_gmem_RID -into $rdata_group -radix hex
## add_wave /apatb_matmul_MM_SP_top/AESL_inst_matmul_MM_SP/m_axi_gmem_RLAST -into $ctrl_group -color #ffff00 -radix hex
## add_wave /apatb_matmul_MM_SP_top/AESL_inst_matmul_MM_SP/m_axi_gmem_RDATA -into $rdata_group -radix hex
## add_wave /apatb_matmul_MM_SP_top/AESL_inst_matmul_MM_SP/m_axi_gmem_RREADY -into $ctrl_group -color #ffff00 -radix hex
## add_wave /apatb_matmul_MM_SP_top/AESL_inst_matmul_MM_SP/m_axi_gmem_RVALID -into $ctrl_group -color #ffff00 -radix hex
## add_wave /apatb_matmul_MM_SP_top/AESL_inst_matmul_MM_SP/m_axi_gmem_ARUSER -into $rdata_group -radix hex
## add_wave /apatb_matmul_MM_SP_top/AESL_inst_matmul_MM_SP/m_axi_gmem_ARREGION -into $rdata_group -radix hex
## add_wave /apatb_matmul_MM_SP_top/AESL_inst_matmul_MM_SP/m_axi_gmem_ARQOS -into $rdata_group -radix hex
## add_wave /apatb_matmul_MM_SP_top/AESL_inst_matmul_MM_SP/m_axi_gmem_ARPROT -into $rdata_group -radix hex
## add_wave /apatb_matmul_MM_SP_top/AESL_inst_matmul_MM_SP/m_axi_gmem_ARCACHE -into $rdata_group -radix hex
## add_wave /apatb_matmul_MM_SP_top/AESL_inst_matmul_MM_SP/m_axi_gmem_ARLOCK -into $rdata_group -radix hex
## add_wave /apatb_matmul_MM_SP_top/AESL_inst_matmul_MM_SP/m_axi_gmem_ARBURST -into $rdata_group -radix hex
## add_wave /apatb_matmul_MM_SP_top/AESL_inst_matmul_MM_SP/m_axi_gmem_ARSIZE -into $rdata_group -radix hex
## add_wave /apatb_matmul_MM_SP_top/AESL_inst_matmul_MM_SP/m_axi_gmem_ARLEN -into $rdata_group -radix hex
## add_wave /apatb_matmul_MM_SP_top/AESL_inst_matmul_MM_SP/m_axi_gmem_ARID -into $rdata_group -radix hex
## add_wave /apatb_matmul_MM_SP_top/AESL_inst_matmul_MM_SP/m_axi_gmem_ARADDR -into $rdata_group -radix hex
## add_wave /apatb_matmul_MM_SP_top/AESL_inst_matmul_MM_SP/m_axi_gmem_ARREADY -into $ctrl_group -color #ffff00 -radix hex
## add_wave /apatb_matmul_MM_SP_top/AESL_inst_matmul_MM_SP/m_axi_gmem_ARVALID -into $ctrl_group -color #ffff00 -radix hex
## add_wave /apatb_matmul_MM_SP_top/AESL_inst_matmul_MM_SP/m_axi_gmem_WUSER -into $wdata_group -radix hex
## add_wave /apatb_matmul_MM_SP_top/AESL_inst_matmul_MM_SP/m_axi_gmem_WID -into $wdata_group -radix hex
## add_wave /apatb_matmul_MM_SP_top/AESL_inst_matmul_MM_SP/m_axi_gmem_WLAST -into $ctrl_group -color #ffff00 -radix hex
## add_wave /apatb_matmul_MM_SP_top/AESL_inst_matmul_MM_SP/m_axi_gmem_WSTRB -into $wdata_group -radix hex
## add_wave /apatb_matmul_MM_SP_top/AESL_inst_matmul_MM_SP/m_axi_gmem_WDATA -into $wdata_group -radix hex
## add_wave /apatb_matmul_MM_SP_top/AESL_inst_matmul_MM_SP/m_axi_gmem_WREADY -into $ctrl_group -color #ffff00 -radix hex
## add_wave /apatb_matmul_MM_SP_top/AESL_inst_matmul_MM_SP/m_axi_gmem_WVALID -into $ctrl_group -color #ffff00 -radix hex
## add_wave /apatb_matmul_MM_SP_top/AESL_inst_matmul_MM_SP/m_axi_gmem_AWUSER -into $wdata_group -radix hex
## add_wave /apatb_matmul_MM_SP_top/AESL_inst_matmul_MM_SP/m_axi_gmem_AWREGION -into $wdata_group -radix hex
## add_wave /apatb_matmul_MM_SP_top/AESL_inst_matmul_MM_SP/m_axi_gmem_AWQOS -into $wdata_group -radix hex
## add_wave /apatb_matmul_MM_SP_top/AESL_inst_matmul_MM_SP/m_axi_gmem_AWPROT -into $wdata_group -radix hex
## add_wave /apatb_matmul_MM_SP_top/AESL_inst_matmul_MM_SP/m_axi_gmem_AWCACHE -into $wdata_group -radix hex
## add_wave /apatb_matmul_MM_SP_top/AESL_inst_matmul_MM_SP/m_axi_gmem_AWLOCK -into $wdata_group -radix hex
## add_wave /apatb_matmul_MM_SP_top/AESL_inst_matmul_MM_SP/m_axi_gmem_AWBURST -into $wdata_group -radix hex
## add_wave /apatb_matmul_MM_SP_top/AESL_inst_matmul_MM_SP/m_axi_gmem_AWSIZE -into $wdata_group -radix hex
## add_wave /apatb_matmul_MM_SP_top/AESL_inst_matmul_MM_SP/m_axi_gmem_AWLEN -into $wdata_group -radix hex
## add_wave /apatb_matmul_MM_SP_top/AESL_inst_matmul_MM_SP/m_axi_gmem_AWID -into $wdata_group -radix hex
## add_wave /apatb_matmul_MM_SP_top/AESL_inst_matmul_MM_SP/m_axi_gmem_AWADDR -into $wdata_group -radix hex
## add_wave /apatb_matmul_MM_SP_top/AESL_inst_matmul_MM_SP/m_axi_gmem_AWREADY -into $ctrl_group -color #ffff00 -radix hex
## add_wave /apatb_matmul_MM_SP_top/AESL_inst_matmul_MM_SP/m_axi_gmem_AWVALID -into $ctrl_group -color #ffff00 -radix hex
## set Matrix_In__Matrix_C_HW__return_group [add_wave_group Matrix_In__Matrix_C_HW__return(axi_slave) -into $cinoutgroup]
## add_wave /apatb_matmul_MM_SP_top/AESL_inst_matmul_MM_SP/interrupt -into $Matrix_In__Matrix_C_HW__return_group -color #ffff00 -radix hex
## add_wave /apatb_matmul_MM_SP_top/AESL_inst_matmul_MM_SP/s_axi_AXILiteS_BRESP -into $Matrix_In__Matrix_C_HW__return_group -radix hex
## add_wave /apatb_matmul_MM_SP_top/AESL_inst_matmul_MM_SP/s_axi_AXILiteS_BREADY -into $Matrix_In__Matrix_C_HW__return_group -color #ffff00 -radix hex
## add_wave /apatb_matmul_MM_SP_top/AESL_inst_matmul_MM_SP/s_axi_AXILiteS_BVALID -into $Matrix_In__Matrix_C_HW__return_group -color #ffff00 -radix hex
## add_wave /apatb_matmul_MM_SP_top/AESL_inst_matmul_MM_SP/s_axi_AXILiteS_RRESP -into $Matrix_In__Matrix_C_HW__return_group -radix hex
## add_wave /apatb_matmul_MM_SP_top/AESL_inst_matmul_MM_SP/s_axi_AXILiteS_RDATA -into $Matrix_In__Matrix_C_HW__return_group -radix hex
## add_wave /apatb_matmul_MM_SP_top/AESL_inst_matmul_MM_SP/s_axi_AXILiteS_RREADY -into $Matrix_In__Matrix_C_HW__return_group -color #ffff00 -radix hex
## add_wave /apatb_matmul_MM_SP_top/AESL_inst_matmul_MM_SP/s_axi_AXILiteS_RVALID -into $Matrix_In__Matrix_C_HW__return_group -color #ffff00 -radix hex
## add_wave /apatb_matmul_MM_SP_top/AESL_inst_matmul_MM_SP/s_axi_AXILiteS_ARREADY -into $Matrix_In__Matrix_C_HW__return_group -color #ffff00 -radix hex
## add_wave /apatb_matmul_MM_SP_top/AESL_inst_matmul_MM_SP/s_axi_AXILiteS_ARVALID -into $Matrix_In__Matrix_C_HW__return_group -color #ffff00 -radix hex
## add_wave /apatb_matmul_MM_SP_top/AESL_inst_matmul_MM_SP/s_axi_AXILiteS_ARADDR -into $Matrix_In__Matrix_C_HW__return_group -radix hex
## add_wave /apatb_matmul_MM_SP_top/AESL_inst_matmul_MM_SP/s_axi_AXILiteS_WSTRB -into $Matrix_In__Matrix_C_HW__return_group -radix hex
## add_wave /apatb_matmul_MM_SP_top/AESL_inst_matmul_MM_SP/s_axi_AXILiteS_WDATA -into $Matrix_In__Matrix_C_HW__return_group -radix hex
## add_wave /apatb_matmul_MM_SP_top/AESL_inst_matmul_MM_SP/s_axi_AXILiteS_WREADY -into $Matrix_In__Matrix_C_HW__return_group -color #ffff00 -radix hex
## add_wave /apatb_matmul_MM_SP_top/AESL_inst_matmul_MM_SP/s_axi_AXILiteS_WVALID -into $Matrix_In__Matrix_C_HW__return_group -color #ffff00 -radix hex
## add_wave /apatb_matmul_MM_SP_top/AESL_inst_matmul_MM_SP/s_axi_AXILiteS_AWREADY -into $Matrix_In__Matrix_C_HW__return_group -color #ffff00 -radix hex
## add_wave /apatb_matmul_MM_SP_top/AESL_inst_matmul_MM_SP/s_axi_AXILiteS_AWVALID -into $Matrix_In__Matrix_C_HW__return_group -color #ffff00 -radix hex
## add_wave /apatb_matmul_MM_SP_top/AESL_inst_matmul_MM_SP/s_axi_AXILiteS_AWADDR -into $Matrix_In__Matrix_C_HW__return_group -radix hex
## set blocksiggroup [add_wave_group "Block-level IO Handshake(internal)" -into $designtopgroup]
## add_wave /apatb_matmul_MM_SP_top/AESL_inst_matmul_MM_SP/ap_done -into $blocksiggroup
## add_wave /apatb_matmul_MM_SP_top/AESL_inst_matmul_MM_SP/ap_idle -into $blocksiggroup
## add_wave /apatb_matmul_MM_SP_top/AESL_inst_matmul_MM_SP/ap_ready -into $blocksiggroup
## add_wave /apatb_matmul_MM_SP_top/AESL_inst_matmul_MM_SP/ap_start -into $blocksiggroup
## set resetgroup [add_wave_group "Reset" -into $designtopgroup]
## add_wave /apatb_matmul_MM_SP_top/AESL_inst_matmul_MM_SP/ap_rst_n -into $resetgroup
## set clockgroup [add_wave_group "Clock" -into $designtopgroup]
## add_wave /apatb_matmul_MM_SP_top/AESL_inst_matmul_MM_SP/ap_clk -into $clockgroup
## set testbenchgroup [add_wave_group "Test Bench Signals"]
## set tbinternalsiggroup [add_wave_group "Internal Signals" -into $testbenchgroup]
## set tb_simstatus_group [add_wave_group "Simulation Status" -into $tbinternalsiggroup]
## set tb_portdepth_group [add_wave_group "Port Depth" -into $tbinternalsiggroup]
## add_wave /apatb_matmul_MM_SP_top/AUTOTB_TRANSACTION_NUM -into $tb_simstatus_group -radix hex
## add_wave /apatb_matmul_MM_SP_top/ready_cnt -into $tb_simstatus_group -radix hex
## add_wave /apatb_matmul_MM_SP_top/done_cnt -into $tb_simstatus_group -radix hex
## add_wave /apatb_matmul_MM_SP_top/LENGTH_gmem -into $tb_portdepth_group -radix hex
## add_wave /apatb_matmul_MM_SP_top/LENGTH_Matrix_In -into $tb_portdepth_group -radix hex
## add_wave /apatb_matmul_MM_SP_top/LENGTH_Matrix_C_HW -into $tb_portdepth_group -radix hex
## set tbcinoutgroup [add_wave_group "C InOuts" -into $testbenchgroup]
## set tb_Matrix_In__Matrix_C_HW_group [add_wave_group Matrix_In__Matrix_C_HW(axi_master) -into $tbcinoutgroup]
## set rdata_group [add_wave_group "Read Channel" -into $tb_Matrix_In__Matrix_C_HW_group]
## set wdata_group [add_wave_group "Write Channel" -into $tb_Matrix_In__Matrix_C_HW_group]
## set ctrl_group [add_wave_group "Handshakes" -into $tb_Matrix_In__Matrix_C_HW_group]
## add_wave /apatb_matmul_MM_SP_top/gmem_BUSER -into $wdata_group -radix hex
## add_wave /apatb_matmul_MM_SP_top/gmem_BID -into $wdata_group -radix hex
## add_wave /apatb_matmul_MM_SP_top/gmem_BRESP -into $wdata_group -radix hex
## add_wave /apatb_matmul_MM_SP_top/gmem_BREADY -into $ctrl_group -color #ffff00 -radix hex
## add_wave /apatb_matmul_MM_SP_top/gmem_BVALID -into $ctrl_group -color #ffff00 -radix hex
## add_wave /apatb_matmul_MM_SP_top/gmem_RRESP -into $rdata_group -radix hex
## add_wave /apatb_matmul_MM_SP_top/gmem_RUSER -into $rdata_group -radix hex
## add_wave /apatb_matmul_MM_SP_top/gmem_RID -into $rdata_group -radix hex
## add_wave /apatb_matmul_MM_SP_top/gmem_RLAST -into $ctrl_group -color #ffff00 -radix hex
## add_wave /apatb_matmul_MM_SP_top/gmem_RDATA -into $rdata_group -radix hex
## add_wave /apatb_matmul_MM_SP_top/gmem_RREADY -into $ctrl_group -color #ffff00 -radix hex
## add_wave /apatb_matmul_MM_SP_top/gmem_RVALID -into $ctrl_group -color #ffff00 -radix hex
## add_wave /apatb_matmul_MM_SP_top/gmem_ARUSER -into $rdata_group -radix hex
## add_wave /apatb_matmul_MM_SP_top/gmem_ARREGION -into $rdata_group -radix hex
## add_wave /apatb_matmul_MM_SP_top/gmem_ARQOS -into $rdata_group -radix hex
## add_wave /apatb_matmul_MM_SP_top/gmem_ARPROT -into $rdata_group -radix hex
## add_wave /apatb_matmul_MM_SP_top/gmem_ARCACHE -into $rdata_group -radix hex
## add_wave /apatb_matmul_MM_SP_top/gmem_ARLOCK -into $rdata_group -radix hex
## add_wave /apatb_matmul_MM_SP_top/gmem_ARBURST -into $rdata_group -radix hex
## add_wave /apatb_matmul_MM_SP_top/gmem_ARSIZE -into $rdata_group -radix hex
## add_wave /apatb_matmul_MM_SP_top/gmem_ARLEN -into $rdata_group -radix hex
## add_wave /apatb_matmul_MM_SP_top/gmem_ARID -into $rdata_group -radix hex
## add_wave /apatb_matmul_MM_SP_top/gmem_ARADDR -into $rdata_group -radix hex
## add_wave /apatb_matmul_MM_SP_top/gmem_ARREADY -into $ctrl_group -color #ffff00 -radix hex
## add_wave /apatb_matmul_MM_SP_top/gmem_ARVALID -into $ctrl_group -color #ffff00 -radix hex
## add_wave /apatb_matmul_MM_SP_top/gmem_WUSER -into $wdata_group -radix hex
## add_wave /apatb_matmul_MM_SP_top/gmem_WID -into $wdata_group -radix hex
## add_wave /apatb_matmul_MM_SP_top/gmem_WLAST -into $ctrl_group -color #ffff00 -radix hex
## add_wave /apatb_matmul_MM_SP_top/gmem_WSTRB -into $wdata_group -radix hex
## add_wave /apatb_matmul_MM_SP_top/gmem_WDATA -into $wdata_group -radix hex
## add_wave /apatb_matmul_MM_SP_top/gmem_WREADY -into $ctrl_group -color #ffff00 -radix hex
## add_wave /apatb_matmul_MM_SP_top/gmem_WVALID -into $ctrl_group -color #ffff00 -radix hex
## add_wave /apatb_matmul_MM_SP_top/gmem_AWUSER -into $wdata_group -radix hex
## add_wave /apatb_matmul_MM_SP_top/gmem_AWREGION -into $wdata_group -radix hex
## add_wave /apatb_matmul_MM_SP_top/gmem_AWQOS -into $wdata_group -radix hex
## add_wave /apatb_matmul_MM_SP_top/gmem_AWPROT -into $wdata_group -radix hex
## add_wave /apatb_matmul_MM_SP_top/gmem_AWCACHE -into $wdata_group -radix hex
## add_wave /apatb_matmul_MM_SP_top/gmem_AWLOCK -into $wdata_group -radix hex
## add_wave /apatb_matmul_MM_SP_top/gmem_AWBURST -into $wdata_group -radix hex
## add_wave /apatb_matmul_MM_SP_top/gmem_AWSIZE -into $wdata_group -radix hex
## add_wave /apatb_matmul_MM_SP_top/gmem_AWLEN -into $wdata_group -radix hex
## add_wave /apatb_matmul_MM_SP_top/gmem_AWID -into $wdata_group -radix hex
## add_wave /apatb_matmul_MM_SP_top/gmem_AWADDR -into $wdata_group -radix hex
## add_wave /apatb_matmul_MM_SP_top/gmem_AWREADY -into $ctrl_group -color #ffff00 -radix hex
## add_wave /apatb_matmul_MM_SP_top/gmem_AWVALID -into $ctrl_group -color #ffff00 -radix hex
## set tb_Matrix_In__Matrix_C_HW__return_group [add_wave_group Matrix_In__Matrix_C_HW__return(axi_slave) -into $tbcinoutgroup]
## add_wave /apatb_matmul_MM_SP_top/AXILiteS_INTERRUPT -into $tb_Matrix_In__Matrix_C_HW__return_group -color #ffff00 -radix hex
## add_wave /apatb_matmul_MM_SP_top/AXILiteS_BRESP -into $tb_Matrix_In__Matrix_C_HW__return_group -radix hex
## add_wave /apatb_matmul_MM_SP_top/AXILiteS_BREADY -into $tb_Matrix_In__Matrix_C_HW__return_group -color #ffff00 -radix hex
## add_wave /apatb_matmul_MM_SP_top/AXILiteS_BVALID -into $tb_Matrix_In__Matrix_C_HW__return_group -color #ffff00 -radix hex
## add_wave /apatb_matmul_MM_SP_top/AXILiteS_RRESP -into $tb_Matrix_In__Matrix_C_HW__return_group -radix hex
## add_wave /apatb_matmul_MM_SP_top/AXILiteS_RDATA -into $tb_Matrix_In__Matrix_C_HW__return_group -radix hex
## add_wave /apatb_matmul_MM_SP_top/AXILiteS_RREADY -into $tb_Matrix_In__Matrix_C_HW__return_group -color #ffff00 -radix hex
## add_wave /apatb_matmul_MM_SP_top/AXILiteS_RVALID -into $tb_Matrix_In__Matrix_C_HW__return_group -color #ffff00 -radix hex
## add_wave /apatb_matmul_MM_SP_top/AXILiteS_ARREADY -into $tb_Matrix_In__Matrix_C_HW__return_group -color #ffff00 -radix hex
## add_wave /apatb_matmul_MM_SP_top/AXILiteS_ARVALID -into $tb_Matrix_In__Matrix_C_HW__return_group -color #ffff00 -radix hex
## add_wave /apatb_matmul_MM_SP_top/AXILiteS_ARADDR -into $tb_Matrix_In__Matrix_C_HW__return_group -radix hex
## add_wave /apatb_matmul_MM_SP_top/AXILiteS_WSTRB -into $tb_Matrix_In__Matrix_C_HW__return_group -radix hex
## add_wave /apatb_matmul_MM_SP_top/AXILiteS_WDATA -into $tb_Matrix_In__Matrix_C_HW__return_group -radix hex
## add_wave /apatb_matmul_MM_SP_top/AXILiteS_WREADY -into $tb_Matrix_In__Matrix_C_HW__return_group -color #ffff00 -radix hex
## add_wave /apatb_matmul_MM_SP_top/AXILiteS_WVALID -into $tb_Matrix_In__Matrix_C_HW__return_group -color #ffff00 -radix hex
## add_wave /apatb_matmul_MM_SP_top/AXILiteS_AWREADY -into $tb_Matrix_In__Matrix_C_HW__return_group -color #ffff00 -radix hex
## add_wave /apatb_matmul_MM_SP_top/AXILiteS_AWVALID -into $tb_Matrix_In__Matrix_C_HW__return_group -color #ffff00 -radix hex
## add_wave /apatb_matmul_MM_SP_top/AXILiteS_AWADDR -into $tb_Matrix_In__Matrix_C_HW__return_group -radix hex
## save_wave_config matmul_MM_SP.wcfg
## run all
Warning: OPMODE Input Warning : The OPMODE 0110X0X with CARRYINSEL  000 to DSP48E1 instance is invalid.
Time: 100010 ps  Iteration: 0  Process: /apatb_matmul_MM_SP_top/AESL_inst_matmul_MM_SP/matmul_MM_SP_fadddEe_U8/matmul_MM_SP_ap_fadd_3_full_dsp_32_u/U0/i_synth/addsub_op/ADDSUB/dsp/OP/dsp48e1_body/ALIGN_ADD/DSP2/DSP/prcs_opmode_drc  File: C:\Xilinx\Vivado\2019.1\data/vhdl/src/unisims/primitive/DSP48E1.vhd
Warning: OPMODE Input Warning : The OPMODE 0110X0X with CARRYINSEL  000 to DSP48E1 instance is invalid.
Time: 100010 ps  Iteration: 0  Process: /apatb_matmul_MM_SP_top/AESL_inst_matmul_MM_SP/matmul_MM_SP_fadddEe_U7/matmul_MM_SP_ap_fadd_3_full_dsp_32_u/U0/i_synth/addsub_op/ADDSUB/dsp/OP/dsp48e1_body/ALIGN_ADD/DSP2/DSP/prcs_opmode_drc  File: C:\Xilinx\Vivado\2019.1\data/vhdl/src/unisims/primitive/DSP48E1.vhd
Warning: OPMODE Input Warning : The OPMODE 0110X0X with CARRYINSEL  000 to DSP48E1 instance is invalid.
Time: 100010 ps  Iteration: 0  Process: /apatb_matmul_MM_SP_top/AESL_inst_matmul_MM_SP/matmul_MM_SP_fadddEe_U6/matmul_MM_SP_ap_fadd_3_full_dsp_32_u/U0/i_synth/addsub_op/ADDSUB/dsp/OP/dsp48e1_body/ALIGN_ADD/DSP2/DSP/prcs_opmode_drc  File: C:\Xilinx\Vivado\2019.1\data/vhdl/src/unisims/primitive/DSP48E1.vhd
Warning: OPMODE Input Warning : The OPMODE 0110X0X with CARRYINSEL  000 to DSP48E1 instance is invalid.
Time: 100010 ps  Iteration: 0  Process: /apatb_matmul_MM_SP_top/AESL_inst_matmul_MM_SP/matmul_MM_SP_fadddEe_U5/matmul_MM_SP_ap_fadd_3_full_dsp_32_u/U0/i_synth/addsub_op/ADDSUB/dsp/OP/dsp48e1_body/ALIGN_ADD/DSP2/DSP/prcs_opmode_drc  File: C:\Xilinx\Vivado\2019.1\data/vhdl/src/unisims/primitive/DSP48E1.vhd
Warning: OPMODE Input Warning : The OPMODE 0110X0X with CARRYINSEL  000 to DSP48E1 instance is invalid.
Time: 100010 ps  Iteration: 0  Process: /apatb_matmul_MM_SP_top/AESL_inst_matmul_MM_SP/matmul_MM_SP_fadddEe_U4/matmul_MM_SP_ap_fadd_3_full_dsp_32_u/U0/i_synth/addsub_op/ADDSUB/dsp/OP/dsp48e1_body/ALIGN_ADD/DSP2/DSP/prcs_opmode_drc  File: C:\Xilinx\Vivado\2019.1\data/vhdl/src/unisims/primitive/DSP48E1.vhd
Warning: OPMODE Input Warning : The OPMODE 0110X0X with CARRYINSEL  000 to DSP48E1 instance is invalid.
Time: 100010 ps  Iteration: 0  Process: /apatb_matmul_MM_SP_top/AESL_inst_matmul_MM_SP/matmul_MM_SP_fadddEe_U3/matmul_MM_SP_ap_fadd_3_full_dsp_32_u/U0/i_synth/addsub_op/ADDSUB/dsp/OP/dsp48e1_body/ALIGN_ADD/DSP2/DSP/prcs_opmode_drc  File: C:\Xilinx\Vivado\2019.1\data/vhdl/src/unisims/primitive/DSP48E1.vhd
Warning: OPMODE Input Warning : The OPMODE 0110X0X with CARRYINSEL  000 to DSP48E1 instance is invalid.
Time: 100010 ps  Iteration: 0  Process: /apatb_matmul_MM_SP_top/AESL_inst_matmul_MM_SP/matmul_MM_SP_fadddEe_U2/matmul_MM_SP_ap_fadd_3_full_dsp_32_u/U0/i_synth/addsub_op/ADDSUB/dsp/OP/dsp48e1_body/ALIGN_ADD/DSP2/DSP/prcs_opmode_drc  File: C:\Xilinx\Vivado\2019.1\data/vhdl/src/unisims/primitive/DSP48E1.vhd
////////////////////////////////////////////////////////////////////////////////////
// Inter-Transaction Progress: Completed Transaction / Total Transaction
// Intra-Transaction Progress: Measured Latency / Latency Estimation * 100%
//
// RTL Simulation : "Inter-Transaction Progress" ["Intra-Transaction Progress"] @ "Simulation Time"
////////////////////////////////////////////////////////////////////////////////////
// RTL Simulation : 0 / 1 [0.00%] @ "125000"
// RTL Simulation : 1 / 1 [100.00%] @ "5145000"
////////////////////////////////////////////////////////////////////////////////////
$finish called at time : 5185 ns : File "D:/Sem_6/AELD/Labs/Lab_8_HLS/solution4/sim/verilog/matmul_MM_SP.autotb.v" Line 434
## quit
INFO: [Common 17-206] Exiting xsim at Mon Apr  7 22:11:35 2025...
No Error!
WARNING: Hls::stream 'hls::stream<axis_data>.1' contains leftover data, which may result in RTL simulation hanging.
