
*** Running vivado
    with args -log design_1_fir_compiler_0_0.vds -m64 -product Vivado -mode batch -messageDb vivado.pb -notrace -source design_1_fir_compiler_0_0.tcl


****** Vivado v2019.1 (64-bit)
  **** SW Build 2552052 on Fri May 24 14:49:42 MDT 2019
  **** IP Build 2548770 on Fri May 24 18:01:18 MDT 2019
    ** Copyright 1986-2019 Xilinx, Inc. All Rights Reserved.

source design_1_fir_compiler_0_0.tcl -notrace
create_project: Time (s): cpu = 00:00:02 ; elapsed = 00:00:06 . Memory (MB): peak = 385.953 ; gain = 97.969
Command: synth_design -top design_1_fir_compiler_0_0 -part xc7z020clg484-1 -mode out_of_context
Starting synth_design
Attempting to get a license for feature 'Synthesis' and/or device 'xc7z020'
INFO: [Common 17-349] Got license for feature 'Synthesis' and/or device 'xc7z020'
INFO: [Device 21-403] Loading part xc7z020clg484-1
INFO: Launching helper process for spawning children vivado processes
INFO: Helper process launched with PID 17832 
---------------------------------------------------------------------------------
Starting RTL Elaboration : Time (s): cpu = 00:00:03 ; elapsed = 00:00:05 . Memory (MB): peak = 859.023 ; gain = 177.055
---------------------------------------------------------------------------------
INFO: [Synth 8-638] synthesizing module 'design_1_fir_compiler_0_0' [d:/Sem_6/AELD/Labs/Lab_4/Lab_4.srcs/sources_1/bd/design_1/ip/design_1_fir_compiler_0_0/synth/design_1_fir_compiler_0_0.vhd:74]
	Parameter C_XDEVICEFAMILY bound to: zynq - type: string 
	Parameter C_ELABORATION_DIR bound to: ./ - type: string 
	Parameter C_COMPONENT_NAME bound to: design_1_fir_compiler_0_0 - type: string 
	Parameter C_COEF_FILE bound to: design_1_fir_compiler_0_0.mif - type: string 
	Parameter C_COEF_FILE_LINES bound to: 11 - type: integer 
	Parameter C_FILTER_TYPE bound to: 0 - type: integer 
	Parameter C_INTERP_RATE bound to: 1 - type: integer 
	Parameter C_DECIM_RATE bound to: 1 - type: integer 
	Parameter C_ZERO_PACKING_FACTOR bound to: 1 - type: integer 
	Parameter C_SYMMETRY bound to: 1 - type: integer 
	Parameter C_NUM_FILTS bound to: 1 - type: integer 
	Parameter C_NUM_TAPS bound to: 21 - type: integer 
	Parameter C_NUM_CHANNELS bound to: 1 - type: integer 
	Parameter C_CHANNEL_PATTERN bound to: fixed - type: string 
	Parameter C_ROUND_MODE bound to: 0 - type: integer 
	Parameter C_COEF_RELOAD bound to: 0 - type: integer 
	Parameter C_NUM_RELOAD_SLOTS bound to: 1 - type: integer 
	Parameter C_COL_MODE bound to: 1 - type: integer 
	Parameter C_COL_PIPE_LEN bound to: 4 - type: integer 
	Parameter C_COL_CONFIG bound to: 11 - type: string 
	Parameter C_OPTIMIZATION bound to: 0 - type: integer 
	Parameter C_DATA_PATH_WIDTHS bound to: 16,16 - type: string 
	Parameter C_DATA_IP_PATH_WIDTHS bound to: 32 - type: string 
	Parameter C_DATA_PX_PATH_WIDTHS bound to: 32 - type: string 
	Parameter C_DATA_WIDTH bound to: 32 - type: integer 
	Parameter C_COEF_PATH_WIDTHS bound to: 16,16 - type: string 
	Parameter C_COEF_WIDTH bound to: 16 - type: integer 
	Parameter C_DATA_PATH_SRC bound to: 0,1 - type: string 
	Parameter C_COEF_PATH_SRC bound to: 0,0 - type: string 
	Parameter C_PX_PATH_SRC bound to: 0,1 - type: string 
	Parameter C_DATA_PATH_SIGN bound to: 1,0 - type: string 
	Parameter C_COEF_PATH_SIGN bound to: 1,1 - type: string 
	Parameter C_ACCUM_PATH_WIDTHS bound to: 27,27 - type: string 
	Parameter C_OUTPUT_WIDTH bound to: 43 - type: integer 
	Parameter C_OUTPUT_PATH_WIDTHS bound to: 43 - type: string 
	Parameter C_ACCUM_OP_PATH_WIDTHS bound to: 43 - type: string 
	Parameter C_EXT_MULT_CNFG bound to: 0,1,0,16 - type: string 
	Parameter C_DATA_PATH_PSAMP_SRC bound to: 0 - type: string 
	Parameter C_OP_PATH_PSAMP_SRC bound to: 0 - type: string 
	Parameter C_NUM_MADDS bound to: 11 - type: integer 
	Parameter C_OPT_MADDS bound to: none - type: string 
	Parameter C_OVERSAMPLING_RATE bound to: 1 - type: integer 
	Parameter C_INPUT_RATE bound to: 1 - type: integer 
	Parameter C_OUTPUT_RATE bound to: 1 - type: integer 
	Parameter C_DATA_MEMTYPE bound to: 0 - type: integer 
	Parameter C_COEF_MEMTYPE bound to: 2 - type: integer 
	Parameter C_IPBUFF_MEMTYPE bound to: 0 - type: integer 
	Parameter C_OPBUFF_MEMTYPE bound to: 0 - type: integer 
	Parameter C_DATAPATH_MEMTYPE bound to: 0 - type: integer 
	Parameter C_MEM_ARRANGEMENT bound to: 1 - type: integer 
	Parameter C_DATA_MEM_PACKING bound to: 0 - type: integer 
	Parameter C_COEF_MEM_PACKING bound to: 0 - type: integer 
	Parameter C_FILTS_PACKED bound to: 0 - type: integer 
	Parameter C_LATENCY bound to: 19 - type: integer 
	Parameter C_HAS_ARESETn bound to: 1 - type: integer 
	Parameter C_HAS_ACLKEN bound to: 0 - type: integer 
	Parameter C_DATA_HAS_TLAST bound to: 2 - type: integer 
	Parameter C_S_DATA_HAS_FIFO bound to: 1 - type: integer 
	Parameter C_S_DATA_HAS_TUSER bound to: 0 - type: integer 
	Parameter C_S_DATA_TDATA_WIDTH bound to: 32 - type: integer 
	Parameter C_S_DATA_TUSER_WIDTH bound to: 1 - type: integer 
	Parameter C_M_DATA_HAS_TREADY bound to: 1 - type: integer 
	Parameter C_M_DATA_HAS_TUSER bound to: 0 - type: integer 
	Parameter C_M_DATA_TDATA_WIDTH bound to: 48 - type: integer 
	Parameter C_M_DATA_TUSER_WIDTH bound to: 1 - type: integer 
	Parameter C_HAS_CONFIG_CHANNEL bound to: 0 - type: integer 
	Parameter C_CONFIG_SYNC_MODE bound to: 0 - type: integer 
	Parameter C_CONFIG_PACKET_SIZE bound to: 0 - type: integer 
	Parameter C_CONFIG_TDATA_WIDTH bound to: 1 - type: integer 
	Parameter C_RELOAD_TDATA_WIDTH bound to: 1 - type: integer 
INFO: [Synth 8-3491] module 'fir_compiler_v7_2_12' declared at 'd:/Sem_6/AELD/Labs/Lab_4/Lab_4.srcs/sources_1/bd/design_1/ipshared/c2da/hdl/fir_compiler_v7_2_vh_rfs.vhd:61264' bound to instance 'U0' of component 'fir_compiler_v7_2_12' [d:/Sem_6/AELD/Labs/Lab_4/Lab_4.srcs/sources_1/bd/design_1/ip/design_1_fir_compiler_0_0/synth/design_1_fir_compiler_0_0.vhd:215]
WARNING: [Synth 8-5858] RAM p_casc_reg from Abstract Data Type (record/struct) for this pattern/configuration is not supported. This will most likely be implemented in registers
WARNING: [Synth 8-5858] RAM p_path_out_reg from Abstract Data Type (record/struct) for this pattern/configuration is not supported. This will most likely be implemented in registers
INFO: [Synth 8-256] done synthesizing module 'design_1_fir_compiler_0_0' (16#1) [d:/Sem_6/AELD/Labs/Lab_4/Lab_4.srcs/sources_1/bd/design_1/ip/design_1_fir_compiler_0_0/synth/design_1_fir_compiler_0_0.vhd:74]
WARNING: [Synth 8-3331] design delay__parameterized15 has unconnected port SCLR_ALT
WARNING: [Synth 8-3331] design buff__parameterized0 has unconnected port RE
WARNING: [Synth 8-3331] design delay__parameterized2 has unconnected port SCLR_ALT
WARNING: [Synth 8-3331] design buff has unconnected port RE
WARNING: [Synth 8-3331] design delay__parameterized18 has unconnected port WE
WARNING: [Synth 8-3331] design delay__parameterized18 has unconnected port CE
WARNING: [Synth 8-3331] design delay__parameterized18 has unconnected port SCLR
WARNING: [Synth 8-3331] design delay__parameterized18 has unconnected port SCLR_ALT
WARNING: [Synth 8-3331] design delay__parameterized18 has unconnected port CLK
WARNING: [Synth 8-3331] design delay__parameterized17 has unconnected port WE
WARNING: [Synth 8-3331] design delay__parameterized17 has unconnected port CE
WARNING: [Synth 8-3331] design delay__parameterized17 has unconnected port SCLR
WARNING: [Synth 8-3331] design delay__parameterized17 has unconnected port SCLR_ALT
WARNING: [Synth 8-3331] design delay__parameterized17 has unconnected port CLK
WARNING: [Synth 8-3331] design calc__parameterized0 has unconnected port PRE_ADDSUB
WARNING: [Synth 8-3331] design calc__parameterized0 has unconnected port CED
WARNING: [Synth 8-3331] design delay__parameterized16 has unconnected port WE
WARNING: [Synth 8-3331] design delay__parameterized16 has unconnected port CE
WARNING: [Synth 8-3331] design delay__parameterized16 has unconnected port SCLR
WARNING: [Synth 8-3331] design delay__parameterized16 has unconnected port SCLR_ALT
WARNING: [Synth 8-3331] design delay__parameterized16 has unconnected port CLK
WARNING: [Synth 8-3331] design addsub_mult_add__parameterized2 has unconnected port POUT[fab][57]
WARNING: [Synth 8-3331] design addsub_mult_add__parameterized2 has unconnected port POUT[fab][56]
WARNING: [Synth 8-3331] design addsub_mult_add__parameterized2 has unconnected port POUT[fab][55]
WARNING: [Synth 8-3331] design addsub_mult_add__parameterized2 has unconnected port POUT[fab][54]
WARNING: [Synth 8-3331] design addsub_mult_add__parameterized2 has unconnected port POUT[fab][53]
WARNING: [Synth 8-3331] design addsub_mult_add__parameterized2 has unconnected port POUT[fab][52]
WARNING: [Synth 8-3331] design addsub_mult_add__parameterized2 has unconnected port POUT[fab][51]
WARNING: [Synth 8-3331] design addsub_mult_add__parameterized2 has unconnected port POUT[fab][50]
WARNING: [Synth 8-3331] design addsub_mult_add__parameterized2 has unconnected port POUT[fab][49]
WARNING: [Synth 8-3331] design addsub_mult_add__parameterized2 has unconnected port POUT[fab][48]
WARNING: [Synth 8-3331] design addsub_mult_add__parameterized2 has unconnected port POUT[casc][62]
WARNING: [Synth 8-3331] design addsub_mult_add__parameterized2 has unconnected port POUT[casc][61]
WARNING: [Synth 8-3331] design addsub_mult_add__parameterized2 has unconnected port POUT[casc][60]
WARNING: [Synth 8-3331] design addsub_mult_add__parameterized2 has unconnected port POUT[casc][59]
WARNING: [Synth 8-3331] design addsub_mult_add__parameterized2 has unconnected port POUT[casc][58]
WARNING: [Synth 8-3331] design addsub_mult_add__parameterized2 has unconnected port POUT[casc][57]
WARNING: [Synth 8-3331] design addsub_mult_add__parameterized2 has unconnected port POUT[casc][56]
WARNING: [Synth 8-3331] design addsub_mult_add__parameterized2 has unconnected port POUT[casc][55]
WARNING: [Synth 8-3331] design addsub_mult_add__parameterized2 has unconnected port POUT[casc][54]
WARNING: [Synth 8-3331] design addsub_mult_add__parameterized2 has unconnected port POUT[casc][53]
WARNING: [Synth 8-3331] design addsub_mult_add__parameterized2 has unconnected port POUT[casc][52]
WARNING: [Synth 8-3331] design addsub_mult_add__parameterized2 has unconnected port POUT[casc][51]
WARNING: [Synth 8-3331] design addsub_mult_add__parameterized2 has unconnected port POUT[casc][50]
WARNING: [Synth 8-3331] design addsub_mult_add__parameterized2 has unconnected port POUT[casc][49]
WARNING: [Synth 8-3331] design addsub_mult_add__parameterized2 has unconnected port POUT[casc][48]
WARNING: [Synth 8-3331] design addsub_mult_add__parameterized2 has unconnected port P_EN
WARNING: [Synth 8-3331] design addsub_mult_add__parameterized2 has unconnected port OPCODE[9]
WARNING: [Synth 8-3331] design addsub_mult_add__parameterized2 has unconnected port OPCODE[8]
WARNING: [Synth 8-3331] design addsub_mult_add__parameterized2 has unconnected port OPCODE[7]
WARNING: [Synth 8-3331] design addsub_mult_add__parameterized2 has unconnected port OPCODE[6]
WARNING: [Synth 8-3331] design addsub_mult_add__parameterized2 has unconnected port OPCODE[5]
WARNING: [Synth 8-3331] design addsub_mult_add__parameterized2 has unconnected port OPCODE[4]
WARNING: [Synth 8-3331] design addsub_mult_add__parameterized2 has unconnected port OPCODE[3]
WARNING: [Synth 8-3331] design addsub_mult_add__parameterized2 has unconnected port OPCODE[2]
WARNING: [Synth 8-3331] design addsub_mult_add__parameterized2 has unconnected port OPCODE[1]
WARNING: [Synth 8-3331] design addsub_mult_add__parameterized2 has unconnected port OPCODE[0]
WARNING: [Synth 8-3331] design addsub_mult_add__parameterized2 has unconnected port CIN[26]
WARNING: [Synth 8-3331] design addsub_mult_add__parameterized2 has unconnected port CIN[25]
WARNING: [Synth 8-3331] design addsub_mult_add__parameterized2 has unconnected port CIN[24]
WARNING: [Synth 8-3331] design addsub_mult_add__parameterized2 has unconnected port CIN[23]
WARNING: [Synth 8-3331] design addsub_mult_add__parameterized2 has unconnected port CIN[22]
WARNING: [Synth 8-3331] design addsub_mult_add__parameterized2 has unconnected port CIN[21]
WARNING: [Synth 8-3331] design addsub_mult_add__parameterized2 has unconnected port CIN[20]
WARNING: [Synth 8-3331] design addsub_mult_add__parameterized2 has unconnected port CIN[19]
WARNING: [Synth 8-3331] design addsub_mult_add__parameterized2 has unconnected port CIN[18]
WARNING: [Synth 8-3331] design addsub_mult_add__parameterized2 has unconnected port CIN[17]
WARNING: [Synth 8-3331] design addsub_mult_add__parameterized2 has unconnected port CIN[16]
WARNING: [Synth 8-3331] design addsub_mult_add__parameterized2 has unconnected port CIN[15]
WARNING: [Synth 8-3331] design addsub_mult_add__parameterized2 has unconnected port CIN[14]
WARNING: [Synth 8-3331] design addsub_mult_add__parameterized2 has unconnected port CIN[13]
WARNING: [Synth 8-3331] design addsub_mult_add__parameterized2 has unconnected port CIN[12]
WARNING: [Synth 8-3331] design addsub_mult_add__parameterized2 has unconnected port CIN[11]
WARNING: [Synth 8-3331] design addsub_mult_add__parameterized2 has unconnected port CIN[10]
WARNING: [Synth 8-3331] design addsub_mult_add__parameterized2 has unconnected port CIN[9]
WARNING: [Synth 8-3331] design addsub_mult_add__parameterized2 has unconnected port CIN[8]
WARNING: [Synth 8-3331] design addsub_mult_add__parameterized2 has unconnected port CIN[7]
WARNING: [Synth 8-3331] design addsub_mult_add__parameterized2 has unconnected port CIN[6]
WARNING: [Synth 8-3331] design addsub_mult_add__parameterized2 has unconnected port CIN[5]
WARNING: [Synth 8-3331] design addsub_mult_add__parameterized2 has unconnected port CIN[4]
WARNING: [Synth 8-3331] design addsub_mult_add__parameterized2 has unconnected port CIN[3]
WARNING: [Synth 8-3331] design addsub_mult_add__parameterized2 has unconnected port CIN[2]
WARNING: [Synth 8-3331] design addsub_mult_add__parameterized2 has unconnected port CIN[1]
WARNING: [Synth 8-3331] design addsub_mult_add__parameterized2 has unconnected port CIN[0]
WARNING: [Synth 8-3331] design addsub_mult_add__parameterized2 has unconnected port PIN[fab][57]
WARNING: [Synth 8-3331] design addsub_mult_add__parameterized2 has unconnected port PIN[fab][56]
WARNING: [Synth 8-3331] design addsub_mult_add__parameterized2 has unconnected port PIN[fab][55]
WARNING: [Synth 8-3331] design addsub_mult_add__parameterized2 has unconnected port PIN[fab][54]
WARNING: [Synth 8-3331] design addsub_mult_add__parameterized2 has unconnected port PIN[fab][53]
WARNING: [Synth 8-3331] design addsub_mult_add__parameterized2 has unconnected port PIN[fab][52]
WARNING: [Synth 8-3331] design addsub_mult_add__parameterized2 has unconnected port PIN[fab][51]
WARNING: [Synth 8-3331] design addsub_mult_add__parameterized2 has unconnected port PIN[fab][50]
WARNING: [Synth 8-3331] design addsub_mult_add__parameterized2 has unconnected port PIN[fab][49]
WARNING: [Synth 8-3331] design addsub_mult_add__parameterized2 has unconnected port PIN[fab][48]
WARNING: [Synth 8-3331] design addsub_mult_add__parameterized2 has unconnected port PIN[casc][62]
WARNING: [Synth 8-3331] design addsub_mult_add__parameterized2 has unconnected port PIN[casc][61]
WARNING: [Synth 8-3331] design addsub_mult_add__parameterized2 has unconnected port PIN[casc][60]
WARNING: [Synth 8-3331] design addsub_mult_add__parameterized2 has unconnected port PIN[casc][59]
WARNING: [Synth 8-3331] design addsub_mult_add__parameterized2 has unconnected port PIN[casc][58]
WARNING: [Synth 8-3331] design addsub_mult_add__parameterized2 has unconnected port PIN[casc][57]
INFO: [Common 17-14] Message 'Synth 8-3331' appears 100 times and further instances of the messages will be disabled. Use the Tcl command set_msg_config to change the current settings.
---------------------------------------------------------------------------------
Finished RTL Elaboration : Time (s): cpu = 00:00:11 ; elapsed = 00:00:13 . Memory (MB): peak = 1093.312 ; gain = 411.344
---------------------------------------------------------------------------------

Report Check Netlist: 
+------+------------------+-------+---------+-------+------------------+
|      |Item              |Errors |Warnings |Status |Description       |
+------+------------------+-------+---------+-------+------------------+
|1     |multi_driven_nets |      0|        0|Passed |Multi driven nets |
+------+------------------+-------+---------+-------+------------------+
---------------------------------------------------------------------------------
Start Handling Custom Attributes
---------------------------------------------------------------------------------
---------------------------------------------------------------------------------
Finished Handling Custom Attributes : Time (s): cpu = 00:00:11 ; elapsed = 00:00:14 . Memory (MB): peak = 1093.312 ; gain = 411.344
---------------------------------------------------------------------------------
---------------------------------------------------------------------------------
Finished RTL Optimization Phase 1 : Time (s): cpu = 00:00:11 ; elapsed = 00:00:14 . Memory (MB): peak = 1093.312 ; gain = 411.344
---------------------------------------------------------------------------------
INFO: [Netlist 29-17] Analyzing 23 Unisim elements for replacement
INFO: [Netlist 29-28] Unisim Transformation completed in 0 CPU seconds
INFO: [Project 1-570] Preparing netlist for logic optimization

Processing XDC Constraints
Initializing timing engine
Parsing XDC File [d:/Sem_6/AELD/Labs/Lab_4/Lab_4.srcs/sources_1/bd/design_1/ip/design_1_fir_compiler_0_0/design_1_fir_compiler_0_0_ooc.xdc] for cell 'U0'
Finished Parsing XDC File [d:/Sem_6/AELD/Labs/Lab_4/Lab_4.srcs/sources_1/bd/design_1/ip/design_1_fir_compiler_0_0/design_1_fir_compiler_0_0_ooc.xdc] for cell 'U0'
Parsing XDC File [d:/Sem_6/AELD/Labs/Lab_4/Lab_4.srcs/sources_1/bd/design_1/ip/design_1_fir_compiler_0_0/constraints/fir_compiler_v7_2.xdc] for cell 'U0'
Finished Parsing XDC File [d:/Sem_6/AELD/Labs/Lab_4/Lab_4.srcs/sources_1/bd/design_1/ip/design_1_fir_compiler_0_0/constraints/fir_compiler_v7_2.xdc] for cell 'U0'
Parsing XDC File [D:/Sem_6/AELD/Labs/Lab_4/Lab_4.runs/design_1_fir_compiler_0_0_synth_1/dont_touch.xdc]
Finished Parsing XDC File [D:/Sem_6/AELD/Labs/Lab_4/Lab_4.runs/design_1_fir_compiler_0_0_synth_1/dont_touch.xdc]
Completed Processing XDC Constraints

Netlist sorting complete. Time (s): cpu = 00:00:00 ; elapsed = 00:00:00.001 . Memory (MB): peak = 1093.312 ; gain = 0.000
INFO: [Project 1-111] Unisim Transformation Summary:
No Unisim elements were transformed.

Constraint Validation Runtime : Time (s): cpu = 00:00:00 ; elapsed = 00:00:00.078 . Memory (MB): peak = 1093.312 ; gain = 0.000
---------------------------------------------------------------------------------
Finished Constraint Validation : Time (s): cpu = 00:00:16 ; elapsed = 00:00:19 . Memory (MB): peak = 1093.312 ; gain = 411.344
---------------------------------------------------------------------------------
---------------------------------------------------------------------------------
Start Loading Part and Timing Information
---------------------------------------------------------------------------------
Loading part: xc7z020clg484-1
---------------------------------------------------------------------------------
Finished Loading Part and Timing Information : Time (s): cpu = 00:00:16 ; elapsed = 00:00:19 . Memory (MB): peak = 1093.312 ; gain = 411.344
---------------------------------------------------------------------------------
---------------------------------------------------------------------------------
Start Applying 'set_property' XDC Constraints
---------------------------------------------------------------------------------
Applied set_property DONT_TOUCH = true for U0. (constraint file  D:/Sem_6/AELD/Labs/Lab_4/Lab_4.runs/design_1_fir_compiler_0_0_synth_1/dont_touch.xdc, line 9).
---------------------------------------------------------------------------------
Finished applying 'set_property' XDC Constraints : Time (s): cpu = 00:00:16 ; elapsed = 00:00:19 . Memory (MB): peak = 1093.312 ; gain = 411.344
---------------------------------------------------------------------------------
---------------------------------------------------------------------------------
Finished RTL Optimization Phase 2 : Time (s): cpu = 00:00:17 ; elapsed = 00:00:20 . Memory (MB): peak = 1093.312 ; gain = 411.344
---------------------------------------------------------------------------------

Report RTL Partitions: 
+-+--------------+------------+----------+
| |RTL Partition |Replication |Instances |
+-+--------------+------------+----------+
+-+--------------+------------+----------+
---------------------------------------------------------------------------------
Start RTL Component Statistics 
---------------------------------------------------------------------------------
---------------------------------------------------------------------------------
Finished RTL Component Statistics 
---------------------------------------------------------------------------------
---------------------------------------------------------------------------------
Start RTL Hierarchical Component Statistics 
---------------------------------------------------------------------------------
---------------------------------------------------------------------------------
Finished RTL Hierarchical Component Statistics
---------------------------------------------------------------------------------
---------------------------------------------------------------------------------
Start Part Resource Summary
---------------------------------------------------------------------------------
Part Resources:
DSPs: 220 (col length:60)
BRAMs: 280 (col length: RAMB18 60 RAMB36 30)
---------------------------------------------------------------------------------
Finished Part Resource Summary
---------------------------------------------------------------------------------
---------------------------------------------------------------------------------
Start Cross Boundary and Area Optimization
---------------------------------------------------------------------------------
Warning: Parallel synthesis criteria is not met 
INFO: [Synth 8-3333] propagating constant 1 across sequential element (U0/i_synth/\g_single_rate.i_single_rate/g_parallel.rfd_int_reg )
INFO: [Synth 8-3333] propagating constant 0 across sequential element (U0/i_synth/\g_single_rate.i_single_rate/g_events_if.event_s_data_tlast_missing_reg )
---------------------------------------------------------------------------------
Finished Cross Boundary and Area Optimization : Time (s): cpu = 00:00:17 ; elapsed = 00:00:21 . Memory (MB): peak = 1093.312 ; gain = 411.344
---------------------------------------------------------------------------------

Report RTL Partitions: 
+-+--------------+------------+----------+
| |RTL Partition |Replication |Instances |
+-+--------------+------------+----------+
+-+--------------+------------+----------+
---------------------------------------------------------------------------------
Start Applying XDC Timing Constraints
---------------------------------------------------------------------------------
---------------------------------------------------------------------------------
Finished Applying XDC Timing Constraints : Time (s): cpu = 00:00:24 ; elapsed = 00:00:27 . Memory (MB): peak = 1093.312 ; gain = 411.344
---------------------------------------------------------------------------------
---------------------------------------------------------------------------------
Start Timing Optimization
---------------------------------------------------------------------------------
---------------------------------------------------------------------------------
Finished Timing Optimization : Time (s): cpu = 00:00:24 ; elapsed = 00:00:27 . Memory (MB): peak = 1106.176 ; gain = 424.207
---------------------------------------------------------------------------------

Report RTL Partitions: 
+-+--------------+------------+----------+
| |RTL Partition |Replication |Instances |
+-+--------------+------------+----------+
+-+--------------+------------+----------+
---------------------------------------------------------------------------------
Start Technology Mapping
---------------------------------------------------------------------------------
WARNING: [Synth 8-5591] srl_style attribute value srl_reg on U0/i_synth/g_single_rate.i_single_rate/g_parallel.g_paths[0].g_symmetric.g_data_sym_array.g_data_sym[9].g_data_sym_casc_buff.i_data_sym_casc_buff/g_buff.i_buff/gen_dly.gen_shiftreg.gen_rtl_delay.delay_bus_reg[0][15] cannot be supported because of smaller than expected depth of fanout-free flop chain.
WARNING: [Synth 8-5591] srl_style attribute value srl_reg on U0/i_synth/g_single_rate.i_single_rate/g_parallel.g_paths[0].g_symmetric.g_data_sym_array.g_data_sym[9].g_data_sym_casc_buff.i_data_sym_casc_buff/g_buff.i_buff/gen_dly.gen_shiftreg.gen_rtl_delay.delay_bus_reg[0][14] cannot be supported because of smaller than expected depth of fanout-free flop chain.
WARNING: [Synth 8-5591] srl_style attribute value srl_reg on U0/i_synth/g_single_rate.i_single_rate/g_parallel.g_paths[0].g_symmetric.g_data_sym_array.g_data_sym[9].g_data_sym_casc_buff.i_data_sym_casc_buff/g_buff.i_buff/gen_dly.gen_shiftreg.gen_rtl_delay.delay_bus_reg[0][13] cannot be supported because of smaller than expected depth of fanout-free flop chain.
WARNING: [Synth 8-5591] srl_style attribute value srl_reg on U0/i_synth/g_single_rate.i_single_rate/g_parallel.g_paths[0].g_symmetric.g_data_sym_array.g_data_sym[9].g_data_sym_casc_buff.i_data_sym_casc_buff/g_buff.i_buff/gen_dly.gen_shiftreg.gen_rtl_delay.delay_bus_reg[0][12] cannot be supported because of smaller than expected depth of fanout-free flop chain.
WARNING: [Synth 8-5591] srl_style attribute value srl_reg on U0/i_synth/g_single_rate.i_single_rate/g_parallel.g_paths[0].g_symmetric.g_data_sym_array.g_data_sym[9].g_data_sym_casc_buff.i_data_sym_casc_buff/g_buff.i_buff/gen_dly.gen_shiftreg.gen_rtl_delay.delay_bus_reg[0][11] cannot be supported because of smaller than expected depth of fanout-free flop chain.
WARNING: [Synth 8-5591] srl_style attribute value srl_reg on U0/i_synth/g_single_rate.i_single_rate/g_parallel.g_paths[0].g_symmetric.g_data_sym_array.g_data_sym[9].g_data_sym_casc_buff.i_data_sym_casc_buff/g_buff.i_buff/gen_dly.gen_shiftreg.gen_rtl_delay.delay_bus_reg[0][10] cannot be supported because of smaller than expected depth of fanout-free flop chain.
WARNING: [Synth 8-5591] srl_style attribute value srl_reg on U0/i_synth/g_single_rate.i_single_rate/g_parallel.g_paths[0].g_symmetric.g_data_sym_array.g_data_sym[9].g_data_sym_casc_buff.i_data_sym_casc_buff/g_buff.i_buff/gen_dly.gen_shiftreg.gen_rtl_delay.delay_bus_reg[0][9] cannot be supported because of smaller than expected depth of fanout-free flop chain.
WARNING: [Synth 8-5591] srl_style attribute value srl_reg on U0/i_synth/g_single_rate.i_single_rate/g_parallel.g_paths[0].g_symmetric.g_data_sym_array.g_data_sym[9].g_data_sym_casc_buff.i_data_sym_casc_buff/g_buff.i_buff/gen_dly.gen_shiftreg.gen_rtl_delay.delay_bus_reg[0][8] cannot be supported because of smaller than expected depth of fanout-free flop chain.
WARNING: [Synth 8-5591] srl_style attribute value srl_reg on U0/i_synth/g_single_rate.i_single_rate/g_parallel.g_paths[0].g_symmetric.g_data_sym_array.g_data_sym[9].g_data_sym_casc_buff.i_data_sym_casc_buff/g_buff.i_buff/gen_dly.gen_shiftreg.gen_rtl_delay.delay_bus_reg[0][7] cannot be supported because of smaller than expected depth of fanout-free flop chain.
WARNING: [Synth 8-5591] srl_style attribute value srl_reg on U0/i_synth/g_single_rate.i_single_rate/g_parallel.g_paths[0].g_symmetric.g_data_sym_array.g_data_sym[9].g_data_sym_casc_buff.i_data_sym_casc_buff/g_buff.i_buff/gen_dly.gen_shiftreg.gen_rtl_delay.delay_bus_reg[0][6] cannot be supported because of smaller than expected depth of fanout-free flop chain.
WARNING: [Synth 8-5591] srl_style attribute value srl_reg on U0/i_synth/g_single_rate.i_single_rate/g_parallel.g_paths[0].g_symmetric.g_data_sym_array.g_data_sym[9].g_data_sym_casc_buff.i_data_sym_casc_buff/g_buff.i_buff/gen_dly.gen_shiftreg.gen_rtl_delay.delay_bus_reg[0][5] cannot be supported because of smaller than expected depth of fanout-free flop chain.
WARNING: [Synth 8-5591] srl_style attribute value srl_reg on U0/i_synth/g_single_rate.i_single_rate/g_parallel.g_paths[0].g_symmetric.g_data_sym_array.g_data_sym[9].g_data_sym_casc_buff.i_data_sym_casc_buff/g_buff.i_buff/gen_dly.gen_shiftreg.gen_rtl_delay.delay_bus_reg[0][4] cannot be supported because of smaller than expected depth of fanout-free flop chain.
WARNING: [Synth 8-5591] srl_style attribute value srl_reg on U0/i_synth/g_single_rate.i_single_rate/g_parallel.g_paths[0].g_symmetric.g_data_sym_array.g_data_sym[9].g_data_sym_casc_buff.i_data_sym_casc_buff/g_buff.i_buff/gen_dly.gen_shiftreg.gen_rtl_delay.delay_bus_reg[0][3] cannot be supported because of smaller than expected depth of fanout-free flop chain.
WARNING: [Synth 8-5591] srl_style attribute value srl_reg on U0/i_synth/g_single_rate.i_single_rate/g_parallel.g_paths[0].g_symmetric.g_data_sym_array.g_data_sym[9].g_data_sym_casc_buff.i_data_sym_casc_buff/g_buff.i_buff/gen_dly.gen_shiftreg.gen_rtl_delay.delay_bus_reg[0][2] cannot be supported because of smaller than expected depth of fanout-free flop chain.
WARNING: [Synth 8-5591] srl_style attribute value srl_reg on U0/i_synth/g_single_rate.i_single_rate/g_parallel.g_paths[0].g_symmetric.g_data_sym_array.g_data_sym[9].g_data_sym_casc_buff.i_data_sym_casc_buff/g_buff.i_buff/gen_dly.gen_shiftreg.gen_rtl_delay.delay_bus_reg[0][1] cannot be supported because of smaller than expected depth of fanout-free flop chain.
WARNING: [Synth 8-5591] srl_style attribute value srl_reg on U0/i_synth/g_single_rate.i_single_rate/g_parallel.g_paths[0].g_symmetric.g_data_sym_array.g_data_sym[9].g_data_sym_casc_buff.i_data_sym_casc_buff/g_buff.i_buff/gen_dly.gen_shiftreg.gen_rtl_delay.delay_bus_reg[0][0] cannot be supported because of smaller than expected depth of fanout-free flop chain.
WARNING: [Synth 8-5591] srl_style attribute value srl_reg on U0/i_synth/g_single_rate.i_single_rate/g_parallel.g_paths[0].g_symmetric.g_data_sym_array.g_data_sym[8].g_data_sym_casc_buff.i_data_sym_casc_buff/g_buff.i_buff/gen_dly.gen_shiftreg.gen_rtl_delay.delay_bus_reg[0][15] cannot be supported because of smaller than expected depth of fanout-free flop chain.
WARNING: [Synth 8-5591] srl_style attribute value srl_reg on U0/i_synth/g_single_rate.i_single_rate/g_parallel.g_paths[0].g_symmetric.g_data_sym_array.g_data_sym[8].g_data_sym_casc_buff.i_data_sym_casc_buff/g_buff.i_buff/gen_dly.gen_shiftreg.gen_rtl_delay.delay_bus_reg[0][14] cannot be supported because of smaller than expected depth of fanout-free flop chain.
WARNING: [Synth 8-5591] srl_style attribute value srl_reg on U0/i_synth/g_single_rate.i_single_rate/g_parallel.g_paths[0].g_symmetric.g_data_sym_array.g_data_sym[8].g_data_sym_casc_buff.i_data_sym_casc_buff/g_buff.i_buff/gen_dly.gen_shiftreg.gen_rtl_delay.delay_bus_reg[0][13] cannot be supported because of smaller than expected depth of fanout-free flop chain.
WARNING: [Synth 8-5591] srl_style attribute value srl_reg on U0/i_synth/g_single_rate.i_single_rate/g_parallel.g_paths[0].g_symmetric.g_data_sym_array.g_data_sym[8].g_data_sym_casc_buff.i_data_sym_casc_buff/g_buff.i_buff/gen_dly.gen_shiftreg.gen_rtl_delay.delay_bus_reg[0][12] cannot be supported because of smaller than expected depth of fanout-free flop chain.
WARNING: [Synth 8-5591] srl_style attribute value srl_reg on U0/i_synth/g_single_rate.i_single_rate/g_parallel.g_paths[0].g_symmetric.g_data_sym_array.g_data_sym[8].g_data_sym_casc_buff.i_data_sym_casc_buff/g_buff.i_buff/gen_dly.gen_shiftreg.gen_rtl_delay.delay_bus_reg[0][11] cannot be supported because of smaller than expected depth of fanout-free flop chain.
WARNING: [Synth 8-5591] srl_style attribute value srl_reg on U0/i_synth/g_single_rate.i_single_rate/g_parallel.g_paths[0].g_symmetric.g_data_sym_array.g_data_sym[8].g_data_sym_casc_buff.i_data_sym_casc_buff/g_buff.i_buff/gen_dly.gen_shiftreg.gen_rtl_delay.delay_bus_reg[0][10] cannot be supported because of smaller than expected depth of fanout-free flop chain.
WARNING: [Synth 8-5591] srl_style attribute value srl_reg on U0/i_synth/g_single_rate.i_single_rate/g_parallel.g_paths[0].g_symmetric.g_data_sym_array.g_data_sym[8].g_data_sym_casc_buff.i_data_sym_casc_buff/g_buff.i_buff/gen_dly.gen_shiftreg.gen_rtl_delay.delay_bus_reg[0][9] cannot be supported because of smaller than expected depth of fanout-free flop chain.
WARNING: [Synth 8-5591] srl_style attribute value srl_reg on U0/i_synth/g_single_rate.i_single_rate/g_parallel.g_paths[0].g_symmetric.g_data_sym_array.g_data_sym[8].g_data_sym_casc_buff.i_data_sym_casc_buff/g_buff.i_buff/gen_dly.gen_shiftreg.gen_rtl_delay.delay_bus_reg[0][8] cannot be supported because of smaller than expected depth of fanout-free flop chain.
WARNING: [Synth 8-5591] srl_style attribute value srl_reg on U0/i_synth/g_single_rate.i_single_rate/g_parallel.g_paths[0].g_symmetric.g_data_sym_array.g_data_sym[8].g_data_sym_casc_buff.i_data_sym_casc_buff/g_buff.i_buff/gen_dly.gen_shiftreg.gen_rtl_delay.delay_bus_reg[0][7] cannot be supported because of smaller than expected depth of fanout-free flop chain.
WARNING: [Synth 8-5591] srl_style attribute value srl_reg on U0/i_synth/g_single_rate.i_single_rate/g_parallel.g_paths[0].g_symmetric.g_data_sym_array.g_data_sym[8].g_data_sym_casc_buff.i_data_sym_casc_buff/g_buff.i_buff/gen_dly.gen_shiftreg.gen_rtl_delay.delay_bus_reg[0][6] cannot be supported because of smaller than expected depth of fanout-free flop chain.
WARNING: [Synth 8-5591] srl_style attribute value srl_reg on U0/i_synth/g_single_rate.i_single_rate/g_parallel.g_paths[0].g_symmetric.g_data_sym_array.g_data_sym[8].g_data_sym_casc_buff.i_data_sym_casc_buff/g_buff.i_buff/gen_dly.gen_shiftreg.gen_rtl_delay.delay_bus_reg[0][5] cannot be supported because of smaller than expected depth of fanout-free flop chain.
WARNING: [Synth 8-5591] srl_style attribute value srl_reg on U0/i_synth/g_single_rate.i_single_rate/g_parallel.g_paths[0].g_symmetric.g_data_sym_array.g_data_sym[8].g_data_sym_casc_buff.i_data_sym_casc_buff/g_buff.i_buff/gen_dly.gen_shiftreg.gen_rtl_delay.delay_bus_reg[0][4] cannot be supported because of smaller than expected depth of fanout-free flop chain.
WARNING: [Synth 8-5591] srl_style attribute value srl_reg on U0/i_synth/g_single_rate.i_single_rate/g_parallel.g_paths[0].g_symmetric.g_data_sym_array.g_data_sym[8].g_data_sym_casc_buff.i_data_sym_casc_buff/g_buff.i_buff/gen_dly.gen_shiftreg.gen_rtl_delay.delay_bus_reg[0][3] cannot be supported because of smaller than expected depth of fanout-free flop chain.
WARNING: [Synth 8-5591] srl_style attribute value srl_reg on U0/i_synth/g_single_rate.i_single_rate/g_parallel.g_paths[0].g_symmetric.g_data_sym_array.g_data_sym[8].g_data_sym_casc_buff.i_data_sym_casc_buff/g_buff.i_buff/gen_dly.gen_shiftreg.gen_rtl_delay.delay_bus_reg[0][2] cannot be supported because of smaller than expected depth of fanout-free flop chain.
WARNING: [Synth 8-5591] srl_style attribute value srl_reg on U0/i_synth/g_single_rate.i_single_rate/g_parallel.g_paths[0].g_symmetric.g_data_sym_array.g_data_sym[8].g_data_sym_casc_buff.i_data_sym_casc_buff/g_buff.i_buff/gen_dly.gen_shiftreg.gen_rtl_delay.delay_bus_reg[0][1] cannot be supported because of smaller than expected depth of fanout-free flop chain.
WARNING: [Synth 8-5591] srl_style attribute value srl_reg on U0/i_synth/g_single_rate.i_single_rate/g_parallel.g_paths[0].g_symmetric.g_data_sym_array.g_data_sym[8].g_data_sym_casc_buff.i_data_sym_casc_buff/g_buff.i_buff/gen_dly.gen_shiftreg.gen_rtl_delay.delay_bus_reg[0][0] cannot be supported because of smaller than expected depth of fanout-free flop chain.
WARNING: [Synth 8-5591] srl_style attribute value srl_reg on U0/i_synth/g_single_rate.i_single_rate/g_parallel.g_paths[0].g_symmetric.g_data_sym_array.g_data_sym[7].g_data_sym_casc_buff.i_data_sym_casc_buff/g_buff.i_buff/gen_dly.gen_shiftreg.gen_rtl_delay.delay_bus_reg[0][15] cannot be supported because of smaller than expected depth of fanout-free flop chain.
WARNING: [Synth 8-5591] srl_style attribute value srl_reg on U0/i_synth/g_single_rate.i_single_rate/g_parallel.g_paths[0].g_symmetric.g_data_sym_array.g_data_sym[7].g_data_sym_casc_buff.i_data_sym_casc_buff/g_buff.i_buff/gen_dly.gen_shiftreg.gen_rtl_delay.delay_bus_reg[0][14] cannot be supported because of smaller than expected depth of fanout-free flop chain.
WARNING: [Synth 8-5591] srl_style attribute value srl_reg on U0/i_synth/g_single_rate.i_single_rate/g_parallel.g_paths[0].g_symmetric.g_data_sym_array.g_data_sym[7].g_data_sym_casc_buff.i_data_sym_casc_buff/g_buff.i_buff/gen_dly.gen_shiftreg.gen_rtl_delay.delay_bus_reg[0][13] cannot be supported because of smaller than expected depth of fanout-free flop chain.
WARNING: [Synth 8-5591] srl_style attribute value srl_reg on U0/i_synth/g_single_rate.i_single_rate/g_parallel.g_paths[0].g_symmetric.g_data_sym_array.g_data_sym[7].g_data_sym_casc_buff.i_data_sym_casc_buff/g_buff.i_buff/gen_dly.gen_shiftreg.gen_rtl_delay.delay_bus_reg[0][12] cannot be supported because of smaller than expected depth of fanout-free flop chain.
WARNING: [Synth 8-5591] srl_style attribute value srl_reg on U0/i_synth/g_single_rate.i_single_rate/g_parallel.g_paths[0].g_symmetric.g_data_sym_array.g_data_sym[7].g_data_sym_casc_buff.i_data_sym_casc_buff/g_buff.i_buff/gen_dly.gen_shiftreg.gen_rtl_delay.delay_bus_reg[0][11] cannot be supported because of smaller than expected depth of fanout-free flop chain.
WARNING: [Synth 8-5591] srl_style attribute value srl_reg on U0/i_synth/g_single_rate.i_single_rate/g_parallel.g_paths[0].g_symmetric.g_data_sym_array.g_data_sym[7].g_data_sym_casc_buff.i_data_sym_casc_buff/g_buff.i_buff/gen_dly.gen_shiftreg.gen_rtl_delay.delay_bus_reg[0][10] cannot be supported because of smaller than expected depth of fanout-free flop chain.
WARNING: [Synth 8-5591] srl_style attribute value srl_reg on U0/i_synth/g_single_rate.i_single_rate/g_parallel.g_paths[0].g_symmetric.g_data_sym_array.g_data_sym[7].g_data_sym_casc_buff.i_data_sym_casc_buff/g_buff.i_buff/gen_dly.gen_shiftreg.gen_rtl_delay.delay_bus_reg[0][9] cannot be supported because of smaller than expected depth of fanout-free flop chain.
WARNING: [Synth 8-5591] srl_style attribute value srl_reg on U0/i_synth/g_single_rate.i_single_rate/g_parallel.g_paths[0].g_symmetric.g_data_sym_array.g_data_sym[7].g_data_sym_casc_buff.i_data_sym_casc_buff/g_buff.i_buff/gen_dly.gen_shiftreg.gen_rtl_delay.delay_bus_reg[0][8] cannot be supported because of smaller than expected depth of fanout-free flop chain.
WARNING: [Synth 8-5591] srl_style attribute value srl_reg on U0/i_synth/g_single_rate.i_single_rate/g_parallel.g_paths[0].g_symmetric.g_data_sym_array.g_data_sym[7].g_data_sym_casc_buff.i_data_sym_casc_buff/g_buff.i_buff/gen_dly.gen_shiftreg.gen_rtl_delay.delay_bus_reg[0][7] cannot be supported because of smaller than expected depth of fanout-free flop chain.
WARNING: [Synth 8-5591] srl_style attribute value srl_reg on U0/i_synth/g_single_rate.i_single_rate/g_parallel.g_paths[0].g_symmetric.g_data_sym_array.g_data_sym[7].g_data_sym_casc_buff.i_data_sym_casc_buff/g_buff.i_buff/gen_dly.gen_shiftreg.gen_rtl_delay.delay_bus_reg[0][6] cannot be supported because of smaller than expected depth of fanout-free flop chain.
WARNING: [Synth 8-5591] srl_style attribute value srl_reg on U0/i_synth/g_single_rate.i_single_rate/g_parallel.g_paths[0].g_symmetric.g_data_sym_array.g_data_sym[7].g_data_sym_casc_buff.i_data_sym_casc_buff/g_buff.i_buff/gen_dly.gen_shiftreg.gen_rtl_delay.delay_bus_reg[0][5] cannot be supported because of smaller than expected depth of fanout-free flop chain.
WARNING: [Synth 8-5591] srl_style attribute value srl_reg on U0/i_synth/g_single_rate.i_single_rate/g_parallel.g_paths[0].g_symmetric.g_data_sym_array.g_data_sym[7].g_data_sym_casc_buff.i_data_sym_casc_buff/g_buff.i_buff/gen_dly.gen_shiftreg.gen_rtl_delay.delay_bus_reg[0][4] cannot be supported because of smaller than expected depth of fanout-free flop chain.
WARNING: [Synth 8-5591] srl_style attribute value srl_reg on U0/i_synth/g_single_rate.i_single_rate/g_parallel.g_paths[0].g_symmetric.g_data_sym_array.g_data_sym[7].g_data_sym_casc_buff.i_data_sym_casc_buff/g_buff.i_buff/gen_dly.gen_shiftreg.gen_rtl_delay.delay_bus_reg[0][3] cannot be supported because of smaller than expected depth of fanout-free flop chain.
WARNING: [Synth 8-5591] srl_style attribute value srl_reg on U0/i_synth/g_single_rate.i_single_rate/g_parallel.g_paths[0].g_symmetric.g_data_sym_array.g_data_sym[7].g_data_sym_casc_buff.i_data_sym_casc_buff/g_buff.i_buff/gen_dly.gen_shiftreg.gen_rtl_delay.delay_bus_reg[0][2] cannot be supported because of smaller than expected depth of fanout-free flop chain.
WARNING: [Synth 8-5591] srl_style attribute value srl_reg on U0/i_synth/g_single_rate.i_single_rate/g_parallel.g_paths[0].g_symmetric.g_data_sym_array.g_data_sym[7].g_data_sym_casc_buff.i_data_sym_casc_buff/g_buff.i_buff/gen_dly.gen_shiftreg.gen_rtl_delay.delay_bus_reg[0][1] cannot be supported because of smaller than expected depth of fanout-free flop chain.
WARNING: [Synth 8-5591] srl_style attribute value srl_reg on U0/i_synth/g_single_rate.i_single_rate/g_parallel.g_paths[0].g_symmetric.g_data_sym_array.g_data_sym[7].g_data_sym_casc_buff.i_data_sym_casc_buff/g_buff.i_buff/gen_dly.gen_shiftreg.gen_rtl_delay.delay_bus_reg[0][0] cannot be supported because of smaller than expected depth of fanout-free flop chain.
WARNING: [Synth 8-5591] srl_style attribute value srl_reg on U0/i_synth/g_single_rate.i_single_rate/g_parallel.g_paths[0].g_symmetric.g_data_sym_array.g_data_sym[6].g_data_sym_casc_buff.i_data_sym_casc_buff/g_buff.i_buff/gen_dly.gen_shiftreg.gen_rtl_delay.delay_bus_reg[0][15] cannot be supported because of smaller than expected depth of fanout-free flop chain.
WARNING: [Synth 8-5591] srl_style attribute value srl_reg on U0/i_synth/g_single_rate.i_single_rate/g_parallel.g_paths[0].g_symmetric.g_data_sym_array.g_data_sym[6].g_data_sym_casc_buff.i_data_sym_casc_buff/g_buff.i_buff/gen_dly.gen_shiftreg.gen_rtl_delay.delay_bus_reg[0][14] cannot be supported because of smaller than expected depth of fanout-free flop chain.
WARNING: [Synth 8-5591] srl_style attribute value srl_reg on U0/i_synth/g_single_rate.i_single_rate/g_parallel.g_paths[0].g_symmetric.g_data_sym_array.g_data_sym[6].g_data_sym_casc_buff.i_data_sym_casc_buff/g_buff.i_buff/gen_dly.gen_shiftreg.gen_rtl_delay.delay_bus_reg[0][13] cannot be supported because of smaller than expected depth of fanout-free flop chain.
WARNING: [Synth 8-5591] srl_style attribute value srl_reg on U0/i_synth/g_single_rate.i_single_rate/g_parallel.g_paths[0].g_symmetric.g_data_sym_array.g_data_sym[6].g_data_sym_casc_buff.i_data_sym_casc_buff/g_buff.i_buff/gen_dly.gen_shiftreg.gen_rtl_delay.delay_bus_reg[0][12] cannot be supported because of smaller than expected depth of fanout-free flop chain.
WARNING: [Synth 8-5591] srl_style attribute value srl_reg on U0/i_synth/g_single_rate.i_single_rate/g_parallel.g_paths[0].g_symmetric.g_data_sym_array.g_data_sym[6].g_data_sym_casc_buff.i_data_sym_casc_buff/g_buff.i_buff/gen_dly.gen_shiftreg.gen_rtl_delay.delay_bus_reg[0][11] cannot be supported because of smaller than expected depth of fanout-free flop chain.
WARNING: [Synth 8-5591] srl_style attribute value srl_reg on U0/i_synth/g_single_rate.i_single_rate/g_parallel.g_paths[0].g_symmetric.g_data_sym_array.g_data_sym[6].g_data_sym_casc_buff.i_data_sym_casc_buff/g_buff.i_buff/gen_dly.gen_shiftreg.gen_rtl_delay.delay_bus_reg[0][10] cannot be supported because of smaller than expected depth of fanout-free flop chain.
WARNING: [Synth 8-5591] srl_style attribute value srl_reg on U0/i_synth/g_single_rate.i_single_rate/g_parallel.g_paths[0].g_symmetric.g_data_sym_array.g_data_sym[6].g_data_sym_casc_buff.i_data_sym_casc_buff/g_buff.i_buff/gen_dly.gen_shiftreg.gen_rtl_delay.delay_bus_reg[0][9] cannot be supported because of smaller than expected depth of fanout-free flop chain.
WARNING: [Synth 8-5591] srl_style attribute value srl_reg on U0/i_synth/g_single_rate.i_single_rate/g_parallel.g_paths[0].g_symmetric.g_data_sym_array.g_data_sym[6].g_data_sym_casc_buff.i_data_sym_casc_buff/g_buff.i_buff/gen_dly.gen_shiftreg.gen_rtl_delay.delay_bus_reg[0][8] cannot be supported because of smaller than expected depth of fanout-free flop chain.
WARNING: [Synth 8-5591] srl_style attribute value srl_reg on U0/i_synth/g_single_rate.i_single_rate/g_parallel.g_paths[0].g_symmetric.g_data_sym_array.g_data_sym[6].g_data_sym_casc_buff.i_data_sym_casc_buff/g_buff.i_buff/gen_dly.gen_shiftreg.gen_rtl_delay.delay_bus_reg[0][7] cannot be supported because of smaller than expected depth of fanout-free flop chain.
WARNING: [Synth 8-5591] srl_style attribute value srl_reg on U0/i_synth/g_single_rate.i_single_rate/g_parallel.g_paths[0].g_symmetric.g_data_sym_array.g_data_sym[6].g_data_sym_casc_buff.i_data_sym_casc_buff/g_buff.i_buff/gen_dly.gen_shiftreg.gen_rtl_delay.delay_bus_reg[0][6] cannot be supported because of smaller than expected depth of fanout-free flop chain.
WARNING: [Synth 8-5591] srl_style attribute value srl_reg on U0/i_synth/g_single_rate.i_single_rate/g_parallel.g_paths[0].g_symmetric.g_data_sym_array.g_data_sym[6].g_data_sym_casc_buff.i_data_sym_casc_buff/g_buff.i_buff/gen_dly.gen_shiftreg.gen_rtl_delay.delay_bus_reg[0][5] cannot be supported because of smaller than expected depth of fanout-free flop chain.
WARNING: [Synth 8-5591] srl_style attribute value srl_reg on U0/i_synth/g_single_rate.i_single_rate/g_parallel.g_paths[0].g_symmetric.g_data_sym_array.g_data_sym[6].g_data_sym_casc_buff.i_data_sym_casc_buff/g_buff.i_buff/gen_dly.gen_shiftreg.gen_rtl_delay.delay_bus_reg[0][4] cannot be supported because of smaller than expected depth of fanout-free flop chain.
WARNING: [Synth 8-5591] srl_style attribute value srl_reg on U0/i_synth/g_single_rate.i_single_rate/g_parallel.g_paths[0].g_symmetric.g_data_sym_array.g_data_sym[6].g_data_sym_casc_buff.i_data_sym_casc_buff/g_buff.i_buff/gen_dly.gen_shiftreg.gen_rtl_delay.delay_bus_reg[0][3] cannot be supported because of smaller than expected depth of fanout-free flop chain.
WARNING: [Synth 8-5591] srl_style attribute value srl_reg on U0/i_synth/g_single_rate.i_single_rate/g_parallel.g_paths[0].g_symmetric.g_data_sym_array.g_data_sym[6].g_data_sym_casc_buff.i_data_sym_casc_buff/g_buff.i_buff/gen_dly.gen_shiftreg.gen_rtl_delay.delay_bus_reg[0][2] cannot be supported because of smaller than expected depth of fanout-free flop chain.
WARNING: [Synth 8-5591] srl_style attribute value srl_reg on U0/i_synth/g_single_rate.i_single_rate/g_parallel.g_paths[0].g_symmetric.g_data_sym_array.g_data_sym[6].g_data_sym_casc_buff.i_data_sym_casc_buff/g_buff.i_buff/gen_dly.gen_shiftreg.gen_rtl_delay.delay_bus_reg[0][1] cannot be supported because of smaller than expected depth of fanout-free flop chain.
WARNING: [Synth 8-5591] srl_style attribute value srl_reg on U0/i_synth/g_single_rate.i_single_rate/g_parallel.g_paths[0].g_symmetric.g_data_sym_array.g_data_sym[6].g_data_sym_casc_buff.i_data_sym_casc_buff/g_buff.i_buff/gen_dly.gen_shiftreg.gen_rtl_delay.delay_bus_reg[0][0] cannot be supported because of smaller than expected depth of fanout-free flop chain.
WARNING: [Synth 8-5591] srl_style attribute value srl_reg on U0/i_synth/g_single_rate.i_single_rate/g_parallel.g_paths[0].g_symmetric.g_data_sym_array.g_data_sym[5].g_data_sym_casc_buff.i_data_sym_casc_buff/g_buff.i_buff/gen_dly.gen_shiftreg.gen_rtl_delay.delay_bus_reg[0][15] cannot be supported because of smaller than expected depth of fanout-free flop chain.
WARNING: [Synth 8-5591] srl_style attribute value srl_reg on U0/i_synth/g_single_rate.i_single_rate/g_parallel.g_paths[0].g_symmetric.g_data_sym_array.g_data_sym[5].g_data_sym_casc_buff.i_data_sym_casc_buff/g_buff.i_buff/gen_dly.gen_shiftreg.gen_rtl_delay.delay_bus_reg[0][14] cannot be supported because of smaller than expected depth of fanout-free flop chain.
WARNING: [Synth 8-5591] srl_style attribute value srl_reg on U0/i_synth/g_single_rate.i_single_rate/g_parallel.g_paths[0].g_symmetric.g_data_sym_array.g_data_sym[5].g_data_sym_casc_buff.i_data_sym_casc_buff/g_buff.i_buff/gen_dly.gen_shiftreg.gen_rtl_delay.delay_bus_reg[0][13] cannot be supported because of smaller than expected depth of fanout-free flop chain.
WARNING: [Synth 8-5591] srl_style attribute value srl_reg on U0/i_synth/g_single_rate.i_single_rate/g_parallel.g_paths[0].g_symmetric.g_data_sym_array.g_data_sym[5].g_data_sym_casc_buff.i_data_sym_casc_buff/g_buff.i_buff/gen_dly.gen_shiftreg.gen_rtl_delay.delay_bus_reg[0][12] cannot be supported because of smaller than expected depth of fanout-free flop chain.
WARNING: [Synth 8-5591] srl_style attribute value srl_reg on U0/i_synth/g_single_rate.i_single_rate/g_parallel.g_paths[0].g_symmetric.g_data_sym_array.g_data_sym[5].g_data_sym_casc_buff.i_data_sym_casc_buff/g_buff.i_buff/gen_dly.gen_shiftreg.gen_rtl_delay.delay_bus_reg[0][11] cannot be supported because of smaller than expected depth of fanout-free flop chain.
WARNING: [Synth 8-5591] srl_style attribute value srl_reg on U0/i_synth/g_single_rate.i_single_rate/g_parallel.g_paths[0].g_symmetric.g_data_sym_array.g_data_sym[5].g_data_sym_casc_buff.i_data_sym_casc_buff/g_buff.i_buff/gen_dly.gen_shiftreg.gen_rtl_delay.delay_bus_reg[0][10] cannot be supported because of smaller than expected depth of fanout-free flop chain.
WARNING: [Synth 8-5591] srl_style attribute value srl_reg on U0/i_synth/g_single_rate.i_single_rate/g_parallel.g_paths[0].g_symmetric.g_data_sym_array.g_data_sym[5].g_data_sym_casc_buff.i_data_sym_casc_buff/g_buff.i_buff/gen_dly.gen_shiftreg.gen_rtl_delay.delay_bus_reg[0][9] cannot be supported because of smaller than expected depth of fanout-free flop chain.
WARNING: [Synth 8-5591] srl_style attribute value srl_reg on U0/i_synth/g_single_rate.i_single_rate/g_parallel.g_paths[0].g_symmetric.g_data_sym_array.g_data_sym[5].g_data_sym_casc_buff.i_data_sym_casc_buff/g_buff.i_buff/gen_dly.gen_shiftreg.gen_rtl_delay.delay_bus_reg[0][8] cannot be supported because of smaller than expected depth of fanout-free flop chain.
WARNING: [Synth 8-5591] srl_style attribute value srl_reg on U0/i_synth/g_single_rate.i_single_rate/g_parallel.g_paths[0].g_symmetric.g_data_sym_array.g_data_sym[5].g_data_sym_casc_buff.i_data_sym_casc_buff/g_buff.i_buff/gen_dly.gen_shiftreg.gen_rtl_delay.delay_bus_reg[0][7] cannot be supported because of smaller than expected depth of fanout-free flop chain.
WARNING: [Synth 8-5591] srl_style attribute value srl_reg on U0/i_synth/g_single_rate.i_single_rate/g_parallel.g_paths[0].g_symmetric.g_data_sym_array.g_data_sym[5].g_data_sym_casc_buff.i_data_sym_casc_buff/g_buff.i_buff/gen_dly.gen_shiftreg.gen_rtl_delay.delay_bus_reg[0][6] cannot be supported because of smaller than expected depth of fanout-free flop chain.
WARNING: [Synth 8-5591] srl_style attribute value srl_reg on U0/i_synth/g_single_rate.i_single_rate/g_parallel.g_paths[0].g_symmetric.g_data_sym_array.g_data_sym[5].g_data_sym_casc_buff.i_data_sym_casc_buff/g_buff.i_buff/gen_dly.gen_shiftreg.gen_rtl_delay.delay_bus_reg[0][5] cannot be supported because of smaller than expected depth of fanout-free flop chain.
WARNING: [Synth 8-5591] srl_style attribute value srl_reg on U0/i_synth/g_single_rate.i_single_rate/g_parallel.g_paths[0].g_symmetric.g_data_sym_array.g_data_sym[5].g_data_sym_casc_buff.i_data_sym_casc_buff/g_buff.i_buff/gen_dly.gen_shiftreg.gen_rtl_delay.delay_bus_reg[0][4] cannot be supported because of smaller than expected depth of fanout-free flop chain.
WARNING: [Synth 8-5591] srl_style attribute value srl_reg on U0/i_synth/g_single_rate.i_single_rate/g_parallel.g_paths[0].g_symmetric.g_data_sym_array.g_data_sym[5].g_data_sym_casc_buff.i_data_sym_casc_buff/g_buff.i_buff/gen_dly.gen_shiftreg.gen_rtl_delay.delay_bus_reg[0][3] cannot be supported because of smaller than expected depth of fanout-free flop chain.
WARNING: [Synth 8-5591] srl_style attribute value srl_reg on U0/i_synth/g_single_rate.i_single_rate/g_parallel.g_paths[0].g_symmetric.g_data_sym_array.g_data_sym[5].g_data_sym_casc_buff.i_data_sym_casc_buff/g_buff.i_buff/gen_dly.gen_shiftreg.gen_rtl_delay.delay_bus_reg[0][2] cannot be supported because of smaller than expected depth of fanout-free flop chain.
WARNING: [Synth 8-5591] srl_style attribute value srl_reg on U0/i_synth/g_single_rate.i_single_rate/g_parallel.g_paths[0].g_symmetric.g_data_sym_array.g_data_sym[5].g_data_sym_casc_buff.i_data_sym_casc_buff/g_buff.i_buff/gen_dly.gen_shiftreg.gen_rtl_delay.delay_bus_reg[0][1] cannot be supported because of smaller than expected depth of fanout-free flop chain.
WARNING: [Synth 8-5591] srl_style attribute value srl_reg on U0/i_synth/g_single_rate.i_single_rate/g_parallel.g_paths[0].g_symmetric.g_data_sym_array.g_data_sym[5].g_data_sym_casc_buff.i_data_sym_casc_buff/g_buff.i_buff/gen_dly.gen_shiftreg.gen_rtl_delay.delay_bus_reg[0][0] cannot be supported because of smaller than expected depth of fanout-free flop chain.
WARNING: [Synth 8-5591] srl_style attribute value srl_reg on U0/i_synth/g_single_rate.i_single_rate/g_parallel.g_paths[0].g_symmetric.g_data_sym_array.g_data_sym[4].g_data_sym_casc_buff.i_data_sym_casc_buff/g_buff.i_buff/gen_dly.gen_shiftreg.gen_rtl_delay.delay_bus_reg[0][15] cannot be supported because of smaller than expected depth of fanout-free flop chain.
WARNING: [Synth 8-5591] srl_style attribute value srl_reg on U0/i_synth/g_single_rate.i_single_rate/g_parallel.g_paths[0].g_symmetric.g_data_sym_array.g_data_sym[4].g_data_sym_casc_buff.i_data_sym_casc_buff/g_buff.i_buff/gen_dly.gen_shiftreg.gen_rtl_delay.delay_bus_reg[0][14] cannot be supported because of smaller than expected depth of fanout-free flop chain.
WARNING: [Synth 8-5591] srl_style attribute value srl_reg on U0/i_synth/g_single_rate.i_single_rate/g_parallel.g_paths[0].g_symmetric.g_data_sym_array.g_data_sym[4].g_data_sym_casc_buff.i_data_sym_casc_buff/g_buff.i_buff/gen_dly.gen_shiftreg.gen_rtl_delay.delay_bus_reg[0][13] cannot be supported because of smaller than expected depth of fanout-free flop chain.
WARNING: [Synth 8-5591] srl_style attribute value srl_reg on U0/i_synth/g_single_rate.i_single_rate/g_parallel.g_paths[0].g_symmetric.g_data_sym_array.g_data_sym[4].g_data_sym_casc_buff.i_data_sym_casc_buff/g_buff.i_buff/gen_dly.gen_shiftreg.gen_rtl_delay.delay_bus_reg[0][12] cannot be supported because of smaller than expected depth of fanout-free flop chain.
WARNING: [Synth 8-5591] srl_style attribute value srl_reg on U0/i_synth/g_single_rate.i_single_rate/g_parallel.g_paths[0].g_symmetric.g_data_sym_array.g_data_sym[4].g_data_sym_casc_buff.i_data_sym_casc_buff/g_buff.i_buff/gen_dly.gen_shiftreg.gen_rtl_delay.delay_bus_reg[0][11] cannot be supported because of smaller than expected depth of fanout-free flop chain.
WARNING: [Synth 8-5591] srl_style attribute value srl_reg on U0/i_synth/g_single_rate.i_single_rate/g_parallel.g_paths[0].g_symmetric.g_data_sym_array.g_data_sym[4].g_data_sym_casc_buff.i_data_sym_casc_buff/g_buff.i_buff/gen_dly.gen_shiftreg.gen_rtl_delay.delay_bus_reg[0][10] cannot be supported because of smaller than expected depth of fanout-free flop chain.
WARNING: [Synth 8-5591] srl_style attribute value srl_reg on U0/i_synth/g_single_rate.i_single_rate/g_parallel.g_paths[0].g_symmetric.g_data_sym_array.g_data_sym[4].g_data_sym_casc_buff.i_data_sym_casc_buff/g_buff.i_buff/gen_dly.gen_shiftreg.gen_rtl_delay.delay_bus_reg[0][9] cannot be supported because of smaller than expected depth of fanout-free flop chain.
WARNING: [Synth 8-5591] srl_style attribute value srl_reg on U0/i_synth/g_single_rate.i_single_rate/g_parallel.g_paths[0].g_symmetric.g_data_sym_array.g_data_sym[4].g_data_sym_casc_buff.i_data_sym_casc_buff/g_buff.i_buff/gen_dly.gen_shiftreg.gen_rtl_delay.delay_bus_reg[0][8] cannot be supported because of smaller than expected depth of fanout-free flop chain.
WARNING: [Synth 8-5591] srl_style attribute value srl_reg on U0/i_synth/g_single_rate.i_single_rate/g_parallel.g_paths[0].g_symmetric.g_data_sym_array.g_data_sym[4].g_data_sym_casc_buff.i_data_sym_casc_buff/g_buff.i_buff/gen_dly.gen_shiftreg.gen_rtl_delay.delay_bus_reg[0][7] cannot be supported because of smaller than expected depth of fanout-free flop chain.
WARNING: [Synth 8-5591] srl_style attribute value srl_reg on U0/i_synth/g_single_rate.i_single_rate/g_parallel.g_paths[0].g_symmetric.g_data_sym_array.g_data_sym[4].g_data_sym_casc_buff.i_data_sym_casc_buff/g_buff.i_buff/gen_dly.gen_shiftreg.gen_rtl_delay.delay_bus_reg[0][6] cannot be supported because of smaller than expected depth of fanout-free flop chain.
WARNING: [Synth 8-5591] srl_style attribute value srl_reg on U0/i_synth/g_single_rate.i_single_rate/g_parallel.g_paths[0].g_symmetric.g_data_sym_array.g_data_sym[4].g_data_sym_casc_buff.i_data_sym_casc_buff/g_buff.i_buff/gen_dly.gen_shiftreg.gen_rtl_delay.delay_bus_reg[0][5] cannot be supported because of smaller than expected depth of fanout-free flop chain.
WARNING: [Synth 8-5591] srl_style attribute value srl_reg on U0/i_synth/g_single_rate.i_single_rate/g_parallel.g_paths[0].g_symmetric.g_data_sym_array.g_data_sym[4].g_data_sym_casc_buff.i_data_sym_casc_buff/g_buff.i_buff/gen_dly.gen_shiftreg.gen_rtl_delay.delay_bus_reg[0][4] cannot be supported because of smaller than expected depth of fanout-free flop chain.
WARNING: [Synth 8-5591] srl_style attribute value srl_reg on U0/i_synth/g_single_rate.i_single_rate/g_parallel.g_paths[0].g_symmetric.g_data_sym_array.g_data_sym[4].g_data_sym_casc_buff.i_data_sym_casc_buff/g_buff.i_buff/gen_dly.gen_shiftreg.gen_rtl_delay.delay_bus_reg[0][3] cannot be supported because of smaller than expected depth of fanout-free flop chain.
WARNING: [Synth 8-5591] srl_style attribute value srl_reg on U0/i_synth/g_single_rate.i_single_rate/g_parallel.g_paths[0].g_symmetric.g_data_sym_array.g_data_sym[4].g_data_sym_casc_buff.i_data_sym_casc_buff/g_buff.i_buff/gen_dly.gen_shiftreg.gen_rtl_delay.delay_bus_reg[0][2] cannot be supported because of smaller than expected depth of fanout-free flop chain.
WARNING: [Synth 8-5591] srl_style attribute value srl_reg on U0/i_synth/g_single_rate.i_single_rate/g_parallel.g_paths[0].g_symmetric.g_data_sym_array.g_data_sym[4].g_data_sym_casc_buff.i_data_sym_casc_buff/g_buff.i_buff/gen_dly.gen_shiftreg.gen_rtl_delay.delay_bus_reg[0][1] cannot be supported because of smaller than expected depth of fanout-free flop chain.
WARNING: [Synth 8-5591] srl_style attribute value srl_reg on U0/i_synth/g_single_rate.i_single_rate/g_parallel.g_paths[0].g_symmetric.g_data_sym_array.g_data_sym[4].g_data_sym_casc_buff.i_data_sym_casc_buff/g_buff.i_buff/gen_dly.gen_shiftreg.gen_rtl_delay.delay_bus_reg[0][0] cannot be supported because of smaller than expected depth of fanout-free flop chain.
WARNING: [Synth 8-5591] srl_style attribute value srl_reg on U0/i_synth/g_single_rate.i_single_rate/g_parallel.g_paths[0].g_symmetric.g_data_sym_array.g_data_sym[3].g_data_sym_casc_buff.i_data_sym_casc_buff/g_buff.i_buff/gen_dly.gen_shiftreg.gen_rtl_delay.delay_bus_reg[0][15] cannot be supported because of smaller than expected depth of fanout-free flop chain.
WARNING: [Synth 8-5591] srl_style attribute value srl_reg on U0/i_synth/g_single_rate.i_single_rate/g_parallel.g_paths[0].g_symmetric.g_data_sym_array.g_data_sym[3].g_data_sym_casc_buff.i_data_sym_casc_buff/g_buff.i_buff/gen_dly.gen_shiftreg.gen_rtl_delay.delay_bus_reg[0][14] cannot be supported because of smaller than expected depth of fanout-free flop chain.
WARNING: [Synth 8-5591] srl_style attribute value srl_reg on U0/i_synth/g_single_rate.i_single_rate/g_parallel.g_paths[0].g_symmetric.g_data_sym_array.g_data_sym[3].g_data_sym_casc_buff.i_data_sym_casc_buff/g_buff.i_buff/gen_dly.gen_shiftreg.gen_rtl_delay.delay_bus_reg[0][13] cannot be supported because of smaller than expected depth of fanout-free flop chain.
WARNING: [Synth 8-5591] srl_style attribute value srl_reg on U0/i_synth/g_single_rate.i_single_rate/g_parallel.g_paths[0].g_symmetric.g_data_sym_array.g_data_sym[3].g_data_sym_casc_buff.i_data_sym_casc_buff/g_buff.i_buff/gen_dly.gen_shiftreg.gen_rtl_delay.delay_bus_reg[0][12] cannot be supported because of smaller than expected depth of fanout-free flop chain.
INFO: [Common 17-14] Message 'Synth 8-5591' appears 100 times and further instances of the messages will be disabled. Use the Tcl command set_msg_config to change the current settings.
INFO: [Synth 8-3886] merging instance 'U0/i_synth/g_single_rate.i_single_rate/g_parallel.we_gen_reg' (FDRE) to 'U0/i_synth/g_single_rate.i_single_rate/g_parallel.we_gen_cntrl_reg'
---------------------------------------------------------------------------------
Finished Technology Mapping : Time (s): cpu = 00:00:24 ; elapsed = 00:00:28 . Memory (MB): peak = 1118.164 ; gain = 436.195
---------------------------------------------------------------------------------

Report RTL Partitions: 
+-+--------------+------------+----------+
| |RTL Partition |Replication |Instances |
+-+--------------+------------+----------+
+-+--------------+------------+----------+
---------------------------------------------------------------------------------
Start IO Insertion
---------------------------------------------------------------------------------
---------------------------------------------------------------------------------
Start Flattening Before IO Insertion
---------------------------------------------------------------------------------
---------------------------------------------------------------------------------
Finished Flattening Before IO Insertion
---------------------------------------------------------------------------------
---------------------------------------------------------------------------------
Start Final Netlist Cleanup
---------------------------------------------------------------------------------
---------------------------------------------------------------------------------
Finished Final Netlist Cleanup
---------------------------------------------------------------------------------
---------------------------------------------------------------------------------
Finished IO Insertion : Time (s): cpu = 00:00:25 ; elapsed = 00:00:29 . Memory (MB): peak = 1124.199 ; gain = 442.230
---------------------------------------------------------------------------------

Report Check Netlist: 
+------+------------------+-------+---------+-------+------------------+
|      |Item              |Errors |Warnings |Status |Description       |
+------+------------------+-------+---------+-------+------------------+
|1     |multi_driven_nets |      0|        0|Passed |Multi driven nets |
+------+------------------+-------+---------+-------+------------------+
---------------------------------------------------------------------------------
Start Renaming Generated Instances
---------------------------------------------------------------------------------
---------------------------------------------------------------------------------
Finished Renaming Generated Instances : Time (s): cpu = 00:00:25 ; elapsed = 00:00:29 . Memory (MB): peak = 1124.199 ; gain = 442.230
---------------------------------------------------------------------------------

Report RTL Partitions: 
+-+--------------+------------+----------+
| |RTL Partition |Replication |Instances |
+-+--------------+------------+----------+
+-+--------------+------------+----------+
---------------------------------------------------------------------------------
Start Rebuilding User Hierarchy
---------------------------------------------------------------------------------
---------------------------------------------------------------------------------
Finished Rebuilding User Hierarchy : Time (s): cpu = 00:00:25 ; elapsed = 00:00:29 . Memory (MB): peak = 1124.199 ; gain = 442.230
---------------------------------------------------------------------------------
---------------------------------------------------------------------------------
Start Renaming Generated Ports
---------------------------------------------------------------------------------
---------------------------------------------------------------------------------
Finished Renaming Generated Ports : Time (s): cpu = 00:00:25 ; elapsed = 00:00:29 . Memory (MB): peak = 1124.199 ; gain = 442.230
---------------------------------------------------------------------------------
---------------------------------------------------------------------------------
Start Handling Custom Attributes
---------------------------------------------------------------------------------
---------------------------------------------------------------------------------
Finished Handling Custom Attributes : Time (s): cpu = 00:00:25 ; elapsed = 00:00:29 . Memory (MB): peak = 1124.199 ; gain = 442.230
---------------------------------------------------------------------------------
---------------------------------------------------------------------------------
Start Renaming Generated Nets
---------------------------------------------------------------------------------
---------------------------------------------------------------------------------
Finished Renaming Generated Nets : Time (s): cpu = 00:00:25 ; elapsed = 00:00:29 . Memory (MB): peak = 1124.199 ; gain = 442.230
---------------------------------------------------------------------------------
---------------------------------------------------------------------------------
Start Writing Synthesis Report
---------------------------------------------------------------------------------

Report BlackBoxes: 
+-+--------------+----------+
| |BlackBox name |Instances |
+-+--------------+----------+
+-+--------------+----------+

Report Cell Usage: 
+------+----------+------+
|      |Cell      |Count |
+------+----------+------+
|1     |DSP48E1   |     1|
|2     |DSP48E1_1 |    22|
|3     |LUT1      |     2|
|4     |LUT2      |    27|
|5     |LUT3      |     7|
|6     |LUT4      |     4|
|7     |LUT5      |     5|
|8     |LUT6      |    10|
|9     |SRL16E    |   384|
|10    |FDRE      |  1468|
|11    |FDSE      |    19|
+------+----------+------+
---------------------------------------------------------------------------------
Finished Writing Synthesis Report : Time (s): cpu = 00:00:25 ; elapsed = 00:00:29 . Memory (MB): peak = 1124.199 ; gain = 442.230
---------------------------------------------------------------------------------
Synthesis finished with 0 errors, 0 critical warnings and 868 warnings.
Synthesis Optimization Runtime : Time (s): cpu = 00:00:12 ; elapsed = 00:00:26 . Memory (MB): peak = 1124.199 ; gain = 442.230
Synthesis Optimization Complete : Time (s): cpu = 00:00:26 ; elapsed = 00:00:29 . Memory (MB): peak = 1124.199 ; gain = 442.230
INFO: [Project 1-571] Translating synthesized netlist
INFO: [Netlist 29-17] Analyzing 23 Unisim elements for replacement
INFO: [Netlist 29-28] Unisim Transformation completed in 0 CPU seconds
INFO: [Project 1-570] Preparing netlist for logic optimization
INFO: [Opt 31-138] Pushed 0 inverter(s) to 0 load pin(s).
Netlist sorting complete. Time (s): cpu = 00:00:00 ; elapsed = 00:00:00.001 . Memory (MB): peak = 1141.219 ; gain = 0.000
INFO: [Project 1-111] Unisim Transformation Summary:
No Unisim elements were transformed.

INFO: [Common 17-83] Releasing license: Synthesis
21 Infos, 202 Warnings, 0 Critical Warnings and 0 Errors encountered.
synth_design completed successfully
synth_design: Time (s): cpu = 00:00:30 ; elapsed = 00:00:47 . Memory (MB): peak = 1141.219 ; gain = 726.418
Netlist sorting complete. Time (s): cpu = 00:00:00 ; elapsed = 00:00:00.001 . Memory (MB): peak = 1141.219 ; gain = 0.000
WARNING: [Constraints 18-5210] No constraints selected for write.
Resolution: This message can indicate that there are no constraints for the design, or it can indicate that the used_in flags are set such that the constraints are ignored. This later case is used when running synth_design to not write synthesis constraints to the resulting checkpoint. Instead, project constraints are read when the synthesized design is opened.
INFO: [Common 17-1381] The checkpoint 'D:/Sem_6/AELD/Labs/Lab_4/Lab_4.runs/design_1_fir_compiler_0_0_synth_1/design_1_fir_compiler_0_0.dcp' has been generated.
WARNING: [Common 17-576] 'use_project_ipc' is deprecated. This option is deprecated and no longer used.
INFO: [Coretcl 2-1648] Added synthesis output to IP cache for IP design_1_fir_compiler_0_0, cache-ID = 3c138c23dde50b66
INFO: [Coretcl 2-1174] Renamed 161 cell refs.
Netlist sorting complete. Time (s): cpu = 00:00:00 ; elapsed = 00:00:00.001 . Memory (MB): peak = 1141.219 ; gain = 0.000
WARNING: [Constraints 18-5210] No constraints selected for write.
Resolution: This message can indicate that there are no constraints for the design, or it can indicate that the used_in flags are set such that the constraints are ignored. This later case is used when running synth_design to not write synthesis constraints to the resulting checkpoint. Instead, project constraints are read when the synthesized design is opened.
INFO: [Common 17-1381] The checkpoint 'D:/Sem_6/AELD/Labs/Lab_4/Lab_4.runs/design_1_fir_compiler_0_0_synth_1/design_1_fir_compiler_0_0.dcp' has been generated.
INFO: [runtcl-4] Executing : report_utilization -file design_1_fir_compiler_0_0_utilization_synth.rpt -pb design_1_fir_compiler_0_0_utilization_synth.pb
INFO: [Common 17-206] Exiting Vivado at Mon Feb 10 01:30:19 2025...
