10:25:48 INFO  : Registering command handlers for SDK TCF services
10:25:48 INFO  : Launching XSCT server: xsct.bat -interactive D:\Sem_6\AELD\Labs\Lab_2_HW\Lab_2_HW.sdk\temp_xsdb_launch_script.tcl
10:25:51 INFO  : XSCT server has started successfully.
10:25:51 INFO  : Successfully done setting XSCT server connection channel  
10:25:57 INFO  : Successfully done setting SDK workspace  
10:25:57 INFO  : Processing command line option -hwspec D:/Sem_6/AELD/Labs/Lab_2_HW/Lab_2_HW.sdk/design_1_wrapper.hdf.
10:35:17 INFO  : Refreshed build settings on project Lab_2_HW
10:35:43 INFO  : Connected through redirection to target on host '192.168.226.142' and port '63748'.
10:35:44 INFO  : Jtag cable 'Digilent Zed 210248A39C93' is selected.
10:35:44 INFO  : 'jtag frequency' command is executed.
10:35:44 INFO  : Sourcing of 'D:/Sem_6/AELD/Labs/Lab_2_HW/Lab_2_HW.sdk/design_1_wrapper_hw_platform_0/ps7_init.tcl' is done.
10:35:44 INFO  : Context for 'APU' is selected.
10:35:44 INFO  : System reset is completed.
10:35:47 INFO  : 'after 3000' command is executed.
10:35:47 INFO  : Context for 'APU' is selected.
10:35:47 INFO  : Hardware design information is loaded from 'D:/Sem_6/AELD/Labs/Lab_2_HW/Lab_2_HW.sdk/design_1_wrapper_hw_platform_0/system.hdf'.
10:35:47 INFO  : 'configparams force-mem-access 1' command is executed.
10:35:47 INFO  : Context for 'APU' is selected.
10:35:50 INFO  : 'ps7_init' command is executed.
10:35:50 INFO  : 'ps7_post_config' command is executed.
10:35:50 INFO  : Context for processor 'ps7_cortexa9_0' is selected.
10:35:50 INFO  : The application 'D:/Sem_6/AELD/Labs/Lab_2_HW/Lab_2_HW.sdk/Lab_2_HW/Debug/Lab_2_HW.elf' is downloaded to processor 'ps7_cortexa9_0'.
10:35:50 INFO  : 'configparams force-mem-access 0' command is executed.
10:35:50 INFO  : ----------------XSDB Script----------------
connect -path [list tcp::1534 tcp:192.168.226.142:63748]
source D:/Sem_6/AELD/Labs/Lab_2_HW/Lab_2_HW.sdk/design_1_wrapper_hw_platform_0/ps7_init.tcl
targets -set -nocase -filter {name =~"APU*" && jtag_cable_name =~ "Digilent Zed 210248A39C93"} -index 0
rst -system
after 3000
targets -set -nocase -filter {name =~"APU*" && jtag_cable_name =~ "Digilent Zed 210248A39C93"} -index 0
loadhw -hw D:/Sem_6/AELD/Labs/Lab_2_HW/Lab_2_HW.sdk/design_1_wrapper_hw_platform_0/system.hdf -mem-ranges [list {0x40000000 0xbfffffff}]
configparams force-mem-access 1
targets -set -nocase -filter {name =~"APU*" && jtag_cable_name =~ "Digilent Zed 210248A39C93"} -index 0
ps7_init
ps7_post_config
targets -set -nocase -filter {name =~ "ARM*#0" && jtag_cable_name =~ "Digilent Zed 210248A39C93"} -index 0
dow D:/Sem_6/AELD/Labs/Lab_2_HW/Lab_2_HW.sdk/Lab_2_HW/Debug/Lab_2_HW.elf
configparams force-mem-access 0
----------------End of Script----------------

10:35:50 INFO  : Context for processor 'ps7_cortexa9_0' is selected.
10:35:50 INFO  : 'con' command is executed.
10:35:50 INFO  : ----------------XSDB Script (After Launch)----------------
targets -set -nocase -filter {name =~ "ARM*#0" && jtag_cable_name =~ "Digilent Zed 210248A39C93"} -index 0
con
----------------End of Script----------------

10:35:50 INFO  : Launch script is exported to file 'D:\Sem_6\AELD\Labs\Lab_2_HW\Lab_2_HW.sdk\.sdk\launch_scripts\xilinx_c-c++_application_(system_debugger)\system_debugger_using_debug_lab_2_hw.elf_on_remzeb.tcl'
10:45:06 WARN  : channel "tcfchan#1" closed
16:17:48 INFO  : Launching XSCT server: xsct.bat -interactive D:\Sem_6\AELD\Labs\Lab_2_HW\Lab_2_HW.sdk\temp_xsdb_launch_script.tcl
16:17:48 INFO  : Registering command handlers for SDK TCF services
16:17:51 INFO  : XSCT server has started successfully.
16:17:56 INFO  : Successfully done setting XSCT server connection channel  
16:17:56 INFO  : Successfully done setting SDK workspace  
16:17:56 INFO  : Processing command line option -hwspec D:/Sem_6/AELD/Labs/Lab_2_HW/Lab_2_HW.sdk/design_1_wrapper.hdf.
16:17:56 INFO  : Checking for hwspec changes in the project design_1_wrapper_hw_platform_0.
19:09:53 INFO  : Connected through redirection to target on host '192.168.226.142' and port '61270'.
19:09:53 INFO  : Jtag cable 'Digilent Zed 210248A39C93' is selected.
19:09:53 INFO  : 'jtag frequency' command is executed.
19:09:53 INFO  : Sourcing of 'D:/Sem_6/AELD/Labs/Lab_2_HW/Lab_2_HW.sdk/design_1_wrapper_hw_platform_0/ps7_init.tcl' is done.
19:09:54 INFO  : Context for 'APU' is selected.
19:09:55 INFO  : System reset is completed.
19:09:58 INFO  : 'after 3000' command is executed.
19:09:58 INFO  : Context for 'APU' is selected.
19:09:58 INFO  : Hardware design information is loaded from 'D:/Sem_6/AELD/Labs/Lab_2_HW/Lab_2_HW.sdk/design_1_wrapper_hw_platform_0/system.hdf'.
19:09:58 INFO  : 'configparams force-mem-access 1' command is executed.
19:09:58 INFO  : Context for 'APU' is selected.
19:10:10 INFO  : 'ps7_init' command is executed.
19:10:11 INFO  : 'ps7_post_config' command is executed.
19:10:11 INFO  : Context for processor 'ps7_cortexa9_0' is selected.
19:10:11 INFO  : The application 'D:/Sem_6/AELD/Labs/Lab_2_HW/Lab_2_HW.sdk/Lab_2_HW/Debug/Lab_2_HW.elf' is downloaded to processor 'ps7_cortexa9_0'.
19:10:11 INFO  : 'configparams force-mem-access 0' command is executed.
19:10:11 INFO  : ----------------XSDB Script----------------
connect -path [list tcp::1534 tcp:192.168.226.142:61270]
source D:/Sem_6/AELD/Labs/Lab_2_HW/Lab_2_HW.sdk/design_1_wrapper_hw_platform_0/ps7_init.tcl
targets -set -nocase -filter {name =~"APU*" && jtag_cable_name =~ "Digilent Zed 210248A39C93"} -index 0
rst -system
after 3000
targets -set -nocase -filter {name =~"APU*" && jtag_cable_name =~ "Digilent Zed 210248A39C93"} -index 0
loadhw -hw D:/Sem_6/AELD/Labs/Lab_2_HW/Lab_2_HW.sdk/design_1_wrapper_hw_platform_0/system.hdf -mem-ranges [list {0x40000000 0xbfffffff}]
configparams force-mem-access 1
targets -set -nocase -filter {name =~"APU*" && jtag_cable_name =~ "Digilent Zed 210248A39C93"} -index 0
ps7_init
ps7_post_config
targets -set -nocase -filter {name =~ "ARM*#0" && jtag_cable_name =~ "Digilent Zed 210248A39C93"} -index 0
dow D:/Sem_6/AELD/Labs/Lab_2_HW/Lab_2_HW.sdk/Lab_2_HW/Debug/Lab_2_HW.elf
configparams force-mem-access 0
----------------End of Script----------------

19:10:12 INFO  : Context for processor 'ps7_cortexa9_0' is selected.
19:10:12 INFO  : 'con' command is executed.
19:10:12 INFO  : ----------------XSDB Script (After Launch)----------------
targets -set -nocase -filter {name =~ "ARM*#0" && jtag_cable_name =~ "Digilent Zed 210248A39C93"} -index 0
con
----------------End of Script----------------

19:10:12 INFO  : Launch script is exported to file 'D:\Sem_6\AELD\Labs\Lab_2_HW\Lab_2_HW.sdk\.sdk\launch_scripts\xilinx_c-c++_application_(system_debugger)\system_debugger_using_debug_lab_2_hw.elf_on_remzeb.tcl'
19:15:21 WARN  : channel "tcfchan#1" closed
20:00:45 INFO  : Connected through redirection to target on host '192.168.226.142' and port '60341'.
20:01:03 INFO  : ----------------XSDB Script----------------
connect -path [list tcp::1534 tcp:192.168.226.142:60341]
----------------End of Script----------------

20:02:01 INFO  : Connected through redirection to target on host '192.168.226.142' and port '60341'.
20:02:02 INFO  : Jtag cable 'Digilent Zed 210248A39791' is selected.
20:02:02 INFO  : 'jtag frequency' command is executed.
20:02:02 INFO  : Sourcing of 'D:/Sem_6/AELD/Labs/Lab_2_HW/Lab_2_HW.sdk/design_1_wrapper_hw_platform_0/ps7_init.tcl' is done.
20:02:02 INFO  : Context for 'APU' is selected.
20:02:03 INFO  : System reset is completed.
20:02:06 INFO  : 'after 3000' command is executed.
20:02:06 INFO  : Context for 'APU' is selected.
20:02:06 INFO  : Hardware design information is loaded from 'D:/Sem_6/AELD/Labs/Lab_2_HW/Lab_2_HW.sdk/design_1_wrapper_hw_platform_0/system.hdf'.
20:02:06 INFO  : 'configparams force-mem-access 1' command is executed.
20:02:06 INFO  : Context for 'APU' is selected.
20:02:18 INFO  : 'ps7_init' command is executed.
20:02:19 INFO  : 'ps7_post_config' command is executed.
20:02:19 INFO  : Context for processor 'ps7_cortexa9_0' is selected.
20:02:19 INFO  : The application 'D:/Sem_6/AELD/Labs/Lab_2_HW/Lab_2_HW.sdk/Lab_2_HW/Debug/Lab_2_HW.elf' is downloaded to processor 'ps7_cortexa9_0'.
20:02:19 INFO  : 'configparams force-mem-access 0' command is executed.
20:02:19 INFO  : ----------------XSDB Script----------------
connect -path [list tcp::1534 tcp:192.168.226.142:60341]
source D:/Sem_6/AELD/Labs/Lab_2_HW/Lab_2_HW.sdk/design_1_wrapper_hw_platform_0/ps7_init.tcl
targets -set -nocase -filter {name =~"APU*" && jtag_cable_name =~ "Digilent Zed 210248A39791"} -index 0
rst -system
after 3000
targets -set -nocase -filter {name =~"APU*" && jtag_cable_name =~ "Digilent Zed 210248A39791"} -index 0
loadhw -hw D:/Sem_6/AELD/Labs/Lab_2_HW/Lab_2_HW.sdk/design_1_wrapper_hw_platform_0/system.hdf -mem-ranges [list {0x40000000 0xbfffffff}]
configparams force-mem-access 1
targets -set -nocase -filter {name =~"APU*" && jtag_cable_name =~ "Digilent Zed 210248A39791"} -index 0
ps7_init
ps7_post_config
targets -set -nocase -filter {name =~ "ARM*#0" && jtag_cable_name =~ "Digilent Zed 210248A39791"} -index 0
dow D:/Sem_6/AELD/Labs/Lab_2_HW/Lab_2_HW.sdk/Lab_2_HW/Debug/Lab_2_HW.elf
configparams force-mem-access 0
----------------End of Script----------------

20:02:20 INFO  : Context for processor 'ps7_cortexa9_0' is selected.
20:02:20 INFO  : 'con' command is executed.
20:02:20 INFO  : ----------------XSDB Script (After Launch)----------------
targets -set -nocase -filter {name =~ "ARM*#0" && jtag_cable_name =~ "Digilent Zed 210248A39791"} -index 0
con
----------------End of Script----------------

20:02:20 INFO  : Launch script is exported to file 'D:\Sem_6\AELD\Labs\Lab_2_HW\Lab_2_HW.sdk\.sdk\launch_scripts\xilinx_c-c++_application_(system_debugger)\system_debugger_using_debug_lab_2_hw.elf_on_remzeb.tcl'
20:06:52 INFO  : Disconnected from the channel tcfchan#2.
20:06:53 INFO  : Connected through redirection to target on host '192.168.226.142' and port '60341'.
20:06:53 INFO  : Jtag cable 'Digilent Zed 210248A39791' is selected.
20:06:53 INFO  : 'jtag frequency' command is executed.
20:06:53 INFO  : Sourcing of 'D:/Sem_6/AELD/Labs/Lab_2_HW/Lab_2_HW.sdk/design_1_wrapper_hw_platform_0/ps7_init.tcl' is done.
20:06:54 INFO  : Context for 'APU' is selected.
20:06:54 INFO  : System reset is completed.
20:06:57 INFO  : 'after 3000' command is executed.
20:06:58 INFO  : Context for 'APU' is selected.
20:06:59 INFO  : Hardware design information is loaded from 'D:/Sem_6/AELD/Labs/Lab_2_HW/Lab_2_HW.sdk/design_1_wrapper_hw_platform_0/system.hdf'.
20:06:59 INFO  : 'configparams force-mem-access 1' command is executed.
20:06:59 INFO  : Context for 'APU' is selected.
20:07:11 INFO  : 'ps7_init' command is executed.
20:07:11 INFO  : 'ps7_post_config' command is executed.
20:07:12 INFO  : Context for processor 'ps7_cortexa9_0' is selected.
20:07:12 INFO  : The application 'D:/Sem_6/AELD/Labs/Lab_2_HW/Lab_2_HW.sdk/Lab_2_HW/Debug/Lab_2_HW.elf' is downloaded to processor 'ps7_cortexa9_0'.
20:07:12 INFO  : 'configparams force-mem-access 0' command is executed.
20:07:12 INFO  : ----------------XSDB Script----------------
connect -path [list tcp::1534 tcp:192.168.226.142:60341]
source D:/Sem_6/AELD/Labs/Lab_2_HW/Lab_2_HW.sdk/design_1_wrapper_hw_platform_0/ps7_init.tcl
targets -set -nocase -filter {name =~"APU*" && jtag_cable_name =~ "Digilent Zed 210248A39791"} -index 0
rst -system
after 3000
targets -set -nocase -filter {name =~"APU*" && jtag_cable_name =~ "Digilent Zed 210248A39791"} -index 0
loadhw -hw D:/Sem_6/AELD/Labs/Lab_2_HW/Lab_2_HW.sdk/design_1_wrapper_hw_platform_0/system.hdf -mem-ranges [list {0x40000000 0xbfffffff}]
configparams force-mem-access 1
targets -set -nocase -filter {name =~"APU*" && jtag_cable_name =~ "Digilent Zed 210248A39791"} -index 0
ps7_init
ps7_post_config
targets -set -nocase -filter {name =~ "ARM*#0" && jtag_cable_name =~ "Digilent Zed 210248A39791"} -index 0
dow D:/Sem_6/AELD/Labs/Lab_2_HW/Lab_2_HW.sdk/Lab_2_HW/Debug/Lab_2_HW.elf
configparams force-mem-access 0
----------------End of Script----------------

20:07:13 INFO  : Context for processor 'ps7_cortexa9_0' is selected.
20:07:13 INFO  : 'con' command is executed.
20:07:13 INFO  : ----------------XSDB Script (After Launch)----------------
targets -set -nocase -filter {name =~ "ARM*#0" && jtag_cable_name =~ "Digilent Zed 210248A39791"} -index 0
con
----------------End of Script----------------

20:07:13 INFO  : Launch script is exported to file 'D:\Sem_6\AELD\Labs\Lab_2_HW\Lab_2_HW.sdk\.sdk\launch_scripts\xilinx_c-c++_application_(system_debugger)\system_debugger_using_debug_lab_2_hw.elf_on_remzeb.tcl'
20:11:09 INFO  : Disconnected from the channel tcfchan#3.
20:11:10 INFO  : Connected through redirection to target on host '192.168.226.142' and port '60341'.
20:11:11 INFO  : Jtag cable 'Digilent Zed 210248A39791' is selected.
20:11:11 INFO  : 'jtag frequency' command is executed.
20:11:11 INFO  : Sourcing of 'D:/Sem_6/AELD/Labs/Lab_2_HW/Lab_2_HW.sdk/design_1_wrapper_hw_platform_0/ps7_init.tcl' is done.
20:11:11 INFO  : Context for 'APU' is selected.
20:11:12 INFO  : System reset is completed.
20:11:15 INFO  : 'after 3000' command is executed.
20:11:15 INFO  : Context for 'APU' is selected.
20:11:16 INFO  : Hardware design information is loaded from 'D:/Sem_6/AELD/Labs/Lab_2_HW/Lab_2_HW.sdk/design_1_wrapper_hw_platform_0/system.hdf'.
20:11:16 INFO  : 'configparams force-mem-access 1' command is executed.
20:11:16 INFO  : Context for 'APU' is selected.
20:11:28 INFO  : 'ps7_init' command is executed.
20:11:29 INFO  : 'ps7_post_config' command is executed.
20:11:29 INFO  : Context for processor 'ps7_cortexa9_0' is selected.
20:11:30 INFO  : The application 'D:/Sem_6/AELD/Labs/Lab_2_HW/Lab_2_HW.sdk/Lab_2_HW/Debug/Lab_2_HW.elf' is downloaded to processor 'ps7_cortexa9_0'.
20:11:30 INFO  : 'configparams force-mem-access 0' command is executed.
20:11:30 INFO  : ----------------XSDB Script----------------
connect -path [list tcp::1534 tcp:192.168.226.142:60341]
source D:/Sem_6/AELD/Labs/Lab_2_HW/Lab_2_HW.sdk/design_1_wrapper_hw_platform_0/ps7_init.tcl
targets -set -nocase -filter {name =~"APU*" && jtag_cable_name =~ "Digilent Zed 210248A39791"} -index 0
rst -system
after 3000
targets -set -nocase -filter {name =~"APU*" && jtag_cable_name =~ "Digilent Zed 210248A39791"} -index 0
loadhw -hw D:/Sem_6/AELD/Labs/Lab_2_HW/Lab_2_HW.sdk/design_1_wrapper_hw_platform_0/system.hdf -mem-ranges [list {0x40000000 0xbfffffff}]
configparams force-mem-access 1
targets -set -nocase -filter {name =~"APU*" && jtag_cable_name =~ "Digilent Zed 210248A39791"} -index 0
ps7_init
ps7_post_config
targets -set -nocase -filter {name =~ "ARM*#0" && jtag_cable_name =~ "Digilent Zed 210248A39791"} -index 0
dow D:/Sem_6/AELD/Labs/Lab_2_HW/Lab_2_HW.sdk/Lab_2_HW/Debug/Lab_2_HW.elf
configparams force-mem-access 0
----------------End of Script----------------

20:11:30 INFO  : Context for processor 'ps7_cortexa9_0' is selected.
20:11:30 INFO  : 'con' command is executed.
20:11:30 INFO  : ----------------XSDB Script (After Launch)----------------
targets -set -nocase -filter {name =~ "ARM*#0" && jtag_cable_name =~ "Digilent Zed 210248A39791"} -index 0
con
----------------End of Script----------------

20:11:30 INFO  : Launch script is exported to file 'D:\Sem_6\AELD\Labs\Lab_2_HW\Lab_2_HW.sdk\.sdk\launch_scripts\xilinx_c-c++_application_(system_debugger)\system_debugger_using_debug_lab_2_hw.elf_on_remzeb.tcl'
20:15:23 WARN  : channel "tcfchan#4" closed
20:16:40 INFO  : Connected through redirection to target on host '192.168.226.142' and port '59398'.
20:16:42 INFO  : Jtag cable 'Digilent Zed 210248A39C7D' is selected.
20:16:42 INFO  : 'jtag frequency' command is executed.
20:16:42 INFO  : Sourcing of 'D:/Sem_6/AELD/Labs/Lab_2_HW/Lab_2_HW.sdk/design_1_wrapper_hw_platform_0/ps7_init.tcl' is done.
20:16:45 INFO  : Context for 'APU' is selected.
20:16:50 INFO  : System reset is completed.
20:16:53 INFO  : 'after 3000' command is executed.
20:16:53 INFO  : Context for 'APU' is selected.
20:16:53 INFO  : Hardware design information is loaded from 'D:/Sem_6/AELD/Labs/Lab_2_HW/Lab_2_HW.sdk/design_1_wrapper_hw_platform_0/system.hdf'.
20:16:53 INFO  : 'configparams force-mem-access 1' command is executed.
20:16:53 INFO  : Context for 'APU' is selected.
20:17:06 INFO  : 'ps7_init' command is executed.
20:17:07 INFO  : 'ps7_post_config' command is executed.
20:17:07 INFO  : Context for processor 'ps7_cortexa9_0' is selected.
20:17:07 INFO  : The application 'D:/Sem_6/AELD/Labs/Lab_2_HW/Lab_2_HW.sdk/Lab_2_HW/Debug/Lab_2_HW.elf' is downloaded to processor 'ps7_cortexa9_0'.
20:17:07 INFO  : 'configparams force-mem-access 0' command is executed.
20:17:07 INFO  : ----------------XSDB Script----------------
connect -path [list tcp::1534 tcp:192.168.226.142:59398]
source D:/Sem_6/AELD/Labs/Lab_2_HW/Lab_2_HW.sdk/design_1_wrapper_hw_platform_0/ps7_init.tcl
targets -set -nocase -filter {name =~"APU*" && jtag_cable_name =~ "Digilent Zed 210248A39C7D"} -index 0
rst -system
after 3000
targets -set -nocase -filter {name =~"APU*" && jtag_cable_name =~ "Digilent Zed 210248A39C7D"} -index 0
loadhw -hw D:/Sem_6/AELD/Labs/Lab_2_HW/Lab_2_HW.sdk/design_1_wrapper_hw_platform_0/system.hdf -mem-ranges [list {0x40000000 0xbfffffff}]
configparams force-mem-access 1
targets -set -nocase -filter {name =~"APU*" && jtag_cable_name =~ "Digilent Zed 210248A39C7D"} -index 0
ps7_init
ps7_post_config
targets -set -nocase -filter {name =~ "ARM*#0" && jtag_cable_name =~ "Digilent Zed 210248A39C7D"} -index 0
dow D:/Sem_6/AELD/Labs/Lab_2_HW/Lab_2_HW.sdk/Lab_2_HW/Debug/Lab_2_HW.elf
configparams force-mem-access 0
----------------End of Script----------------

20:17:08 INFO  : Context for processor 'ps7_cortexa9_0' is selected.
20:17:08 INFO  : 'con' command is executed.
20:17:08 INFO  : ----------------XSDB Script (After Launch)----------------
targets -set -nocase -filter {name =~ "ARM*#0" && jtag_cable_name =~ "Digilent Zed 210248A39C7D"} -index 0
con
----------------End of Script----------------

20:17:08 INFO  : Launch script is exported to file 'D:\Sem_6\AELD\Labs\Lab_2_HW\Lab_2_HW.sdk\.sdk\launch_scripts\xilinx_c-c++_application_(system_debugger)\system_debugger_using_debug_lab_2_hw.elf_on_remzeb.tcl'
20:30:10 WARN  : channel "tcfchan#5" closed
20:45:47 INFO  : Connected through redirection to target on host '192.168.226.142' and port '51123'.
20:45:48 INFO  : Jtag cable 'Digilent Zed 210248A39C93' is selected.
20:45:48 INFO  : 'jtag frequency' command is executed.
20:45:48 INFO  : Sourcing of 'D:/Sem_6/AELD/Labs/Lab_2_HW/Lab_2_HW.sdk/design_1_wrapper_hw_platform_0/ps7_init.tcl' is done.
20:45:48 INFO  : Context for 'APU' is selected.
20:45:49 INFO  : System reset is completed.
20:45:52 INFO  : 'after 3000' command is executed.
20:45:52 INFO  : Context for 'APU' is selected.
20:45:53 INFO  : Hardware design information is loaded from 'D:/Sem_6/AELD/Labs/Lab_2_HW/Lab_2_HW.sdk/design_1_wrapper_hw_platform_0/system.hdf'.
20:45:53 INFO  : 'configparams force-mem-access 1' command is executed.
20:45:53 INFO  : Context for 'APU' is selected.
20:46:05 INFO  : 'ps7_init' command is executed.
20:46:06 INFO  : 'ps7_post_config' command is executed.
20:46:06 INFO  : Context for processor 'ps7_cortexa9_0' is selected.
20:46:06 INFO  : The application 'D:/Sem_6/AELD/Labs/Lab_2_HW/Lab_2_HW.sdk/Lab_2_HW/Debug/Lab_2_HW.elf' is downloaded to processor 'ps7_cortexa9_0'.
20:46:06 INFO  : 'configparams force-mem-access 0' command is executed.
20:46:06 INFO  : ----------------XSDB Script----------------
connect -path [list tcp::1534 tcp:192.168.226.142:51123]
source D:/Sem_6/AELD/Labs/Lab_2_HW/Lab_2_HW.sdk/design_1_wrapper_hw_platform_0/ps7_init.tcl
targets -set -nocase -filter {name =~"APU*" && jtag_cable_name =~ "Digilent Zed 210248A39C93"} -index 0
rst -system
after 3000
targets -set -nocase -filter {name =~"APU*" && jtag_cable_name =~ "Digilent Zed 210248A39C93"} -index 0
loadhw -hw D:/Sem_6/AELD/Labs/Lab_2_HW/Lab_2_HW.sdk/design_1_wrapper_hw_platform_0/system.hdf -mem-ranges [list {0x40000000 0xbfffffff}]
configparams force-mem-access 1
targets -set -nocase -filter {name =~"APU*" && jtag_cable_name =~ "Digilent Zed 210248A39C93"} -index 0
ps7_init
ps7_post_config
targets -set -nocase -filter {name =~ "ARM*#0" && jtag_cable_name =~ "Digilent Zed 210248A39C93"} -index 0
dow D:/Sem_6/AELD/Labs/Lab_2_HW/Lab_2_HW.sdk/Lab_2_HW/Debug/Lab_2_HW.elf
configparams force-mem-access 0
----------------End of Script----------------

20:46:07 INFO  : Context for processor 'ps7_cortexa9_0' is selected.
20:46:07 INFO  : 'con' command is executed.
20:46:07 INFO  : ----------------XSDB Script (After Launch)----------------
targets -set -nocase -filter {name =~ "ARM*#0" && jtag_cable_name =~ "Digilent Zed 210248A39C93"} -index 0
con
----------------End of Script----------------

20:46:07 INFO  : Launch script is exported to file 'D:\Sem_6\AELD\Labs\Lab_2_HW\Lab_2_HW.sdk\.sdk\launch_scripts\xilinx_c-c++_application_(system_debugger)\system_debugger_using_debug_lab_2_hw.elf_on_remzeb.tcl'
20:48:23 INFO  : Disconnected from the channel tcfchan#6.
20:48:24 INFO  : Connected through redirection to target on host '192.168.226.142' and port '51123'.
20:48:25 INFO  : Jtag cable 'Digilent Zed 210248A39C93' is selected.
20:48:25 INFO  : 'jtag frequency' command is executed.
20:48:25 INFO  : Sourcing of 'D:/Sem_6/AELD/Labs/Lab_2_HW/Lab_2_HW.sdk/design_1_wrapper_hw_platform_0/ps7_init.tcl' is done.
20:48:25 INFO  : Context for 'APU' is selected.
20:48:26 INFO  : System reset is completed.
20:48:29 INFO  : 'after 3000' command is executed.
20:48:29 INFO  : Context for 'APU' is selected.
20:48:30 INFO  : Hardware design information is loaded from 'D:/Sem_6/AELD/Labs/Lab_2_HW/Lab_2_HW.sdk/design_1_wrapper_hw_platform_0/system.hdf'.
20:48:30 INFO  : 'configparams force-mem-access 1' command is executed.
20:48:30 INFO  : Context for 'APU' is selected.
20:48:42 INFO  : 'ps7_init' command is executed.
20:48:42 INFO  : 'ps7_post_config' command is executed.
20:48:42 INFO  : Context for processor 'ps7_cortexa9_0' is selected.
20:48:43 INFO  : The application 'D:/Sem_6/AELD/Labs/Lab_2_HW/Lab_2_HW.sdk/Lab_2_HW/Debug/Lab_2_HW.elf' is downloaded to processor 'ps7_cortexa9_0'.
20:48:43 INFO  : 'configparams force-mem-access 0' command is executed.
20:48:43 INFO  : ----------------XSDB Script----------------
connect -path [list tcp::1534 tcp:192.168.226.142:51123]
source D:/Sem_6/AELD/Labs/Lab_2_HW/Lab_2_HW.sdk/design_1_wrapper_hw_platform_0/ps7_init.tcl
targets -set -nocase -filter {name =~"APU*" && jtag_cable_name =~ "Digilent Zed 210248A39C93"} -index 0
rst -system
after 3000
targets -set -nocase -filter {name =~"APU*" && jtag_cable_name =~ "Digilent Zed 210248A39C93"} -index 0
loadhw -hw D:/Sem_6/AELD/Labs/Lab_2_HW/Lab_2_HW.sdk/design_1_wrapper_hw_platform_0/system.hdf -mem-ranges [list {0x40000000 0xbfffffff}]
configparams force-mem-access 1
targets -set -nocase -filter {name =~"APU*" && jtag_cable_name =~ "Digilent Zed 210248A39C93"} -index 0
ps7_init
ps7_post_config
targets -set -nocase -filter {name =~ "ARM*#0" && jtag_cable_name =~ "Digilent Zed 210248A39C93"} -index 0
dow D:/Sem_6/AELD/Labs/Lab_2_HW/Lab_2_HW.sdk/Lab_2_HW/Debug/Lab_2_HW.elf
configparams force-mem-access 0
----------------End of Script----------------

20:48:44 INFO  : Context for processor 'ps7_cortexa9_0' is selected.
20:48:44 INFO  : 'con' command is executed.
20:48:44 INFO  : ----------------XSDB Script (After Launch)----------------
targets -set -nocase -filter {name =~ "ARM*#0" && jtag_cable_name =~ "Digilent Zed 210248A39C93"} -index 0
con
----------------End of Script----------------

20:48:44 INFO  : Launch script is exported to file 'D:\Sem_6\AELD\Labs\Lab_2_HW\Lab_2_HW.sdk\.sdk\launch_scripts\xilinx_c-c++_application_(system_debugger)\system_debugger_using_debug_lab_2_hw.elf_on_remzeb.tcl'
20:52:57 INFO  : Disconnected from the channel tcfchan#7.
20:52:58 INFO  : Connected through redirection to target on host '192.168.226.142' and port '51123'.
20:52:59 INFO  : Jtag cable 'Digilent Zed 210248A39C93' is selected.
20:52:59 INFO  : 'jtag frequency' command is executed.
20:52:59 INFO  : Sourcing of 'D:/Sem_6/AELD/Labs/Lab_2_HW/Lab_2_HW.sdk/design_1_wrapper_hw_platform_0/ps7_init.tcl' is done.
20:52:59 INFO  : Context for 'APU' is selected.
20:53:00 INFO  : System reset is completed.
20:53:03 INFO  : 'after 3000' command is executed.
20:53:03 INFO  : Context for 'APU' is selected.
20:53:04 INFO  : Hardware design information is loaded from 'D:/Sem_6/AELD/Labs/Lab_2_HW/Lab_2_HW.sdk/design_1_wrapper_hw_platform_0/system.hdf'.
20:53:04 INFO  : 'configparams force-mem-access 1' command is executed.
20:53:04 INFO  : Context for 'APU' is selected.
20:53:17 INFO  : 'ps7_init' command is executed.
20:53:17 INFO  : 'ps7_post_config' command is executed.
20:53:17 INFO  : Context for processor 'ps7_cortexa9_0' is selected.
20:53:17 INFO  : The application 'D:/Sem_6/AELD/Labs/Lab_2_HW/Lab_2_HW.sdk/Lab_2_HW/Debug/Lab_2_HW.elf' is downloaded to processor 'ps7_cortexa9_0'.
20:53:18 INFO  : 'configparams force-mem-access 0' command is executed.
20:53:18 INFO  : ----------------XSDB Script----------------
connect -path [list tcp::1534 tcp:192.168.226.142:51123]
source D:/Sem_6/AELD/Labs/Lab_2_HW/Lab_2_HW.sdk/design_1_wrapper_hw_platform_0/ps7_init.tcl
targets -set -nocase -filter {name =~"APU*" && jtag_cable_name =~ "Digilent Zed 210248A39C93"} -index 0
rst -system
after 3000
targets -set -nocase -filter {name =~"APU*" && jtag_cable_name =~ "Digilent Zed 210248A39C93"} -index 0
loadhw -hw D:/Sem_6/AELD/Labs/Lab_2_HW/Lab_2_HW.sdk/design_1_wrapper_hw_platform_0/system.hdf -mem-ranges [list {0x40000000 0xbfffffff}]
configparams force-mem-access 1
targets -set -nocase -filter {name =~"APU*" && jtag_cable_name =~ "Digilent Zed 210248A39C93"} -index 0
ps7_init
ps7_post_config
targets -set -nocase -filter {name =~ "ARM*#0" && jtag_cable_name =~ "Digilent Zed 210248A39C93"} -index 0
dow D:/Sem_6/AELD/Labs/Lab_2_HW/Lab_2_HW.sdk/Lab_2_HW/Debug/Lab_2_HW.elf
configparams force-mem-access 0
----------------End of Script----------------

20:53:18 INFO  : Context for processor 'ps7_cortexa9_0' is selected.
20:53:18 INFO  : 'con' command is executed.
20:53:18 INFO  : ----------------XSDB Script (After Launch)----------------
targets -set -nocase -filter {name =~ "ARM*#0" && jtag_cable_name =~ "Digilent Zed 210248A39C93"} -index 0
con
----------------End of Script----------------

20:53:18 INFO  : Launch script is exported to file 'D:\Sem_6\AELD\Labs\Lab_2_HW\Lab_2_HW.sdk\.sdk\launch_scripts\xilinx_c-c++_application_(system_debugger)\system_debugger_using_debug_lab_2_hw.elf_on_remzeb.tcl'
21:00:13 WARN  : channel "tcfchan#8" closed
14:52:07 INFO  : Registering command handlers for SDK TCF services
14:52:07 INFO  : Launching XSCT server: xsct.bat -interactive D:\Sem_6\AELD\Labs\Lab_2_HW\Lab_2_HW.sdk\temp_xsdb_launch_script.tcl
14:52:10 INFO  : XSCT server has started successfully.
14:52:10 INFO  : Successfully done setting XSCT server connection channel  
14:52:16 INFO  : Successfully done setting SDK workspace  
14:52:16 INFO  : Processing command line option -hwspec D:/Sem_6/AELD/Labs/Lab_2_HW/Lab_2_HW.sdk/design_1_wrapper.hdf.
14:52:16 INFO  : Checking for hwspec changes in the project design_1_wrapper_hw_platform_0.
20:37:04 INFO  : Registering command handlers for SDK TCF services
20:37:04 INFO  : Launching XSCT server: xsct.bat -interactive D:\Sem_6\AELD\Labs\Lab_2_HW\Lab_2_HW.sdk\temp_xsdb_launch_script.tcl
20:37:07 INFO  : XSCT server has started successfully.
20:37:12 INFO  : Successfully done setting XSCT server connection channel  
20:37:12 INFO  : Successfully done setting SDK workspace  
20:37:12 INFO  : Processing command line option -hwspec D:/Sem_6/AELD/Labs/Lab_2_HW/Lab_2_HW.sdk/design_1_wrapper.hdf.
20:37:12 INFO  : Checking for hwspec changes in the project design_1_wrapper_hw_platform_0.
12:59:32 INFO  : Registering command handlers for SDK TCF services
12:59:33 INFO  : Launching XSCT server: xsct.bat -interactive D:\Sem_6\AELD\Labs\Lab_2_HW\Lab_2_HW.sdk\temp_xsdb_launch_script.tcl
12:59:37 INFO  : XSCT server has started successfully.
12:59:37 INFO  : Successfully done setting XSCT server connection channel  
12:59:43 INFO  : Successfully done setting SDK workspace  
12:59:43 INFO  : Processing command line option -hwspec D:/Sem_6/AELD/Labs/Lab_2_HW/Lab_2_HW.sdk/design_1_wrapper.hdf.
12:59:43 INFO  : Checking for hwspec changes in the project design_1_wrapper_hw_platform_0.
15:05:56 INFO  : Connected through redirection to target on host '192.168.226.142' and port '55806'.
15:05:58 INFO  : Jtag cable 'Digilent Zed 210248722395' is selected.
15:05:58 INFO  : 'jtag frequency' command is executed.
15:05:58 INFO  : Sourcing of 'D:/Sem_6/AELD/Labs/Lab_2_HW/Lab_2_HW.sdk/design_1_wrapper_hw_platform_0/ps7_init.tcl' is done.
15:05:58 INFO  : Context for 'APU' is selected.
15:05:59 INFO  : System reset is completed.
15:06:02 INFO  : 'after 3000' command is executed.
15:06:02 INFO  : Context for 'APU' is selected.
15:06:02 INFO  : Hardware design information is loaded from 'D:/Sem_6/AELD/Labs/Lab_2_HW/Lab_2_HW.sdk/design_1_wrapper_hw_platform_0/system.hdf'.
15:06:02 INFO  : 'configparams force-mem-access 1' command is executed.
15:06:02 INFO  : Context for 'APU' is selected.
15:06:12 INFO  : 'ps7_init' command is executed.
15:06:12 INFO  : 'ps7_post_config' command is executed.
15:06:12 INFO  : Context for processor 'ps7_cortexa9_0' is selected.
15:06:12 INFO  : The application 'D:/Sem_6/AELD/Labs/Lab_2_HW/Lab_2_HW.sdk/Lab_2_HW/Debug/Lab_2_HW.elf' is downloaded to processor 'ps7_cortexa9_0'.
15:06:12 INFO  : 'configparams force-mem-access 0' command is executed.
15:06:12 INFO  : ----------------XSDB Script----------------
connect -path [list tcp::1534 tcp:192.168.226.142:55806]
source D:/Sem_6/AELD/Labs/Lab_2_HW/Lab_2_HW.sdk/design_1_wrapper_hw_platform_0/ps7_init.tcl
targets -set -nocase -filter {name =~"APU*" && jtag_cable_name =~ "Digilent Zed 210248722395"} -index 0
rst -system
after 3000
targets -set -nocase -filter {name =~"APU*" && jtag_cable_name =~ "Digilent Zed 210248722395"} -index 0
loadhw -hw D:/Sem_6/AELD/Labs/Lab_2_HW/Lab_2_HW.sdk/design_1_wrapper_hw_platform_0/system.hdf -mem-ranges [list {0x40000000 0xbfffffff}]
configparams force-mem-access 1
targets -set -nocase -filter {name =~"APU*" && jtag_cable_name =~ "Digilent Zed 210248722395"} -index 0
ps7_init
ps7_post_config
targets -set -nocase -filter {name =~ "ARM*#0" && jtag_cable_name =~ "Digilent Zed 210248722395"} -index 0
dow D:/Sem_6/AELD/Labs/Lab_2_HW/Lab_2_HW.sdk/Lab_2_HW/Debug/Lab_2_HW.elf
configparams force-mem-access 0
----------------End of Script----------------

15:06:13 INFO  : Context for processor 'ps7_cortexa9_0' is selected.
15:06:13 INFO  : 'con' command is executed.
15:06:13 INFO  : ----------------XSDB Script (After Launch)----------------
targets -set -nocase -filter {name =~ "ARM*#0" && jtag_cable_name =~ "Digilent Zed 210248722395"} -index 0
con
----------------End of Script----------------

15:06:13 INFO  : Launch script is exported to file 'D:\Sem_6\AELD\Labs\Lab_2_HW\Lab_2_HW.sdk\.sdk\launch_scripts\xilinx_c-c++_application_(system_debugger)\system_debugger_using_debug_lab_2_hw.elf_on_remzeb.tcl'
15:35:05 WARN  : channel "tcfchan#1" closed
19:50:16 INFO  : Connected through redirection to target on host '192.168.226.142' and port '57290'.
19:50:17 INFO  : Jtag cable 'Digilent Zed 210248A39844' is selected.
19:50:17 INFO  : 'jtag frequency' command is executed.
19:50:17 INFO  : Sourcing of 'D:/Sem_6/AELD/Labs/Lab_2_HW/Lab_2_HW.sdk/design_1_wrapper_hw_platform_0/ps7_init.tcl' is done.
19:50:17 INFO  : Context for 'APU' is selected.
19:50:18 INFO  : System reset is completed.
19:50:21 INFO  : 'after 3000' command is executed.
19:50:21 INFO  : Context for 'APU' is selected.
19:50:21 INFO  : Hardware design information is loaded from 'D:/Sem_6/AELD/Labs/Lab_2_HW/Lab_2_HW.sdk/design_1_wrapper_hw_platform_0/system.hdf'.
19:50:21 INFO  : 'configparams force-mem-access 1' command is executed.
19:50:21 INFO  : Context for 'APU' is selected.
19:50:29 INFO  : 'ps7_init' command is executed.
19:50:30 INFO  : 'ps7_post_config' command is executed.
19:50:30 INFO  : Context for processor 'ps7_cortexa9_0' is selected.
19:50:30 INFO  : The application 'D:/Sem_6/AELD/Labs/Lab_2_HW/Lab_2_HW.sdk/Lab_2_HW/Debug/Lab_2_HW.elf' is downloaded to processor 'ps7_cortexa9_0'.
19:50:30 INFO  : 'configparams force-mem-access 0' command is executed.
19:50:30 INFO  : ----------------XSDB Script----------------
connect -path [list tcp::1534 tcp:192.168.226.142:57290]
source D:/Sem_6/AELD/Labs/Lab_2_HW/Lab_2_HW.sdk/design_1_wrapper_hw_platform_0/ps7_init.tcl
targets -set -nocase -filter {name =~"APU*" && jtag_cable_name =~ "Digilent Zed 210248A39844"} -index 0
rst -system
after 3000
targets -set -nocase -filter {name =~"APU*" && jtag_cable_name =~ "Digilent Zed 210248A39844"} -index 0
loadhw -hw D:/Sem_6/AELD/Labs/Lab_2_HW/Lab_2_HW.sdk/design_1_wrapper_hw_platform_0/system.hdf -mem-ranges [list {0x40000000 0xbfffffff}]
configparams force-mem-access 1
targets -set -nocase -filter {name =~"APU*" && jtag_cable_name =~ "Digilent Zed 210248A39844"} -index 0
ps7_init
ps7_post_config
targets -set -nocase -filter {name =~ "ARM*#0" && jtag_cable_name =~ "Digilent Zed 210248A39844"} -index 0
dow D:/Sem_6/AELD/Labs/Lab_2_HW/Lab_2_HW.sdk/Lab_2_HW/Debug/Lab_2_HW.elf
configparams force-mem-access 0
----------------End of Script----------------

19:50:30 INFO  : Context for processor 'ps7_cortexa9_0' is selected.
19:50:31 INFO  : 'con' command is executed.
19:50:31 INFO  : ----------------XSDB Script (After Launch)----------------
targets -set -nocase -filter {name =~ "ARM*#0" && jtag_cable_name =~ "Digilent Zed 210248A39844"} -index 0
con
----------------End of Script----------------

19:50:31 INFO  : Launch script is exported to file 'D:\Sem_6\AELD\Labs\Lab_2_HW\Lab_2_HW.sdk\.sdk\launch_scripts\xilinx_c-c++_application_(system_debugger)\system_debugger_using_debug_lab_2_hw.elf_on_remzeb.tcl'
20:00:14 WARN  : channel "tcfchan#2" closed
