22:32:04 INFO  : Registering command handlers for SDK TCF services
22:32:05 INFO  : Launching XSCT server: xsct.bat -interactive D:\Sem_6\AELD\Labs\Lab_8_Vivado\Lab_8_Vivado.sdk\temp_xsdb_launch_script.tcl
22:32:08 INFO  : XSCT server has started successfully.
22:32:13 INFO  : Successfully done setting XSCT server connection channel  
22:32:13 INFO  : Successfully done setting SDK workspace  
22:32:13 INFO  : Processing command line option -hwspec D:/Sem_6/AELD/Labs/Lab_8_Vivado/Lab_8_Vivado.sdk/design_1_wrapper.hdf.
22:38:59 INFO  : Refreshed build settings on project Lab_8
22:46:32 INFO  : Connected through redirection to target on host '192.168.226.142' and port '55017'.
22:46:33 INFO  : Jtag cable 'Digilent Zed 210248A39C93' is selected.
22:46:33 INFO  : 'jtag frequency' command is executed.
22:46:33 INFO  : Sourcing of 'D:/Sem_6/AELD/Labs/Lab_8_Vivado/Lab_8_Vivado.sdk/design_1_wrapper_hw_platform_0/ps7_init.tcl' is done.
22:46:33 INFO  : Context for 'APU' is selected.
22:46:34 INFO  : System reset is completed.
22:46:37 INFO  : 'after 3000' command is executed.
22:46:37 INFO  : 'targets -set -filter {jtag_cable_name =~ "Digilent Zed 210248A39C93" && level==0} -index 1' command is executed.
22:46:40 INFO  : FPGA configured successfully with bitstream "D:/Sem_6/AELD/Labs/Lab_8_Vivado/Lab_8_Vivado.sdk/design_1_wrapper_hw_platform_0/design_1_wrapper.bit"
22:46:40 INFO  : Context for 'APU' is selected.
22:46:41 INFO  : Hardware design information is loaded from 'D:/Sem_6/AELD/Labs/Lab_8_Vivado/Lab_8_Vivado.sdk/design_1_wrapper_hw_platform_0/system.hdf'.
22:46:41 INFO  : 'configparams force-mem-access 1' command is executed.
22:46:41 INFO  : Context for 'APU' is selected.
22:46:52 INFO  : 'ps7_init' command is executed.
22:46:53 INFO  : 'ps7_post_config' command is executed.
22:46:53 INFO  : Context for processor 'ps7_cortexa9_0' is selected.
22:46:53 INFO  : The application 'D:/Sem_6/AELD/Labs/Lab_8_Vivado/Lab_8_Vivado.sdk/Lab_8/Debug/Lab_8.elf' is downloaded to processor 'ps7_cortexa9_0'.
22:46:53 INFO  : 'configparams force-mem-access 0' command is executed.
22:46:53 INFO  : ----------------XSDB Script----------------
connect -path [list tcp::1534 tcp:192.168.226.142:55017]
source D:/Sem_6/AELD/Labs/Lab_8_Vivado/Lab_8_Vivado.sdk/design_1_wrapper_hw_platform_0/ps7_init.tcl
targets -set -nocase -filter {name =~"APU*" && jtag_cable_name =~ "Digilent Zed 210248A39C93"} -index 0
rst -system
after 3000
targets -set -filter {jtag_cable_name =~ "Digilent Zed 210248A39C93" && level==0} -index 1
fpga -file D:/Sem_6/AELD/Labs/Lab_8_Vivado/Lab_8_Vivado.sdk/design_1_wrapper_hw_platform_0/design_1_wrapper.bit
targets -set -nocase -filter {name =~"APU*" && jtag_cable_name =~ "Digilent Zed 210248A39C93"} -index 0
loadhw -hw D:/Sem_6/AELD/Labs/Lab_8_Vivado/Lab_8_Vivado.sdk/design_1_wrapper_hw_platform_0/system.hdf -mem-ranges [list {0x40000000 0xbfffffff}]
configparams force-mem-access 1
targets -set -nocase -filter {name =~"APU*" && jtag_cable_name =~ "Digilent Zed 210248A39C93"} -index 0
ps7_init
ps7_post_config
targets -set -nocase -filter {name =~ "ARM*#0" && jtag_cable_name =~ "Digilent Zed 210248A39C93"} -index 0
dow D:/Sem_6/AELD/Labs/Lab_8_Vivado/Lab_8_Vivado.sdk/Lab_8/Debug/Lab_8.elf
configparams force-mem-access 0
----------------End of Script----------------

22:46:54 INFO  : Memory regions updated for context APU
22:46:54 INFO  : Context for processor 'ps7_cortexa9_0' is selected.
22:46:54 INFO  : 'con' command is executed.
22:46:54 INFO  : ----------------XSDB Script (After Launch)----------------
targets -set -nocase -filter {name =~ "ARM*#0" && jtag_cable_name =~ "Digilent Zed 210248A39C93"} -index 0
con
----------------End of Script----------------

22:46:54 INFO  : Launch script is exported to file 'D:\Sem_6\AELD\Labs\Lab_8_Vivado\Lab_8_Vivado.sdk\.sdk\launch_scripts\xilinx_c-c++_application_(system_debugger)\system_debugger_using_debug_lab_8.elf_on_zed.tcl'
23:00:15 WARN  : channel "tcfchan#1" closed
23:10:50 INFO  : Connected through redirection to target on host '192.168.226.142' and port '57147'.
23:10:51 INFO  : Jtag cable 'Digilent Zed 210248A39C93' is selected.
23:10:51 INFO  : 'jtag frequency' command is executed.
23:10:51 INFO  : Sourcing of 'D:/Sem_6/AELD/Labs/Lab_8_Vivado/Lab_8_Vivado.sdk/design_1_wrapper_hw_platform_0/ps7_init.tcl' is done.
23:10:51 INFO  : Context for 'APU' is selected.
23:10:52 INFO  : System reset is completed.
23:10:55 INFO  : 'after 3000' command is executed.
23:10:55 INFO  : 'targets -set -filter {jtag_cable_name =~ "Digilent Zed 210248A39C93" && level==0} -index 1' command is executed.
23:10:59 INFO  : FPGA configured successfully with bitstream "D:/Sem_6/AELD/Labs/Lab_8_Vivado/Lab_8_Vivado.sdk/design_1_wrapper_hw_platform_0/design_1_wrapper.bit"
23:10:59 INFO  : Context for 'APU' is selected.
23:10:59 INFO  : Hardware design information is loaded from 'D:/Sem_6/AELD/Labs/Lab_8_Vivado/Lab_8_Vivado.sdk/design_1_wrapper_hw_platform_0/system.hdf'.
23:10:59 INFO  : 'configparams force-mem-access 1' command is executed.
23:10:59 INFO  : Context for 'APU' is selected.
23:11:11 INFO  : 'ps7_init' command is executed.
23:11:11 INFO  : 'ps7_post_config' command is executed.
23:11:11 INFO  : Context for processor 'ps7_cortexa9_0' is selected.
23:11:12 INFO  : The application 'D:/Sem_6/AELD/Labs/Lab_8_Vivado/Lab_8_Vivado.sdk/Lab_8/Debug/Lab_8.elf' is downloaded to processor 'ps7_cortexa9_0'.
23:11:12 INFO  : 'configparams force-mem-access 0' command is executed.
23:11:12 INFO  : ----------------XSDB Script----------------
connect -path [list tcp::1534 tcp:192.168.226.142:57147]
source D:/Sem_6/AELD/Labs/Lab_8_Vivado/Lab_8_Vivado.sdk/design_1_wrapper_hw_platform_0/ps7_init.tcl
targets -set -nocase -filter {name =~"APU*" && jtag_cable_name =~ "Digilent Zed 210248A39C93"} -index 0
rst -system
after 3000
targets -set -filter {jtag_cable_name =~ "Digilent Zed 210248A39C93" && level==0} -index 1
fpga -file D:/Sem_6/AELD/Labs/Lab_8_Vivado/Lab_8_Vivado.sdk/design_1_wrapper_hw_platform_0/design_1_wrapper.bit
targets -set -nocase -filter {name =~"APU*" && jtag_cable_name =~ "Digilent Zed 210248A39C93"} -index 0
loadhw -hw D:/Sem_6/AELD/Labs/Lab_8_Vivado/Lab_8_Vivado.sdk/design_1_wrapper_hw_platform_0/system.hdf -mem-ranges [list {0x40000000 0xbfffffff}]
configparams force-mem-access 1
targets -set -nocase -filter {name =~"APU*" && jtag_cable_name =~ "Digilent Zed 210248A39C93"} -index 0
ps7_init
ps7_post_config
targets -set -nocase -filter {name =~ "ARM*#0" && jtag_cable_name =~ "Digilent Zed 210248A39C93"} -index 0
dow D:/Sem_6/AELD/Labs/Lab_8_Vivado/Lab_8_Vivado.sdk/Lab_8/Debug/Lab_8.elf
configparams force-mem-access 0
----------------End of Script----------------

23:11:13 INFO  : Memory regions updated for context APU
23:11:13 INFO  : Context for processor 'ps7_cortexa9_0' is selected.
23:11:13 INFO  : 'con' command is executed.
23:11:13 INFO  : ----------------XSDB Script (After Launch)----------------
targets -set -nocase -filter {name =~ "ARM*#0" && jtag_cable_name =~ "Digilent Zed 210248A39C93"} -index 0
con
----------------End of Script----------------

23:11:13 INFO  : Launch script is exported to file 'D:\Sem_6\AELD\Labs\Lab_8_Vivado\Lab_8_Vivado.sdk\.sdk\launch_scripts\xilinx_c-c++_application_(system_debugger)\system_debugger_using_debug_lab_8.elf_on_zed.tcl'
23:12:22 INFO  : Disconnected from the channel tcfchan#2.
23:12:24 INFO  : Connected through redirection to target on host '192.168.226.142' and port '57147'.
23:12:24 INFO  : Jtag cable 'Digilent Zed 210248A39C93' is selected.
23:12:24 INFO  : 'jtag frequency' command is executed.
23:12:24 INFO  : Sourcing of 'D:/Sem_6/AELD/Labs/Lab_8_Vivado/Lab_8_Vivado.sdk/design_1_wrapper_hw_platform_0/ps7_init.tcl' is done.
23:12:24 INFO  : Context for 'APU' is selected.
23:12:25 INFO  : System reset is completed.
23:12:28 INFO  : 'after 3000' command is executed.
23:12:28 INFO  : 'targets -set -filter {jtag_cable_name =~ "Digilent Zed 210248A39C93" && level==0} -index 1' command is executed.
23:12:32 INFO  : FPGA configured successfully with bitstream "D:/Sem_6/AELD/Labs/Lab_8_Vivado/Lab_8_Vivado.sdk/design_1_wrapper_hw_platform_0/design_1_wrapper.bit"
23:12:32 INFO  : Context for 'APU' is selected.
23:12:33 INFO  : Hardware design information is loaded from 'D:/Sem_6/AELD/Labs/Lab_8_Vivado/Lab_8_Vivado.sdk/design_1_wrapper_hw_platform_0/system.hdf'.
23:12:33 INFO  : 'configparams force-mem-access 1' command is executed.
23:12:33 INFO  : Context for 'APU' is selected.
23:12:46 INFO  : 'ps7_init' command is executed.
23:12:46 INFO  : 'ps7_post_config' command is executed.
23:12:46 INFO  : Context for processor 'ps7_cortexa9_0' is selected.
23:12:47 INFO  : The application 'D:/Sem_6/AELD/Labs/Lab_8_Vivado/Lab_8_Vivado.sdk/Lab_8/Debug/Lab_8.elf' is downloaded to processor 'ps7_cortexa9_0'.
23:12:47 INFO  : 'configparams force-mem-access 0' command is executed.
23:12:47 INFO  : ----------------XSDB Script----------------
connect -path [list tcp::1534 tcp:192.168.226.142:57147]
source D:/Sem_6/AELD/Labs/Lab_8_Vivado/Lab_8_Vivado.sdk/design_1_wrapper_hw_platform_0/ps7_init.tcl
targets -set -nocase -filter {name =~"APU*" && jtag_cable_name =~ "Digilent Zed 210248A39C93"} -index 0
rst -system
after 3000
targets -set -filter {jtag_cable_name =~ "Digilent Zed 210248A39C93" && level==0} -index 1
fpga -file D:/Sem_6/AELD/Labs/Lab_8_Vivado/Lab_8_Vivado.sdk/design_1_wrapper_hw_platform_0/design_1_wrapper.bit
targets -set -nocase -filter {name =~"APU*" && jtag_cable_name =~ "Digilent Zed 210248A39C93"} -index 0
loadhw -hw D:/Sem_6/AELD/Labs/Lab_8_Vivado/Lab_8_Vivado.sdk/design_1_wrapper_hw_platform_0/system.hdf -mem-ranges [list {0x40000000 0xbfffffff}]
configparams force-mem-access 1
targets -set -nocase -filter {name =~"APU*" && jtag_cable_name =~ "Digilent Zed 210248A39C93"} -index 0
ps7_init
ps7_post_config
targets -set -nocase -filter {name =~ "ARM*#0" && jtag_cable_name =~ "Digilent Zed 210248A39C93"} -index 0
dow D:/Sem_6/AELD/Labs/Lab_8_Vivado/Lab_8_Vivado.sdk/Lab_8/Debug/Lab_8.elf
configparams force-mem-access 0
----------------End of Script----------------

23:12:48 INFO  : Memory regions updated for context APU
23:12:48 INFO  : Context for processor 'ps7_cortexa9_0' is selected.
23:12:48 INFO  : 'con' command is executed.
23:12:48 INFO  : ----------------XSDB Script (After Launch)----------------
targets -set -nocase -filter {name =~ "ARM*#0" && jtag_cable_name =~ "Digilent Zed 210248A39C93"} -index 0
con
----------------End of Script----------------

23:12:48 INFO  : Launch script is exported to file 'D:\Sem_6\AELD\Labs\Lab_8_Vivado\Lab_8_Vivado.sdk\.sdk\launch_scripts\xilinx_c-c++_application_(system_debugger)\system_debugger_using_debug_lab_8.elf_on_zed.tcl'
23:14:52 INFO  : Disconnected from the channel tcfchan#3.
23:20:13 INFO  : Connected through redirection to target on host '192.168.226.142' and port '53498'.
23:20:14 INFO  : Jtag cable 'Digilent Zed 210248A39C93' is selected.
23:20:14 INFO  : 'jtag frequency' command is executed.
23:20:14 INFO  : Sourcing of 'D:/Sem_6/AELD/Labs/Lab_8_Vivado/Lab_8_Vivado.sdk/design_1_wrapper_hw_platform_0/ps7_init.tcl' is done.
23:20:14 INFO  : Context for 'APU' is selected.
23:20:16 INFO  : System reset is completed.
23:20:19 INFO  : 'after 3000' command is executed.
23:20:19 INFO  : 'targets -set -filter {jtag_cable_name =~ "Digilent Zed 210248A39C93" && level==0} -index 1' command is executed.
23:20:26 INFO  : FPGA configured successfully with bitstream "D:/Sem_6/AELD/Labs/Lab_8_Vivado/Lab_8_Vivado.sdk/design_1_wrapper_hw_platform_0/design_1_wrapper.bit"
23:20:26 INFO  : Context for 'APU' is selected.
23:20:27 INFO  : Hardware design information is loaded from 'D:/Sem_6/AELD/Labs/Lab_8_Vivado/Lab_8_Vivado.sdk/design_1_wrapper_hw_platform_0/system.hdf'.
23:20:27 INFO  : 'configparams force-mem-access 1' command is executed.
23:20:27 INFO  : Context for 'APU' is selected.
23:20:53 INFO  : 'ps7_init' command is executed.
23:20:54 INFO  : 'ps7_post_config' command is executed.
23:20:54 INFO  : Context for processor 'ps7_cortexa9_0' is selected.
23:20:55 INFO  : The application 'D:/Sem_6/AELD/Labs/Lab_8_Vivado/Lab_8_Vivado.sdk/Lab_8/Debug/Lab_8.elf' is downloaded to processor 'ps7_cortexa9_0'.
23:20:55 INFO  : 'configparams force-mem-access 0' command is executed.
23:20:55 INFO  : ----------------XSDB Script----------------
connect -path [list tcp::1534 tcp:192.168.226.142:53498]
source D:/Sem_6/AELD/Labs/Lab_8_Vivado/Lab_8_Vivado.sdk/design_1_wrapper_hw_platform_0/ps7_init.tcl
targets -set -nocase -filter {name =~"APU*" && jtag_cable_name =~ "Digilent Zed 210248A39C93"} -index 0
rst -system
after 3000
targets -set -filter {jtag_cable_name =~ "Digilent Zed 210248A39C93" && level==0} -index 1
fpga -file D:/Sem_6/AELD/Labs/Lab_8_Vivado/Lab_8_Vivado.sdk/design_1_wrapper_hw_platform_0/design_1_wrapper.bit
targets -set -nocase -filter {name =~"APU*" && jtag_cable_name =~ "Digilent Zed 210248A39C93"} -index 0
loadhw -hw D:/Sem_6/AELD/Labs/Lab_8_Vivado/Lab_8_Vivado.sdk/design_1_wrapper_hw_platform_0/system.hdf -mem-ranges [list {0x40000000 0xbfffffff}]
configparams force-mem-access 1
targets -set -nocase -filter {name =~"APU*" && jtag_cable_name =~ "Digilent Zed 210248A39C93"} -index 0
ps7_init
ps7_post_config
targets -set -nocase -filter {name =~ "ARM*#0" && jtag_cable_name =~ "Digilent Zed 210248A39C93"} -index 0
dow D:/Sem_6/AELD/Labs/Lab_8_Vivado/Lab_8_Vivado.sdk/Lab_8/Debug/Lab_8.elf
configparams force-mem-access 0
----------------End of Script----------------

23:20:56 INFO  : Memory regions updated for context APU
23:20:56 INFO  : Context for processor 'ps7_cortexa9_0' is selected.
23:20:56 INFO  : 'con' command is executed.
23:20:56 INFO  : ----------------XSDB Script (After Launch)----------------
targets -set -nocase -filter {name =~ "ARM*#0" && jtag_cable_name =~ "Digilent Zed 210248A39C93"} -index 0
con
----------------End of Script----------------

23:20:56 INFO  : Launch script is exported to file 'D:\Sem_6\AELD\Labs\Lab_8_Vivado\Lab_8_Vivado.sdk\.sdk\launch_scripts\xilinx_c-c++_application_(system_debugger)\system_debugger_using_debug_lab_8.elf_on_zed.tcl'
23:22:49 INFO  : Disconnected from the channel tcfchan#4.
23:22:50 INFO  : Connected through redirection to target on host '192.168.226.142' and port '53498'.
23:22:51 INFO  : Jtag cable 'Digilent Zed 210248A39C93' is selected.
23:22:51 INFO  : 'jtag frequency' command is executed.
23:22:51 INFO  : Sourcing of 'D:/Sem_6/AELD/Labs/Lab_8_Vivado/Lab_8_Vivado.sdk/design_1_wrapper_hw_platform_0/ps7_init.tcl' is done.
23:22:51 INFO  : Context for 'APU' is selected.
23:22:52 INFO  : System reset is completed.
23:22:55 INFO  : 'after 3000' command is executed.
23:22:55 INFO  : 'targets -set -filter {jtag_cable_name =~ "Digilent Zed 210248A39C93" && level==0} -index 1' command is executed.
23:23:00 INFO  : FPGA configured successfully with bitstream "D:/Sem_6/AELD/Labs/Lab_8_Vivado/Lab_8_Vivado.sdk/design_1_wrapper_hw_platform_0/design_1_wrapper.bit"
23:23:00 INFO  : Context for 'APU' is selected.
23:23:01 INFO  : Hardware design information is loaded from 'D:/Sem_6/AELD/Labs/Lab_8_Vivado/Lab_8_Vivado.sdk/design_1_wrapper_hw_platform_0/system.hdf'.
23:23:01 INFO  : 'configparams force-mem-access 1' command is executed.
23:23:01 INFO  : Context for 'APU' is selected.
23:23:15 INFO  : 'ps7_init' command is executed.
23:23:16 INFO  : 'ps7_post_config' command is executed.
23:23:16 INFO  : Context for processor 'ps7_cortexa9_0' is selected.
23:23:16 INFO  : The application 'D:/Sem_6/AELD/Labs/Lab_8_Vivado/Lab_8_Vivado.sdk/Lab_8/Debug/Lab_8.elf' is downloaded to processor 'ps7_cortexa9_0'.
23:23:16 INFO  : 'configparams force-mem-access 0' command is executed.
23:23:16 INFO  : ----------------XSDB Script----------------
connect -path [list tcp::1534 tcp:192.168.226.142:53498]
source D:/Sem_6/AELD/Labs/Lab_8_Vivado/Lab_8_Vivado.sdk/design_1_wrapper_hw_platform_0/ps7_init.tcl
targets -set -nocase -filter {name =~"APU*" && jtag_cable_name =~ "Digilent Zed 210248A39C93"} -index 0
rst -system
after 3000
targets -set -filter {jtag_cable_name =~ "Digilent Zed 210248A39C93" && level==0} -index 1
fpga -file D:/Sem_6/AELD/Labs/Lab_8_Vivado/Lab_8_Vivado.sdk/design_1_wrapper_hw_platform_0/design_1_wrapper.bit
targets -set -nocase -filter {name =~"APU*" && jtag_cable_name =~ "Digilent Zed 210248A39C93"} -index 0
loadhw -hw D:/Sem_6/AELD/Labs/Lab_8_Vivado/Lab_8_Vivado.sdk/design_1_wrapper_hw_platform_0/system.hdf -mem-ranges [list {0x40000000 0xbfffffff}]
configparams force-mem-access 1
targets -set -nocase -filter {name =~"APU*" && jtag_cable_name =~ "Digilent Zed 210248A39C93"} -index 0
ps7_init
ps7_post_config
targets -set -nocase -filter {name =~ "ARM*#0" && jtag_cable_name =~ "Digilent Zed 210248A39C93"} -index 0
dow D:/Sem_6/AELD/Labs/Lab_8_Vivado/Lab_8_Vivado.sdk/Lab_8/Debug/Lab_8.elf
configparams force-mem-access 0
----------------End of Script----------------

23:23:17 INFO  : Memory regions updated for context APU
23:23:17 INFO  : Context for processor 'ps7_cortexa9_0' is selected.
23:23:18 INFO  : 'con' command is executed.
23:23:18 INFO  : ----------------XSDB Script (After Launch)----------------
targets -set -nocase -filter {name =~ "ARM*#0" && jtag_cable_name =~ "Digilent Zed 210248A39C93"} -index 0
con
----------------End of Script----------------

23:23:18 INFO  : Launch script is exported to file 'D:\Sem_6\AELD\Labs\Lab_8_Vivado\Lab_8_Vivado.sdk\.sdk\launch_scripts\xilinx_c-c++_application_(system_debugger)\system_debugger_using_debug_lab_8.elf_on_zed.tcl'
23:27:41 INFO  : Disconnected from the channel tcfchan#5.
23:27:42 INFO  : Connected through redirection to target on host '192.168.226.142' and port '53498'.
23:27:42 INFO  : Jtag cable 'Digilent Zed 210248A39C93' is selected.
23:27:42 INFO  : 'jtag frequency' command is executed.
23:27:42 INFO  : Sourcing of 'D:/Sem_6/AELD/Labs/Lab_8_Vivado/Lab_8_Vivado.sdk/design_1_wrapper_hw_platform_0/ps7_init.tcl' is done.
23:27:43 INFO  : Context for 'APU' is selected.
23:27:44 INFO  : System reset is completed.
23:27:47 INFO  : 'after 3000' command is executed.
23:27:47 INFO  : 'targets -set -filter {jtag_cable_name =~ "Digilent Zed 210248A39C93" && level==0} -index 1' command is executed.
23:27:51 INFO  : FPGA configured successfully with bitstream "D:/Sem_6/AELD/Labs/Lab_8_Vivado/Lab_8_Vivado.sdk/design_1_wrapper_hw_platform_0/design_1_wrapper.bit"
23:27:51 INFO  : Context for 'APU' is selected.
23:27:53 INFO  : Hardware design information is loaded from 'D:/Sem_6/AELD/Labs/Lab_8_Vivado/Lab_8_Vivado.sdk/design_1_wrapper_hw_platform_0/system.hdf'.
23:27:53 INFO  : 'configparams force-mem-access 1' command is executed.
23:27:53 INFO  : Context for 'APU' is selected.
23:28:08 INFO  : 'ps7_init' command is executed.
23:28:08 INFO  : 'ps7_post_config' command is executed.
23:28:08 INFO  : Context for processor 'ps7_cortexa9_0' is selected.
23:28:09 INFO  : The application 'D:/Sem_6/AELD/Labs/Lab_8_Vivado/Lab_8_Vivado.sdk/Lab_8/Debug/Lab_8.elf' is downloaded to processor 'ps7_cortexa9_0'.
23:28:09 INFO  : 'configparams force-mem-access 0' command is executed.
23:28:09 INFO  : ----------------XSDB Script----------------
connect -path [list tcp::1534 tcp:192.168.226.142:53498]
source D:/Sem_6/AELD/Labs/Lab_8_Vivado/Lab_8_Vivado.sdk/design_1_wrapper_hw_platform_0/ps7_init.tcl
targets -set -nocase -filter {name =~"APU*" && jtag_cable_name =~ "Digilent Zed 210248A39C93"} -index 0
rst -system
after 3000
targets -set -filter {jtag_cable_name =~ "Digilent Zed 210248A39C93" && level==0} -index 1
fpga -file D:/Sem_6/AELD/Labs/Lab_8_Vivado/Lab_8_Vivado.sdk/design_1_wrapper_hw_platform_0/design_1_wrapper.bit
targets -set -nocase -filter {name =~"APU*" && jtag_cable_name =~ "Digilent Zed 210248A39C93"} -index 0
loadhw -hw D:/Sem_6/AELD/Labs/Lab_8_Vivado/Lab_8_Vivado.sdk/design_1_wrapper_hw_platform_0/system.hdf -mem-ranges [list {0x40000000 0xbfffffff}]
configparams force-mem-access 1
targets -set -nocase -filter {name =~"APU*" && jtag_cable_name =~ "Digilent Zed 210248A39C93"} -index 0
ps7_init
ps7_post_config
targets -set -nocase -filter {name =~ "ARM*#0" && jtag_cable_name =~ "Digilent Zed 210248A39C93"} -index 0
dow D:/Sem_6/AELD/Labs/Lab_8_Vivado/Lab_8_Vivado.sdk/Lab_8/Debug/Lab_8.elf
configparams force-mem-access 0
----------------End of Script----------------

23:28:10 INFO  : Memory regions updated for context APU
23:28:10 INFO  : Context for processor 'ps7_cortexa9_0' is selected.
23:28:10 INFO  : 'con' command is executed.
23:28:10 INFO  : ----------------XSDB Script (After Launch)----------------
targets -set -nocase -filter {name =~ "ARM*#0" && jtag_cable_name =~ "Digilent Zed 210248A39C93"} -index 0
con
----------------End of Script----------------

23:28:10 INFO  : Launch script is exported to file 'D:\Sem_6\AELD\Labs\Lab_8_Vivado\Lab_8_Vivado.sdk\.sdk\launch_scripts\xilinx_c-c++_application_(system_debugger)\system_debugger_using_debug_lab_8.elf_on_zed.tcl'
23:30:07 WARN  : channel "tcfchan#6" closed
23:35:47 INFO  : Connected through redirection to target on host '192.168.226.142' and port '58958'.
23:35:47 INFO  : Jtag cable 'Digilent Zed 210248A39C93' is selected.
23:35:47 INFO  : 'jtag frequency' command is executed.
23:35:47 INFO  : Sourcing of 'D:/Sem_6/AELD/Labs/Lab_8_Vivado/Lab_8_Vivado.sdk/design_1_wrapper_hw_platform_0/ps7_init.tcl' is done.
23:35:48 INFO  : Context for 'APU' is selected.
23:35:49 INFO  : System reset is completed.
23:35:52 INFO  : 'after 3000' command is executed.
23:35:52 INFO  : 'targets -set -filter {jtag_cable_name =~ "Digilent Zed 210248A39C93" && level==0} -index 1' command is executed.
23:35:55 INFO  : FPGA configured successfully with bitstream "D:/Sem_6/AELD/Labs/Lab_8_Vivado/Lab_8_Vivado.sdk/design_1_wrapper_hw_platform_0/design_1_wrapper.bit"
23:35:55 INFO  : Context for 'APU' is selected.
23:35:56 INFO  : Hardware design information is loaded from 'D:/Sem_6/AELD/Labs/Lab_8_Vivado/Lab_8_Vivado.sdk/design_1_wrapper_hw_platform_0/system.hdf'.
23:35:56 INFO  : 'configparams force-mem-access 1' command is executed.
23:35:56 INFO  : Context for 'APU' is selected.
23:36:11 INFO  : 'ps7_init' command is executed.
23:36:12 INFO  : 'ps7_post_config' command is executed.
23:36:12 INFO  : Context for processor 'ps7_cortexa9_0' is selected.
23:36:12 INFO  : The application 'D:/Sem_6/AELD/Labs/Lab_8_Vivado/Lab_8_Vivado.sdk/Lab_8/Debug/Lab_8.elf' is downloaded to processor 'ps7_cortexa9_0'.
23:36:12 INFO  : 'configparams force-mem-access 0' command is executed.
23:36:12 INFO  : ----------------XSDB Script----------------
connect -path [list tcp::1534 tcp:192.168.226.142:58958]
source D:/Sem_6/AELD/Labs/Lab_8_Vivado/Lab_8_Vivado.sdk/design_1_wrapper_hw_platform_0/ps7_init.tcl
targets -set -nocase -filter {name =~"APU*" && jtag_cable_name =~ "Digilent Zed 210248A39C93"} -index 0
rst -system
after 3000
targets -set -filter {jtag_cable_name =~ "Digilent Zed 210248A39C93" && level==0} -index 1
fpga -file D:/Sem_6/AELD/Labs/Lab_8_Vivado/Lab_8_Vivado.sdk/design_1_wrapper_hw_platform_0/design_1_wrapper.bit
targets -set -nocase -filter {name =~"APU*" && jtag_cable_name =~ "Digilent Zed 210248A39C93"} -index 0
loadhw -hw D:/Sem_6/AELD/Labs/Lab_8_Vivado/Lab_8_Vivado.sdk/design_1_wrapper_hw_platform_0/system.hdf -mem-ranges [list {0x40000000 0xbfffffff}]
configparams force-mem-access 1
targets -set -nocase -filter {name =~"APU*" && jtag_cable_name =~ "Digilent Zed 210248A39C93"} -index 0
ps7_init
ps7_post_config
targets -set -nocase -filter {name =~ "ARM*#0" && jtag_cable_name =~ "Digilent Zed 210248A39C93"} -index 0
dow D:/Sem_6/AELD/Labs/Lab_8_Vivado/Lab_8_Vivado.sdk/Lab_8/Debug/Lab_8.elf
configparams force-mem-access 0
----------------End of Script----------------

23:36:13 INFO  : Memory regions updated for context APU
23:36:14 INFO  : Context for processor 'ps7_cortexa9_0' is selected.
23:36:14 INFO  : 'con' command is executed.
23:36:14 INFO  : ----------------XSDB Script (After Launch)----------------
targets -set -nocase -filter {name =~ "ARM*#0" && jtag_cable_name =~ "Digilent Zed 210248A39C93"} -index 0
con
----------------End of Script----------------

23:36:14 INFO  : Launch script is exported to file 'D:\Sem_6\AELD\Labs\Lab_8_Vivado\Lab_8_Vivado.sdk\.sdk\launch_scripts\xilinx_c-c++_application_(system_debugger)\system_debugger_using_debug_lab_8.elf_on_zed.tcl'
23:37:36 INFO  : Disconnected from the channel tcfchan#7.
23:37:37 INFO  : Connected through redirection to target on host '192.168.226.142' and port '58958'.
23:37:38 INFO  : Jtag cable 'Digilent Zed 210248A39C93' is selected.
23:37:38 INFO  : 'jtag frequency' command is executed.
23:37:38 INFO  : Sourcing of 'D:/Sem_6/AELD/Labs/Lab_8_Vivado/Lab_8_Vivado.sdk/design_1_wrapper_hw_platform_0/ps7_init.tcl' is done.
23:37:38 INFO  : Context for 'APU' is selected.
23:37:39 INFO  : System reset is completed.
23:37:42 INFO  : 'after 3000' command is executed.
23:37:42 INFO  : 'targets -set -filter {jtag_cable_name =~ "Digilent Zed 210248A39C93" && level==0} -index 1' command is executed.
23:37:46 INFO  : FPGA configured successfully with bitstream "D:/Sem_6/AELD/Labs/Lab_8_Vivado/Lab_8_Vivado.sdk/design_1_wrapper_hw_platform_0/design_1_wrapper.bit"
23:37:47 INFO  : Context for 'APU' is selected.
23:37:48 INFO  : Hardware design information is loaded from 'D:/Sem_6/AELD/Labs/Lab_8_Vivado/Lab_8_Vivado.sdk/design_1_wrapper_hw_platform_0/system.hdf'.
23:37:48 INFO  : 'configparams force-mem-access 1' command is executed.
23:37:48 INFO  : Context for 'APU' is selected.
23:38:02 INFO  : 'ps7_init' command is executed.
23:38:02 INFO  : 'ps7_post_config' command is executed.
23:38:03 INFO  : Context for processor 'ps7_cortexa9_0' is selected.
23:38:03 INFO  : The application 'D:/Sem_6/AELD/Labs/Lab_8_Vivado/Lab_8_Vivado.sdk/Lab_8/Debug/Lab_8.elf' is downloaded to processor 'ps7_cortexa9_0'.
23:38:03 INFO  : 'configparams force-mem-access 0' command is executed.
23:38:03 INFO  : ----------------XSDB Script----------------
connect -path [list tcp::1534 tcp:192.168.226.142:58958]
source D:/Sem_6/AELD/Labs/Lab_8_Vivado/Lab_8_Vivado.sdk/design_1_wrapper_hw_platform_0/ps7_init.tcl
targets -set -nocase -filter {name =~"APU*" && jtag_cable_name =~ "Digilent Zed 210248A39C93"} -index 0
rst -system
after 3000
targets -set -filter {jtag_cable_name =~ "Digilent Zed 210248A39C93" && level==0} -index 1
fpga -file D:/Sem_6/AELD/Labs/Lab_8_Vivado/Lab_8_Vivado.sdk/design_1_wrapper_hw_platform_0/design_1_wrapper.bit
targets -set -nocase -filter {name =~"APU*" && jtag_cable_name =~ "Digilent Zed 210248A39C93"} -index 0
loadhw -hw D:/Sem_6/AELD/Labs/Lab_8_Vivado/Lab_8_Vivado.sdk/design_1_wrapper_hw_platform_0/system.hdf -mem-ranges [list {0x40000000 0xbfffffff}]
configparams force-mem-access 1
targets -set -nocase -filter {name =~"APU*" && jtag_cable_name =~ "Digilent Zed 210248A39C93"} -index 0
ps7_init
ps7_post_config
targets -set -nocase -filter {name =~ "ARM*#0" && jtag_cable_name =~ "Digilent Zed 210248A39C93"} -index 0
dow D:/Sem_6/AELD/Labs/Lab_8_Vivado/Lab_8_Vivado.sdk/Lab_8/Debug/Lab_8.elf
configparams force-mem-access 0
----------------End of Script----------------

23:38:04 INFO  : Memory regions updated for context APU
23:38:04 INFO  : Context for processor 'ps7_cortexa9_0' is selected.
23:38:04 INFO  : 'con' command is executed.
23:38:04 INFO  : ----------------XSDB Script (After Launch)----------------
targets -set -nocase -filter {name =~ "ARM*#0" && jtag_cable_name =~ "Digilent Zed 210248A39C93"} -index 0
con
----------------End of Script----------------

23:38:04 INFO  : Launch script is exported to file 'D:\Sem_6\AELD\Labs\Lab_8_Vivado\Lab_8_Vivado.sdk\.sdk\launch_scripts\xilinx_c-c++_application_(system_debugger)\system_debugger_using_debug_lab_8.elf_on_zed.tcl'
23:45:13 WARN  : channel "tcfchan#8" closed
19:54:46 INFO  : Registering command handlers for SDK TCF services
19:54:46 INFO  : Launching XSCT server: xsct.bat -interactive D:\Sem_6\AELD\Labs\Lab_8_Vivado\Lab_8_Vivado.sdk\temp_xsdb_launch_script.tcl
19:54:48 INFO  : XSCT server has started successfully.
19:54:52 INFO  : Successfully done setting XSCT server connection channel  
19:54:52 INFO  : Successfully done setting SDK workspace  
19:54:52 INFO  : Processing command line option -hwspec D:/Sem_6/AELD/Labs/Lab_8_Vivado/Lab_8_Vivado.sdk/design_1_wrapper.hdf.
19:54:52 INFO  : Checking for hwspec changes in the project design_1_wrapper_hw_platform_0.
12:59:38 INFO  : Registering command handlers for SDK TCF services
12:59:39 INFO  : Launching XSCT server: xsct.bat -interactive D:\Sem_6\AELD\Labs\Lab_8_Vivado\Lab_8_Vivado.sdk\temp_xsdb_launch_script.tcl
12:59:42 INFO  : XSCT server has started successfully.
12:59:49 INFO  : Successfully done setting XSCT server connection channel  
12:59:49 INFO  : Processing command line option -hwspec D:/Sem_6/AELD/Labs/Lab_8_Vivado/Lab_8_Vivado.sdk/design_1_wrapper.hdf.
12:59:49 INFO  : Successfully done setting SDK workspace  
12:59:49 INFO  : Checking for hwspec changes in the project design_1_wrapper_hw_platform_0.
13:01:17 INFO  : Connected through redirection to target on host '192.168.226.142' and port '50632'.
13:01:36 INFO  : ----------------XSDB Script----------------
connect -path [list tcp::1534 tcp:192.168.226.142:50632]
----------------End of Script----------------

13:03:08 INFO  : Connected through redirection to target on host '192.168.226.142' and port '50632'.
13:03:08 INFO  : Jtag cable 'Digilent Zed 210248A39C93' is selected.
13:03:08 INFO  : 'jtag frequency' command is executed.
13:03:08 INFO  : Sourcing of 'D:/Sem_6/AELD/Labs/Lab_8_Vivado/Lab_8_Vivado.sdk/design_1_wrapper_hw_platform_0/ps7_init.tcl' is done.
13:03:08 INFO  : Context for 'APU' is selected.
13:03:09 INFO  : System reset is completed.
13:03:12 INFO  : 'after 3000' command is executed.
13:03:12 INFO  : 'targets -set -filter {jtag_cable_name =~ "Digilent Zed 210248A39C93" && level==0} -index 1' command is executed.
13:03:16 INFO  : FPGA configured successfully with bitstream "D:/Sem_6/AELD/Labs/Lab_8_Vivado/Lab_8_Vivado.sdk/design_1_wrapper_hw_platform_0/design_1_wrapper.bit"
13:03:16 INFO  : Context for 'APU' is selected.
13:03:17 INFO  : Hardware design information is loaded from 'D:/Sem_6/AELD/Labs/Lab_8_Vivado/Lab_8_Vivado.sdk/design_1_wrapper_hw_platform_0/system.hdf'.
13:03:17 INFO  : 'configparams force-mem-access 1' command is executed.
13:03:17 INFO  : Context for 'APU' is selected.
13:03:21 INFO  : 'ps7_init' command is executed.
13:03:21 INFO  : 'ps7_post_config' command is executed.
13:03:21 INFO  : Context for processor 'ps7_cortexa9_0' is selected.
13:03:22 INFO  : The application 'D:/Sem_6/AELD/Labs/Lab_8_Vivado/Lab_8_Vivado.sdk/Lab_8/Debug/Lab_8.elf' is downloaded to processor 'ps7_cortexa9_0'.
13:03:22 INFO  : 'configparams force-mem-access 0' command is executed.
13:03:22 INFO  : ----------------XSDB Script----------------
connect -path [list tcp::1534 tcp:192.168.226.142:50632]
source D:/Sem_6/AELD/Labs/Lab_8_Vivado/Lab_8_Vivado.sdk/design_1_wrapper_hw_platform_0/ps7_init.tcl
targets -set -nocase -filter {name =~"APU*" && jtag_cable_name =~ "Digilent Zed 210248A39C93"} -index 0
rst -system
after 3000
targets -set -filter {jtag_cable_name =~ "Digilent Zed 210248A39C93" && level==0} -index 1
fpga -file D:/Sem_6/AELD/Labs/Lab_8_Vivado/Lab_8_Vivado.sdk/design_1_wrapper_hw_platform_0/design_1_wrapper.bit
targets -set -nocase -filter {name =~"APU*" && jtag_cable_name =~ "Digilent Zed 210248A39C93"} -index 0
loadhw -hw D:/Sem_6/AELD/Labs/Lab_8_Vivado/Lab_8_Vivado.sdk/design_1_wrapper_hw_platform_0/system.hdf -mem-ranges [list {0x40000000 0xbfffffff}]
configparams force-mem-access 1
targets -set -nocase -filter {name =~"APU*" && jtag_cable_name =~ "Digilent Zed 210248A39C93"} -index 0
ps7_init
ps7_post_config
targets -set -nocase -filter {name =~ "ARM*#0" && jtag_cable_name =~ "Digilent Zed 210248A39C93"} -index 0
dow D:/Sem_6/AELD/Labs/Lab_8_Vivado/Lab_8_Vivado.sdk/Lab_8/Debug/Lab_8.elf
configparams force-mem-access 0
----------------End of Script----------------

13:03:22 INFO  : Memory regions updated for context APU
13:03:22 INFO  : Context for processor 'ps7_cortexa9_0' is selected.
13:03:22 INFO  : 'con' command is executed.
13:03:22 INFO  : ----------------XSDB Script (After Launch)----------------
targets -set -nocase -filter {name =~ "ARM*#0" && jtag_cable_name =~ "Digilent Zed 210248A39C93"} -index 0
con
----------------End of Script----------------

13:03:22 INFO  : Launch script is exported to file 'D:\Sem_6\AELD\Labs\Lab_8_Vivado\Lab_8_Vivado.sdk\.sdk\launch_scripts\xilinx_c-c++_application_(system_debugger)\system_debugger_using_debug_lab_8.elf_on_zed.tcl'
13:14:36 WARN  : channel "tcfchan#1" closed
