19:22:12 **** Build of project Lab_5_HW_2_bsp ****
make -k all 
"Running Make include in ps7_cortexa9_0/libsrc/axidma_v9_9/src"
make -C ps7_cortexa9_0/libsrc/axidma_v9_9/src -s include  "SHELL=CMD" "COMPILER=arm-none-eabi-gcc" "ARCHIVER=arm-none-eabi-ar" "COMPILER_FLAGS=  -O2 -c" "EXTRA_COMPILER_FLAGS=-mcpu=cortex-a9 -mfpu=vfpv3 -mfloat-abi=hard -nostartfiles -g -Wall -Wextra"
"Running Make include in ps7_cortexa9_0/libsrc/coresightps_dcc_v1_5/src"
make -C ps7_cortexa9_0/libsrc/coresightps_dcc_v1_5/src -s include  "SHELL=CMD" "COMPILER=arm-none-eabi-gcc" "ARCHIVER=arm-none-eabi-ar" "COMPILER_FLAGS=  -O2 -c" "EXTRA_COMPILER_FLAGS=-mcpu=cortex-a9 -mfpu=vfpv3 -mfloat-abi=hard -nostartfiles -g -Wall -Wextra"
"Running Make include in ps7_cortexa9_0/libsrc/cpu_cortexa9_v2_7/src"
make -C ps7_cortexa9_0/libsrc/cpu_cortexa9_v2_7/src -s include  "SHELL=CMD" "COMPILER=arm-none-eabi-gcc" "ARCHIVER=arm-none-eabi-ar" "COMPILER_FLAGS=  -O2 -c" "EXTRA_COMPILER_FLAGS=-mcpu=cortex-a9 -mfpu=vfpv3 -mfloat-abi=hard -nostartfiles -g -Wall -Wextra"
"Running Make include in ps7_cortexa9_0/libsrc/ddrps_v1_0/src"
make -C ps7_cortexa9_0/libsrc/ddrps_v1_0/src -s include  "SHELL=CMD" "COMPILER=arm-none-eabi-gcc" "ARCHIVER=arm-none-eabi-ar" "COMPILER_FLAGS=  -O2 -c" "EXTRA_COMPILER_FLAGS=-mcpu=cortex-a9 -mfpu=vfpv3 -mfloat-abi=hard -nostartfiles -g -Wall -Wextra"
"Running Make include in ps7_cortexa9_0/libsrc/devcfg_v3_5/src"
make -C ps7_cortexa9_0/libsrc/devcfg_v3_5/src -s include  "SHELL=CMD" "COMPILER=arm-none-eabi-gcc" "ARCHIVER=arm-none-eabi-ar" "COMPILER_FLAGS=  -O2 -c" "EXTRA_COMPILER_FLAGS=-mcpu=cortex-a9 -mfpu=vfpv3 -mfloat-abi=hard -nostartfiles -g -Wall -Wextra"
"Running Make include in ps7_cortexa9_0/libsrc/dmaps_v2_4/src"
make -C ps7_cortexa9_0/libsrc/dmaps_v2_4/src -s include  "SHELL=CMD" "COMPILER=arm-none-eabi-gcc" "ARCHIVER=arm-none-eabi-ar" "COMPILER_FLAGS=  -O2 -c" "EXTRA_COMPILER_FLAGS=-mcpu=cortex-a9 -mfpu=vfpv3 -mfloat-abi=hard -nostartfiles -g -Wall -Wextra"
"Running Make include in ps7_cortexa9_0/libsrc/scugic_v4_0/src"
make -C ps7_cortexa9_0/libsrc/scugic_v4_0/src -s include  "SHELL=CMD" "COMPILER=arm-none-eabi-gcc" "ARCHIVER=arm-none-eabi-ar" "COMPILER_FLAGS=  -O2 -c" "EXTRA_COMPILER_FLAGS=-mcpu=cortex-a9 -mfpu=vfpv3 -mfloat-abi=hard -nostartfiles -g -Wall -Wextra"
"Running Make include in ps7_cortexa9_0/libsrc/scutimer_v2_1/src"
make -C ps7_cortexa9_0/libsrc/scutimer_v2_1/src -s include  "SHELL=CMD" "COMPILER=arm-none-eabi-gcc" "ARCHIVER=arm-none-eabi-ar" "COMPILER_FLAGS=  -O2 -c" "EXTRA_COMPILER_FLAGS=-mcpu=cortex-a9 -mfpu=vfpv3 -mfloat-abi=hard -nostartfiles -g -Wall -Wextra"
"Running Make include in ps7_cortexa9_0/libsrc/scuwdt_v2_1/src"
make -C ps7_cortexa9_0/libsrc/scuwdt_v2_1/src -s include  "SHELL=CMD" "COMPILER=arm-none-eabi-gcc" "ARCHIVER=arm-none-eabi-ar" "COMPILER_FLAGS=  -O2 -c" "EXTRA_COMPILER_FLAGS=-mcpu=cortex-a9 -mfpu=vfpv3 -mfloat-abi=hard -nostartfiles -g -Wall -Wextra"
"Running Make include in ps7_cortexa9_0/libsrc/standalone_v7_0/src"
make -C ps7_cortexa9_0/libsrc/standalone_v7_0/src -s include  "SHELL=CMD" "COMPILER=arm-none-eabi-gcc" "ARCHIVER=arm-none-eabi-ar" "COMPILER_FLAGS=  -O2 -c" "EXTRA_COMPILER_FLAGS=-mcpu=cortex-a9 -mfpu=vfpv3 -mfloat-abi=hard -nostartfiles -g -Wall -Wextra"
"Running Make include in ps7_cortexa9_0/libsrc/uartps_v3_7/src"
make -C ps7_cortexa9_0/libsrc/uartps_v3_7/src -s include  "SHELL=CMD" "COMPILER=arm-none-eabi-gcc" "ARCHIVER=arm-none-eabi-ar" "COMPILER_FLAGS=  -O2 -c" "EXTRA_COMPILER_FLAGS=-mcpu=cortex-a9 -mfpu=vfpv3 -mfloat-abi=hard -nostartfiles -g -Wall -Wextra"
"Running Make include in ps7_cortexa9_0/libsrc/xadcps_v2_3/src"
make -C ps7_cortexa9_0/libsrc/xadcps_v2_3/src -s include  "SHELL=CMD" "COMPILER=arm-none-eabi-gcc" "ARCHIVER=arm-none-eabi-ar" "COMPILER_FLAGS=  -O2 -c" "EXTRA_COMPILER_FLAGS=-mcpu=cortex-a9 -mfpu=vfpv3 -mfloat-abi=hard -nostartfiles -g -Wall -Wextra"
"Running Make libs in ps7_cortexa9_0/libsrc/axidma_v9_9/src"
make -C ps7_cortexa9_0/libsrc/axidma_v9_9/src -s libs  "SHELL=CMD" "COMPILER=arm-none-eabi-gcc" "ARCHIVER=arm-none-eabi-ar" "COMPILER_FLAGS=  -O2 -c" "EXTRA_COMPILER_FLAGS=-mcpu=cortex-a9 -mfpu=vfpv3 -mfloat-abi=hard -nostartfiles -g -Wall -Wextra"
"Compiling axidma"
arm-none-eabi-ar: creating ../../../lib/libxil.a
"Running Make libs in ps7_cortexa9_0/libsrc/coresightps_dcc_v1_5/src"
make -C ps7_cortexa9_0/libsrc/coresightps_dcc_v1_5/src -s libs  "SHELL=CMD" "COMPILER=arm-none-eabi-gcc" "ARCHIVER=arm-none-eabi-ar" "COMPILER_FLAGS=  -O2 -c" "EXTRA_COMPILER_FLAGS=-mcpu=cortex-a9 -mfpu=vfpv3 -mfloat-abi=hard -nostartfiles -g -Wall -Wextra"
"Compiling coresightps_dcc"
"Running Make libs in ps7_cortexa9_0/libsrc/cpu_cortexa9_v2_7/src"
make -C ps7_cortexa9_0/libsrc/cpu_cortexa9_v2_7/src -s libs  "SHELL=CMD" "COMPILER=arm-none-eabi-gcc" "ARCHIVER=arm-none-eabi-ar" "COMPILER_FLAGS=  -O2 -c" "EXTRA_COMPILER_FLAGS=-mcpu=cortex-a9 -mfpu=vfpv3 -mfloat-abi=hard -nostartfiles -g -Wall -Wextra"
"Compiling cpu_cortexa9"
"Running Make libs in ps7_cortexa9_0/libsrc/ddrps_v1_0/src"
make -C ps7_cortexa9_0/libsrc/ddrps_v1_0/src -s libs  "SHELL=CMD" "COMPILER=arm-none-eabi-gcc" "ARCHIVER=arm-none-eabi-ar" "COMPILER_FLAGS=  -O2 -c" "EXTRA_COMPILER_FLAGS=-mcpu=cortex-a9 -mfpu=vfpv3 -mfloat-abi=hard -nostartfiles -g -Wall -Wextra"
"Compiling ddrps"
"Running Make libs in ps7_cortexa9_0/libsrc/devcfg_v3_5/src"
make -C ps7_cortexa9_0/libsrc/devcfg_v3_5/src -s libs  "SHELL=CMD" "COMPILER=arm-none-eabi-gcc" "ARCHIVER=arm-none-eabi-ar" "COMPILER_FLAGS=  -O2 -c" "EXTRA_COMPILER_FLAGS=-mcpu=cortex-a9 -mfpu=vfpv3 -mfloat-abi=hard -nostartfiles -g -Wall -Wextra"
"Compiling devcfg"
"Running Make libs in ps7_cortexa9_0/libsrc/dmaps_v2_4/src"
make -C ps7_cortexa9_0/libsrc/dmaps_v2_4/src -s libs  "SHELL=CMD" "COMPILER=arm-none-eabi-gcc" "ARCHIVER=arm-none-eabi-ar" "COMPILER_FLAGS=  -O2 -c" "EXTRA_COMPILER_FLAGS=-mcpu=cortex-a9 -mfpu=vfpv3 -mfloat-abi=hard -nostartfiles -g -Wall -Wextra"
"Compiling dmaps"
"Running Make libs in ps7_cortexa9_0/libsrc/scugic_v4_0/src"
make -C ps7_cortexa9_0/libsrc/scugic_v4_0/src -s libs  "SHELL=CMD" "COMPILER=arm-none-eabi-gcc" "ARCHIVER=arm-none-eabi-ar" "COMPILER_FLAGS=  -O2 -c" "EXTRA_COMPILER_FLAGS=-mcpu=cortex-a9 -mfpu=vfpv3 -mfloat-abi=hard -nostartfiles -g -Wall -Wextra"
"Compiling scugic"
"Running Make libs in ps7_cortexa9_0/libsrc/scutimer_v2_1/src"
make -C ps7_cortexa9_0/libsrc/scutimer_v2_1/src -s libs  "SHELL=CMD" "COMPILER=arm-none-eabi-gcc" "ARCHIVER=arm-none-eabi-ar" "COMPILER_FLAGS=  -O2 -c" "EXTRA_COMPILER_FLAGS=-mcpu=cortex-a9 -mfpu=vfpv3 -mfloat-abi=hard -nostartfiles -g -Wall -Wextra"
"Compiling scutimer"
"Running Make libs in ps7_cortexa9_0/libsrc/scuwdt_v2_1/src"
make -C ps7_cortexa9_0/libsrc/scuwdt_v2_1/src -s libs  "SHELL=CMD" "COMPILER=arm-none-eabi-gcc" "ARCHIVER=arm-none-eabi-ar" "COMPILER_FLAGS=  -O2 -c" "EXTRA_COMPILER_FLAGS=-mcpu=cortex-a9 -mfpu=vfpv3 -mfloat-abi=hard -nostartfiles -g -Wall -Wextra"
"Compiling scuwdt"
"Running Make libs in ps7_cortexa9_0/libsrc/standalone_v7_0/src"
make -C ps7_cortexa9_0/libsrc/standalone_v7_0/src -s libs  "SHELL=CMD" "COMPILER=arm-none-eabi-gcc" "ARCHIVER=arm-none-eabi-ar" "COMPILER_FLAGS=  -O2 -c" "EXTRA_COMPILER_FLAGS=-mcpu=cortex-a9 -mfpu=vfpv3 -mfloat-abi=hard -nostartfiles -g -Wall -Wextra"
"Compiling standalone"
In file included from usleep.c:56:
xtime_l.h:87:9: note: #pragma message: For the sleep routines, Global timer is being used
 #pragma message ("For the sleep routines, Global timer is being used")
         ^~~~~~~
In file included from xil_sleeptimer.c:51:
xtime_l.h:87:9: note: #pragma message: For the sleep routines, Global timer is being used
 #pragma message ("For the sleep routines, Global timer is being used")
         ^~~~~~~
In file included from xtime_l.c:49:
xtime_l.h:87:9: note: #pragma message: For the sleep routines, Global timer is being used
 #pragma message ("For the sleep routines, Global timer is being used")
         ^~~~~~~
In file included from sleep.c:53:
xtime_l.h:87:9: note: #pragma message: For the sleep routines, Global timer is being used
 #pragma message ("For the sleep routines, Global timer is being used")
         ^~~~~~~
"Running Make libs in ps7_cortexa9_0/libsrc/uartps_v3_7/src"
make -C ps7_cortexa9_0/libsrc/uartps_v3_7/src -s libs  "SHELL=CMD" "COMPILER=arm-none-eabi-gcc" "ARCHIVER=arm-none-eabi-ar" "COMPILER_FLAGS=  -O2 -c" "EXTRA_COMPILER_FLAGS=-mcpu=cortex-a9 -mfpu=vfpv3 -mfloat-abi=hard -nostartfiles -g -Wall -Wextra"
"Compiling uartps"
"Running Make libs in ps7_cortexa9_0/libsrc/xadcps_v2_3/src"
make -C ps7_cortexa9_0/libsrc/xadcps_v2_3/src -s libs  "SHELL=CMD" "COMPILER=arm-none-eabi-gcc" "ARCHIVER=arm-none-eabi-ar" "COMPILER_FLAGS=  -O2 -c" "EXTRA_COMPILER_FLAGS=-mcpu=cortex-a9 -mfpu=vfpv3 -mfloat-abi=hard -nostartfiles -g -Wall -Wextra"
"Compiling xadcps"
'Finished building libraries'
19:22:25 **** Build of configuration Debug for project Lab_5_HW_2 ****
make pre-build main-build 
a9-linaro-pre-build-step
' '
'Building file: ../src/helloworld.c'
'Invoking: ARM v7 gcc compiler'
arm-none-eabi-gcc -Wall -O0 -g3 -c -fmessage-length=0 -MT"src/helloworld.o" -mcpu=cortex-a9 -mfpu=vfpv3 -mfloat-abi=hard -I../../Lab_5_HW_2_bsp/ps7_cortexa9_0/include -MMD -MP -MF"src/helloworld.d" -MT"src/helloworld.o" -o "src/helloworld.o" "../src/helloworld.c"
'Finished building: ../src/helloworld.c'
' '
'Building file: ../src/platform.c'
'Invoking: ARM v7 gcc compiler'
arm-none-eabi-gcc -Wall -O0 -g3 -c -fmessage-length=0 -MT"src/platform.o" -mcpu=cortex-a9 -mfpu=vfpv3 -mfloat-abi=hard -I../../Lab_5_HW_2_bsp/ps7_cortexa9_0/include -MMD -MP -MF"src/platform.d" -MT"src/platform.o" -o "src/platform.o" "../src/platform.c"
'Finished building: ../src/platform.c'
' '
'Building target: Lab_5_HW_2.elf'
'Invoking: ARM v7 gcc linker'
arm-none-eabi-gcc -mcpu=cortex-a9 -mfpu=vfpv3 -mfloat-abi=hard -Wl,-build-id=none -specs=Xilinx.spec -Wl,-T -Wl,../src/lscript.ld -L../../Lab_5_HW_2_bsp/ps7_cortexa9_0/lib -o "Lab_5_HW_2.elf"  ./src/helloworld.o ./src/platform.o   -Wl,--start-group,-lxil,-lgcc,-lc,--end-group
'Finished building target: Lab_5_HW_2.elf'
' '
'Invoking: ARM v7 Print Size'
arm-none-eabi-size Lab_5_HW_2.elf  |tee "Lab_5_HW_2.elf.size"
   text	   data	    bss	    dec	    hex	filename
  19064	   1144	  22568	  42776	   a718	Lab_5_HW_2.elf
'Finished building: Lab_5_HW_2.elf.size'
' '
19:23:21 **** Auto Build of project Lab_5_HW_2_bsp ****
make -k all 
"Running Make include in ps7_cortexa9_0/libsrc/axidma_v9_9/src"
make -C ps7_cortexa9_0/libsrc/axidma_v9_9/src -s include  "SHELL=CMD" "COMPILER=arm-none-eabi-gcc" "ARCHIVER=arm-none-eabi-ar" "COMPILER_FLAGS=  -O2 -c" "EXTRA_COMPILER_FLAGS=-mcpu=cortex-a9 -mfpu=vfpv3 -mfloat-abi=hard -nostartfiles -g -Wall -Wextra"
"Running Make include in ps7_cortexa9_0/libsrc/coresightps_dcc_v1_5/src"
make -C ps7_cortexa9_0/libsrc/coresightps_dcc_v1_5/src -s include  "SHELL=CMD" "COMPILER=arm-none-eabi-gcc" "ARCHIVER=arm-none-eabi-ar" "COMPILER_FLAGS=  -O2 -c" "EXTRA_COMPILER_FLAGS=-mcpu=cortex-a9 -mfpu=vfpv3 -mfloat-abi=hard -nostartfiles -g -Wall -Wextra"
"Running Make include in ps7_cortexa9_0/libsrc/cpu_cortexa9_v2_7/src"
make -C ps7_cortexa9_0/libsrc/cpu_cortexa9_v2_7/src -s include  "SHELL=CMD" "COMPILER=arm-none-eabi-gcc" "ARCHIVER=arm-none-eabi-ar" "COMPILER_FLAGS=  -O2 -c" "EXTRA_COMPILER_FLAGS=-mcpu=cortex-a9 -mfpu=vfpv3 -mfloat-abi=hard -nostartfiles -g -Wall -Wextra"
"Running Make include in ps7_cortexa9_0/libsrc/ddrps_v1_0/src"
make -C ps7_cortexa9_0/libsrc/ddrps_v1_0/src -s include  "SHELL=CMD" "COMPILER=arm-none-eabi-gcc" "ARCHIVER=arm-none-eabi-ar" "COMPILER_FLAGS=  -O2 -c" "EXTRA_COMPILER_FLAGS=-mcpu=cortex-a9 -mfpu=vfpv3 -mfloat-abi=hard -nostartfiles -g -Wall -Wextra"
"Running Make include in ps7_cortexa9_0/libsrc/devcfg_v3_5/src"
make -C ps7_cortexa9_0/libsrc/devcfg_v3_5/src -s include  "SHELL=CMD" "COMPILER=arm-none-eabi-gcc" "ARCHIVER=arm-none-eabi-ar" "COMPILER_FLAGS=  -O2 -c" "EXTRA_COMPILER_FLAGS=-mcpu=cortex-a9 -mfpu=vfpv3 -mfloat-abi=hard -nostartfiles -g -Wall -Wextra"
"Running Make include in ps7_cortexa9_0/libsrc/dmaps_v2_4/src"
make -C ps7_cortexa9_0/libsrc/dmaps_v2_4/src -s include  "SHELL=CMD" "COMPILER=arm-none-eabi-gcc" "ARCHIVER=arm-none-eabi-ar" "COMPILER_FLAGS=  -O2 -c" "EXTRA_COMPILER_FLAGS=-mcpu=cortex-a9 -mfpu=vfpv3 -mfloat-abi=hard -nostartfiles -g -Wall -Wextra"
"Running Make include in ps7_cortexa9_0/libsrc/scugic_v4_0/src"
make -C ps7_cortexa9_0/libsrc/scugic_v4_0/src -s include  "SHELL=CMD" "COMPILER=arm-none-eabi-gcc" "ARCHIVER=arm-none-eabi-ar" "COMPILER_FLAGS=  -O2 -c" "EXTRA_COMPILER_FLAGS=-mcpu=cortex-a9 -mfpu=vfpv3 -mfloat-abi=hard -nostartfiles -g -Wall -Wextra"
"Running Make include in ps7_cortexa9_0/libsrc/scutimer_v2_1/src"
make -C ps7_cortexa9_0/libsrc/scutimer_v2_1/src -s include  "SHELL=CMD" "COMPILER=arm-none-eabi-gcc" "ARCHIVER=arm-none-eabi-ar" "COMPILER_FLAGS=  -O2 -c" "EXTRA_COMPILER_FLAGS=-mcpu=cortex-a9 -mfpu=vfpv3 -mfloat-abi=hard -nostartfiles -g -Wall -Wextra"
"Running Make include in ps7_cortexa9_0/libsrc/scuwdt_v2_1/src"
make -C ps7_cortexa9_0/libsrc/scuwdt_v2_1/src -s include  "SHELL=CMD" "COMPILER=arm-none-eabi-gcc" "ARCHIVER=arm-none-eabi-ar" "COMPILER_FLAGS=  -O2 -c" "EXTRA_COMPILER_FLAGS=-mcpu=cortex-a9 -mfpu=vfpv3 -mfloat-abi=hard -nostartfiles -g -Wall -Wextra"
"Running Make include in ps7_cortexa9_0/libsrc/standalone_v7_0/src"
make -C ps7_cortexa9_0/libsrc/standalone_v7_0/src -s include  "SHELL=CMD" "COMPILER=arm-none-eabi-gcc" "ARCHIVER=arm-none-eabi-ar" "COMPILER_FLAGS=  -O2 -c" "EXTRA_COMPILER_FLAGS=-mcpu=cortex-a9 -mfpu=vfpv3 -mfloat-abi=hard -nostartfiles -g -Wall -Wextra"
"Running Make include in ps7_cortexa9_0/libsrc/uartps_v3_7/src"
make -C ps7_cortexa9_0/libsrc/uartps_v3_7/src -s include  "SHELL=CMD" "COMPILER=arm-none-eabi-gcc" "ARCHIVER=arm-none-eabi-ar" "COMPILER_FLAGS=  -O2 -c" "EXTRA_COMPILER_FLAGS=-mcpu=cortex-a9 -mfpu=vfpv3 -mfloat-abi=hard -nostartfiles -g -Wall -Wextra"
"Running Make include in ps7_cortexa9_0/libsrc/xadcps_v2_3/src"
make -C ps7_cortexa9_0/libsrc/xadcps_v2_3/src -s include  "SHELL=CMD" "COMPILER=arm-none-eabi-gcc" "ARCHIVER=arm-none-eabi-ar" "COMPILER_FLAGS=  -O2 -c" "EXTRA_COMPILER_FLAGS=-mcpu=cortex-a9 -mfpu=vfpv3 -mfloat-abi=hard -nostartfiles -g -Wall -Wextra"
"Running Make libs in ps7_cortexa9_0/libsrc/axidma_v9_9/src"
make -C ps7_cortexa9_0/libsrc/axidma_v9_9/src -s libs  "SHELL=CMD" "COMPILER=arm-none-eabi-gcc" "ARCHIVER=arm-none-eabi-ar" "COMPILER_FLAGS=  -O2 -c" "EXTRA_COMPILER_FLAGS=-mcpu=cortex-a9 -mfpu=vfpv3 -mfloat-abi=hard -nostartfiles -g -Wall -Wextra"
"Compiling axidma"
arm-none-eabi-ar: creating ../../../lib/libxil.a
"Running Make libs in ps7_cortexa9_0/libsrc/coresightps_dcc_v1_5/src"
make -C ps7_cortexa9_0/libsrc/coresightps_dcc_v1_5/src -s libs  "SHELL=CMD" "COMPILER=arm-none-eabi-gcc" "ARCHIVER=arm-none-eabi-ar" "COMPILER_FLAGS=  -O2 -c" "EXTRA_COMPILER_FLAGS=-mcpu=cortex-a9 -mfpu=vfpv3 -mfloat-abi=hard -nostartfiles -g -Wall -Wextra"
"Compiling coresightps_dcc"
"Running Make libs in ps7_cortexa9_0/libsrc/cpu_cortexa9_v2_7/src"
make -C ps7_cortexa9_0/libsrc/cpu_cortexa9_v2_7/src -s libs  "SHELL=CMD" "COMPILER=arm-none-eabi-gcc" "ARCHIVER=arm-none-eabi-ar" "COMPILER_FLAGS=  -O2 -c" "EXTRA_COMPILER_FLAGS=-mcpu=cortex-a9 -mfpu=vfpv3 -mfloat-abi=hard -nostartfiles -g -Wall -Wextra"
"Compiling cpu_cortexa9"
"Running Make libs in ps7_cortexa9_0/libsrc/ddrps_v1_0/src"
make -C ps7_cortexa9_0/libsrc/ddrps_v1_0/src -s libs  "SHELL=CMD" "COMPILER=arm-none-eabi-gcc" "ARCHIVER=arm-none-eabi-ar" "COMPILER_FLAGS=  -O2 -c" "EXTRA_COMPILER_FLAGS=-mcpu=cortex-a9 -mfpu=vfpv3 -mfloat-abi=hard -nostartfiles -g -Wall -Wextra"
"Compiling ddrps"
"Running Make libs in ps7_cortexa9_0/libsrc/devcfg_v3_5/src"
make -C ps7_cortexa9_0/libsrc/devcfg_v3_5/src -s libs  "SHELL=CMD" "COMPILER=arm-none-eabi-gcc" "ARCHIVER=arm-none-eabi-ar" "COMPILER_FLAGS=  -O2 -c" "EXTRA_COMPILER_FLAGS=-mcpu=cortex-a9 -mfpu=vfpv3 -mfloat-abi=hard -nostartfiles -g -Wall -Wextra"
"Compiling devcfg"
"Running Make libs in ps7_cortexa9_0/libsrc/dmaps_v2_4/src"
make -C ps7_cortexa9_0/libsrc/dmaps_v2_4/src -s libs  "SHELL=CMD" "COMPILER=arm-none-eabi-gcc" "ARCHIVER=arm-none-eabi-ar" "COMPILER_FLAGS=  -O2 -c" "EXTRA_COMPILER_FLAGS=-mcpu=cortex-a9 -mfpu=vfpv3 -mfloat-abi=hard -nostartfiles -g -Wall -Wextra"
"Compiling dmaps"
"Running Make libs in ps7_cortexa9_0/libsrc/scugic_v4_0/src"
make -C ps7_cortexa9_0/libsrc/scugic_v4_0/src -s libs  "SHELL=CMD" "COMPILER=arm-none-eabi-gcc" "ARCHIVER=arm-none-eabi-ar" "COMPILER_FLAGS=  -O2 -c" "EXTRA_COMPILER_FLAGS=-mcpu=cortex-a9 -mfpu=vfpv3 -mfloat-abi=hard -nostartfiles -g -Wall -Wextra"
"Compiling scugic"
"Running Make libs in ps7_cortexa9_0/libsrc/scutimer_v2_1/src"
make -C ps7_cortexa9_0/libsrc/scutimer_v2_1/src -s libs  "SHELL=CMD" "COMPILER=arm-none-eabi-gcc" "ARCHIVER=arm-none-eabi-ar" "COMPILER_FLAGS=  -O2 -c" "EXTRA_COMPILER_FLAGS=-mcpu=cortex-a9 -mfpu=vfpv3 -mfloat-abi=hard -nostartfiles -g -Wall -Wextra"
"Compiling scutimer"
"Running Make libs in ps7_cortexa9_0/libsrc/scuwdt_v2_1/src"
make -C ps7_cortexa9_0/libsrc/scuwdt_v2_1/src -s libs  "SHELL=CMD" "COMPILER=arm-none-eabi-gcc" "ARCHIVER=arm-none-eabi-ar" "COMPILER_FLAGS=  -O2 -c" "EXTRA_COMPILER_FLAGS=-mcpu=cortex-a9 -mfpu=vfpv3 -mfloat-abi=hard -nostartfiles -g -Wall -Wextra"
"Compiling scuwdt"
"Running Make libs in ps7_cortexa9_0/libsrc/standalone_v7_0/src"
make -C ps7_cortexa9_0/libsrc/standalone_v7_0/src -s libs  "SHELL=CMD" "COMPILER=arm-none-eabi-gcc" "ARCHIVER=arm-none-eabi-ar" "COMPILER_FLAGS=  -O2 -c" "EXTRA_COMPILER_FLAGS=-mcpu=cortex-a9 -mfpu=vfpv3 -mfloat-abi=hard -nostartfiles -g -Wall -Wextra"
"Compiling standalone"
In file included from usleep.c:56:
xtime_l.h:87:9: note: #pragma message: For the sleep routines, Global timer is being used
 #pragma message ("For the sleep routines, Global timer is being used")
         ^~~~~~~
In file included from xil_sleeptimer.c:51:
xtime_l.h:87:9: note: #pragma message: For the sleep routines, Global timer is being used
 #pragma message ("For the sleep routines, Global timer is being used")
         ^~~~~~~
In file included from xtime_l.c:49:
xtime_l.h:87:9: note: #pragma message: For the sleep routines, Global timer is being used
 #pragma message ("For the sleep routines, Global timer is being used")
         ^~~~~~~
In file included from sleep.c:53:
xtime_l.h:87:9: note: #pragma message: For the sleep routines, Global timer is being used
 #pragma message ("For the sleep routines, Global timer is being used")
         ^~~~~~~
"Running Make libs in ps7_cortexa9_0/libsrc/uartps_v3_7/src"
make -C ps7_cortexa9_0/libsrc/uartps_v3_7/src -s libs  "SHELL=CMD" "COMPILER=arm-none-eabi-gcc" "ARCHIVER=arm-none-eabi-ar" "COMPILER_FLAGS=  -O2 -c" "EXTRA_COMPILER_FLAGS=-mcpu=cortex-a9 -mfpu=vfpv3 -mfloat-abi=hard -nostartfiles -g -Wall -Wextra"
"Compiling uartps"
"Running Make libs in ps7_cortexa9_0/libsrc/xadcps_v2_3/src"
make -C ps7_cortexa9_0/libsrc/xadcps_v2_3/src -s libs  "SHELL=CMD" "COMPILER=arm-none-eabi-gcc" "ARCHIVER=arm-none-eabi-ar" "COMPILER_FLAGS=  -O2 -c" "EXTRA_COMPILER_FLAGS=-mcpu=cortex-a9 -mfpu=vfpv3 -mfloat-abi=hard -nostartfiles -g -Wall -Wextra"
"Compiling xadcps"
'Finished building libraries'
19:23:32 **** Auto Build of configuration Debug for project Lab_5_HW_2 ****
make pre-build main-build 
a9-linaro-pre-build-step
' '
'Building file: ../src/helloworld.c'
'Invoking: ARM v7 gcc compiler'
arm-none-eabi-gcc -Wall -O0 -g3 -c -fmessage-length=0 -MT"src/helloworld.o" -mcpu=cortex-a9 -mfpu=vfpv3 -mfloat-abi=hard -I../../Lab_5_HW_2_bsp/ps7_cortexa9_0/include -MMD -MP -MF"src/helloworld.d" -MT"src/helloworld.o" -o "src/helloworld.o" "../src/helloworld.c"
'Finished building: ../src/helloworld.c'
' '
'Building file: ../src/platform.c'
'Invoking: ARM v7 gcc compiler'
arm-none-eabi-gcc -Wall -O0 -g3 -c -fmessage-length=0 -MT"src/platform.o" -mcpu=cortex-a9 -mfpu=vfpv3 -mfloat-abi=hard -I../../Lab_5_HW_2_bsp/ps7_cortexa9_0/include -MMD -MP -MF"src/platform.d" -MT"src/platform.o" -o "src/platform.o" "../src/platform.c"
'Finished building: ../src/platform.c'
' '
'Building target: Lab_5_HW_2.elf'
'Invoking: ARM v7 gcc linker'
arm-none-eabi-gcc -mcpu=cortex-a9 -mfpu=vfpv3 -mfloat-abi=hard -Wl,-build-id=none -specs=Xilinx.spec -Wl,-T -Wl,../src/lscript.ld -L../../Lab_5_HW_2_bsp/ps7_cortexa9_0/lib -o "Lab_5_HW_2.elf"  ./src/helloworld.o ./src/platform.o   -Wl,--start-group,-lxil,-lgcc,-lc,--end-group
'Finished building target: Lab_5_HW_2.elf'
' '
'Invoking: ARM v7 Print Size'
arm-none-eabi-size Lab_5_HW_2.elf  |tee "Lab_5_HW_2.elf.size"
   text	   data	    bss	    dec	    hex	filename
  18996	   1144	  22568	  42708	   a6d4	Lab_5_HW_2.elf
'Finished building: Lab_5_HW_2.elf.size'
' '
19:24:19 **** Auto Build of configuration Debug for project Lab_5_HW_2 ****
make pre-build main-build 
a9-linaro-pre-build-step
' '
'Building file: ../src/helloworld.c'
'Invoking: ARM v7 gcc compiler'
arm-none-eabi-gcc -Wall -O0 -g3 -c -fmessage-length=0 -MT"src/helloworld.o" -mcpu=cortex-a9 -mfpu=vfpv3 -mfloat-abi=hard -I../../Lab_5_HW_2_bsp/ps7_cortexa9_0/include -MMD -MP -MF"src/helloworld.d" -MT"src/helloworld.o" -o "src/helloworld.o" "../src/helloworld.c"
In file included from ../src/helloworld.c:51:
../../Lab_5_HW_2_bsp/ps7_cortexa9_0/include/xtime_l.h:87:9: note: #pragma message: For the sleep routines, Global timer is being used
 #pragma message ("For the sleep routines, Global timer is being used")
         ^~~~~~~
../src/helloworld.c: In function 'outputs':
../src/helloworld.c:329:5: warning: this 'if' clause does not guard... [-Wmisleading-indentation]
     if (err_flag == 1)
     ^~
../src/helloworld.c:332:9: note: ...this statement, but the latter is misleadingly indented as if it were guarded by the 'if'
         printf("PS Bit Optimized: %d \n", FIR_PS_BitOpt_Output[j]);
         ^~~~~~
../src/helloworld.c:337:5: error: 'else' without a previous 'if'
     else printf("No Data Mismatch\r\n");
     ^~~~
../src/helloworld.c:369:20: error: request for member 'append' in something not a structure or union
     exp_times_Unopt.append(time_processor_Unopt);
                    ^
../src/helloworld.c:370:21: error: request for member 'append' in something not a structure or union
     exp_times_BitOpt.append(time_processor_BitOpt);
                     ^
../src/helloworld.c:371:21: error: request for member 'append' in something not a structure or union
     exp_times_SymOpt.append(time_processor_SymOpt);
                     ^
../src/helloworld.c:372:18: error: request for member 'append' in something not a structure or union
     exp_times_ACP.append(time_FPGA_ACP);
                  ^
../src/helloworld.c:373:17: error: request for member 'append' in something not a structure or union
     exp_times_HP.append(time_FPGA_HP);
                 ^
../src/helloworld.c:374:14: error: request for member 'append' in something not a structure or union
     acc_Unopt.append(time_processor_Unopt / time_FPGA_ACP);
              ^
../src/helloworld.c:375:15: error: request for member 'append' in something not a structure or union
     acc_BitOpt.append(time_processor_BitOpt / time_FPGA_ACP);
               ^
../src/helloworld.c:376:15: error: request for member 'append' in something not a structure or union
     acc_SymOpt.append(time_processor_SymOpt / time_FPGA_ACP);
               ^
../src/helloworld.c:377:12: error: request for member 'append' in something not a structure or union
     acc_ACP.append(time_processor_Unopt / time_FPGA_HP);
            ^
../src/helloworld.c:378:11: error: request for member 'append' in something not a structure or union
     acc_HP.append(time_processor_BitOpt / time_FPGA_HP);
           ^
../src/helloworld.c: In function 'main':
../src/helloworld.c:445:37: warning: format '%f' expects argument of type 'double', but argument 2 has type 'int' [-Wformat=]
     printf("PS Unoptimized       : %f\n", sum_Unopt / exp);
                                    ~^
                                    %d
../src/helloworld.c:446:37: warning: format '%f' expects argument of type 'double', but argument 2 has type 'int' [-Wformat=]
     printf("PS Bit Optimized     : %f\n", sum_BitOpt / exp);
                                    ~^
                                    %d
../src/helloworld.c:447:37: warning: format '%f' expects argument of type 'double', but argument 2 has type 'int' [-Wformat=]
     printf("PS Symmetric Opt     : %f\n", sum_SymOpt / exp);
                                    ~^
                                    %d
../src/helloworld.c:448:43: warning: format '%f' expects argument of type 'double', but argument 2 has type 'int' [-Wformat=]
     printf("PL (ACP) (DMA Execution)   : %f\n", sum_ACP / exp);
                                          ~^
                                          %d
../src/helloworld.c:449:42: warning: format '%f' expects argument of type 'double', but argument 2 has type 'int' [-Wformat=]
     printf("PL (HP) (DMA Execution)   : %f\n", sum_HP / exp);
                                         ~^
                                         %d
../src/helloworld.c:452:49: warning: format '%f' expects argument of type 'double', but argument 2 has type 'int' [-Wformat=]
     printf("PL (ACP) vs PS Unoptimized       : %f\n", sum_acc_Unopt / exp);
                                                ~^
                                                %d
../src/helloworld.c:453:49: warning: format '%f' expects argument of type 'double', but argument 2 has type 'int' [-Wformat=]
     printf("PL (ACP) vs PS Bit Optimized     : %f\n", sum_acc_BitOpt / exp);
                                                ~^
                                                %d
../src/helloworld.c:454:51: warning: format '%f' expects argument of type 'double', but argument 2 has type 'int' [-Wformat=]
     printf("PL (ACP) vs PS Symmetric Optimized : %f\n", sum_acc_SymOpt / exp);
                                                  ~^
                                                  %d
../src/helloworld.c:455:48: warning: format '%f' expects argument of type 'double', but argument 2 has type 'int' [-Wformat=]
     printf("PL (HP) vs PS Unoptimized       : %f\n", sum_acc_ACP / exp);
                                               ~^
                                               %d
../src/helloworld.c:456:48: warning: format '%f' expects argument of type 'double', but argument 2 has type 'int' [-Wformat=]
     printf("PL (HP) vs PS Bit Optimized     : %f\n", sum_acc_HP / exp);
                                               ~^
                                               %d
make: *** [src/subdir.mk:26: src/helloworld.o] Error 1
20:46:15 **** Auto Build of configuration Debug for project Lab_5_HW_2 ****
make pre-build main-build 
a9-linaro-pre-build-step
' '
'Building file: ../src/helloworld.c'
'Invoking: ARM v7 gcc compiler'
arm-none-eabi-gcc -Wall -O0 -g3 -c -fmessage-length=0 -MT"src/helloworld.o" -mcpu=cortex-a9 -mfpu=vfpv3 -mfloat-abi=hard -I../../Lab_5_HW_2_bsp/ps7_cortexa9_0/include -MMD -MP -MF"src/helloworld.d" -MT"src/helloworld.o" -o "src/helloworld.o" "../src/helloworld.c"
In file included from ../src/helloworld.c:51:
../../Lab_5_HW_2_bsp/ps7_cortexa9_0/include/xtime_l.h:87:9: note: #pragma message: For the sleep routines, Global timer is being used
 #pragma message ("For the sleep routines, Global timer is being used")
         ^~~~~~~
../src/helloworld.c: In function 'outputs':
../src/helloworld.c:338:5: error: 'else' without a previous 'if'
     else{ printf("No Data Mismatch\r\n");
     ^~~~
../src/helloworld.c:371:5: error: called object is not a function or function pointer
     exp_times_Unopt[index](time_processor_Unopt);
     ^~~~~~~~~~~~~~~
../src/helloworld.c:372:5: error: called object is not a function or function pointer
     exp_times_BitOpt[index](time_processor_BitOpt);
     ^~~~~~~~~~~~~~~~
../src/helloworld.c:373:5: error: called object is not a function or function pointer
     exp_times_SymOpt[index](time_processor_SymOpt);
     ^~~~~~~~~~~~~~~~
../src/helloworld.c:374:5: error: called object is not a function or function pointer
     exp_times_ACP[index](time_FPGA_ACP);
     ^~~~~~~~~~~~~
../src/helloworld.c:375:5: error: called object is not a function or function pointer
     exp_times_HP[index](time_FPGA_HP);
     ^~~~~~~~~~~~
../src/helloworld.c:376:5: error: called object is not a function or function pointer
     acc_Unopt[index](time_processor_Unopt / time_FPGA_ACP);
     ^~~~~~~~~
../src/helloworld.c:377:5: error: called object is not a function or function pointer
     acc_BitOpt[index](time_processor_BitOpt / time_FPGA_ACP);
     ^~~~~~~~~~
../src/helloworld.c:378:5: error: called object is not a function or function pointer
     acc_SymOpt[index](time_processor_SymOpt / time_FPGA_ACP);
     ^~~~~~~~~~
../src/helloworld.c:379:5: error: called object is not a function or function pointer
     acc_ACP[index](time_processor_Unopt / time_FPGA_HP);
     ^~~~~~~
../src/helloworld.c:380:5: error: called object is not a function or function pointer
     acc_HP[index](time_processor_BitOpt / time_FPGA_HP);
     ^~~~~~
../src/helloworld.c: In function 'main':
../src/helloworld.c:414:9: error: too few arguments to function 'outputs'
         outputs();
         ^~~~~~~
../src/helloworld.c:307:6: note: declared here
 void outputs(int index)
      ^~~~~~~
../src/helloworld.c:448:37: warning: format '%f' expects argument of type 'double', but argument 2 has type 'int' [-Wformat=]
     printf("PS Unoptimized       : %f\n", sum_Unopt / exp);
                                    ~^
                                    %d
../src/helloworld.c:449:37: warning: format '%f' expects argument of type 'double', but argument 2 has type 'int' [-Wformat=]
     printf("PS Bit Optimized     : %f\n", sum_BitOpt / exp);
                                    ~^
                                    %d
../src/helloworld.c:450:37: warning: format '%f' expects argument of type 'double', but argument 2 has type 'int' [-Wformat=]
     printf("PS Symmetric Opt     : %f\n", sum_SymOpt / exp);
                                    ~^
                                    %d
../src/helloworld.c:451:43: warning: format '%f' expects argument of type 'double', but argument 2 has type 'int' [-Wformat=]
     printf("PL (ACP) (DMA Execution)   : %f\n", sum_ACP / exp);
                                          ~^
                                          %d
../src/helloworld.c:452:42: warning: format '%f' expects argument of type 'double', but argument 2 has type 'int' [-Wformat=]
     printf("PL (HP) (DMA Execution)   : %f\n", sum_HP / exp);
                                         ~^
                                         %d
../src/helloworld.c:455:49: warning: format '%f' expects argument of type 'double', but argument 2 has type 'int' [-Wformat=]
     printf("PL (ACP) vs PS Unoptimized       : %f\n", sum_acc_Unopt / exp);
                                                ~^
                                                %d
../src/helloworld.c:456:49: warning: format '%f' expects argument of type 'double', but argument 2 has type 'int' [-Wformat=]
     printf("PL (ACP) vs PS Bit Optimized     : %f\n", sum_acc_BitOpt / exp);
                                                ~^
                                                %d
../src/helloworld.c:457:51: warning: format '%f' expects argument of type 'double', but argument 2 has type 'int' [-Wformat=]
     printf("PL (ACP) vs PS Symmetric Optimized : %f\n", sum_acc_SymOpt / exp);
                                                  ~^
                                                  %d
../src/helloworld.c:458:48: warning: format '%f' expects argument of type 'double', but argument 2 has type 'int' [-Wformat=]
     printf("PL (HP) vs PS Unoptimized       : %f\n", sum_acc_ACP / exp);
                                               ~^
                                               %d
../src/helloworld.c:459:48: warning: format '%f' expects argument of type 'double', but argument 2 has type 'int' [-Wformat=]
     printf("PL (HP) vs PS Bit Optimized     : %f\n", sum_acc_HP / exp);
                                               ~^
                                               %d
make: *** [src/subdir.mk:26: src/helloworld.o] Error 1
20:47:02 **** Auto Build of configuration Debug for project Lab_5_HW_2 ****
make pre-build main-build 
a9-linaro-pre-build-step
' '
'Building file: ../src/helloworld.c'
'Invoking: ARM v7 gcc compiler'
arm-none-eabi-gcc -Wall -O0 -g3 -c -fmessage-length=0 -MT"src/helloworld.o" -mcpu=cortex-a9 -mfpu=vfpv3 -mfloat-abi=hard -I../../Lab_5_HW_2_bsp/ps7_cortexa9_0/include -MMD -MP -MF"src/helloworld.d" -MT"src/helloworld.o" -o "src/helloworld.o" "../src/helloworld.c"
In file included from ../src/helloworld.c:51:
../../Lab_5_HW_2_bsp/ps7_cortexa9_0/include/xtime_l.h:87:9: note: #pragma message: For the sleep routines, Global timer is being used
 #pragma message ("For the sleep routines, Global timer is being used")
         ^~~~~~~
../src/helloworld.c: In function 'outputs':
../src/helloworld.c:338:5: error: 'else' without a previous 'if'
     else{ printf("No Data Mismatch\r\n");
     ^~~~
../src/helloworld.c: In function 'main':
../src/helloworld.c:414:9: error: too few arguments to function 'outputs'
         outputs();
         ^~~~~~~
../src/helloworld.c:307:6: note: declared here
 void outputs(int index)
      ^~~~~~~
../src/helloworld.c:448:37: warning: format '%f' expects argument of type 'double', but argument 2 has type 'int' [-Wformat=]
     printf("PS Unoptimized       : %f\n", sum_Unopt / exp);
                                    ~^
                                    %d
../src/helloworld.c:449:37: warning: format '%f' expects argument of type 'double', but argument 2 has type 'int' [-Wformat=]
     printf("PS Bit Optimized     : %f\n", sum_BitOpt / exp);
                                    ~^
                                    %d
../src/helloworld.c:450:37: warning: format '%f' expects argument of type 'double', but argument 2 has type 'int' [-Wformat=]
     printf("PS Symmetric Opt     : %f\n", sum_SymOpt / exp);
                                    ~^
                                    %d
../src/helloworld.c:451:43: warning: format '%f' expects argument of type 'double', but argument 2 has type 'int' [-Wformat=]
     printf("PL (ACP) (DMA Execution)   : %f\n", sum_ACP / exp);
                                          ~^
                                          %d
../src/helloworld.c:452:42: warning: format '%f' expects argument of type 'double', but argument 2 has type 'int' [-Wformat=]
     printf("PL (HP) (DMA Execution)   : %f\n", sum_HP / exp);
                                         ~^
                                         %d
../src/helloworld.c:455:49: warning: format '%f' expects argument of type 'double', but argument 2 has type 'int' [-Wformat=]
     printf("PL (ACP) vs PS Unoptimized       : %f\n", sum_acc_Unopt / exp);
                                                ~^
                                                %d
../src/helloworld.c:456:49: warning: format '%f' expects argument of type 'double', but argument 2 has type 'int' [-Wformat=]
     printf("PL (ACP) vs PS Bit Optimized     : %f\n", sum_acc_BitOpt / exp);
                                                ~^
                                                %d
../src/helloworld.c:457:51: warning: format '%f' expects argument of type 'double', but argument 2 has type 'int' [-Wformat=]
     printf("PL (ACP) vs PS Symmetric Optimized : %f\n", sum_acc_SymOpt / exp);
                                                  ~^
                                                  %d
../src/helloworld.c:458:48: warning: format '%f' expects argument of type 'double', but argument 2 has type 'int' [-Wformat=]
     printf("PL (HP) vs PS Unoptimized       : %f\n", sum_acc_ACP / exp);
                                               ~^
                                               %d
../src/helloworld.c:459:48: warning: format '%f' expects argument of type 'double', but argument 2 has type 'int' [-Wformat=]
     printf("PL (HP) vs PS Bit Optimized     : %f\n", sum_acc_HP / exp);
                                               ~^
                                               %d
make: *** [src/subdir.mk:26: src/helloworld.o] Error 1
20:47:24 **** Auto Build of configuration Debug for project Lab_5_HW_2 ****
make pre-build main-build 
a9-linaro-pre-build-step
' '
'Building file: ../src/helloworld.c'
'Invoking: ARM v7 gcc compiler'
arm-none-eabi-gcc -Wall -O0 -g3 -c -fmessage-length=0 -MT"src/helloworld.o" -mcpu=cortex-a9 -mfpu=vfpv3 -mfloat-abi=hard -I../../Lab_5_HW_2_bsp/ps7_cortexa9_0/include -MMD -MP -MF"src/helloworld.d" -MT"src/helloworld.o" -o "src/helloworld.o" "../src/helloworld.c"
In file included from ../src/helloworld.c:51:
../../Lab_5_HW_2_bsp/ps7_cortexa9_0/include/xtime_l.h:87:9: note: #pragma message: For the sleep routines, Global timer is being used
 #pragma message ("For the sleep routines, Global timer is being used")
         ^~~~~~~
../src/helloworld.c: In function 'main':
../src/helloworld.c:414:9: error: too few arguments to function 'outputs'
         outputs();
         ^~~~~~~
../src/helloworld.c:307:6: note: declared here
 void outputs(int index)
      ^~~~~~~
../src/helloworld.c:448:37: warning: format '%f' expects argument of type 'double', but argument 2 has type 'int' [-Wformat=]
     printf("PS Unoptimized       : %f\n", sum_Unopt / exp);
                                    ~^
                                    %d
../src/helloworld.c:449:37: warning: format '%f' expects argument of type 'double', but argument 2 has type 'int' [-Wformat=]
     printf("PS Bit Optimized     : %f\n", sum_BitOpt / exp);
                                    ~^
                                    %d
../src/helloworld.c:450:37: warning: format '%f' expects argument of type 'double', but argument 2 has type 'int' [-Wformat=]
     printf("PS Symmetric Opt     : %f\n", sum_SymOpt / exp);
                                    ~^
                                    %d
../src/helloworld.c:451:43: warning: format '%f' expects argument of type 'double', but argument 2 has type 'int' [-Wformat=]
     printf("PL (ACP) (DMA Execution)   : %f\n", sum_ACP / exp);
                                          ~^
                                          %d
../src/helloworld.c:452:42: warning: format '%f' expects argument of type 'double', but argument 2 has type 'int' [-Wformat=]
     printf("PL (HP) (DMA Execution)   : %f\n", sum_HP / exp);
                                         ~^
                                         %d
../src/helloworld.c:455:49: warning: format '%f' expects argument of type 'double', but argument 2 has type 'int' [-Wformat=]
     printf("PL (ACP) vs PS Unoptimized       : %f\n", sum_acc_Unopt / exp);
                                                ~^
                                                %d
../src/helloworld.c:456:49: warning: format '%f' expects argument of type 'double', but argument 2 has type 'int' [-Wformat=]
     printf("PL (ACP) vs PS Bit Optimized     : %f\n", sum_acc_BitOpt / exp);
                                                ~^
                                                %d
../src/helloworld.c:457:51: warning: format '%f' expects argument of type 'double', but argument 2 has type 'int' [-Wformat=]
     printf("PL (ACP) vs PS Symmetric Optimized : %f\n", sum_acc_SymOpt / exp);
                                                  ~^
                                                  %d
../src/helloworld.c:458:48: warning: format '%f' expects argument of type 'double', but argument 2 has type 'int' [-Wformat=]
     printf("PL (HP) vs PS Unoptimized       : %f\n", sum_acc_ACP / exp);
                                               ~^
                                               %d
../src/helloworld.c:459:48: warning: format '%f' expects argument of type 'double', but argument 2 has type 'int' [-Wformat=]
     printf("PL (HP) vs PS Bit Optimized     : %f\n", sum_acc_HP / exp);
                                               ~^
                                               %d
make: *** [src/subdir.mk:26: src/helloworld.o] Error 1
20:47:40 **** Auto Build of configuration Debug for project Lab_5_HW_2 ****
make pre-build main-build 
a9-linaro-pre-build-step
' '
'Building file: ../src/helloworld.c'
'Invoking: ARM v7 gcc compiler'
arm-none-eabi-gcc -Wall -O0 -g3 -c -fmessage-length=0 -MT"src/helloworld.o" -mcpu=cortex-a9 -mfpu=vfpv3 -mfloat-abi=hard -I../../Lab_5_HW_2_bsp/ps7_cortexa9_0/include -MMD -MP -MF"src/helloworld.d" -MT"src/helloworld.o" -o "src/helloworld.o" "../src/helloworld.c"
In file included from ../src/helloworld.c:51:
../../Lab_5_HW_2_bsp/ps7_cortexa9_0/include/xtime_l.h:87:9: note: #pragma message: For the sleep routines, Global timer is being used
 #pragma message ("For the sleep routines, Global timer is being used")
         ^~~~~~~
../src/helloworld.c: In function 'main':
../src/helloworld.c:448:37: warning: format '%f' expects argument of type 'double', but argument 2 has type 'int' [-Wformat=]
     printf("PS Unoptimized       : %f\n", sum_Unopt / exp);
                                    ~^
                                    %d
../src/helloworld.c:449:37: warning: format '%f' expects argument of type 'double', but argument 2 has type 'int' [-Wformat=]
     printf("PS Bit Optimized     : %f\n", sum_BitOpt / exp);
                                    ~^
                                    %d
../src/helloworld.c:450:37: warning: format '%f' expects argument of type 'double', but argument 2 has type 'int' [-Wformat=]
     printf("PS Symmetric Opt     : %f\n", sum_SymOpt / exp);
                                    ~^
                                    %d
../src/helloworld.c:451:43: warning: format '%f' expects argument of type 'double', but argument 2 has type 'int' [-Wformat=]
     printf("PL (ACP) (DMA Execution)   : %f\n", sum_ACP / exp);
                                          ~^
                                          %d
../src/helloworld.c:452:42: warning: format '%f' expects argument of type 'double', but argument 2 has type 'int' [-Wformat=]
     printf("PL (HP) (DMA Execution)   : %f\n", sum_HP / exp);
                                         ~^
                                         %d
../src/helloworld.c:455:49: warning: format '%f' expects argument of type 'double', but argument 2 has type 'int' [-Wformat=]
     printf("PL (ACP) vs PS Unoptimized       : %f\n", sum_acc_Unopt / exp);
                                                ~^
                                                %d
../src/helloworld.c:456:49: warning: format '%f' expects argument of type 'double', but argument 2 has type 'int' [-Wformat=]
     printf("PL (ACP) vs PS Bit Optimized     : %f\n", sum_acc_BitOpt / exp);
                                                ~^
                                                %d
../src/helloworld.c:457:51: warning: format '%f' expects argument of type 'double', but argument 2 has type 'int' [-Wformat=]
     printf("PL (ACP) vs PS Symmetric Optimized : %f\n", sum_acc_SymOpt / exp);
                                                  ~^
                                                  %d
../src/helloworld.c:458:48: warning: format '%f' expects argument of type 'double', but argument 2 has type 'int' [-Wformat=]
     printf("PL (HP) vs PS Unoptimized       : %f\n", sum_acc_ACP / exp);
                                               ~^
                                               %d
../src/helloworld.c:459:48: warning: format '%f' expects argument of type 'double', but argument 2 has type 'int' [-Wformat=]
     printf("PL (HP) vs PS Bit Optimized     : %f\n", sum_acc_HP / exp);
                                               ~^
                                               %d
'Finished building: ../src/helloworld.c'
' '
'Building target: Lab_5_HW_2.elf'
'Invoking: ARM v7 gcc linker'
arm-none-eabi-gcc -mcpu=cortex-a9 -mfpu=vfpv3 -mfloat-abi=hard -Wl,-build-id=none -specs=Xilinx.spec -Wl,-T -Wl,../src/lscript.ld -L../../Lab_5_HW_2_bsp/ps7_cortexa9_0/lib -o "Lab_5_HW_2.elf"  ./src/helloworld.o ./src/platform.o   -Wl,--start-group,-lxil,-lgcc,-lc,--end-group
'Finished building target: Lab_5_HW_2.elf'
' '
'Invoking: ARM v7 Print Size'
arm-none-eabi-size Lab_5_HW_2.elf  |tee "Lab_5_HW_2.elf.size"
   text	   data	    bss	    dec	    hex	filename
  74064	   2840	  24400	 101304	  18bb8	Lab_5_HW_2.elf
'Finished building: Lab_5_HW_2.elf.size'
' '
20:49:03 **** Auto Build of configuration Debug for project Lab_5_HW_2 ****
make pre-build main-build 
a9-linaro-pre-build-step
' '
'Building file: ../src/helloworld.c'
'Invoking: ARM v7 gcc compiler'
arm-none-eabi-gcc -Wall -O0 -g3 -c -fmessage-length=0 -MT"src/helloworld.o" -mcpu=cortex-a9 -mfpu=vfpv3 -mfloat-abi=hard -I../../Lab_5_HW_2_bsp/ps7_cortexa9_0/include -MMD -MP -MF"src/helloworld.d" -MT"src/helloworld.o" -o "src/helloworld.o" "../src/helloworld.c"
In file included from ../src/helloworld.c:51:
../../Lab_5_HW_2_bsp/ps7_cortexa9_0/include/xtime_l.h:87:9: note: #pragma message: For the sleep routines, Global timer is being used
 #pragma message ("For the sleep routines, Global timer is being used")
         ^~~~~~~
../src/helloworld.c: In function 'main':
../src/helloworld.c:448:37: warning: format '%f' expects argument of type 'double', but argument 2 has type 'int' [-Wformat=]
     printf("PS Unoptimized       : %f\n", sum_Unopt / exp);
                                    ~^
                                    %d
../src/helloworld.c:449:37: warning: format '%f' expects argument of type 'double', but argument 2 has type 'int' [-Wformat=]
     printf("PS Bit Optimized     : %f\n", sum_BitOpt / exp);
                                    ~^
                                    %d
../src/helloworld.c:450:37: warning: format '%f' expects argument of type 'double', but argument 2 has type 'int' [-Wformat=]
     printf("PS Symmetric Opt     : %f\n", sum_SymOpt / exp);
                                    ~^
                                    %d
../src/helloworld.c:451:43: warning: format '%f' expects argument of type 'double', but argument 2 has type 'int' [-Wformat=]
     printf("PL (ACP) (DMA Execution)   : %f\n", sum_ACP / exp);
                                          ~^
                                          %d
../src/helloworld.c:452:42: warning: format '%f' expects argument of type 'double', but argument 2 has type 'int' [-Wformat=]
     printf("PL (HP) (DMA Execution)   : %f\n", sum_HP / exp);
                                         ~^
                                         %d
../src/helloworld.c:455:49: warning: format '%f' expects argument of type 'double', but argument 2 has type 'int' [-Wformat=]
     printf("PL (ACP) vs PS Unoptimized       : %f\n", sum_acc_Unopt / exp);
                                                ~^
                                                %d
../src/helloworld.c:456:49: warning: format '%f' expects argument of type 'double', but argument 2 has type 'int' [-Wformat=]
     printf("PL (ACP) vs PS Bit Optimized     : %f\n", sum_acc_BitOpt / exp);
                                                ~^
                                                %d
../src/helloworld.c:457:51: warning: format '%f' expects argument of type 'double', but argument 2 has type 'int' [-Wformat=]
     printf("PL (ACP) vs PS Symmetric Optimized : %f\n", sum_acc_SymOpt / exp);
                                                  ~^
                                                  %d
../src/helloworld.c:458:48: warning: format '%f' expects argument of type 'double', but argument 2 has type 'int' [-Wformat=]
     printf("PL (HP) vs PS Unoptimized       : %f\n", sum_acc_ACP / exp);
                                               ~^
                                               %d
../src/helloworld.c:459:48: warning: format '%f' expects argument of type 'double', but argument 2 has type 'int' [-Wformat=]
     printf("PL (HP) vs PS Bit Optimized     : %f\n", sum_acc_HP / exp);
                                               ~^
                                               %d
'Finished building: ../src/helloworld.c'
' '
'Building target: Lab_5_HW_2.elf'
'Invoking: ARM v7 gcc linker'
arm-none-eabi-gcc -mcpu=cortex-a9 -mfpu=vfpv3 -mfloat-abi=hard -Wl,-build-id=none -specs=Xilinx.spec -Wl,-T -Wl,../src/lscript.ld -L../../Lab_5_HW_2_bsp/ps7_cortexa9_0/lib -o "Lab_5_HW_2.elf"  ./src/helloworld.o ./src/platform.o   -Wl,--start-group,-lxil,-lgcc,-lc,--end-group
'Finished building target: Lab_5_HW_2.elf'
' '
'Invoking: ARM v7 Print Size'
arm-none-eabi-size Lab_5_HW_2.elf  |tee "Lab_5_HW_2.elf.size"
   text	   data	    bss	    dec	    hex	filename
  74512	   2840	  24400	 101752	  18d78	Lab_5_HW_2.elf
'Finished building: Lab_5_HW_2.elf.size'
' '
20:50:30 **** Auto Build of configuration Debug for project Lab_5_HW_2 ****
make pre-build main-build 
a9-linaro-pre-build-step
' '
'Building file: ../src/helloworld.c'
'Invoking: ARM v7 gcc compiler'
arm-none-eabi-gcc -Wall -O0 -g3 -c -fmessage-length=0 -MT"src/helloworld.o" -mcpu=cortex-a9 -mfpu=vfpv3 -mfloat-abi=hard -I../../Lab_5_HW_2_bsp/ps7_cortexa9_0/include -MMD -MP -MF"src/helloworld.d" -MT"src/helloworld.o" -o "src/helloworld.o" "../src/helloworld.c"
In file included from ../src/helloworld.c:51:
../../Lab_5_HW_2_bsp/ps7_cortexa9_0/include/xtime_l.h:87:9: note: #pragma message: For the sleep routines, Global timer is being used
 #pragma message ("For the sleep routines, Global timer is being used")
         ^~~~~~~
../src/helloworld.c: In function 'outputs':
../src/helloworld.c:376:5: error: 'acc_Unopt' undeclared (first use in this function); did you mean 'acc_Unopt_hp'?
     acc_Unopt[index]=(time_processor_Unopt / time_FPGA_ACP);
     ^~~~~~~~~
     acc_Unopt_hp
../src/helloworld.c:376:5: note: each undeclared identifier is reported only once for each function it appears in
../src/helloworld.c:377:5: error: 'acc_BitOpt' undeclared (first use in this function); did you mean 'acc_BitOpt_hp'?
     acc_BitOpt[index]=(time_processor_BitOpt / time_FPGA_ACP);
     ^~~~~~~~~~
     acc_BitOpt_hp
../src/helloworld.c:378:5: error: 'acc_SymOpt' undeclared (first use in this function); did you mean 'acc_SymOpt_hp'?
     acc_SymOpt[index]=(time_processor_SymOpt / time_FPGA_ACP);
     ^~~~~~~~~~
     acc_SymOpt_hp
../src/helloworld.c:379:5: error: 'acc_ACP' undeclared (first use in this function)
     acc_ACP[index]=(time_processor_Unopt / time_FPGA_HP);
     ^~~~~~~
../src/helloworld.c:380:5: error: 'acc_HP' undeclared (first use in this function)
     acc_HP[index]=(time_processor_BitOpt / time_FPGA_HP);
     ^~~~~~
../src/helloworld.c: In function 'main':
../src/helloworld.c:425:37: error: 'acc_ACP' undeclared (first use in this function); did you mean 'sum_ACP'?
         sum_acc_ACP = sum_acc_ACP + acc_ACP[i];
                                     ^~~~~~~
                                     sum_ACP
../src/helloworld.c:426:35: error: 'acc_HP' undeclared (first use in this function); did you mean 'sum_HP'?
         sum_acc_HP = sum_acc_HP + acc_HP[i];
                                   ^~~~~~
                                   sum_HP
../src/helloworld.c:427:41: error: 'acc_Unopt' undeclared (first use in this function); did you mean 'sum_Unopt'?
         sum_acc_Unopt = sum_acc_Unopt + acc_Unopt[i];
                                         ^~~~~~~~~
                                         sum_Unopt
../src/helloworld.c:428:43: error: 'acc_BitOpt' undeclared (first use in this function); did you mean 'sum_BitOpt'?
         sum_acc_BitOpt = sum_acc_BitOpt + acc_BitOpt[i];
                                           ^~~~~~~~~~
                                           sum_BitOpt
../src/helloworld.c:429:43: error: 'acc_SymOpt' undeclared (first use in this function); did you mean 'sum_SymOpt'?
         sum_acc_SymOpt = sum_acc_SymOpt + acc_SymOpt[i];
                                           ^~~~~~~~~~
                                           sum_SymOpt
../src/helloworld.c:448:37: warning: format '%f' expects argument of type 'double', but argument 2 has type 'int' [-Wformat=]
     printf("PS Unoptimized       : %f\n", sum_Unopt / exp);
                                    ~^
                                    %d
../src/helloworld.c:449:37: warning: format '%f' expects argument of type 'double', but argument 2 has type 'int' [-Wformat=]
     printf("PS Bit Optimized     : %f\n", sum_BitOpt / exp);
                                    ~^
                                    %d
../src/helloworld.c:450:37: warning: format '%f' expects argument of type 'double', but argument 2 has type 'int' [-Wformat=]
     printf("PS Symmetric Opt     : %f\n", sum_SymOpt / exp);
                                    ~^
                                    %d
../src/helloworld.c:451:43: warning: format '%f' expects argument of type 'double', but argument 2 has type 'int' [-Wformat=]
     printf("PL (ACP) (DMA Execution)   : %f\n", sum_ACP / exp);
                                          ~^
                                          %d
../src/helloworld.c:452:42: warning: format '%f' expects argument of type 'double', but argument 2 has type 'int' [-Wformat=]
     printf("PL (HP) (DMA Execution)   : %f\n", sum_HP / exp);
                                         ~^
                                         %d
../src/helloworld.c:455:49: warning: format '%f' expects argument of type 'double', but argument 2 has type 'int' [-Wformat=]
     printf("PL (ACP) vs PS Unoptimized       : %f\n", sum_acc_Unopt / exp);
                                                ~^
                                                %d
../src/helloworld.c:456:49: warning: format '%f' expects argument of type 'double', but argument 2 has type 'int' [-Wformat=]
     printf("PL (ACP) vs PS Bit Optimized     : %f\n", sum_acc_BitOpt / exp);
                                                ~^
                                                %d
../src/helloworld.c:457:51: warning: format '%f' expects argument of type 'double', but argument 2 has type 'int' [-Wformat=]
     printf("PL (ACP) vs PS Symmetric Optimized : %f\n", sum_acc_SymOpt / exp);
                                                  ~^
                                                  %d
../src/helloworld.c:458:48: warning: format '%f' expects argument of type 'double', but argument 2 has type 'int' [-Wformat=]
     printf("PL (HP) vs PS Unoptimized       : %f\n", sum_acc_ACP / exp);
                                               ~^
                                               %d
../src/helloworld.c:459:48: warning: format '%f' expects argument of type 'double', but argument 2 has type 'int' [-Wformat=]
     printf("PL (HP) vs PS Bit Optimized     : %f\n", sum_acc_HP / exp);
                                               ~^
                                               %d
make: *** [src/subdir.mk:26: src/helloworld.o] Error 1
23:33:51 **** Auto Build of configuration Debug for project Lab_5_HW_2 ****
make pre-build main-build 
a9-linaro-pre-build-step
' '
'Building file: ../src/helloworld.c'
'Invoking: ARM v7 gcc compiler'
arm-none-eabi-gcc -Wall -O0 -g3 -c -fmessage-length=0 -MT"src/helloworld.o" -mcpu=cortex-a9 -mfpu=vfpv3 -mfloat-abi=hard -I../../Lab_5_HW_2_bsp/ps7_cortexa9_0/include -MMD -MP -MF"src/helloworld.d" -MT"src/helloworld.o" -o "src/helloworld.o" "../src/helloworld.c"
In file included from ../src/helloworld.c:51:
../../Lab_5_HW_2_bsp/ps7_cortexa9_0/include/xtime_l.h:87:9: note: #pragma message: For the sleep routines, Global timer is being used
 #pragma message ("For the sleep routines, Global timer is being used")
         ^~~~~~~
../src/helloworld.c: In function 'main':
../src/helloworld.c:426:37: error: 'acc_ACP' undeclared (first use in this function); did you mean 'sum_ACP'?
         sum_acc_ACP = sum_acc_ACP + acc_ACP[i];
                                     ^~~~~~~
                                     sum_ACP
../src/helloworld.c:426:37: note: each undeclared identifier is reported only once for each function it appears in
../src/helloworld.c:427:35: error: 'acc_HP' undeclared (first use in this function); did you mean 'sum_HP'?
         sum_acc_HP = sum_acc_HP + acc_HP[i];
                                   ^~~~~~
                                   sum_HP
../src/helloworld.c:428:41: error: 'acc_Unopt' undeclared (first use in this function); did you mean 'sum_Unopt'?
         sum_acc_Unopt = sum_acc_Unopt + acc_Unopt[i];
                                         ^~~~~~~~~
                                         sum_Unopt
../src/helloworld.c:429:43: error: 'acc_BitOpt' undeclared (first use in this function); did you mean 'sum_BitOpt'?
         sum_acc_BitOpt = sum_acc_BitOpt + acc_BitOpt[i];
                                           ^~~~~~~~~~
                                           sum_BitOpt
../src/helloworld.c:430:43: error: 'acc_SymOpt' undeclared (first use in this function); did you mean 'sum_SymOpt'?
         sum_acc_SymOpt = sum_acc_SymOpt + acc_SymOpt[i];
                                           ^~~~~~~~~~
                                           sum_SymOpt
../src/helloworld.c:449:37: warning: format '%f' expects argument of type 'double', but argument 2 has type 'int' [-Wformat=]
     printf("PS Unoptimized       : %f\n", sum_Unopt / exp);
                                    ~^
                                    %d
../src/helloworld.c:450:37: warning: format '%f' expects argument of type 'double', but argument 2 has type 'int' [-Wformat=]
     printf("PS Bit Optimized     : %f\n", sum_BitOpt / exp);
                                    ~^
                                    %d
../src/helloworld.c:451:37: warning: format '%f' expects argument of type 'double', but argument 2 has type 'int' [-Wformat=]
     printf("PS Symmetric Opt     : %f\n", sum_SymOpt / exp);
                                    ~^
                                    %d
../src/helloworld.c:452:43: warning: format '%f' expects argument of type 'double', but argument 2 has type 'int' [-Wformat=]
     printf("PL (ACP) (DMA Execution)   : %f\n", sum_ACP / exp);
                                          ~^
                                          %d
../src/helloworld.c:453:42: warning: format '%f' expects argument of type 'double', but argument 2 has type 'int' [-Wformat=]
     printf("PL (HP) (DMA Execution)   : %f\n", sum_HP / exp);
                                         ~^
                                         %d
../src/helloworld.c:456:49: warning: format '%f' expects argument of type 'double', but argument 2 has type 'int' [-Wformat=]
     printf("PL (ACP) vs PS Unoptimized       : %f\n", sum_acc_Unopt / exp);
                                                ~^
                                                %d
../src/helloworld.c:457:49: warning: format '%f' expects argument of type 'double', but argument 2 has type 'int' [-Wformat=]
     printf("PL (ACP) vs PS Bit Optimized     : %f\n", sum_acc_BitOpt / exp);
                                                ~^
                                                %d
../src/helloworld.c:458:51: warning: format '%f' expects argument of type 'double', but argument 2 has type 'int' [-Wformat=]
     printf("PL (ACP) vs PS Symmetric Optimized : %f\n", sum_acc_SymOpt / exp);
                                                  ~^
                                                  %d
../src/helloworld.c:459:48: warning: format '%f' expects argument of type 'double', but argument 2 has type 'int' [-Wformat=]
     printf("PL (HP) vs PS Unoptimized       : %f\n", sum_acc_ACP / exp);
                                               ~^
                                               %d
../src/helloworld.c:460:48: warning: format '%f' expects argument of type 'double', but argument 2 has type 'int' [-Wformat=]
     printf("PL (HP) vs PS Bit Optimized     : %f\n", sum_acc_HP / exp);
                                               ~^
                                               %d
make: *** [src/subdir.mk:26: src/helloworld.o] Error 1
23:37:02 **** Auto Build of configuration Debug for project Lab_5_HW_2 ****
make pre-build main-build 
a9-linaro-pre-build-step
' '
'Building file: ../src/helloworld.c'
'Invoking: ARM v7 gcc compiler'
arm-none-eabi-gcc -Wall -O0 -g3 -c -fmessage-length=0 -MT"src/helloworld.o" -mcpu=cortex-a9 -mfpu=vfpv3 -mfloat-abi=hard -I../../Lab_5_HW_2_bsp/ps7_cortexa9_0/include -MMD -MP -MF"src/helloworld.d" -MT"src/helloworld.o" -o "src/helloworld.o" "../src/helloworld.c"
In file included from ../src/helloworld.c:51:
../../Lab_5_HW_2_bsp/ps7_cortexa9_0/include/xtime_l.h:87:9: note: #pragma message: For the sleep routines, Global timer is being used
 #pragma message ("For the sleep routines, Global timer is being used")
         ^~~~~~~
../src/helloworld.c: In function 'main':
../src/helloworld.c:433:9: error: 'sum_acc_HP' undeclared (first use in this function); did you mean 'sum_HP'?
         sum_acc_HP = sum_acc_HP + acc_HP[i];
         ^~~~~~~~~~
         sum_HP
../src/helloworld.c:433:9: note: each undeclared identifier is reported only once for each function it appears in
../src/helloworld.c:433:35: error: 'acc_HP' undeclared (first use in this function); did you mean 'sum_HP'?
         sum_acc_HP = sum_acc_HP + acc_HP[i];
                                   ^~~~~~
                                   sum_HP
../src/helloworld.c:434:9: error: 'sum_acc_Unopt' undeclared (first use in this function); did you mean 'sum_acc_Unopt_hp'?
         sum_acc_Unopt = sum_acc_Unopt + acc_Unopt[i];
         ^~~~~~~~~~~~~
         sum_acc_Unopt_hp
../src/helloworld.c:434:41: error: 'acc_Unopt' undeclared (first use in this function); did you mean 'sum_Unopt'?
         sum_acc_Unopt = sum_acc_Unopt + acc_Unopt[i];
                                         ^~~~~~~~~
                                         sum_Unopt
../src/helloworld.c:449:9: error: 'sum_acc_BitOpt' undeclared (first use in this function); did you mean 'sum_acc_BitOpt_hp'?
         sum_acc_BitOpt += acc_BitOpt[i];
         ^~~~~~~~~~~~~~
         sum_acc_BitOpt_hp
../src/helloworld.c:449:27: error: 'acc_BitOpt' undeclared (first use in this function); did you mean 'sum_BitOpt'?
         sum_acc_BitOpt += acc_BitOpt[i];
                           ^~~~~~~~~~
                           sum_BitOpt
../src/helloworld.c:450:9: error: 'sum_acc_SymOpt' undeclared (first use in this function); did you mean 'sum_acc_SymOpt_hp'?
         sum_acc_SymOpt += acc_SymOpt[i];
         ^~~~~~~~~~~~~~
         sum_acc_SymOpt_hp
../src/helloworld.c:450:27: error: 'acc_SymOpt' undeclared (first use in this function); did you mean 'sum_SymOpt'?
         sum_acc_SymOpt += acc_SymOpt[i];
                           ^~~~~~~~~~
                           sum_SymOpt
../src/helloworld.c:451:9: error: 'sum_acc_ACP' undeclared (first use in this function); did you mean 'sum_ACP'?
         sum_acc_ACP += acc_ACP[i];
         ^~~~~~~~~~~
         sum_ACP
../src/helloworld.c:451:24: error: 'acc_ACP' undeclared (first use in this function); did you mean 'sum_ACP'?
         sum_acc_ACP += acc_ACP[i];
                        ^~~~~~~
                        sum_ACP
../src/helloworld.c:455:37: warning: format '%f' expects argument of type 'double', but argument 2 has type 'int' [-Wformat=]
     printf("PS Unoptimized       : %f\n", sum_Unopt / exp);
                                    ~^
                                    %d
../src/helloworld.c:456:37: warning: format '%f' expects argument of type 'double', but argument 2 has type 'int' [-Wformat=]
     printf("PS Bit Optimized     : %f\n", sum_BitOpt / exp);
                                    ~^
                                    %d
../src/helloworld.c:457:37: warning: format '%f' expects argument of type 'double', but argument 2 has type 'int' [-Wformat=]
     printf("PS Symmetric Opt     : %f\n", sum_SymOpt / exp);
                                    ~^
                                    %d
../src/helloworld.c:458:43: warning: format '%f' expects argument of type 'double', but argument 2 has type 'int' [-Wformat=]
     printf("PL (ACP) (DMA Execution)   : %f\n", sum_ACP / exp);
                                          ~^
                                          %d
../src/helloworld.c:459:42: warning: format '%f' expects argument of type 'double', but argument 2 has type 'int' [-Wformat=]
     printf("PL (HP) (DMA Execution)   : %f\n", sum_HP / exp);
                                         ~^
                                         %d
../src/helloworld.c:422:125: warning: unused variable 'sum_acc_SymOpt_hp' [-Wunused-variable]
     int sum_acc_Unopt_acp = 0, sum_acc_BitOpt_acp = 0, sum_acc_SymOpt_acp = 0, sum_acc_Unopt_hp = 0, sum_acc_BitOpt_hp = 0, sum_acc_SymOpt_hp = 0;
                                                                                                                             ^~~~~~~~~~~~~~~~~
../src/helloworld.c:422:102: warning: unused variable 'sum_acc_BitOpt_hp' [-Wunused-variable]
     int sum_acc_Unopt_acp = 0, sum_acc_BitOpt_acp = 0, sum_acc_SymOpt_acp = 0, sum_acc_Unopt_hp = 0, sum_acc_BitOpt_hp = 0, sum_acc_SymOpt_hp = 0;
                                                                                                      ^~~~~~~~~~~~~~~~~
../src/helloworld.c:422:80: warning: unused variable 'sum_acc_Unopt_hp' [-Wunused-variable]
     int sum_acc_Unopt_acp = 0, sum_acc_BitOpt_acp = 0, sum_acc_SymOpt_acp = 0, sum_acc_Unopt_hp = 0, sum_acc_BitOpt_hp = 0, sum_acc_SymOpt_hp = 0;
                                                                                ^~~~~~~~~~~~~~~~
make: *** [src/subdir.mk:26: src/helloworld.o] Error 1
23:39:11 **** Auto Build of configuration Debug for project Lab_5_HW_2 ****
make pre-build main-build 
a9-linaro-pre-build-step
' '
'Building file: ../src/helloworld.c'
'Invoking: ARM v7 gcc compiler'
arm-none-eabi-gcc -Wall -O0 -g3 -c -fmessage-length=0 -MT"src/helloworld.o" -mcpu=cortex-a9 -mfpu=vfpv3 -mfloat-abi=hard -I../../Lab_5_HW_2_bsp/ps7_cortexa9_0/include -MMD -MP -MF"src/helloworld.d" -MT"src/helloworld.o" -o "src/helloworld.o" "../src/helloworld.c"
In file included from ../src/helloworld.c:51:
../../Lab_5_HW_2_bsp/ps7_cortexa9_0/include/xtime_l.h:87:9: note: #pragma message: For the sleep routines, Global timer is being used
 #pragma message ("For the sleep routines, Global timer is being used")
         ^~~~~~~
'Finished building: ../src/helloworld.c'
' '
'Building target: Lab_5_HW_2.elf'
'Invoking: ARM v7 gcc linker'
arm-none-eabi-gcc -mcpu=cortex-a9 -mfpu=vfpv3 -mfloat-abi=hard -Wl,-build-id=none -specs=Xilinx.spec -Wl,-T -Wl,../src/lscript.ld -L../../Lab_5_HW_2_bsp/ps7_cortexa9_0/lib -o "Lab_5_HW_2.elf"  ./src/helloworld.o ./src/platform.o   -Wl,--start-group,-lxil,-lgcc,-lc,--end-group
'Finished building target: Lab_5_HW_2.elf'
' '
'Invoking: ARM v7 Print Size'
arm-none-eabi-size Lab_5_HW_2.elf  |tee "Lab_5_HW_2.elf.size"
   text	   data	    bss	    dec	    hex	filename
  73872	   2840	  24448	 101160	  18b28	Lab_5_HW_2.elf
'Finished building: Lab_5_HW_2.elf.size'
' '
23:41:00 **** Auto Build of configuration Debug for project Lab_5_HW_2 ****
make pre-build main-build 
a9-linaro-pre-build-step
' '
'Building file: ../src/helloworld.c'
'Invoking: ARM v7 gcc compiler'
arm-none-eabi-gcc -Wall -O0 -g3 -c -fmessage-length=0 -MT"src/helloworld.o" -mcpu=cortex-a9 -mfpu=vfpv3 -mfloat-abi=hard -I../../Lab_5_HW_2_bsp/ps7_cortexa9_0/include -MMD -MP -MF"src/helloworld.d" -MT"src/helloworld.o" -o "src/helloworld.o" "../src/helloworld.c"
In file included from ../src/helloworld.c:51:
../../Lab_5_HW_2_bsp/ps7_cortexa9_0/include/xtime_l.h:87:9: note: #pragma message: For the sleep routines, Global timer is being used
 #pragma message ("For the sleep routines, Global timer is being used")
         ^~~~~~~
../src/helloworld.c: In function 'outputs':
../src/helloworld.c:338:11: warning: statement with no effect [-Wunused-value]
     else (!err_flag)
          ~^~~~~~~~~~
../src/helloworld.c:338:21: error: expected ';' before '{' token
     else (!err_flag)
                     ^
                     ;
     {
     ~                
make: *** [src/subdir.mk:26: src/helloworld.o] Error 1
23:41:26 **** Auto Build of configuration Debug for project Lab_5_HW_2 ****
make pre-build main-build 
a9-linaro-pre-build-step
' '
'Building file: ../src/helloworld.c'
'Invoking: ARM v7 gcc compiler'
arm-none-eabi-gcc -Wall -O0 -g3 -c -fmessage-length=0 -MT"src/helloworld.o" -mcpu=cortex-a9 -mfpu=vfpv3 -mfloat-abi=hard -I../../Lab_5_HW_2_bsp/ps7_cortexa9_0/include -MMD -MP -MF"src/helloworld.d" -MT"src/helloworld.o" -o "src/helloworld.o" "../src/helloworld.c"
In file included from ../src/helloworld.c:51:
../../Lab_5_HW_2_bsp/ps7_cortexa9_0/include/xtime_l.h:87:9: note: #pragma message: For the sleep routines, Global timer is being used
 #pragma message ("For the sleep routines, Global timer is being used")
         ^~~~~~~
'Finished building: ../src/helloworld.c'
' '
'Building target: Lab_5_HW_2.elf'
'Invoking: ARM v7 gcc linker'
arm-none-eabi-gcc -mcpu=cortex-a9 -mfpu=vfpv3 -mfloat-abi=hard -Wl,-build-id=none -specs=Xilinx.spec -Wl,-T -Wl,../src/lscript.ld -L../../Lab_5_HW_2_bsp/ps7_cortexa9_0/lib -o "Lab_5_HW_2.elf"  ./src/helloworld.o ./src/platform.o   -Wl,--start-group,-lxil,-lgcc,-lc,--end-group
'Finished building target: Lab_5_HW_2.elf'
' '
'Invoking: ARM v7 Print Size'
arm-none-eabi-size Lab_5_HW_2.elf  |tee "Lab_5_HW_2.elf.size"
   text	   data	    bss	    dec	    hex	filename
  73656	   2840	  24448	 100944	  18a50	Lab_5_HW_2.elf
'Finished building: Lab_5_HW_2.elf.size'
' '
23:46:15 **** Incremental Build of configuration Debug for project Lab_5_HW_2 ****
make pre-build main-build 
a9-linaro-pre-build-step
' '
make: Nothing to be done for 'main-build'.
23:51:07 **** Auto Build of configuration Debug for project Lab_5_HW_2 ****
make pre-build main-build 
a9-linaro-pre-build-step
' '
'Building file: ../src/helloworld.c'
'Invoking: ARM v7 gcc compiler'
arm-none-eabi-gcc -Wall -O0 -g3 -c -fmessage-length=0 -MT"src/helloworld.o" -mcpu=cortex-a9 -mfpu=vfpv3 -mfloat-abi=hard -I../../Lab_5_HW_2_bsp/ps7_cortexa9_0/include -MMD -MP -MF"src/helloworld.d" -MT"src/helloworld.o" -o "src/helloworld.o" "../src/helloworld.c"
In file included from ../src/helloworld.c:51:
../../Lab_5_HW_2_bsp/ps7_cortexa9_0/include/xtime_l.h:87:9: note: #pragma message: For the sleep routines, Global timer is being used
 #pragma message ("For the sleep routines, Global timer is being used")
         ^~~~~~~
../src/helloworld.c: In function 'main':
../src/helloworld.c:406:9: error: too few arguments to function 'ACP'
         ACP();
         ^~~
../src/helloworld.c:175:6: note: declared here
 void ACP(int FIR_input[FIR_Data_Size])
      ^~~
../src/helloworld.c:407:9: error: too few arguments to function 'HP'
         HP();
         ^~
../src/helloworld.c:240:6: note: declared here
 void HP(int FIR_input[FIR_Data_Size])
      ^~
../src/helloworld.c:415:4: error: too few arguments to function 'ACP'
    ACP();
    ^~~
../src/helloworld.c:175:6: note: declared here
 void ACP(int FIR_input[FIR_Data_Size])
      ^~~
../src/helloworld.c:416:4: error: too few arguments to function 'HP'
    HP();
    ^~
../src/helloworld.c:240:6: note: declared here
 void HP(int FIR_input[FIR_Data_Size])
      ^~
make: *** [src/subdir.mk:26: src/helloworld.o] Error 1
23:52:34 **** Auto Build of configuration Debug for project Lab_5_HW_2 ****
make pre-build main-build 
a9-linaro-pre-build-step
' '
'Building file: ../src/helloworld.c'
'Invoking: ARM v7 gcc compiler'
arm-none-eabi-gcc -Wall -O0 -g3 -c -fmessage-length=0 -MT"src/helloworld.o" -mcpu=cortex-a9 -mfpu=vfpv3 -mfloat-abi=hard -I../../Lab_5_HW_2_bsp/ps7_cortexa9_0/include -MMD -MP -MF"src/helloworld.d" -MT"src/helloworld.o" -o "src/helloworld.o" "../src/helloworld.c"
In file included from ../src/helloworld.c:51:
../../Lab_5_HW_2_bsp/ps7_cortexa9_0/include/xtime_l.h:87:9: note: #pragma message: For the sleep routines, Global timer is being used
 #pragma message ("For the sleep routines, Global timer is being used")
         ^~~~~~~
../src/helloworld.c: In function 'main':
../src/helloworld.c:405:21: warning: passing argument 1 of 'PS' makes pointer from integer without a cast [-Wint-conversion]
         PS(FIR_input[FIR_Data_Size]);
            ~~~~~~~~~^~~~~~~~~~~~~~~
../src/helloworld.c:153:13: note: expected 'int *' but argument is of type 'int'
 void PS(int FIR_input[FIR_Data_Size])
         ~~~~^~~~~~~~~~~~~~~~~~~~~~~~
../src/helloworld.c:406:22: warning: passing argument 1 of 'ACP' makes pointer from integer without a cast [-Wint-conversion]
         ACP(FIR_input[FIR_Data_Size]);
             ~~~~~~~~~^~~~~~~~~~~~~~~
../src/helloworld.c:175:14: note: expected 'int *' but argument is of type 'int'
 void ACP(int FIR_input[FIR_Data_Size])
          ~~~~^~~~~~~~~~~~~~~~~~~~~~~~
../src/helloworld.c:407:21: warning: passing argument 1 of 'HP' makes pointer from integer without a cast [-Wint-conversion]
         HP(FIR_input[FIR_Data_Size]);
            ~~~~~~~~~^~~~~~~~~~~~~~~
../src/helloworld.c:240:13: note: expected 'int *' but argument is of type 'int'
 void HP(int FIR_input[FIR_Data_Size])
         ~~~~^~~~~~~~~~~~~~~~~~~~~~~~
../src/helloworld.c:414:22: warning: passing argument 1 of 'PS' makes pointer from integer without a cast [-Wint-conversion]
          PS(FIR_input[FIR_Data_Size]);
             ~~~~~~~~~^~~~~~~~~~~~~~~
../src/helloworld.c:153:13: note: expected 'int *' but argument is of type 'int'
 void PS(int FIR_input[FIR_Data_Size])
         ~~~~^~~~~~~~~~~~~~~~~~~~~~~~
../src/helloworld.c:415:17: warning: passing argument 1 of 'ACP' makes pointer from integer without a cast [-Wint-conversion]
    ACP(FIR_input[FIR_Data_Size]);
        ~~~~~~~~~^~~~~~~~~~~~~~~
../src/helloworld.c:175:14: note: expected 'int *' but argument is of type 'int'
 void ACP(int FIR_input[FIR_Data_Size])
          ~~~~^~~~~~~~~~~~~~~~~~~~~~~~
../src/helloworld.c:416:16: warning: passing argument 1 of 'HP' makes pointer from integer without a cast [-Wint-conversion]
    HP(FIR_input[FIR_Data_Size]);
       ~~~~~~~~~^~~~~~~~~~~~~~~
../src/helloworld.c:240:13: note: expected 'int *' but argument is of type 'int'
 void HP(int FIR_input[FIR_Data_Size])
         ~~~~^~~~~~~~~~~~~~~~~~~~~~~~
'Finished building: ../src/helloworld.c'
' '
'Building target: Lab_5_HW_2.elf'
'Invoking: ARM v7 gcc linker'
arm-none-eabi-gcc -mcpu=cortex-a9 -mfpu=vfpv3 -mfloat-abi=hard -Wl,-build-id=none -specs=Xilinx.spec -Wl,-T -Wl,../src/lscript.ld -L../../Lab_5_HW_2_bsp/ps7_cortexa9_0/lib -o "Lab_5_HW_2.elf"  ./src/helloworld.o ./src/platform.o   -Wl,--start-group,-lxil,-lgcc,-lc,--end-group
'Finished building target: Lab_5_HW_2.elf'
' '
'Invoking: ARM v7 Print Size'
arm-none-eabi-size Lab_5_HW_2.elf  |tee "Lab_5_HW_2.elf.size"
   text	   data	    bss	    dec	    hex	filename
  73784	   2840	  24448	 101072	  18ad0	Lab_5_HW_2.elf
'Finished building: Lab_5_HW_2.elf.size'
' '
23:52:55 **** Incremental Build of configuration Debug for project Lab_5_HW_2 ****
make pre-build main-build 
a9-linaro-pre-build-step
' '
make: Nothing to be done for 'main-build'.
