18:19:52 INFO  : Registering command handlers for SDK TCF services
18:19:52 INFO  : Launching XSCT server: xsct.bat -interactive D:\Sem_6\AELD\Labs\Lab_5_HW\Lab_5_HW.sdk\temp_xsdb_launch_script.tcl
18:19:54 INFO  : XSCT server has started successfully.
18:19:54 INFO  : Successfully done setting XSCT server connection channel  
18:19:54 INFO  : Successfully done setting SDK workspace  
18:19:54 INFO  : Processing command line option -hwspec D:/Sem_6/AELD/Labs/Lab_5_HW/Lab_5_HW.sdk/design_1_wrapper.hdf.
18:31:53 INFO  : Refreshed build settings on project Lab_5_HW
18:32:08 INFO  : Connected through redirection to target on host '192.168.226.142' and port '64158'.
18:32:10 INFO  : Jtag cable 'Digilent Zed 210248722679' is selected.
18:32:10 INFO  : 'jtag frequency' command is executed.
18:32:10 INFO  : Sourcing of 'D:/Sem_6/AELD/Labs/Lab_5_HW/Lab_5_HW.sdk/design_1_wrapper_hw_platform_0/ps7_init.tcl' is done.
18:32:10 INFO  : Context for 'APU' is selected.
18:32:11 INFO  : System reset is completed.
18:32:14 INFO  : 'after 3000' command is executed.
18:32:16 INFO  : 'targets -set -filter {jtag_cable_name =~ "Digilent Zed 210248722679" && level==0} -index 1' command is executed.
18:32:30 INFO  : FPGA configured successfully with bitstream "D:/Sem_6/AELD/Labs/Lab_5_HW/Lab_5_HW.sdk/design_1_wrapper_hw_platform_0/design_1_wrapper.bit"
18:32:32 INFO  : Context for 'APU' is selected.
18:32:32 INFO  : Hardware design information is loaded from 'D:/Sem_6/AELD/Labs/Lab_5_HW/Lab_5_HW.sdk/design_1_wrapper_hw_platform_0/system.hdf'.
18:32:32 INFO  : 'configparams force-mem-access 1' command is executed.
18:32:33 INFO  : Context for 'APU' is selected.
18:33:16 INFO  : 'ps7_init' command is executed.
18:33:17 INFO  : 'ps7_post_config' command is executed.
18:33:18 INFO  : Context for processor 'ps7_cortexa9_0' is selected.
18:33:18 INFO  : The application 'D:/Sem_6/AELD/Labs/Lab_5_HW/Lab_5_HW.sdk/Lab_5_HW/Debug/Lab_5_HW.elf' is downloaded to processor 'ps7_cortexa9_0'.
18:33:18 INFO  : 'configparams force-mem-access 0' command is executed.
18:33:18 INFO  : ----------------XSDB Script----------------
connect -path [list tcp::1534 tcp:192.168.226.142:64158]
source D:/Sem_6/AELD/Labs/Lab_5_HW/Lab_5_HW.sdk/design_1_wrapper_hw_platform_0/ps7_init.tcl
targets -set -nocase -filter {name =~"APU*" && jtag_cable_name =~ "Digilent Zed 210248722679"} -index 0
rst -system
after 3000
targets -set -filter {jtag_cable_name =~ "Digilent Zed 210248722679" && level==0} -index 1
fpga -file D:/Sem_6/AELD/Labs/Lab_5_HW/Lab_5_HW.sdk/design_1_wrapper_hw_platform_0/design_1_wrapper.bit
targets -set -nocase -filter {name =~"APU*" && jtag_cable_name =~ "Digilent Zed 210248722679"} -index 0
loadhw -hw D:/Sem_6/AELD/Labs/Lab_5_HW/Lab_5_HW.sdk/design_1_wrapper_hw_platform_0/system.hdf -mem-ranges [list {0x40000000 0xbfffffff}]
configparams force-mem-access 1
targets -set -nocase -filter {name =~"APU*" && jtag_cable_name =~ "Digilent Zed 210248722679"} -index 0
ps7_init
ps7_post_config
targets -set -nocase -filter {name =~ "ARM*#0" && jtag_cable_name =~ "Digilent Zed 210248722679"} -index 0
dow D:/Sem_6/AELD/Labs/Lab_5_HW/Lab_5_HW.sdk/Lab_5_HW/Debug/Lab_5_HW.elf
configparams force-mem-access 0
----------------End of Script----------------

18:33:19 INFO  : Memory regions updated for context APU
18:33:19 INFO  : Context for processor 'ps7_cortexa9_0' is selected.
18:33:19 INFO  : 'con' command is executed.
18:33:19 INFO  : ----------------XSDB Script (After Launch)----------------
targets -set -nocase -filter {name =~ "ARM*#0" && jtag_cable_name =~ "Digilent Zed 210248722679"} -index 0
con
----------------End of Script----------------

18:33:19 INFO  : Launch script is exported to file 'D:\Sem_6\AELD\Labs\Lab_5_HW\Lab_5_HW.sdk\.sdk\launch_scripts\xilinx_c-c++_application_(system_debugger)\system_debugger_using_debug_lab_5_hw.elf_on_zed.tcl'
18:34:23 INFO  : Disconnected from the channel tcfchan#1.
