10:26:49 **** Build of project Lab_2_HW_bsp ****
make -k all 
"Running Make include in ps7_cortexa9_0/libsrc/coresightps_dcc_v1_5/src"
make -C ps7_cortexa9_0/libsrc/coresightps_dcc_v1_5/src -s include  "SHELL=CMD" "COMPILER=arm-none-eabi-gcc" "ARCHIVER=arm-none-eabi-ar" "COMPILER_FLAGS=  -O2 -c" "EXTRA_COMPILER_FLAGS=-mcpu=cortex-a9 -mfpu=vfpv3 -mfloat-abi=hard -nostartfiles -g -Wall -Wextra"
"Running Make include in ps7_cortexa9_0/libsrc/cpu_cortexa9_v2_7/src"
make -C ps7_cortexa9_0/libsrc/cpu_cortexa9_v2_7/src -s include  "SHELL=CMD" "COMPILER=arm-none-eabi-gcc" "ARCHIVER=arm-none-eabi-ar" "COMPILER_FLAGS=  -O2 -c" "EXTRA_COMPILER_FLAGS=-mcpu=cortex-a9 -mfpu=vfpv3 -mfloat-abi=hard -nostartfiles -g -Wall -Wextra"
"Running Make include in ps7_cortexa9_0/libsrc/ddrps_v1_0/src"
make -C ps7_cortexa9_0/libsrc/ddrps_v1_0/src -s include  "SHELL=CMD" "COMPILER=arm-none-eabi-gcc" "ARCHIVER=arm-none-eabi-ar" "COMPILER_FLAGS=  -O2 -c" "EXTRA_COMPILER_FLAGS=-mcpu=cortex-a9 -mfpu=vfpv3 -mfloat-abi=hard -nostartfiles -g -Wall -Wextra"
"Running Make include in ps7_cortexa9_0/libsrc/devcfg_v3_5/src"
make -C ps7_cortexa9_0/libsrc/devcfg_v3_5/src -s include  "SHELL=CMD" "COMPILER=arm-none-eabi-gcc" "ARCHIVER=arm-none-eabi-ar" "COMPILER_FLAGS=  -O2 -c" "EXTRA_COMPILER_FLAGS=-mcpu=cortex-a9 -mfpu=vfpv3 -mfloat-abi=hard -nostartfiles -g -Wall -Wextra"
"Running Make include in ps7_cortexa9_0/libsrc/dmaps_v2_4/src"
make -C ps7_cortexa9_0/libsrc/dmaps_v2_4/src -s include  "SHELL=CMD" "COMPILER=arm-none-eabi-gcc" "ARCHIVER=arm-none-eabi-ar" "COMPILER_FLAGS=  -O2 -c" "EXTRA_COMPILER_FLAGS=-mcpu=cortex-a9 -mfpu=vfpv3 -mfloat-abi=hard -nostartfiles -g -Wall -Wextra"
"Running Make include in ps7_cortexa9_0/libsrc/scugic_v4_0/src"
make -C ps7_cortexa9_0/libsrc/scugic_v4_0/src -s include  "SHELL=CMD" "COMPILER=arm-none-eabi-gcc" "ARCHIVER=arm-none-eabi-ar" "COMPILER_FLAGS=  -O2 -c" "EXTRA_COMPILER_FLAGS=-mcpu=cortex-a9 -mfpu=vfpv3 -mfloat-abi=hard -nostartfiles -g -Wall -Wextra"
"Running Make include in ps7_cortexa9_0/libsrc/scutimer_v2_1/src"
make -C ps7_cortexa9_0/libsrc/scutimer_v2_1/src -s include  "SHELL=CMD" "COMPILER=arm-none-eabi-gcc" "ARCHIVER=arm-none-eabi-ar" "COMPILER_FLAGS=  -O2 -c" "EXTRA_COMPILER_FLAGS=-mcpu=cortex-a9 -mfpu=vfpv3 -mfloat-abi=hard -nostartfiles -g -Wall -Wextra"
"Running Make include in ps7_cortexa9_0/libsrc/scuwdt_v2_1/src"
make -C ps7_cortexa9_0/libsrc/scuwdt_v2_1/src -s include  "SHELL=CMD" "COMPILER=arm-none-eabi-gcc" "ARCHIVER=arm-none-eabi-ar" "COMPILER_FLAGS=  -O2 -c" "EXTRA_COMPILER_FLAGS=-mcpu=cortex-a9 -mfpu=vfpv3 -mfloat-abi=hard -nostartfiles -g -Wall -Wextra"
"Running Make include in ps7_cortexa9_0/libsrc/standalone_v7_0/src"
make -C ps7_cortexa9_0/libsrc/standalone_v7_0/src -s include  "SHELL=CMD" "COMPILER=arm-none-eabi-gcc" "ARCHIVER=arm-none-eabi-ar" "COMPILER_FLAGS=  -O2 -c" "EXTRA_COMPILER_FLAGS=-mcpu=cortex-a9 -mfpu=vfpv3 -mfloat-abi=hard -nostartfiles -g -Wall -Wextra"
"Running Make include in ps7_cortexa9_0/libsrc/uartps_v3_7/src"
make -C ps7_cortexa9_0/libsrc/uartps_v3_7/src -s include  "SHELL=CMD" "COMPILER=arm-none-eabi-gcc" "ARCHIVER=arm-none-eabi-ar" "COMPILER_FLAGS=  -O2 -c" "EXTRA_COMPILER_FLAGS=-mcpu=cortex-a9 -mfpu=vfpv3 -mfloat-abi=hard -nostartfiles -g -Wall -Wextra"
"Running Make include in ps7_cortexa9_0/libsrc/xadcps_v2_3/src"
make -C ps7_cortexa9_0/libsrc/xadcps_v2_3/src -s include  "SHELL=CMD" "COMPILER=arm-none-eabi-gcc" "ARCHIVER=arm-none-eabi-ar" "COMPILER_FLAGS=  -O2 -c" "EXTRA_COMPILER_FLAGS=-mcpu=cortex-a9 -mfpu=vfpv3 -mfloat-abi=hard -nostartfiles -g -Wall -Wextra"
"Running Make libs in ps7_cortexa9_0/libsrc/coresightps_dcc_v1_5/src"
make -C ps7_cortexa9_0/libsrc/coresightps_dcc_v1_5/src -s libs  "SHELL=CMD" "COMPILER=arm-none-eabi-gcc" "ARCHIVER=arm-none-eabi-ar" "COMPILER_FLAGS=  -O2 -c" "EXTRA_COMPILER_FLAGS=-mcpu=cortex-a9 -mfpu=vfpv3 -mfloat-abi=hard -nostartfiles -g -Wall -Wextra"
"Compiling coresightps_dcc"
arm-none-eabi-ar: creating ../../../lib/libxil.a
"Running Make libs in ps7_cortexa9_0/libsrc/cpu_cortexa9_v2_7/src"
make -C ps7_cortexa9_0/libsrc/cpu_cortexa9_v2_7/src -s libs  "SHELL=CMD" "COMPILER=arm-none-eabi-gcc" "ARCHIVER=arm-none-eabi-ar" "COMPILER_FLAGS=  -O2 -c" "EXTRA_COMPILER_FLAGS=-mcpu=cortex-a9 -mfpu=vfpv3 -mfloat-abi=hard -nostartfiles -g -Wall -Wextra"
"Compiling cpu_cortexa9"
"Running Make libs in ps7_cortexa9_0/libsrc/ddrps_v1_0/src"
make -C ps7_cortexa9_0/libsrc/ddrps_v1_0/src -s libs  "SHELL=CMD" "COMPILER=arm-none-eabi-gcc" "ARCHIVER=arm-none-eabi-ar" "COMPILER_FLAGS=  -O2 -c" "EXTRA_COMPILER_FLAGS=-mcpu=cortex-a9 -mfpu=vfpv3 -mfloat-abi=hard -nostartfiles -g -Wall -Wextra"
"Compiling ddrps"
"Running Make libs in ps7_cortexa9_0/libsrc/devcfg_v3_5/src"
make -C ps7_cortexa9_0/libsrc/devcfg_v3_5/src -s libs  "SHELL=CMD" "COMPILER=arm-none-eabi-gcc" "ARCHIVER=arm-none-eabi-ar" "COMPILER_FLAGS=  -O2 -c" "EXTRA_COMPILER_FLAGS=-mcpu=cortex-a9 -mfpu=vfpv3 -mfloat-abi=hard -nostartfiles -g -Wall -Wextra"
"Compiling devcfg"
"Running Make libs in ps7_cortexa9_0/libsrc/dmaps_v2_4/src"
make -C ps7_cortexa9_0/libsrc/dmaps_v2_4/src -s libs  "SHELL=CMD" "COMPILER=arm-none-eabi-gcc" "ARCHIVER=arm-none-eabi-ar" "COMPILER_FLAGS=  -O2 -c" "EXTRA_COMPILER_FLAGS=-mcpu=cortex-a9 -mfpu=vfpv3 -mfloat-abi=hard -nostartfiles -g -Wall -Wextra"
"Compiling dmaps"
"Running Make libs in ps7_cortexa9_0/libsrc/scugic_v4_0/src"
make -C ps7_cortexa9_0/libsrc/scugic_v4_0/src -s libs  "SHELL=CMD" "COMPILER=arm-none-eabi-gcc" "ARCHIVER=arm-none-eabi-ar" "COMPILER_FLAGS=  -O2 -c" "EXTRA_COMPILER_FLAGS=-mcpu=cortex-a9 -mfpu=vfpv3 -mfloat-abi=hard -nostartfiles -g -Wall -Wextra"
"Compiling scugic"
"Running Make libs in ps7_cortexa9_0/libsrc/scutimer_v2_1/src"
make -C ps7_cortexa9_0/libsrc/scutimer_v2_1/src -s libs  "SHELL=CMD" "COMPILER=arm-none-eabi-gcc" "ARCHIVER=arm-none-eabi-ar" "COMPILER_FLAGS=  -O2 -c" "EXTRA_COMPILER_FLAGS=-mcpu=cortex-a9 -mfpu=vfpv3 -mfloat-abi=hard -nostartfiles -g -Wall -Wextra"
"Compiling scutimer"
"Running Make libs in ps7_cortexa9_0/libsrc/scuwdt_v2_1/src"
make -C ps7_cortexa9_0/libsrc/scuwdt_v2_1/src -s libs  "SHELL=CMD" "COMPILER=arm-none-eabi-gcc" "ARCHIVER=arm-none-eabi-ar" "COMPILER_FLAGS=  -O2 -c" "EXTRA_COMPILER_FLAGS=-mcpu=cortex-a9 -mfpu=vfpv3 -mfloat-abi=hard -nostartfiles -g -Wall -Wextra"
"Compiling scuwdt"
"Running Make libs in ps7_cortexa9_0/libsrc/standalone_v7_0/src"
make -C ps7_cortexa9_0/libsrc/standalone_v7_0/src -s libs  "SHELL=CMD" "COMPILER=arm-none-eabi-gcc" "ARCHIVER=arm-none-eabi-ar" "COMPILER_FLAGS=  -O2 -c" "EXTRA_COMPILER_FLAGS=-mcpu=cortex-a9 -mfpu=vfpv3 -mfloat-abi=hard -nostartfiles -g -Wall -Wextra"
"Compiling standalone"
In file included from usleep.c:56:
xtime_l.h:87:9: note: #pragma message: For the sleep routines, Global timer is being used
 #pragma message ("For the sleep routines, Global timer is being used")
         ^~~~~~~
In file included from xil_sleeptimer.c:51:
xtime_l.h:87:9: note: #pragma message: For the sleep routines, Global timer is being used
 #pragma message ("For the sleep routines, Global timer is being used")
         ^~~~~~~
In file included from xtime_l.c:49:
xtime_l.h:87:9: note: #pragma message: For the sleep routines, Global timer is being used
 #pragma message ("For the sleep routines, Global timer is being used")
         ^~~~~~~
In file included from sleep.c:53:
xtime_l.h:87:9: note: #pragma message: For the sleep routines, Global timer is being used
 #pragma message ("For the sleep routines, Global timer is being used")
         ^~~~~~~
"Running Make libs in ps7_cortexa9_0/libsrc/uartps_v3_7/src"
make -C ps7_cortexa9_0/libsrc/uartps_v3_7/src -s libs  "SHELL=CMD" "COMPILER=arm-none-eabi-gcc" "ARCHIVER=arm-none-eabi-ar" "COMPILER_FLAGS=  -O2 -c" "EXTRA_COMPILER_FLAGS=-mcpu=cortex-a9 -mfpu=vfpv3 -mfloat-abi=hard -nostartfiles -g -Wall -Wextra"
"Compiling uartps"
"Running Make libs in ps7_cortexa9_0/libsrc/xadcps_v2_3/src"
make -C ps7_cortexa9_0/libsrc/xadcps_v2_3/src -s libs  "SHELL=CMD" "COMPILER=arm-none-eabi-gcc" "ARCHIVER=arm-none-eabi-ar" "COMPILER_FLAGS=  -O2 -c" "EXTRA_COMPILER_FLAGS=-mcpu=cortex-a9 -mfpu=vfpv3 -mfloat-abi=hard -nostartfiles -g -Wall -Wextra"
"Compiling xadcps"
'Finished building libraries'
10:27:03 **** Build of configuration Debug for project Lab_2_HW ****
make pre-build main-build 
a9-linaro-pre-build-step
' '
'Building file: ../src/helloworld.c'
'Invoking: ARM v7 gcc compiler'
arm-none-eabi-gcc -Wall -O0 -g3 -c -fmessage-length=0 -MT"src/helloworld.o" -mcpu=cortex-a9 -mfpu=vfpv3 -mfloat-abi=hard -I../../Lab_2_HW_bsp/ps7_cortexa9_0/include -MMD -MP -MF"src/helloworld.d" -MT"src/helloworld.o" -o "src/helloworld.o" "../src/helloworld.c"
'Finished building: ../src/helloworld.c'
' '
'Building file: ../src/platform.c'
'Invoking: ARM v7 gcc compiler'
arm-none-eabi-gcc -Wall -O0 -g3 -c -fmessage-length=0 -MT"src/platform.o" -mcpu=cortex-a9 -mfpu=vfpv3 -mfloat-abi=hard -I../../Lab_2_HW_bsp/ps7_cortexa9_0/include -MMD -MP -MF"src/platform.d" -MT"src/platform.o" -o "src/platform.o" "../src/platform.c"
'Finished building: ../src/platform.c'
' '
'Building target: Lab_2_HW.elf'
'Invoking: ARM v7 gcc linker'
arm-none-eabi-gcc -mcpu=cortex-a9 -mfpu=vfpv3 -mfloat-abi=hard -Wl,-build-id=none -specs=Xilinx.spec -Wl,-T -Wl,../src/lscript.ld -L../../Lab_2_HW_bsp/ps7_cortexa9_0/lib -o "Lab_2_HW.elf"  ./src/helloworld.o ./src/platform.o   -Wl,--start-group,-lxil,-lgcc,-lc,--end-group
'Finished building target: Lab_2_HW.elf'
' '
'Invoking: ARM v7 Print Size'
arm-none-eabi-size Lab_2_HW.elf  |tee "Lab_2_HW.elf.size"
   text	   data	    bss	    dec	    hex	filename
  19064	   1144	  22568	  42776	   a718	Lab_2_HW.elf
'Finished building: Lab_2_HW.elf.size'
' '
10:33:45 **** Auto Build of configuration Debug for project Lab_2_HW ****
make pre-build main-build 
a9-linaro-pre-build-step
' '
'Building file: ../src/helloworld.c'
'Invoking: ARM v7 gcc compiler'
arm-none-eabi-gcc -Wall -O0 -g3 -c -fmessage-length=0 -MT"src/helloworld.o" -mcpu=cortex-a9 -mfpu=vfpv3 -mfloat-abi=hard -I../../Lab_2_HW_bsp/ps7_cortexa9_0/include -MMD -MP -MF"src/helloworld.d" -MT"src/helloworld.o" -o "src/helloworld.o" "../src/helloworld.c"
In file included from ../src/helloworld.c:51:
../../Lab_2_HW_bsp/ps7_cortexa9_0/include/xtime_l.h:87:9: note: #pragma message: For the sleep routines, Global timer is being used
 #pragma message ("For the sleep routines, Global timer is being used")
         ^~~~~~~
'Finished building: ../src/helloworld.c'
' '
'Building target: Lab_2_HW.elf'
'Invoking: ARM v7 gcc linker'
arm-none-eabi-gcc -mcpu=cortex-a9 -mfpu=vfpv3 -mfloat-abi=hard -Wl,-build-id=none -specs=Xilinx.spec -Wl,-T -Wl,../src/lscript.ld -L../../Lab_2_HW_bsp/ps7_cortexa9_0/lib -o "Lab_2_HW.elf"  ./src/helloworld.o ./src/platform.o   -Wl,--start-group,-lxil,-lgcc,-lc,--end-group
'Finished building target: Lab_2_HW.elf'
' '
'Invoking: ARM v7 Print Size'
arm-none-eabi-size Lab_2_HW.elf  |tee "Lab_2_HW.elf.size"
   text	   data	    bss	    dec	    hex	filename
  58688	   2584	  23328	  84600	  14a78	Lab_2_HW.elf
'Finished building: Lab_2_HW.elf.size'
' '
10:35:18 **** Auto Build of project Lab_2_HW_bsp ****
make -k all 
"Running Make include in ps7_cortexa9_0/libsrc/coresightps_dcc_v1_5/src"
make -C ps7_cortexa9_0/libsrc/coresightps_dcc_v1_5/src -s include  "SHELL=CMD" "COMPILER=arm-none-eabi-gcc" "ARCHIVER=arm-none-eabi-ar" "COMPILER_FLAGS=  -O2 -c" "EXTRA_COMPILER_FLAGS=-mcpu=cortex-a9 -mfpu=vfpv3 -mfloat-abi=hard -nostartfiles -g -Wall -Wextra"
"Running Make include in ps7_cortexa9_0/libsrc/cpu_cortexa9_v2_7/src"
make -C ps7_cortexa9_0/libsrc/cpu_cortexa9_v2_7/src -s include  "SHELL=CMD" "COMPILER=arm-none-eabi-gcc" "ARCHIVER=arm-none-eabi-ar" "COMPILER_FLAGS=  -O2 -c" "EXTRA_COMPILER_FLAGS=-mcpu=cortex-a9 -mfpu=vfpv3 -mfloat-abi=hard -nostartfiles -g -Wall -Wextra"
"Running Make include in ps7_cortexa9_0/libsrc/ddrps_v1_0/src"
make -C ps7_cortexa9_0/libsrc/ddrps_v1_0/src -s include  "SHELL=CMD" "COMPILER=arm-none-eabi-gcc" "ARCHIVER=arm-none-eabi-ar" "COMPILER_FLAGS=  -O2 -c" "EXTRA_COMPILER_FLAGS=-mcpu=cortex-a9 -mfpu=vfpv3 -mfloat-abi=hard -nostartfiles -g -Wall -Wextra"
"Running Make include in ps7_cortexa9_0/libsrc/devcfg_v3_5/src"
make -C ps7_cortexa9_0/libsrc/devcfg_v3_5/src -s include  "SHELL=CMD" "COMPILER=arm-none-eabi-gcc" "ARCHIVER=arm-none-eabi-ar" "COMPILER_FLAGS=  -O2 -c" "EXTRA_COMPILER_FLAGS=-mcpu=cortex-a9 -mfpu=vfpv3 -mfloat-abi=hard -nostartfiles -g -Wall -Wextra"
"Running Make include in ps7_cortexa9_0/libsrc/dmaps_v2_4/src"
make -C ps7_cortexa9_0/libsrc/dmaps_v2_4/src -s include  "SHELL=CMD" "COMPILER=arm-none-eabi-gcc" "ARCHIVER=arm-none-eabi-ar" "COMPILER_FLAGS=  -O2 -c" "EXTRA_COMPILER_FLAGS=-mcpu=cortex-a9 -mfpu=vfpv3 -mfloat-abi=hard -nostartfiles -g -Wall -Wextra"
"Running Make include in ps7_cortexa9_0/libsrc/scugic_v4_0/src"
make -C ps7_cortexa9_0/libsrc/scugic_v4_0/src -s include  "SHELL=CMD" "COMPILER=arm-none-eabi-gcc" "ARCHIVER=arm-none-eabi-ar" "COMPILER_FLAGS=  -O2 -c" "EXTRA_COMPILER_FLAGS=-mcpu=cortex-a9 -mfpu=vfpv3 -mfloat-abi=hard -nostartfiles -g -Wall -Wextra"
"Running Make include in ps7_cortexa9_0/libsrc/scutimer_v2_1/src"
make -C ps7_cortexa9_0/libsrc/scutimer_v2_1/src -s include  "SHELL=CMD" "COMPILER=arm-none-eabi-gcc" "ARCHIVER=arm-none-eabi-ar" "COMPILER_FLAGS=  -O2 -c" "EXTRA_COMPILER_FLAGS=-mcpu=cortex-a9 -mfpu=vfpv3 -mfloat-abi=hard -nostartfiles -g -Wall -Wextra"
"Running Make include in ps7_cortexa9_0/libsrc/scuwdt_v2_1/src"
make -C ps7_cortexa9_0/libsrc/scuwdt_v2_1/src -s include  "SHELL=CMD" "COMPILER=arm-none-eabi-gcc" "ARCHIVER=arm-none-eabi-ar" "COMPILER_FLAGS=  -O2 -c" "EXTRA_COMPILER_FLAGS=-mcpu=cortex-a9 -mfpu=vfpv3 -mfloat-abi=hard -nostartfiles -g -Wall -Wextra"
"Running Make include in ps7_cortexa9_0/libsrc/standalone_v7_0/src"
make -C ps7_cortexa9_0/libsrc/standalone_v7_0/src -s include  "SHELL=CMD" "COMPILER=arm-none-eabi-gcc" "ARCHIVER=arm-none-eabi-ar" "COMPILER_FLAGS=  -O2 -c" "EXTRA_COMPILER_FLAGS=-mcpu=cortex-a9 -mfpu=vfpv3 -mfloat-abi=hard -nostartfiles -g -Wall -Wextra"
"Running Make include in ps7_cortexa9_0/libsrc/uartps_v3_7/src"
make -C ps7_cortexa9_0/libsrc/uartps_v3_7/src -s include  "SHELL=CMD" "COMPILER=arm-none-eabi-gcc" "ARCHIVER=arm-none-eabi-ar" "COMPILER_FLAGS=  -O2 -c" "EXTRA_COMPILER_FLAGS=-mcpu=cortex-a9 -mfpu=vfpv3 -mfloat-abi=hard -nostartfiles -g -Wall -Wextra"
"Running Make include in ps7_cortexa9_0/libsrc/xadcps_v2_3/src"
make -C ps7_cortexa9_0/libsrc/xadcps_v2_3/src -s include  "SHELL=CMD" "COMPILER=arm-none-eabi-gcc" "ARCHIVER=arm-none-eabi-ar" "COMPILER_FLAGS=  -O2 -c" "EXTRA_COMPILER_FLAGS=-mcpu=cortex-a9 -mfpu=vfpv3 -mfloat-abi=hard -nostartfiles -g -Wall -Wextra"
"Running Make libs in ps7_cortexa9_0/libsrc/coresightps_dcc_v1_5/src"
make -C ps7_cortexa9_0/libsrc/coresightps_dcc_v1_5/src -s libs  "SHELL=CMD" "COMPILER=arm-none-eabi-gcc" "ARCHIVER=arm-none-eabi-ar" "COMPILER_FLAGS=  -O2 -c" "EXTRA_COMPILER_FLAGS=-mcpu=cortex-a9 -mfpu=vfpv3 -mfloat-abi=hard -nostartfiles -g -Wall -Wextra"
"Compiling coresightps_dcc"
arm-none-eabi-ar: creating ../../../lib/libxil.a
"Running Make libs in ps7_cortexa9_0/libsrc/cpu_cortexa9_v2_7/src"
make -C ps7_cortexa9_0/libsrc/cpu_cortexa9_v2_7/src -s libs  "SHELL=CMD" "COMPILER=arm-none-eabi-gcc" "ARCHIVER=arm-none-eabi-ar" "COMPILER_FLAGS=  -O2 -c" "EXTRA_COMPILER_FLAGS=-mcpu=cortex-a9 -mfpu=vfpv3 -mfloat-abi=hard -nostartfiles -g -Wall -Wextra"
"Compiling cpu_cortexa9"
"Running Make libs in ps7_cortexa9_0/libsrc/ddrps_v1_0/src"
make -C ps7_cortexa9_0/libsrc/ddrps_v1_0/src -s libs  "SHELL=CMD" "COMPILER=arm-none-eabi-gcc" "ARCHIVER=arm-none-eabi-ar" "COMPILER_FLAGS=  -O2 -c" "EXTRA_COMPILER_FLAGS=-mcpu=cortex-a9 -mfpu=vfpv3 -mfloat-abi=hard -nostartfiles -g -Wall -Wextra"
"Compiling ddrps"
"Running Make libs in ps7_cortexa9_0/libsrc/devcfg_v3_5/src"
make -C ps7_cortexa9_0/libsrc/devcfg_v3_5/src -s libs  "SHELL=CMD" "COMPILER=arm-none-eabi-gcc" "ARCHIVER=arm-none-eabi-ar" "COMPILER_FLAGS=  -O2 -c" "EXTRA_COMPILER_FLAGS=-mcpu=cortex-a9 -mfpu=vfpv3 -mfloat-abi=hard -nostartfiles -g -Wall -Wextra"
"Compiling devcfg"
"Running Make libs in ps7_cortexa9_0/libsrc/dmaps_v2_4/src"
make -C ps7_cortexa9_0/libsrc/dmaps_v2_4/src -s libs  "SHELL=CMD" "COMPILER=arm-none-eabi-gcc" "ARCHIVER=arm-none-eabi-ar" "COMPILER_FLAGS=  -O2 -c" "EXTRA_COMPILER_FLAGS=-mcpu=cortex-a9 -mfpu=vfpv3 -mfloat-abi=hard -nostartfiles -g -Wall -Wextra"
"Compiling dmaps"
"Running Make libs in ps7_cortexa9_0/libsrc/scugic_v4_0/src"
make -C ps7_cortexa9_0/libsrc/scugic_v4_0/src -s libs  "SHELL=CMD" "COMPILER=arm-none-eabi-gcc" "ARCHIVER=arm-none-eabi-ar" "COMPILER_FLAGS=  -O2 -c" "EXTRA_COMPILER_FLAGS=-mcpu=cortex-a9 -mfpu=vfpv3 -mfloat-abi=hard -nostartfiles -g -Wall -Wextra"
"Compiling scugic"
"Running Make libs in ps7_cortexa9_0/libsrc/scutimer_v2_1/src"
make -C ps7_cortexa9_0/libsrc/scutimer_v2_1/src -s libs  "SHELL=CMD" "COMPILER=arm-none-eabi-gcc" "ARCHIVER=arm-none-eabi-ar" "COMPILER_FLAGS=  -O2 -c" "EXTRA_COMPILER_FLAGS=-mcpu=cortex-a9 -mfpu=vfpv3 -mfloat-abi=hard -nostartfiles -g -Wall -Wextra"
"Compiling scutimer"
"Running Make libs in ps7_cortexa9_0/libsrc/scuwdt_v2_1/src"
make -C ps7_cortexa9_0/libsrc/scuwdt_v2_1/src -s libs  "SHELL=CMD" "COMPILER=arm-none-eabi-gcc" "ARCHIVER=arm-none-eabi-ar" "COMPILER_FLAGS=  -O2 -c" "EXTRA_COMPILER_FLAGS=-mcpu=cortex-a9 -mfpu=vfpv3 -mfloat-abi=hard -nostartfiles -g -Wall -Wextra"
"Compiling scuwdt"
"Running Make libs in ps7_cortexa9_0/libsrc/standalone_v7_0/src"
make -C ps7_cortexa9_0/libsrc/standalone_v7_0/src -s libs  "SHELL=CMD" "COMPILER=arm-none-eabi-gcc" "ARCHIVER=arm-none-eabi-ar" "COMPILER_FLAGS=  -O2 -c" "EXTRA_COMPILER_FLAGS=-mcpu=cortex-a9 -mfpu=vfpv3 -mfloat-abi=hard -nostartfiles -g -Wall -Wextra"
"Compiling standalone"
In file included from usleep.c:56:
xtime_l.h:87:9: note: #pragma message: For the sleep routines, Global timer is being used
 #pragma message ("For the sleep routines, Global timer is being used")
         ^~~~~~~
In file included from xil_sleeptimer.c:51:
xtime_l.h:87:9: note: #pragma message: For the sleep routines, Global timer is being used
 #pragma message ("For the sleep routines, Global timer is being used")
         ^~~~~~~
In file included from xtime_l.c:49:
xtime_l.h:87:9: note: #pragma message: For the sleep routines, Global timer is being used
 #pragma message ("For the sleep routines, Global timer is being used")
         ^~~~~~~
In file included from sleep.c:53:
xtime_l.h:87:9: note: #pragma message: For the sleep routines, Global timer is being used
 #pragma message ("For the sleep routines, Global timer is being used")
         ^~~~~~~
"Running Make libs in ps7_cortexa9_0/libsrc/uartps_v3_7/src"
make -C ps7_cortexa9_0/libsrc/uartps_v3_7/src -s libs  "SHELL=CMD" "COMPILER=arm-none-eabi-gcc" "ARCHIVER=arm-none-eabi-ar" "COMPILER_FLAGS=  -O2 -c" "EXTRA_COMPILER_FLAGS=-mcpu=cortex-a9 -mfpu=vfpv3 -mfloat-abi=hard -nostartfiles -g -Wall -Wextra"
"Compiling uartps"
"Running Make libs in ps7_cortexa9_0/libsrc/xadcps_v2_3/src"
make -C ps7_cortexa9_0/libsrc/xadcps_v2_3/src -s libs  "SHELL=CMD" "COMPILER=arm-none-eabi-gcc" "ARCHIVER=arm-none-eabi-ar" "COMPILER_FLAGS=  -O2 -c" "EXTRA_COMPILER_FLAGS=-mcpu=cortex-a9 -mfpu=vfpv3 -mfloat-abi=hard -nostartfiles -g -Wall -Wextra"
"Compiling xadcps"
'Finished building libraries'
10:35:27 **** Auto Build of configuration Debug for project Lab_2_HW ****
make pre-build main-build 
a9-linaro-pre-build-step
' '
'Building file: ../src/helloworld.c'
'Invoking: ARM v7 gcc compiler'
arm-none-eabi-gcc -Wall -O0 -g3 -c -fmessage-length=0 -MT"src/helloworld.o" -mcpu=cortex-a9 -mfpu=vfpv3 -mfloat-abi=hard -I../../Lab_2_HW_bsp/ps7_cortexa9_0/include -MMD -MP -MF"src/helloworld.d" -MT"src/helloworld.o" -o "src/helloworld.o" "../src/helloworld.c"
In file included from ../src/helloworld.c:51:
../../Lab_2_HW_bsp/ps7_cortexa9_0/include/xtime_l.h:87:9: note: #pragma message: For the sleep routines, Global timer is being used
 #pragma message ("For the sleep routines, Global timer is being used")
         ^~~~~~~
'Finished building: ../src/helloworld.c'
' '
'Building file: ../src/platform.c'
'Invoking: ARM v7 gcc compiler'
arm-none-eabi-gcc -Wall -O0 -g3 -c -fmessage-length=0 -MT"src/platform.o" -mcpu=cortex-a9 -mfpu=vfpv3 -mfloat-abi=hard -I../../Lab_2_HW_bsp/ps7_cortexa9_0/include -MMD -MP -MF"src/platform.d" -MT"src/platform.o" -o "src/platform.o" "../src/platform.c"
'Finished building: ../src/platform.c'
' '
'Building target: Lab_2_HW.elf'
'Invoking: ARM v7 gcc linker'
arm-none-eabi-gcc -mcpu=cortex-a9 -mfpu=vfpv3 -mfloat-abi=hard -Wl,-build-id=none -specs=Xilinx.spec -Wl,-T -Wl,../src/lscript.ld -L../../Lab_2_HW_bsp/ps7_cortexa9_0/lib -o "Lab_2_HW.elf"  ./src/helloworld.o ./src/platform.o   -Wl,--start-group,-lxil,-lgcc,-lc,--end-group
'Finished building target: Lab_2_HW.elf'
' '
'Invoking: ARM v7 Print Size'
arm-none-eabi-size Lab_2_HW.elf  |tee "Lab_2_HW.elf.size"
   text	   data	    bss	    dec	    hex	filename
  58616	   2584	  23328	  84528	  14a30	Lab_2_HW.elf
'Finished building: Lab_2_HW.elf.size'
' '
10:35:41 **** Incremental Build of configuration Debug for project Lab_2_HW ****
make pre-build main-build 
a9-linaro-pre-build-step
' '
make: Nothing to be done for 'main-build'.
18:51:27 **** Auto Build of configuration Debug for project Lab_2_HW ****
make pre-build main-build 
a9-linaro-pre-build-step
' '
'Building file: ../src/helloworld.c'
'Invoking: ARM v7 gcc compiler'
arm-none-eabi-gcc -Wall -O0 -g3 -c -fmessage-length=0 -MT"src/helloworld.o" -mcpu=cortex-a9 -mfpu=vfpv3 -mfloat-abi=hard -I../../Lab_2_HW_bsp/ps7_cortexa9_0/include -MMD -MP -MF"src/helloworld.d" -MT"src/helloworld.o" -o "src/helloworld.o" "../src/helloworld.c"
In file included from ../src/helloworld.c:51:
../../Lab_2_HW_bsp/ps7_cortexa9_0/include/xtime_l.h:87:9: note: #pragma message: For the sleep routines, Global timer is being used
 #pragma message ("For the sleep routines, Global timer is being used")
         ^~~~~~~
../src/helloworld.c:62:13: error: conflicting types for 'FIR_COEFF_1_Float'
 const float FIR_COEFF_1_Float[FIR_Size_2] = {1.0,2.0,3.0,4.0,5.0,6.0,7.0,8.0,9.0,10.0,11.0,12.0,12.0,11.0,10.0,9.0,8.0,7.0,6.0,5.0,4.0,3.0,2.0,1.0}; // Filter Coefficients of 24 Size and float datatype
             ^~~~~~~~~~~~~~~~~
../src/helloworld.c:61:13: note: previous definition of 'FIR_COEFF_1_Float' was here
 const float FIR_COEFF_1_Float[FIR_Size_1] = {1.0,2.0,3.0,4.0,5.0,6.0,7.0,8.0,8.0,7.0,6.0,5.0,4.0,3.0,2.0,1.0}; // Filter Coefficients of 16 Size and float datatype
             ^~~~~~~~~~~~~~~~~
../src/helloworld.c: In function 'FIR_PS_Direct':
../src/helloworld.c:70:22: warning: comparison between pointer and integer
   for (index1=0;index<FIR_Size;index1++){
                      ^
../src/helloworld.c: In function 'FIR_PS_Direct1':
../src/helloworld.c:94:22: warning: comparison between pointer and integer
   for (index1=0;index<FIR_Size;index1++){
                      ^
../src/helloworld.c: In function 'FIR_PS_Sym':
../src/helloworld.c:113:22: warning: comparison between pointer and integer
   for (index1=0;index<FIR_Size;index1++){
                      ^
../src/helloworld.c: In function 'FIR_PS_Direct_Float':
../src/helloworld.c:138:22: warning: comparison between pointer and integer
   for (index1=0;index<FIR_Size;index1++){
                      ^
../src/helloworld.c: In function 'FIR_PS_Direct1_Float':
../src/helloworld.c:162:22: warning: comparison between pointer and integer
   for (index1=0;index<FIR_Size;index1++){
                      ^
../src/helloworld.c: In function 'FIR_PS_Sym_Float':
../src/helloworld.c:181:22: warning: comparison between pointer and integer
   for (index1=0;index<FIR_Size;index1++){
                      ^
../src/helloworld.c: At top level:
../src/helloworld.c:201:43: error: 'FIR_SIZE' undeclared here (not in a function); did you mean 'FIR_Size'?
 void Time_Int(int FIR_Size, int FIR_COEFF[FIR_SIZE], const char Function_Type, void FIR_Function){
                                           ^~~~~~~~
                                           FIR_Size
../src/helloworld.c:201:85: error: parameter 4 ('FIR_Function') has incomplete type
 void Time_Int(int FIR_Size, int FIR_COEFF[FIR_SIZE], const char Function_Type, void FIR_Function){
                                                                                ~~~~~^~~~~~~~~~~~
../src/helloworld.c: In function 'Time_Int':
../src/helloworld.c:216:16: warning: format '%s' expects argument of type 'char *', but argument 2 has type 'int' [-Wformat=]
     printf("\n%s Filter (Size = %d):\n", Function_Type, FIR_Size);
               ~^                         ~~~~~~~~~~~~~
               %d
../src/helloworld.c:218:33: error: 'time_PS_end' undeclared (first use in this function); did you mean 'time_end'?
  time_processor = (float)1.0 * (time_PS_end - time_PS_start) / (COUNTS_PER_SECOND/1000000);
                                 ^~~~~~~~~~~
                                 time_end
../src/helloworld.c:218:33: note: each undeclared identifier is reported only once for each function it appears in
../src/helloworld.c:218:47: error: 'time_PS_start' undeclared (first use in this function); did you mean 'time_start'?
  time_processor = (float)1.0 * (time_PS_end - time_PS_start) / (COUNTS_PER_SECOND/1000000);
                                               ^~~~~~~~~~~~~
                                               time_start
../src/helloworld.c: At top level:
../src/helloworld.c:222:45: error: 'FIR_SIZE' undeclared here (not in a function); did you mean 'FIR_Size'?
 void Time_Float(int FIR_Size, int FIR_COEFF[FIR_SIZE], const char Function_Type, void FIR_Function){
                                             ^~~~~~~~
                                             FIR_Size
../src/helloworld.c:222:87: error: parameter 4 ('FIR_Function') has incomplete type
 void Time_Float(int FIR_Size, int FIR_COEFF[FIR_SIZE], const char Function_Type, void FIR_Function){
                                                                                  ~~~~~^~~~~~~~~~~~
../src/helloworld.c: In function 'Time_Float':
../src/helloworld.c:238:16: warning: format '%s' expects argument of type 'char *', but argument 2 has type 'int' [-Wformat=]
     printf("\n%s Filter (Size = %d):\n", Function_Type, FIR_Size);
               ~^                         ~~~~~~~~~~~~~
               %d
../src/helloworld.c:240:33: error: 'time_PS_end' undeclared (first use in this function); did you mean 'time_end'?
  time_processor = (float)1.0 * (time_PS_end - time_PS_start) / (COUNTS_PER_SECOND/1000000);
                                 ^~~~~~~~~~~
                                 time_end
../src/helloworld.c:240:47: error: 'time_PS_start' undeclared (first use in this function); did you mean 'time_start'?
  time_processor = (float)1.0 * (time_PS_end - time_PS_start) / (COUNTS_PER_SECOND/1000000);
                                               ^~~~~~~~~~~~~
                                               time_start
../src/helloworld.c: In function 'main':
../src/helloworld.c:262:17: warning: passing argument 1 of 'FIR_PS_Sym' makes integer from pointer without a cast [-Wint-conversion]
      FIR_PS_Sym(FIR_input, FIR_output); // Call PS implementation of FIR
                 ^~~~~~~~~
../src/helloworld.c:109:21: note: expected 'int' but argument is of type 'int *'
 void FIR_PS_Sym(int FIR_Size, int FIR_COEFF[FIR_Size], int FIR_input[FIR_Data_Size], int FIR_output[FIR_Data_Size])
                 ~~~~^~~~~~~~
../src/helloworld.c:262:6: error: too few arguments to function 'FIR_PS_Sym'
      FIR_PS_Sym(FIR_input, FIR_output); // Call PS implementation of FIR
      ^~~~~~~~~~
../src/helloworld.c:109:6: note: declared here
 void FIR_PS_Sym(int FIR_Size, int FIR_COEFF[FIR_Size], int FIR_input[FIR_Data_Size], int FIR_output[FIR_Data_Size])
      ^~~~~~~~~~
../src/helloworld.c:266:74: error: 'FIR_Size' undeclared (first use in this function); did you mean 'FIR_Size_2'?
     printf("\n FIR output (Filter Order = %d and Input Size = %d : \r\n",FIR_Size,FIR_Data_Size);
                                                                          ^~~~~~~~
                                                                          FIR_Size_2
make: *** [src/subdir.mk:26: src/helloworld.o] Error 1
18:52:02 **** Auto Build of configuration Debug for project Lab_2_HW ****
make pre-build main-build 
a9-linaro-pre-build-step
' '
'Building file: ../src/helloworld.c'
'Invoking: ARM v7 gcc compiler'
arm-none-eabi-gcc -Wall -O0 -g3 -c -fmessage-length=0 -MT"src/helloworld.o" -mcpu=cortex-a9 -mfpu=vfpv3 -mfloat-abi=hard -I../../Lab_2_HW_bsp/ps7_cortexa9_0/include -MMD -MP -MF"src/helloworld.d" -MT"src/helloworld.o" -o "src/helloworld.o" "../src/helloworld.c"
In file included from ../src/helloworld.c:51:
../../Lab_2_HW_bsp/ps7_cortexa9_0/include/xtime_l.h:87:9: note: #pragma message: For the sleep routines, Global timer is being used
 #pragma message ("For the sleep routines, Global timer is being used")
         ^~~~~~~
../src/helloworld.c:62:13: error: conflicting types for 'FIR_COEFF_1_Float'
 const float FIR_COEFF_1_Float[FIR_Size_2] = {1.0,2.0,3.0,4.0,5.0,6.0,7.0,8.0,9.0,10.0,11.0,12.0,12.0,11.0,10.0,9.0,8.0,7.0,6.0,5.0,4.0,3.0,2.0,1.0}; // Filter Coefficients of 24 Size and float datatype
             ^~~~~~~~~~~~~~~~~
../src/helloworld.c:61:13: note: previous definition of 'FIR_COEFF_1_Float' was here
 const float FIR_COEFF_1_Float[FIR_Size_1] = {1.0,2.0,3.0,4.0,5.0,6.0,7.0,8.0,8.0,7.0,6.0,5.0,4.0,3.0,2.0,1.0}; // Filter Coefficients of 16 Size and float datatype
             ^~~~~~~~~~~~~~~~~
../src/helloworld.c: In function 'FIR_PS_Direct':
../src/helloworld.c:70:22: warning: comparison between pointer and integer
   for (index1=0;index<FIR_Size;index1++){
                      ^
../src/helloworld.c: In function 'FIR_PS_Direct1':
../src/helloworld.c:94:22: warning: comparison between pointer and integer
   for (index1=0;index<FIR_Size;index1++){
                      ^
../src/helloworld.c: In function 'FIR_PS_Sym':
../src/helloworld.c:113:22: warning: comparison between pointer and integer
   for (index1=0;index<FIR_Size;index1++){
                      ^
../src/helloworld.c: In function 'FIR_PS_Direct_Float':
../src/helloworld.c:138:22: warning: comparison between pointer and integer
   for (index1=0;index<FIR_Size;index1++){
                      ^
../src/helloworld.c: In function 'FIR_PS_Direct1_Float':
../src/helloworld.c:162:22: warning: comparison between pointer and integer
   for (index1=0;index<FIR_Size;index1++){
                      ^
../src/helloworld.c: In function 'FIR_PS_Sym_Float':
../src/helloworld.c:181:22: warning: comparison between pointer and integer
   for (index1=0;index<FIR_Size;index1++){
                      ^
../src/helloworld.c: At top level:
../src/helloworld.c:201:43: error: 'FIR_SIZE' undeclared here (not in a function); did you mean 'FIR_Size'?
 void Time_Int(int FIR_Size, int FIR_COEFF[FIR_SIZE], const char Function_Type, void FIR_Function){
                                           ^~~~~~~~
                                           FIR_Size
../src/helloworld.c:201:85: error: parameter 4 ('FIR_Function') has incomplete type
 void Time_Int(int FIR_Size, int FIR_COEFF[FIR_SIZE], const char Function_Type, void FIR_Function){
                                                                                ~~~~~^~~~~~~~~~~~
../src/helloworld.c: In function 'Time_Int':
../src/helloworld.c:211:20: error: 'time_start' undeclared (first use in this function); did you mean 'time_PS_start'?
     XTime_GetTime(&time_start);
                    ^~~~~~~~~~
                    time_PS_start
../src/helloworld.c:211:20: note: each undeclared identifier is reported only once for each function it appears in
../src/helloworld.c:213:20: error: 'time_end' undeclared (first use in this function); did you mean 'time_PS_end'?
     XTime_GetTime(&time_end);
                    ^~~~~~~~
                    time_PS_end
../src/helloworld.c:216:16: warning: format '%s' expects argument of type 'char *', but argument 2 has type 'int' [-Wformat=]
     printf("\n%s Filter (Size = %d):\n", Function_Type, FIR_Size);
               ~^                         ~~~~~~~~~~~~~
               %d
../src/helloworld.c: At top level:
../src/helloworld.c:222:45: error: 'FIR_SIZE' undeclared here (not in a function); did you mean 'FIR_Size'?
 void Time_Float(int FIR_Size, int FIR_COEFF[FIR_SIZE], const char Function_Type, void FIR_Function){
                                             ^~~~~~~~
                                             FIR_Size
../src/helloworld.c:222:87: error: parameter 4 ('FIR_Function') has incomplete type
 void Time_Float(int FIR_Size, int FIR_COEFF[FIR_SIZE], const char Function_Type, void FIR_Function){
                                                                                  ~~~~~^~~~~~~~~~~~
../src/helloworld.c: In function 'Time_Float':
../src/helloworld.c:233:20: error: 'time_start' undeclared (first use in this function); did you mean 'time_PS_start'?
     XTime_GetTime(&time_start);
                    ^~~~~~~~~~
                    time_PS_start
../src/helloworld.c:235:20: error: 'time_end' undeclared (first use in this function); did you mean 'time_PS_end'?
     XTime_GetTime(&time_end);
                    ^~~~~~~~
                    time_PS_end
../src/helloworld.c:238:16: warning: format '%s' expects argument of type 'char *', but argument 2 has type 'int' [-Wformat=]
     printf("\n%s Filter (Size = %d):\n", Function_Type, FIR_Size);
               ~^                         ~~~~~~~~~~~~~
               %d
../src/helloworld.c: In function 'main':
../src/helloworld.c:262:17: warning: passing argument 1 of 'FIR_PS_Sym' makes integer from pointer without a cast [-Wint-conversion]
      FIR_PS_Sym(FIR_input, FIR_output); // Call PS implementation of FIR
                 ^~~~~~~~~
../src/helloworld.c:109:21: note: expected 'int' but argument is of type 'int *'
 void FIR_PS_Sym(int FIR_Size, int FIR_COEFF[FIR_Size], int FIR_input[FIR_Data_Size], int FIR_output[FIR_Data_Size])
                 ~~~~^~~~~~~~
../src/helloworld.c:262:6: error: too few arguments to function 'FIR_PS_Sym'
      FIR_PS_Sym(FIR_input, FIR_output); // Call PS implementation of FIR
      ^~~~~~~~~~
../src/helloworld.c:109:6: note: declared here
 void FIR_PS_Sym(int FIR_Size, int FIR_COEFF[FIR_Size], int FIR_input[FIR_Data_Size], int FIR_output[FIR_Data_Size])
      ^~~~~~~~~~
../src/helloworld.c:266:74: error: 'FIR_Size' undeclared (first use in this function); did you mean 'FIR_Size_2'?
     printf("\n FIR output (Filter Order = %d and Input Size = %d : \r\n",FIR_Size,FIR_Data_Size);
                                                                          ^~~~~~~~
                                                                          FIR_Size_2
make: *** [src/subdir.mk:26: src/helloworld.o] Error 1
18:52:20 **** Auto Build of configuration Debug for project Lab_2_HW ****
make pre-build main-build 
a9-linaro-pre-build-step
' '
'Building file: ../src/helloworld.c'
'Invoking: ARM v7 gcc compiler'
arm-none-eabi-gcc -Wall -O0 -g3 -c -fmessage-length=0 -MT"src/helloworld.o" -mcpu=cortex-a9 -mfpu=vfpv3 -mfloat-abi=hard -I../../Lab_2_HW_bsp/ps7_cortexa9_0/include -MMD -MP -MF"src/helloworld.d" -MT"src/helloworld.o" -o "src/helloworld.o" "../src/helloworld.c"
In file included from ../src/helloworld.c:51:
../../Lab_2_HW_bsp/ps7_cortexa9_0/include/xtime_l.h:87:9: note: #pragma message: For the sleep routines, Global timer is being used
 #pragma message ("For the sleep routines, Global timer is being used")
         ^~~~~~~
../src/helloworld.c:62:13: error: conflicting types for 'FIR_COEFF_1_Float'
 const float FIR_COEFF_1_Float[FIR_Size_2] = {1.0,2.0,3.0,4.0,5.0,6.0,7.0,8.0,9.0,10.0,11.0,12.0,12.0,11.0,10.0,9.0,8.0,7.0,6.0,5.0,4.0,3.0,2.0,1.0}; // Filter Coefficients of 24 Size and float datatype
             ^~~~~~~~~~~~~~~~~
../src/helloworld.c:61:13: note: previous definition of 'FIR_COEFF_1_Float' was here
 const float FIR_COEFF_1_Float[FIR_Size_1] = {1.0,2.0,3.0,4.0,5.0,6.0,7.0,8.0,8.0,7.0,6.0,5.0,4.0,3.0,2.0,1.0}; // Filter Coefficients of 16 Size and float datatype
             ^~~~~~~~~~~~~~~~~
../src/helloworld.c: In function 'FIR_PS_Direct':
../src/helloworld.c:70:22: warning: comparison between pointer and integer
   for (index1=0;index<FIR_Size;index1++){
                      ^
../src/helloworld.c: In function 'FIR_PS_Direct1':
../src/helloworld.c:94:22: warning: comparison between pointer and integer
   for (index1=0;index<FIR_Size;index1++){
                      ^
../src/helloworld.c: In function 'FIR_PS_Sym':
../src/helloworld.c:113:22: warning: comparison between pointer and integer
   for (index1=0;index<FIR_Size;index1++){
                      ^
../src/helloworld.c: In function 'FIR_PS_Direct_Float':
../src/helloworld.c:138:22: warning: comparison between pointer and integer
   for (index1=0;index<FIR_Size;index1++){
                      ^
../src/helloworld.c: In function 'FIR_PS_Direct1_Float':
../src/helloworld.c:162:22: warning: comparison between pointer and integer
   for (index1=0;index<FIR_Size;index1++){
                      ^
../src/helloworld.c: In function 'FIR_PS_Sym_Float':
../src/helloworld.c:181:22: warning: comparison between pointer and integer
   for (index1=0;index<FIR_Size;index1++){
                      ^
../src/helloworld.c: At top level:
../src/helloworld.c:201:43: error: 'FIR_SIZE' undeclared here (not in a function); did you mean 'FIR_Size'?
 void Time_Int(int FIR_Size, int FIR_COEFF[FIR_SIZE], const char Function_Type, void FIR_Function){
                                           ^~~~~~~~
                                           FIR_Size
../src/helloworld.c:201:85: error: parameter 4 ('FIR_Function') has incomplete type
 void Time_Int(int FIR_Size, int FIR_COEFF[FIR_SIZE], const char Function_Type, void FIR_Function){
                                                                                ~~~~~^~~~~~~~~~~~
../src/helloworld.c: In function 'Time_Int':
../src/helloworld.c:216:16: warning: format '%s' expects argument of type 'char *', but argument 2 has type 'int' [-Wformat=]
     printf("\n%s Filter (Size = %d):\n", Function_Type, FIR_Size);
               ~^                         ~~~~~~~~~~~~~
               %d
../src/helloworld.c: At top level:
../src/helloworld.c:222:45: error: 'FIR_SIZE' undeclared here (not in a function); did you mean 'FIR_Size'?
 void Time_Float(int FIR_Size, int FIR_COEFF[FIR_SIZE], const char Function_Type, void FIR_Function){
                                             ^~~~~~~~
                                             FIR_Size
../src/helloworld.c:222:87: error: parameter 4 ('FIR_Function') has incomplete type
 void Time_Float(int FIR_Size, int FIR_COEFF[FIR_SIZE], const char Function_Type, void FIR_Function){
                                                                                  ~~~~~^~~~~~~~~~~~
../src/helloworld.c: In function 'Time_Float':
../src/helloworld.c:238:16: warning: format '%s' expects argument of type 'char *', but argument 2 has type 'int' [-Wformat=]
     printf("\n%s Filter (Size = %d):\n", Function_Type, FIR_Size);
               ~^                         ~~~~~~~~~~~~~
               %d
../src/helloworld.c: In function 'main':
../src/helloworld.c:262:17: warning: passing argument 1 of 'FIR_PS_Sym' makes integer from pointer without a cast [-Wint-conversion]
      FIR_PS_Sym(FIR_input, FIR_output); // Call PS implementation of FIR
                 ^~~~~~~~~
../src/helloworld.c:109:21: note: expected 'int' but argument is of type 'int *'
 void FIR_PS_Sym(int FIR_Size, int FIR_COEFF[FIR_Size], int FIR_input[FIR_Data_Size], int FIR_output[FIR_Data_Size])
                 ~~~~^~~~~~~~
../src/helloworld.c:262:6: error: too few arguments to function 'FIR_PS_Sym'
      FIR_PS_Sym(FIR_input, FIR_output); // Call PS implementation of FIR
      ^~~~~~~~~~
../src/helloworld.c:109:6: note: declared here
 void FIR_PS_Sym(int FIR_Size, int FIR_COEFF[FIR_Size], int FIR_input[FIR_Data_Size], int FIR_output[FIR_Data_Size])
      ^~~~~~~~~~
../src/helloworld.c:266:74: error: 'FIR_Size' undeclared (first use in this function); did you mean 'FIR_Size_2'?
     printf("\n FIR output (Filter Order = %d and Input Size = %d : \r\n",FIR_Size,FIR_Data_Size);
                                                                          ^~~~~~~~
                                                                          FIR_Size_2
../src/helloworld.c:266:74: note: each undeclared identifier is reported only once for each function it appears in
make: *** [src/subdir.mk:26: src/helloworld.o] Error 1
18:54:47 **** Auto Build of configuration Debug for project Lab_2_HW ****
make pre-build main-build 
a9-linaro-pre-build-step
' '
'Building file: ../src/helloworld.c'
'Invoking: ARM v7 gcc compiler'
arm-none-eabi-gcc -Wall -O0 -g3 -c -fmessage-length=0 -MT"src/helloworld.o" -mcpu=cortex-a9 -mfpu=vfpv3 -mfloat-abi=hard -I../../Lab_2_HW_bsp/ps7_cortexa9_0/include -MMD -MP -MF"src/helloworld.d" -MT"src/helloworld.o" -o "src/helloworld.o" "../src/helloworld.c"
In file included from ../src/helloworld.c:51:
../../Lab_2_HW_bsp/ps7_cortexa9_0/include/xtime_l.h:87:9: note: #pragma message: For the sleep routines, Global timer is being used
 #pragma message ("For the sleep routines, Global timer is being used")
         ^~~~~~~
../src/helloworld.c: In function 'FIR_PS_Direct':
../src/helloworld.c:70:22: warning: comparison between pointer and integer
   for (index1=0;index<FIR_Size;index1++){
                      ^
../src/helloworld.c: In function 'FIR_PS_Direct1':
../src/helloworld.c:94:22: warning: comparison between pointer and integer
   for (index1=0;index<FIR_Size;index1++){
                      ^
../src/helloworld.c: In function 'FIR_PS_Sym':
../src/helloworld.c:113:22: warning: comparison between pointer and integer
   for (index1=0;index<FIR_Size;index1++){
                      ^
../src/helloworld.c: In function 'FIR_PS_Direct_Float':
../src/helloworld.c:138:22: warning: comparison between pointer and integer
   for (index1=0;index<FIR_Size;index1++){
                      ^
../src/helloworld.c: In function 'FIR_PS_Direct1_Float':
../src/helloworld.c:162:22: warning: comparison between pointer and integer
   for (index1=0;index<FIR_Size;index1++){
                      ^
../src/helloworld.c: In function 'FIR_PS_Sym_Float':
../src/helloworld.c:181:22: warning: comparison between pointer and integer
   for (index1=0;index<FIR_Size;index1++){
                      ^
../src/helloworld.c: At top level:
../src/helloworld.c:201:43: error: 'FIR_SIZE' undeclared here (not in a function); did you mean 'FIR_Size'?
 void Time_Int(int FIR_Size, int FIR_COEFF[FIR_SIZE], const char Function_Type, void FIR_Function){
                                           ^~~~~~~~
                                           FIR_Size
../src/helloworld.c:201:85: error: parameter 4 ('FIR_Function') has incomplete type
 void Time_Int(int FIR_Size, int FIR_COEFF[FIR_SIZE], const char Function_Type, void FIR_Function){
                                                                                ~~~~~^~~~~~~~~~~~
../src/helloworld.c: In function 'Time_Int':
../src/helloworld.c:216:16: warning: format '%s' expects argument of type 'char *', but argument 2 has type 'int' [-Wformat=]
     printf("\n%s Filter (Size = %d):\n", Function_Type, FIR_Size);
               ~^                         ~~~~~~~~~~~~~
               %d
../src/helloworld.c: At top level:
../src/helloworld.c:222:45: error: 'FIR_SIZE' undeclared here (not in a function); did you mean 'FIR_Size'?
 void Time_Float(int FIR_Size, int FIR_COEFF[FIR_SIZE], const char Function_Type, void FIR_Function){
                                             ^~~~~~~~
                                             FIR_Size
../src/helloworld.c:222:87: error: parameter 4 ('FIR_Function') has incomplete type
 void Time_Float(int FIR_Size, int FIR_COEFF[FIR_SIZE], const char Function_Type, void FIR_Function){
                                                                                  ~~~~~^~~~~~~~~~~~
../src/helloworld.c: In function 'Time_Float':
../src/helloworld.c:238:16: warning: format '%s' expects argument of type 'char *', but argument 2 has type 'int' [-Wformat=]
     printf("\n%s Filter (Size = %d):\n", Function_Type, FIR_Size);
               ~^                         ~~~~~~~~~~~~~
               %d
../src/helloworld.c: In function 'main':
../src/helloworld.c:262:17: warning: passing argument 1 of 'FIR_PS_Sym' makes integer from pointer without a cast [-Wint-conversion]
      FIR_PS_Sym(FIR_input, FIR_output); // Call PS implementation of FIR
                 ^~~~~~~~~
../src/helloworld.c:109:21: note: expected 'int' but argument is of type 'int *'
 void FIR_PS_Sym(int FIR_Size, int FIR_COEFF[FIR_Size], int FIR_input[FIR_Data_Size], int FIR_output[FIR_Data_Size])
                 ~~~~^~~~~~~~
../src/helloworld.c:262:6: error: too few arguments to function 'FIR_PS_Sym'
      FIR_PS_Sym(FIR_input, FIR_output); // Call PS implementation of FIR
      ^~~~~~~~~~
../src/helloworld.c:109:6: note: declared here
 void FIR_PS_Sym(int FIR_Size, int FIR_COEFF[FIR_Size], int FIR_input[FIR_Data_Size], int FIR_output[FIR_Data_Size])
      ^~~~~~~~~~
../src/helloworld.c:266:74: error: 'FIR_Size' undeclared (first use in this function); did you mean 'FIR_Size_2'?
     printf("\n FIR output (Filter Order = %d and Input Size = %d : \r\n",FIR_Size,FIR_Data_Size);
                                                                          ^~~~~~~~
                                                                          FIR_Size_2
../src/helloworld.c:266:74: note: each undeclared identifier is reported only once for each function it appears in
make: *** [src/subdir.mk:26: src/helloworld.o] Error 1
18:55:05 **** Auto Build of configuration Debug for project Lab_2_HW ****
make pre-build main-build 
a9-linaro-pre-build-step
' '
'Building file: ../src/helloworld.c'
'Invoking: ARM v7 gcc compiler'
arm-none-eabi-gcc -Wall -O0 -g3 -c -fmessage-length=0 -MT"src/helloworld.o" -mcpu=cortex-a9 -mfpu=vfpv3 -mfloat-abi=hard -I../../Lab_2_HW_bsp/ps7_cortexa9_0/include -MMD -MP -MF"src/helloworld.d" -MT"src/helloworld.o" -o "src/helloworld.o" "../src/helloworld.c"
In file included from ../src/helloworld.c:51:
../../Lab_2_HW_bsp/ps7_cortexa9_0/include/xtime_l.h:87:9: note: #pragma message: For the sleep routines, Global timer is being used
 #pragma message ("For the sleep routines, Global timer is being used")
         ^~~~~~~
../src/helloworld.c: In function 'FIR_PS_Direct':
../src/helloworld.c:70:22: warning: comparison between pointer and integer
   for (index1=0;index<FIR_Size;index1++){
                      ^
../src/helloworld.c: In function 'FIR_PS_Direct1':
../src/helloworld.c:94:22: warning: comparison between pointer and integer
   for (index1=0;index<FIR_Size;index1++){
                      ^
../src/helloworld.c: In function 'FIR_PS_Sym':
../src/helloworld.c:113:22: warning: comparison between pointer and integer
   for (index1=0;index<FIR_Size;index1++){
                      ^
../src/helloworld.c: In function 'FIR_PS_Direct_Float':
../src/helloworld.c:138:22: warning: comparison between pointer and integer
   for (index1=0;index<FIR_Size;index1++){
                      ^
../src/helloworld.c: In function 'FIR_PS_Direct1_Float':
../src/helloworld.c:162:22: warning: comparison between pointer and integer
   for (index1=0;index<FIR_Size;index1++){
                      ^
../src/helloworld.c: In function 'FIR_PS_Sym_Float':
../src/helloworld.c:181:22: warning: comparison between pointer and integer
   for (index1=0;index<FIR_Size;index1++){
                      ^
../src/helloworld.c: At top level:
../src/helloworld.c:201:43: error: 'FIR_SIZE' undeclared here (not in a function); did you mean 'FIR_Size'?
 void Time_Int(int FIR_Size, int FIR_COEFF[FIR_SIZE], const char Function_Type, void FIR_Function()){
                                           ^~~~~~~~
                                           FIR_Size
../src/helloworld.c: In function 'Time_Int':
../src/helloworld.c:216:16: warning: format '%s' expects argument of type 'char *', but argument 2 has type 'int' [-Wformat=]
     printf("\n%s Filter (Size = %d):\n", Function_Type, FIR_Size);
               ~^                         ~~~~~~~~~~~~~
               %d
../src/helloworld.c: At top level:
../src/helloworld.c:222:45: error: 'FIR_SIZE' undeclared here (not in a function); did you mean 'FIR_Size'?
 void Time_Float(int FIR_Size, int FIR_COEFF[FIR_SIZE], const char Function_Type, void FIR_Function){
                                             ^~~~~~~~
                                             FIR_Size
../src/helloworld.c:222:87: error: parameter 4 ('FIR_Function') has incomplete type
 void Time_Float(int FIR_Size, int FIR_COEFF[FIR_SIZE], const char Function_Type, void FIR_Function){
                                                                                  ~~~~~^~~~~~~~~~~~
../src/helloworld.c: In function 'Time_Float':
../src/helloworld.c:238:16: warning: format '%s' expects argument of type 'char *', but argument 2 has type 'int' [-Wformat=]
     printf("\n%s Filter (Size = %d):\n", Function_Type, FIR_Size);
               ~^                         ~~~~~~~~~~~~~
               %d
../src/helloworld.c: In function 'main':
../src/helloworld.c:262:17: warning: passing argument 1 of 'FIR_PS_Sym' makes integer from pointer without a cast [-Wint-conversion]
      FIR_PS_Sym(FIR_input, FIR_output); // Call PS implementation of FIR
                 ^~~~~~~~~
../src/helloworld.c:109:21: note: expected 'int' but argument is of type 'int *'
 void FIR_PS_Sym(int FIR_Size, int FIR_COEFF[FIR_Size], int FIR_input[FIR_Data_Size], int FIR_output[FIR_Data_Size])
                 ~~~~^~~~~~~~
../src/helloworld.c:262:6: error: too few arguments to function 'FIR_PS_Sym'
      FIR_PS_Sym(FIR_input, FIR_output); // Call PS implementation of FIR
      ^~~~~~~~~~
../src/helloworld.c:109:6: note: declared here
 void FIR_PS_Sym(int FIR_Size, int FIR_COEFF[FIR_Size], int FIR_input[FIR_Data_Size], int FIR_output[FIR_Data_Size])
      ^~~~~~~~~~
../src/helloworld.c:266:74: error: 'FIR_Size' undeclared (first use in this function); did you mean 'FIR_Size_2'?
     printf("\n FIR output (Filter Order = %d and Input Size = %d : \r\n",FIR_Size,FIR_Data_Size);
                                                                          ^~~~~~~~
                                                                          FIR_Size_2
../src/helloworld.c:266:74: note: each undeclared identifier is reported only once for each function it appears in
make: *** [src/subdir.mk:26: src/helloworld.o] Error 1
18:56:44 **** Auto Build of configuration Debug for project Lab_2_HW ****
make pre-build main-build 
a9-linaro-pre-build-step
' '
'Building file: ../src/helloworld.c'
'Invoking: ARM v7 gcc compiler'
arm-none-eabi-gcc -Wall -O0 -g3 -c -fmessage-length=0 -MT"src/helloworld.o" -mcpu=cortex-a9 -mfpu=vfpv3 -mfloat-abi=hard -I../../Lab_2_HW_bsp/ps7_cortexa9_0/include -MMD -MP -MF"src/helloworld.d" -MT"src/helloworld.o" -o "src/helloworld.o" "../src/helloworld.c"
In file included from ../src/helloworld.c:51:
../../Lab_2_HW_bsp/ps7_cortexa9_0/include/xtime_l.h:87:9: note: #pragma message: For the sleep routines, Global timer is being used
 #pragma message ("For the sleep routines, Global timer is being used")
         ^~~~~~~
../src/helloworld.c: In function 'FIR_PS_Direct':
../src/helloworld.c:70:22: warning: comparison between pointer and integer
   for (index1=0;index<FIR_Size;index1++){
                      ^
../src/helloworld.c: In function 'FIR_PS_Direct1':
../src/helloworld.c:94:22: warning: comparison between pointer and integer
   for (index1=0;index<FIR_Size;index1++){
                      ^
../src/helloworld.c: In function 'FIR_PS_Sym':
../src/helloworld.c:113:22: warning: comparison between pointer and integer
   for (index1=0;index<FIR_Size;index1++){
                      ^
../src/helloworld.c: In function 'FIR_PS_Direct_Float':
../src/helloworld.c:138:22: warning: comparison between pointer and integer
   for (index1=0;index<FIR_Size;index1++){
                      ^
../src/helloworld.c: In function 'FIR_PS_Direct1_Float':
../src/helloworld.c:162:22: warning: comparison between pointer and integer
   for (index1=0;index<FIR_Size;index1++){
                      ^
../src/helloworld.c: In function 'FIR_PS_Sym_Float':
../src/helloworld.c:181:22: warning: comparison between pointer and integer
   for (index1=0;index<FIR_Size;index1++){
                      ^
../src/helloworld.c: At top level:
../src/helloworld.c:201:43: error: 'FIR_SIZE' undeclared here (not in a function); did you mean 'FIR_Size'?
 void Time_Int(int FIR_Size, int FIR_COEFF[FIR_SIZE], const char Function_Type, void (*FIR_Function)(const int *, int, int *, int *)){
                                           ^~~~~~~~
                                           FIR_Size
../src/helloworld.c: In function 'Time_Int':
../src/helloworld.c:212:18: warning: passing argument 1 of 'FIR_Function' makes pointer from integer without a cast [-Wint-conversion]
     FIR_Function(FIR_Size, FIR_COEFF, FIR_input, FIR_output);
                  ^~~~~~~~
../src/helloworld.c:212:18: note: expected 'const int *' but argument is of type 'int'
../src/helloworld.c:216:16: warning: format '%s' expects argument of type 'char *', but argument 2 has type 'int' [-Wformat=]
     printf("\n%s Filter (Size = %d):\n", Function_Type, FIR_Size);
               ~^                         ~~~~~~~~~~~~~
               %d
../src/helloworld.c: At top level:
../src/helloworld.c:222:45: error: 'FIR_SIZE' undeclared here (not in a function); did you mean 'FIR_Size'?
 void Time_Float(int FIR_Size, int FIR_COEFF[FIR_SIZE], const char Function_Type, void FIR_Function){
                                             ^~~~~~~~
                                             FIR_Size
../src/helloworld.c:222:87: error: parameter 4 ('FIR_Function') has incomplete type
 void Time_Float(int FIR_Size, int FIR_COEFF[FIR_SIZE], const char Function_Type, void FIR_Function){
                                                                                  ~~~~~^~~~~~~~~~~~
../src/helloworld.c: In function 'Time_Float':
../src/helloworld.c:238:16: warning: format '%s' expects argument of type 'char *', but argument 2 has type 'int' [-Wformat=]
     printf("\n%s Filter (Size = %d):\n", Function_Type, FIR_Size);
               ~^                         ~~~~~~~~~~~~~
               %d
../src/helloworld.c: In function 'main':
../src/helloworld.c:262:17: warning: passing argument 1 of 'FIR_PS_Sym' makes integer from pointer without a cast [-Wint-conversion]
      FIR_PS_Sym(FIR_input, FIR_output); // Call PS implementation of FIR
                 ^~~~~~~~~
../src/helloworld.c:109:21: note: expected 'int' but argument is of type 'int *'
 void FIR_PS_Sym(int FIR_Size, int FIR_COEFF[FIR_Size], int FIR_input[FIR_Data_Size], int FIR_output[FIR_Data_Size])
                 ~~~~^~~~~~~~
../src/helloworld.c:262:6: error: too few arguments to function 'FIR_PS_Sym'
      FIR_PS_Sym(FIR_input, FIR_output); // Call PS implementation of FIR
      ^~~~~~~~~~
../src/helloworld.c:109:6: note: declared here
 void FIR_PS_Sym(int FIR_Size, int FIR_COEFF[FIR_Size], int FIR_input[FIR_Data_Size], int FIR_output[FIR_Data_Size])
      ^~~~~~~~~~
../src/helloworld.c:266:74: error: 'FIR_Size' undeclared (first use in this function); did you mean 'FIR_Size_2'?
     printf("\n FIR output (Filter Order = %d and Input Size = %d : \r\n",FIR_Size,FIR_Data_Size);
                                                                          ^~~~~~~~
                                                                          FIR_Size_2
../src/helloworld.c:266:74: note: each undeclared identifier is reported only once for each function it appears in
make: *** [src/subdir.mk:26: src/helloworld.o] Error 1
18:57:00 **** Auto Build of configuration Debug for project Lab_2_HW ****
make pre-build main-build 
a9-linaro-pre-build-step
' '
'Building file: ../src/helloworld.c'
'Invoking: ARM v7 gcc compiler'
arm-none-eabi-gcc -Wall -O0 -g3 -c -fmessage-length=0 -MT"src/helloworld.o" -mcpu=cortex-a9 -mfpu=vfpv3 -mfloat-abi=hard -I../../Lab_2_HW_bsp/ps7_cortexa9_0/include -MMD -MP -MF"src/helloworld.d" -MT"src/helloworld.o" -o "src/helloworld.o" "../src/helloworld.c"
In file included from ../src/helloworld.c:51:
../../Lab_2_HW_bsp/ps7_cortexa9_0/include/xtime_l.h:87:9: note: #pragma message: For the sleep routines, Global timer is being used
 #pragma message ("For the sleep routines, Global timer is being used")
         ^~~~~~~
../src/helloworld.c: In function 'FIR_PS_Direct':
../src/helloworld.c:70:22: warning: comparison between pointer and integer
   for (index1=0;index<FIR_Size;index1++){
                      ^
../src/helloworld.c: In function 'FIR_PS_Direct1':
../src/helloworld.c:94:22: warning: comparison between pointer and integer
   for (index1=0;index<FIR_Size;index1++){
                      ^
../src/helloworld.c: In function 'FIR_PS_Sym':
../src/helloworld.c:113:22: warning: comparison between pointer and integer
   for (index1=0;index<FIR_Size;index1++){
                      ^
../src/helloworld.c: In function 'FIR_PS_Direct_Float':
../src/helloworld.c:138:22: warning: comparison between pointer and integer
   for (index1=0;index<FIR_Size;index1++){
                      ^
../src/helloworld.c: In function 'FIR_PS_Direct1_Float':
../src/helloworld.c:162:22: warning: comparison between pointer and integer
   for (index1=0;index<FIR_Size;index1++){
                      ^
../src/helloworld.c: In function 'FIR_PS_Sym_Float':
../src/helloworld.c:181:22: warning: comparison between pointer and integer
   for (index1=0;index<FIR_Size;index1++){
                      ^
../src/helloworld.c: At top level:
../src/helloworld.c:201:43: error: 'FIR_SIZE' undeclared here (not in a function); did you mean 'FIR_Size'?
 void Time_Int(int FIR_Size, int FIR_COEFF[FIR_SIZE], const char Function_Type, void (*FIR_Function)(const int, int *, int *, int *)){
                                           ^~~~~~~~
                                           FIR_Size
../src/helloworld.c: In function 'Time_Int':
../src/helloworld.c:216:16: warning: format '%s' expects argument of type 'char *', but argument 2 has type 'int' [-Wformat=]
     printf("\n%s Filter (Size = %d):\n", Function_Type, FIR_Size);
               ~^                         ~~~~~~~~~~~~~
               %d
../src/helloworld.c: At top level:
../src/helloworld.c:222:45: error: 'FIR_SIZE' undeclared here (not in a function); did you mean 'FIR_Size'?
 void Time_Float(int FIR_Size, int FIR_COEFF[FIR_SIZE], const char Function_Type, void FIR_Function){
                                             ^~~~~~~~
                                             FIR_Size
../src/helloworld.c:222:87: error: parameter 4 ('FIR_Function') has incomplete type
 void Time_Float(int FIR_Size, int FIR_COEFF[FIR_SIZE], const char Function_Type, void FIR_Function){
                                                                                  ~~~~~^~~~~~~~~~~~
../src/helloworld.c: In function 'Time_Float':
../src/helloworld.c:238:16: warning: format '%s' expects argument of type 'char *', but argument 2 has type 'int' [-Wformat=]
     printf("\n%s Filter (Size = %d):\n", Function_Type, FIR_Size);
               ~^                         ~~~~~~~~~~~~~
               %d
../src/helloworld.c: In function 'main':
../src/helloworld.c:262:17: warning: passing argument 1 of 'FIR_PS_Sym' makes integer from pointer without a cast [-Wint-conversion]
      FIR_PS_Sym(FIR_input, FIR_output); // Call PS implementation of FIR
                 ^~~~~~~~~
../src/helloworld.c:109:21: note: expected 'int' but argument is of type 'int *'
 void FIR_PS_Sym(int FIR_Size, int FIR_COEFF[FIR_Size], int FIR_input[FIR_Data_Size], int FIR_output[FIR_Data_Size])
                 ~~~~^~~~~~~~
../src/helloworld.c:262:6: error: too few arguments to function 'FIR_PS_Sym'
      FIR_PS_Sym(FIR_input, FIR_output); // Call PS implementation of FIR
      ^~~~~~~~~~
../src/helloworld.c:109:6: note: declared here
 void FIR_PS_Sym(int FIR_Size, int FIR_COEFF[FIR_Size], int FIR_input[FIR_Data_Size], int FIR_output[FIR_Data_Size])
      ^~~~~~~~~~
../src/helloworld.c:266:74: error: 'FIR_Size' undeclared (first use in this function); did you mean 'FIR_Size_2'?
     printf("\n FIR output (Filter Order = %d and Input Size = %d : \r\n",FIR_Size,FIR_Data_Size);
                                                                          ^~~~~~~~
                                                                          FIR_Size_2
../src/helloworld.c:266:74: note: each undeclared identifier is reported only once for each function it appears in
make: *** [src/subdir.mk:26: src/helloworld.o] Error 1
18:58:23 **** Auto Build of configuration Debug for project Lab_2_HW ****
make pre-build main-build 
a9-linaro-pre-build-step
' '
'Building file: ../src/helloworld.c'
'Invoking: ARM v7 gcc compiler'
arm-none-eabi-gcc -Wall -O0 -g3 -c -fmessage-length=0 -MT"src/helloworld.o" -mcpu=cortex-a9 -mfpu=vfpv3 -mfloat-abi=hard -I../../Lab_2_HW_bsp/ps7_cortexa9_0/include -MMD -MP -MF"src/helloworld.d" -MT"src/helloworld.o" -o "src/helloworld.o" "../src/helloworld.c"
In file included from ../src/helloworld.c:51:
../../Lab_2_HW_bsp/ps7_cortexa9_0/include/xtime_l.h:87:9: note: #pragma message: For the sleep routines, Global timer is being used
 #pragma message ("For the sleep routines, Global timer is being used")
         ^~~~~~~
../src/helloworld.c: In function 'FIR_PS_Direct':
../src/helloworld.c:70:22: warning: comparison between pointer and integer
   for (index1=0;index<FIR_Size;index1++){
                      ^
../src/helloworld.c: In function 'FIR_PS_Direct1':
../src/helloworld.c:94:22: warning: comparison between pointer and integer
   for (index1=0;index<FIR_Size;index1++){
                      ^
../src/helloworld.c: In function 'FIR_PS_Sym':
../src/helloworld.c:113:22: warning: comparison between pointer and integer
   for (index1=0;index<FIR_Size;index1++){
                      ^
../src/helloworld.c: In function 'FIR_PS_Direct_Float':
../src/helloworld.c:138:22: warning: comparison between pointer and integer
   for (index1=0;index<FIR_Size;index1++){
                      ^
../src/helloworld.c: In function 'FIR_PS_Direct1_Float':
../src/helloworld.c:162:22: warning: comparison between pointer and integer
   for (index1=0;index<FIR_Size;index1++){
                      ^
../src/helloworld.c: In function 'FIR_PS_Sym_Float':
../src/helloworld.c:181:22: warning: comparison between pointer and integer
   for (index1=0;index<FIR_Size;index1++){
                      ^
../src/helloworld.c: In function 'Time_Int':
../src/helloworld.c:216:16: warning: format '%s' expects argument of type 'char *', but argument 2 has type 'int' [-Wformat=]
     printf("\n%s Filter (Size = %d):\n", Function_Type, FIR_Size);
               ~^                         ~~~~~~~~~~~~~
               %d
../src/helloworld.c: At top level:
../src/helloworld.c:222:87: error: parameter 4 ('FIR_Function') has incomplete type
 void Time_Float(int FIR_Size, int FIR_COEFF[FIR_Size], const char Function_Type, void FIR_Function){
                                                                                  ~~~~~^~~~~~~~~~~~
../src/helloworld.c: In function 'Time_Float':
../src/helloworld.c:238:16: warning: format '%s' expects argument of type 'char *', but argument 2 has type 'int' [-Wformat=]
     printf("\n%s Filter (Size = %d):\n", Function_Type, FIR_Size);
               ~^                         ~~~~~~~~~~~~~
               %d
../src/helloworld.c: In function 'main':
../src/helloworld.c:262:17: warning: passing argument 1 of 'FIR_PS_Sym' makes integer from pointer without a cast [-Wint-conversion]
      FIR_PS_Sym(FIR_input, FIR_output); // Call PS implementation of FIR
                 ^~~~~~~~~
../src/helloworld.c:109:21: note: expected 'int' but argument is of type 'int *'
 void FIR_PS_Sym(int FIR_Size, int FIR_COEFF[FIR_Size], int FIR_input[FIR_Data_Size], int FIR_output[FIR_Data_Size])
                 ~~~~^~~~~~~~
../src/helloworld.c:262:6: error: too few arguments to function 'FIR_PS_Sym'
      FIR_PS_Sym(FIR_input, FIR_output); // Call PS implementation of FIR
      ^~~~~~~~~~
../src/helloworld.c:109:6: note: declared here
 void FIR_PS_Sym(int FIR_Size, int FIR_COEFF[FIR_Size], int FIR_input[FIR_Data_Size], int FIR_output[FIR_Data_Size])
      ^~~~~~~~~~
../src/helloworld.c:266:74: error: 'FIR_Size' undeclared (first use in this function); did you mean 'FIR_Size_2'?
     printf("\n FIR output (Filter Order = %d and Input Size = %d : \r\n",FIR_Size,FIR_Data_Size);
                                                                          ^~~~~~~~
                                                                          FIR_Size_2
../src/helloworld.c:266:74: note: each undeclared identifier is reported only once for each function it appears in
make: *** [src/subdir.mk:26: src/helloworld.o] Error 1
18:59:12 **** Auto Build of configuration Debug for project Lab_2_HW ****
make pre-build main-build 
a9-linaro-pre-build-step
' '
'Building file: ../src/helloworld.c'
'Invoking: ARM v7 gcc compiler'
arm-none-eabi-gcc -Wall -O0 -g3 -c -fmessage-length=0 -MT"src/helloworld.o" -mcpu=cortex-a9 -mfpu=vfpv3 -mfloat-abi=hard -I../../Lab_2_HW_bsp/ps7_cortexa9_0/include -MMD -MP -MF"src/helloworld.d" -MT"src/helloworld.o" -o "src/helloworld.o" "../src/helloworld.c"
In file included from ../src/helloworld.c:51:
../../Lab_2_HW_bsp/ps7_cortexa9_0/include/xtime_l.h:87:9: note: #pragma message: For the sleep routines, Global timer is being used
 #pragma message ("For the sleep routines, Global timer is being used")
         ^~~~~~~
../src/helloworld.c: In function 'FIR_PS_Direct':
../src/helloworld.c:70:22: warning: comparison between pointer and integer
   for (index1=0;index<FIR_Size;index1++){
                      ^
../src/helloworld.c: In function 'FIR_PS_Direct1':
../src/helloworld.c:94:22: warning: comparison between pointer and integer
   for (index1=0;index<FIR_Size;index1++){
                      ^
../src/helloworld.c: In function 'FIR_PS_Sym':
../src/helloworld.c:113:22: warning: comparison between pointer and integer
   for (index1=0;index<FIR_Size;index1++){
                      ^
../src/helloworld.c: In function 'FIR_PS_Direct_Float':
../src/helloworld.c:138:22: warning: comparison between pointer and integer
   for (index1=0;index<FIR_Size;index1++){
                      ^
../src/helloworld.c: In function 'FIR_PS_Direct1_Float':
../src/helloworld.c:162:22: warning: comparison between pointer and integer
   for (index1=0;index<FIR_Size;index1++){
                      ^
../src/helloworld.c: In function 'FIR_PS_Sym_Float':
../src/helloworld.c:181:22: warning: comparison between pointer and integer
   for (index1=0;index<FIR_Size;index1++){
                      ^
../src/helloworld.c: In function 'Time_Int':
../src/helloworld.c:216:16: warning: format '%s' expects argument of type 'char *', but argument 2 has type 'int' [-Wformat=]
     printf("\n%s Filter (Size = %d):\n", Function_Type, FIR_Size);
               ~^                         ~~~~~~~~~~~~~
               %d
../src/helloworld.c: In function 'Time_Float':
../src/helloworld.c:234:39: warning: passing argument 3 of 'FIR_Function' from incompatible pointer type [-Wincompatible-pointer-types]
     FIR_Function(FIR_Size, FIR_COEFF, FIR_input, FIR_output);
                                       ^~~~~~~~~
../src/helloworld.c:234:39: note: expected 'int *' but argument is of type 'float *'
../src/helloworld.c:234:50: warning: passing argument 4 of 'FIR_Function' from incompatible pointer type [-Wincompatible-pointer-types]
     FIR_Function(FIR_Size, FIR_COEFF, FIR_input, FIR_output);
                                                  ^~~~~~~~~~
../src/helloworld.c:234:50: note: expected 'int *' but argument is of type 'float *'
../src/helloworld.c:238:16: warning: format '%s' expects argument of type 'char *', but argument 2 has type 'int' [-Wformat=]
     printf("\n%s Filter (Size = %d):\n", Function_Type, FIR_Size);
               ~^                         ~~~~~~~~~~~~~
               %d
../src/helloworld.c: In function 'main':
../src/helloworld.c:262:17: warning: passing argument 1 of 'FIR_PS_Sym' makes integer from pointer without a cast [-Wint-conversion]
      FIR_PS_Sym(FIR_input, FIR_output); // Call PS implementation of FIR
                 ^~~~~~~~~
../src/helloworld.c:109:21: note: expected 'int' but argument is of type 'int *'
 void FIR_PS_Sym(int FIR_Size, int FIR_COEFF[FIR_Size], int FIR_input[FIR_Data_Size], int FIR_output[FIR_Data_Size])
                 ~~~~^~~~~~~~
../src/helloworld.c:262:6: error: too few arguments to function 'FIR_PS_Sym'
      FIR_PS_Sym(FIR_input, FIR_output); // Call PS implementation of FIR
      ^~~~~~~~~~
../src/helloworld.c:109:6: note: declared here
 void FIR_PS_Sym(int FIR_Size, int FIR_COEFF[FIR_Size], int FIR_input[FIR_Data_Size], int FIR_output[FIR_Data_Size])
      ^~~~~~~~~~
../src/helloworld.c:266:74: error: 'FIR_Size' undeclared (first use in this function); did you mean 'FIR_Size_2'?
     printf("\n FIR output (Filter Order = %d and Input Size = %d : \r\n",FIR_Size,FIR_Data_Size);
                                                                          ^~~~~~~~
                                                                          FIR_Size_2
../src/helloworld.c:266:74: note: each undeclared identifier is reported only once for each function it appears in
make: *** [src/subdir.mk:26: src/helloworld.o] Error 1
19:00:40 **** Auto Build of configuration Debug for project Lab_2_HW ****
make pre-build main-build 
a9-linaro-pre-build-step
' '
'Building file: ../src/helloworld.c'
'Invoking: ARM v7 gcc compiler'
arm-none-eabi-gcc -Wall -O0 -g3 -c -fmessage-length=0 -MT"src/helloworld.o" -mcpu=cortex-a9 -mfpu=vfpv3 -mfloat-abi=hard -I../../Lab_2_HW_bsp/ps7_cortexa9_0/include -MMD -MP -MF"src/helloworld.d" -MT"src/helloworld.o" -o "src/helloworld.o" "../src/helloworld.c"
In file included from ../src/helloworld.c:51:
../../Lab_2_HW_bsp/ps7_cortexa9_0/include/xtime_l.h:87:9: note: #pragma message: For the sleep routines, Global timer is being used
 #pragma message ("For the sleep routines, Global timer is being used")
         ^~~~~~~
../src/helloworld.c: In function 'FIR_PS_Direct':
../src/helloworld.c:70:22: warning: comparison between pointer and integer
   for (index1=0;index<FIR_Size;index1++){
                      ^
../src/helloworld.c: In function 'FIR_PS_Direct1':
../src/helloworld.c:94:22: warning: comparison between pointer and integer
   for (index1=0;index<FIR_Size;index1++){
                      ^
../src/helloworld.c: In function 'FIR_PS_Sym':
../src/helloworld.c:113:22: warning: comparison between pointer and integer
   for (index1=0;index<FIR_Size;index1++){
                      ^
../src/helloworld.c: In function 'FIR_PS_Direct_Float':
../src/helloworld.c:138:22: warning: comparison between pointer and integer
   for (index1=0;index<FIR_Size;index1++){
                      ^
../src/helloworld.c: In function 'FIR_PS_Direct1_Float':
../src/helloworld.c:162:22: warning: comparison between pointer and integer
   for (index1=0;index<FIR_Size;index1++){
                      ^
../src/helloworld.c: In function 'FIR_PS_Sym_Float':
../src/helloworld.c:181:22: warning: comparison between pointer and integer
   for (index1=0;index<FIR_Size;index1++){
                      ^
../src/helloworld.c: In function 'Time_Int':
../src/helloworld.c:216:16: warning: format '%s' expects argument of type 'char *', but argument 2 has type 'int' [-Wformat=]
     printf("\n%s Filter (Size = %d):\n", Function_Type, FIR_Size);
               ~^                         ~~~~~~~~~~~~~
               %d
../src/helloworld.c: In function 'Time_Float':
../src/helloworld.c:234:39: warning: passing argument 3 of 'FIR_Function' from incompatible pointer type [-Wincompatible-pointer-types]
     FIR_Function(FIR_Size, FIR_COEFF, FIR_input, FIR_output);
                                       ^~~~~~~~~
../src/helloworld.c:234:39: note: expected 'int *' but argument is of type 'float *'
../src/helloworld.c:234:50: warning: passing argument 4 of 'FIR_Function' from incompatible pointer type [-Wincompatible-pointer-types]
     FIR_Function(FIR_Size, FIR_COEFF, FIR_input, FIR_output);
                                                  ^~~~~~~~~~
../src/helloworld.c:234:50: note: expected 'int *' but argument is of type 'float *'
../src/helloworld.c:238:16: warning: format '%s' expects argument of type 'char *', but argument 2 has type 'int' [-Wformat=]
     printf("\n%s Filter (Size = %d):\n", Function_Type, FIR_Size);
               ~^                         ~~~~~~~~~~~~~
               %d
'Finished building: ../src/helloworld.c'
' '
'Building target: Lab_2_HW.elf'
'Invoking: ARM v7 gcc linker'
arm-none-eabi-gcc -mcpu=cortex-a9 -mfpu=vfpv3 -mfloat-abi=hard -Wl,-build-id=none -specs=Xilinx.spec -Wl,-T -Wl,../src/lscript.ld -L../../Lab_2_HW_bsp/ps7_cortexa9_0/lib -o "Lab_2_HW.elf"  ./src/helloworld.o ./src/platform.o   -Wl,--start-group,-lxil,-lgcc,-lc,--end-group
'Finished building target: Lab_2_HW.elf'
' '
'Invoking: ARM v7 Print Size'
arm-none-eabi-size Lab_2_HW.elf  |tee "Lab_2_HW.elf.size"
   text	   data	    bss	    dec	    hex	filename
  61552	   2584	  23328	  87464	  155a8	Lab_2_HW.elf
'Finished building: Lab_2_HW.elf.size'
' '
19:05:06 **** Auto Build of configuration Debug for project Lab_2_HW ****
make pre-build main-build 
a9-linaro-pre-build-step
' '
'Building file: ../src/helloworld.c'
'Invoking: ARM v7 gcc compiler'
arm-none-eabi-gcc -Wall -O0 -g3 -c -fmessage-length=0 -MT"src/helloworld.o" -mcpu=cortex-a9 -mfpu=vfpv3 -mfloat-abi=hard -I../../Lab_2_HW_bsp/ps7_cortexa9_0/include -MMD -MP -MF"src/helloworld.d" -MT"src/helloworld.o" -o "src/helloworld.o" "../src/helloworld.c"
In file included from ../src/helloworld.c:51:
../../Lab_2_HW_bsp/ps7_cortexa9_0/include/xtime_l.h:87:9: note: #pragma message: For the sleep routines, Global timer is being used
 #pragma message ("For the sleep routines, Global timer is being used")
         ^~~~~~~
../src/helloworld.c: In function 'FIR_PS_Direct':
../src/helloworld.c:70:22: warning: comparison between pointer and integer
   for (index1=0;index<FIR_Size;index1++){
                      ^
../src/helloworld.c: In function 'FIR_PS_Direct1':
../src/helloworld.c:94:22: warning: comparison between pointer and integer
   for (index1=0;index<FIR_Size;index1++){
                      ^
../src/helloworld.c: In function 'FIR_PS_Sym':
../src/helloworld.c:113:22: warning: comparison between pointer and integer
   for (index1=0;index<FIR_Size;index1++){
                      ^
../src/helloworld.c: In function 'FIR_PS_Direct_Float':
../src/helloworld.c:138:22: warning: comparison between pointer and integer
   for (index1=0;index<FIR_Size;index1++){
                      ^
../src/helloworld.c: In function 'FIR_PS_Direct1_Float':
../src/helloworld.c:162:22: warning: comparison between pointer and integer
   for (index1=0;index<FIR_Size;index1++){
                      ^
../src/helloworld.c: In function 'FIR_PS_Sym_Float':
../src/helloworld.c:181:22: warning: comparison between pointer and integer
   for (index1=0;index<FIR_Size;index1++){
                      ^
../src/helloworld.c: In function 'Time_Int':
../src/helloworld.c:216:16: warning: format '%s' expects argument of type 'char *', but argument 2 has type 'int' [-Wformat=]
     printf("\n%s Filter (Size = %d):\n", Function_Type, FIR_Size);
               ~^                         ~~~~~~~~~~~~~
               %d
../src/helloworld.c: In function 'Time_Float':
../src/helloworld.c:234:39: warning: passing argument 3 of 'FIR_Function' from incompatible pointer type [-Wincompatible-pointer-types]
     FIR_Function(FIR_Size, FIR_COEFF, FIR_input, FIR_output);
                                       ^~~~~~~~~
../src/helloworld.c:234:39: note: expected 'int *' but argument is of type 'float *'
../src/helloworld.c:234:50: warning: passing argument 4 of 'FIR_Function' from incompatible pointer type [-Wincompatible-pointer-types]
     FIR_Function(FIR_Size, FIR_COEFF, FIR_input, FIR_output);
                                                  ^~~~~~~~~~
../src/helloworld.c:234:50: note: expected 'int *' but argument is of type 'float *'
../src/helloworld.c:238:16: warning: format '%s' expects argument of type 'char *', but argument 2 has type 'int' [-Wformat=]
     printf("\n%s Filter (Size = %d):\n", Function_Type, FIR_Size);
               ~^                         ~~~~~~~~~~~~~
               %d
../src/helloworld.c: In function 'main':
../src/helloworld.c:249:25: warning: passing argument 2 of 'Time_Int' discards 'const' qualifier from pointer target type [-Wdiscarded-qualifiers]
     Time_Int(FIR_Size_1,FIR_COEFF_1,"Unoptimized",FIR_PS_Direct);
                         ^~~~~~~~~~~
../src/helloworld.c:201:33: note: expected 'int *' but argument is of type 'const int *'
 void Time_Int(int FIR_Size, int FIR_COEFF[FIR_Size], const char Function_Type, void (*FIR_Function)(const int, int *, int *, int *)){
                             ~~~~^~~~~~~~~~~~~~~~~~~
../src/helloworld.c:249:37: warning: passing argument 3 of 'Time_Int' makes integer from pointer without a cast [-Wint-conversion]
     Time_Int(FIR_Size_1,FIR_COEFF_1,"Unoptimized",FIR_PS_Direct);
                                     ^~~~~~~~~~~~~
../src/helloworld.c:201:65: note: expected 'char' but argument is of type 'char *'
 void Time_Int(int FIR_Size, int FIR_COEFF[FIR_Size], const char Function_Type, void (*FIR_Function)(const int, int *, int *, int *)){
                                                      ~~~~~~~~~~~^~~~~~~~~~~~~
../src/helloworld.c:250:25: warning: passing argument 2 of 'Time_Int' discards 'const' qualifier from pointer target type [-Wdiscarded-qualifiers]
     Time_Int(FIR_Size_1,FIR_COEFF_2,"Unoptimized",FIR_PS_Direct);
                         ^~~~~~~~~~~
../src/helloworld.c:201:33: note: expected 'int *' but argument is of type 'const int *'
 void Time_Int(int FIR_Size, int FIR_COEFF[FIR_Size], const char Function_Type, void (*FIR_Function)(const int, int *, int *, int *)){
                             ~~~~^~~~~~~~~~~~~~~~~~~
../src/helloworld.c:250:37: warning: passing argument 3 of 'Time_Int' makes integer from pointer without a cast [-Wint-conversion]
     Time_Int(FIR_Size_1,FIR_COEFF_2,"Unoptimized",FIR_PS_Direct);
                                     ^~~~~~~~~~~~~
../src/helloworld.c:201:65: note: expected 'char' but argument is of type 'char *'
 void Time_Int(int FIR_Size, int FIR_COEFF[FIR_Size], const char Function_Type, void (*FIR_Function)(const int, int *, int *, int *)){
                                                      ~~~~~~~~~~~^~~~~~~~~~~~~
../src/helloworld.c:252:25: warning: passing argument 2 of 'Time_Int' discards 'const' qualifier from pointer target type [-Wdiscarded-qualifiers]
     Time_Int(FIR_Size_1,FIR_COEFF_1,"Bit Optimized",FIR_PS_Direct1);
                         ^~~~~~~~~~~
../src/helloworld.c:201:33: note: expected 'int *' but argument is of type 'const int *'
 void Time_Int(int FIR_Size, int FIR_COEFF[FIR_Size], const char Function_Type, void (*FIR_Function)(const int, int *, int *, int *)){
                             ~~~~^~~~~~~~~~~~~~~~~~~
../src/helloworld.c:252:37: warning: passing argument 3 of 'Time_Int' makes integer from pointer without a cast [-Wint-conversion]
     Time_Int(FIR_Size_1,FIR_COEFF_1,"Bit Optimized",FIR_PS_Direct1);
                                     ^~~~~~~~~~~~~~~
../src/helloworld.c:201:65: note: expected 'char' but argument is of type 'char *'
[...]
../src/helloworld.c:286:55: warning: passing argument 3 of 'Time_Float' discards 'const' qualifier from pointer target type [-Wdiscarded-qualifiers]
     Time_Float("Bit Optimized", FIR_PS_Direct1_Float, FIR_COEFF_2_Float, FIR_Size_2);
                                                       ^~~~~~~~~~~~~~~~~
../src/helloworld.c:236:102: note: expected 'float *' but argument is of type 'const float *'
 void Time_Float(const char *filter_name, void (*FIR_function)(int, float[], float[], float[]), float FIR_COEFF[], int FIR_Size)
                                                                                                ~~~~~~^~~~~~~~~~~
../src/helloworld.c:287:56: warning: passing argument 3 of 'Time_Float' discards 'const' qualifier from pointer target type [-Wdiscarded-qualifiers]
     Time_Float("Symmetry Optimized", FIR_PS_Sym_Float, FIR_COEFF_2_Float, FIR_Size_2);
                                                        ^~~~~~~~~~~~~~~~~
../src/helloworld.c:236:102: note: expected 'float *' but argument is of type 'const float *'
 void Time_Float(const char *filter_name, void (*FIR_function)(int, float[], float[], float[]), float FIR_COEFF[], int FIR_Size)
                                                                                                ~~~~~~^~~~~~~~~~~
'Finished building: ../src/helloworld.c'
' '
'Building target: Lab_2_HW.elf'
'Invoking: ARM v7 gcc linker'
arm-none-eabi-gcc -mcpu=cortex-a9 -mfpu=vfpv3 -mfloat-abi=hard -Wl,-build-id=none -specs=Xilinx.spec -Wl,-T -Wl,../src/lscript.ld -L../../Lab_2_HW_bsp/ps7_cortexa9_0/lib -o "Lab_2_HW.elf"  ./src/helloworld.o ./src/platform.o   -Wl,--start-group,-lxil,-lgcc,-lc,--end-group
'Finished building target: Lab_2_HW.elf'
' '
'Invoking: ARM v7 Print Size'
arm-none-eabi-size Lab_2_HW.elf  |tee "Lab_2_HW.elf.size"
   text	   data	    bss	    dec	    hex	filename
  62536	   2584	  23328	  88448	  15980	Lab_2_HW.elf
'Finished building: Lab_2_HW.elf.size'
' '
15:05:53 **** Incremental Build of configuration Debug for project Lab_2_HW ****
make pre-build main-build 
a9-linaro-pre-build-step
' '
make: Nothing to be done for 'main-build'.
19:48:57 **** Auto Build of configuration Debug for project Lab_2_HW ****
make pre-build main-build 
a9-linaro-pre-build-step
' '
'Building file: ../src/helloworld.c'
'Invoking: ARM v7 gcc compiler'
arm-none-eabi-gcc -Wall -O0 -g3 -c -fmessage-length=0 -MT"src/helloworld.o" -mcpu=cortex-a9 -mfpu=vfpv3 -mfloat-abi=hard -I../../Lab_2_HW_bsp/ps7_cortexa9_0/include -MMD -MP -MF"src/helloworld.d" -MT"src/helloworld.o" -o "src/helloworld.o" "../src/helloworld.c"
In file included from ../src/helloworld.c:51:
../../Lab_2_HW_bsp/ps7_cortexa9_0/include/xtime_l.h:87:9: note: #pragma message: For the sleep routines, Global timer is being used
 #pragma message ("For the sleep routines, Global timer is being used")
         ^~~~~~~
../src/helloworld.c: In function 'main':
../src/helloworld.c:269:44: warning: passing argument 3 of 'Time_Int' discards 'const' qualifier from pointer target type [-Wdiscarded-qualifiers]
     Time_Int("Unoptimized", FIR_PS_Direct, FIR_COEFF_1, FIR_Size_1);
                                            ^~~~~~~~~~~
../src/helloworld.c:208:92: note: expected 'int *' but argument is of type 'const int *'
 void Time_Int(const char *filter_name, void (*FIR_function)(int, int[], int[], int[]), int FIR_COEFF[], int FIR_Size)
                                                                                        ~~~~^~~~~~~~~~~
../src/helloworld.c:270:47: warning: passing argument 3 of 'Time_Int' discards 'const' qualifier from pointer target type [-Wdiscarded-qualifiers]
     Time_Int("Bit Optimized", FIR_PS_Direct1, FIR_COEFF_1, FIR_Size_1);
                                               ^~~~~~~~~~~
../src/helloworld.c:208:92: note: expected 'int *' but argument is of type 'const int *'
 void Time_Int(const char *filter_name, void (*FIR_function)(int, int[], int[], int[]), int FIR_COEFF[], int FIR_Size)
                                                                                        ~~~~^~~~~~~~~~~
../src/helloworld.c:271:48: warning: passing argument 3 of 'Time_Int' discards 'const' qualifier from pointer target type [-Wdiscarded-qualifiers]
     Time_Int("Symmetry Optimized", FIR_PS_Sym, FIR_COEFF_1, FIR_Size_1);
                                                ^~~~~~~~~~~
../src/helloworld.c:208:92: note: expected 'int *' but argument is of type 'const int *'
 void Time_Int(const char *filter_name, void (*FIR_function)(int, int[], int[], int[]), int FIR_COEFF[], int FIR_Size)
                                                                                        ~~~~^~~~~~~~~~~
../src/helloworld.c:274:44: warning: passing argument 3 of 'Time_Int' discards 'const' qualifier from pointer target type [-Wdiscarded-qualifiers]
     Time_Int("Unoptimized", FIR_PS_Direct, FIR_COEFF_2, FIR_Size_2);
                                            ^~~~~~~~~~~
../src/helloworld.c:208:92: note: expected 'int *' but argument is of type 'const int *'
 void Time_Int(const char *filter_name, void (*FIR_function)(int, int[], int[], int[]), int FIR_COEFF[], int FIR_Size)
                                                                                        ~~~~^~~~~~~~~~~
../src/helloworld.c:275:47: warning: passing argument 3 of 'Time_Int' discards 'const' qualifier from pointer target type [-Wdiscarded-qualifiers]
     Time_Int("Bit Optimized", FIR_PS_Direct1, FIR_COEFF_2, FIR_Size_2);
                                               ^~~~~~~~~~~
../src/helloworld.c:208:92: note: expected 'int *' but argument is of type 'const int *'
 void Time_Int(const char *filter_name, void (*FIR_function)(int, int[], int[], int[]), int FIR_COEFF[], int FIR_Size)
                                                                                        ~~~~^~~~~~~~~~~
../src/helloworld.c:276:48: warning: passing argument 3 of 'Time_Int' discards 'const' qualifier from pointer target type [-Wdiscarded-qualifiers]
     Time_Int("Symmetry Optimized", FIR_PS_Sym, FIR_COEFF_2, FIR_Size_2);
                                                ^~~~~~~~~~~
../src/helloworld.c:208:92: note: expected 'int *' but argument is of type 'const int *'
 void Time_Int(const char *filter_name, void (*FIR_function)(int, int[], int[], int[]), int FIR_COEFF[], int FIR_Size)
                                                                                        ~~~~^~~~~~~~~~~
../src/helloworld.c:280:52: warning: passing argument 3 of 'Time_Float' discards 'const' qualifier from pointer target type [-Wdiscarded-qualifiers]
     Time_Float("Unoptimized", FIR_PS_Direct_Float, FIR_COEFF_1_Float, FIR_Size_1);
                                                    ^~~~~~~~~~~~~~~~~
../src/helloworld.c:236:102: note: expected 'float *' but argument is of type 'const float *'
 void Time_Float(const char *filter_name, void (*FIR_function)(int, float[], float[], float[]), float FIR_COEFF[], int FIR_Size)
                                                                                                ~~~~~~^~~~~~~~~~~
../src/helloworld.c:281:55: warning: passing argument 3 of 'Time_Float' discards 'const' qualifier from pointer target type [-Wdiscarded-qualifiers]
     Time_Float("Bit Optimized", FIR_PS_Direct1_Float, FIR_COEFF_1_Float, FIR_Size_1);
                                                       ^~~~~~~~~~~~~~~~~
../src/helloworld.c:236:102: note: expected 'float *' but argument is of type 'const float *'
 void Time_Float(const char *filter_name, void (*FIR_function)(int, float[], float[], float[]), float FIR_COEFF[], int FIR_Size)
                                                                                                ~~~~~~^~~~~~~~~~~
../src/helloworld.c:282:56: warning: passing argument 3 of 'Time_Float' discards 'const' qualifier from pointer target type [-Wdiscarded-qualifiers]
     Time_Float("Symmetry Optimized", FIR_PS_Sym_Float, FIR_COEFF_1_Float, FIR_Size_1);
                                                        ^~~~~~~~~~~~~~~~~
../src/helloworld.c:236:102: note: expected 'float *' but argument is of type 'const float *'
 void Time_Float(const char *filter_name, void (*FIR_function)(int, float[], float[], float[]), float FIR_COEFF[], int FIR_Size)
                                                                                                ~~~~~~^~~~~~~~~~~
../src/helloworld.c:285:52: warning: passing argument 3 of 'Time_Float' discards 'const' qualifier from pointer target type [-Wdiscarded-qualifiers]
     Time_Float("Unoptimized", FIR_PS_Direct_Float, FIR_COEFF_2_Float, FIR_Size_2);
                                                    ^~~~~~~~~~~~~~~~~
../src/helloworld.c:236:102: note: expected 'float *' but argument is of type 'const float *'
 void Time_Float(const char *filter_name, void (*FIR_function)(int, float[], float[], float[]), float FIR_COEFF[], int FIR_Size)
                                                                                                ~~~~~~^~~~~~~~~~~
../src/helloworld.c:286:55: warning: passing argument 3 of 'Time_Float' discards 'const' qualifier from pointer target type [-Wdiscarded-qualifiers]
     Time_Float("Bit Optimized", FIR_PS_Direct1_Float, FIR_COEFF_2_Float, FIR_Size_2);
                                                       ^~~~~~~~~~~~~~~~~
../src/helloworld.c:236:102: note: expected 'float *' but argument is of type 'const float *'
 void Time_Float(const char *filter_name, void (*FIR_function)(int, float[], float[], float[]), float FIR_COEFF[], int FIR_Size)
                                                                                                ~~~~~~^~~~~~~~~~~
../src/helloworld.c:287:56: warning: passing argument 3 of 'Time_Float' discards 'const' qualifier from pointer target type [-Wdiscarded-qualifiers]
     Time_Float("Symmetry Optimized", FIR_PS_Sym_Float, FIR_COEFF_2_Float, FIR_Size_2);
                                                        ^~~~~~~~~~~~~~~~~
../src/helloworld.c:236:102: note: expected 'float *' but argument is of type 'const float *'
 void Time_Float(const char *filter_name, void (*FIR_function)(int, float[], float[], float[]), float FIR_COEFF[], int FIR_Size)
                                                                                                ~~~~~~^~~~~~~~~~~
'Finished building: ../src/helloworld.c'
' '
'Building target: Lab_2_HW.elf'
'Invoking: ARM v7 gcc linker'
arm-none-eabi-gcc -mcpu=cortex-a9 -mfpu=vfpv3 -mfloat-abi=hard -Wl,-build-id=none -specs=Xilinx.spec -Wl,-T -Wl,../src/lscript.ld -L../../Lab_2_HW_bsp/ps7_cortexa9_0/lib -o "Lab_2_HW.elf"  ./src/helloworld.o ./src/platform.o   -Wl,--start-group,-lxil,-lgcc,-lc,--end-group
'Finished building target: Lab_2_HW.elf'
' '
'Invoking: ARM v7 Print Size'
arm-none-eabi-size Lab_2_HW.elf  |tee "Lab_2_HW.elf.size"
   text	   data	    bss	    dec	    hex	filename
  64988	   2584	  23328	  90900	  16314	Lab_2_HW.elf
'Finished building: Lab_2_HW.elf.size'
' '
19:49:15 **** Auto Build of configuration Debug for project Lab_2_HW ****
make pre-build main-build 
a9-linaro-pre-build-step
' '
'Building file: ../src/helloworld.c'
'Invoking: ARM v7 gcc compiler'
arm-none-eabi-gcc -Wall -O0 -g3 -c -fmessage-length=0 -MT"src/helloworld.o" -mcpu=cortex-a9 -mfpu=vfpv3 -mfloat-abi=hard -I../../Lab_2_HW_bsp/ps7_cortexa9_0/include -MMD -MP -MF"src/helloworld.d" -MT"src/helloworld.o" -o "src/helloworld.o" "../src/helloworld.c"
In file included from ../src/helloworld.c:51:
../../Lab_2_HW_bsp/ps7_cortexa9_0/include/xtime_l.h:87:9: note: #pragma message: For the sleep routines, Global timer is being used
 #pragma message ("For the sleep routines, Global timer is being used")
         ^~~~~~~
../src/helloworld.c: In function 'main':
../src/helloworld.c:270:44: warning: passing argument 3 of 'Time_Int' discards 'const' qualifier from pointer target type [-Wdiscarded-qualifiers]
     Time_Int("Unoptimized", FIR_PS_Direct, FIR_COEFF_1, FIR_Size_1);
                                            ^~~~~~~~~~~
../src/helloworld.c:208:92: note: expected 'int *' but argument is of type 'const int *'
 void Time_Int(const char *filter_name, void (*FIR_function)(int, int[], int[], int[]), int FIR_COEFF[], int FIR_Size)
                                                                                        ~~~~^~~~~~~~~~~
../src/helloworld.c:271:47: warning: passing argument 3 of 'Time_Int' discards 'const' qualifier from pointer target type [-Wdiscarded-qualifiers]
     Time_Int("Bit Optimized", FIR_PS_Direct1, FIR_COEFF_1, FIR_Size_1);
                                               ^~~~~~~~~~~
../src/helloworld.c:208:92: note: expected 'int *' but argument is of type 'const int *'
 void Time_Int(const char *filter_name, void (*FIR_function)(int, int[], int[], int[]), int FIR_COEFF[], int FIR_Size)
                                                                                        ~~~~^~~~~~~~~~~
../src/helloworld.c:272:48: warning: passing argument 3 of 'Time_Int' discards 'const' qualifier from pointer target type [-Wdiscarded-qualifiers]
     Time_Int("Symmetry Optimized", FIR_PS_Sym, FIR_COEFF_1, FIR_Size_1);
                                                ^~~~~~~~~~~
../src/helloworld.c:208:92: note: expected 'int *' but argument is of type 'const int *'
 void Time_Int(const char *filter_name, void (*FIR_function)(int, int[], int[], int[]), int FIR_COEFF[], int FIR_Size)
                                                                                        ~~~~^~~~~~~~~~~
../src/helloworld.c:275:44: warning: passing argument 3 of 'Time_Int' discards 'const' qualifier from pointer target type [-Wdiscarded-qualifiers]
     Time_Int("Unoptimized", FIR_PS_Direct, FIR_COEFF_2, FIR_Size_2);
                                            ^~~~~~~~~~~
../src/helloworld.c:208:92: note: expected 'int *' but argument is of type 'const int *'
 void Time_Int(const char *filter_name, void (*FIR_function)(int, int[], int[], int[]), int FIR_COEFF[], int FIR_Size)
                                                                                        ~~~~^~~~~~~~~~~
../src/helloworld.c:276:47: warning: passing argument 3 of 'Time_Int' discards 'const' qualifier from pointer target type [-Wdiscarded-qualifiers]
     Time_Int("Bit Optimized", FIR_PS_Direct1, FIR_COEFF_2, FIR_Size_2);
                                               ^~~~~~~~~~~
../src/helloworld.c:208:92: note: expected 'int *' but argument is of type 'const int *'
 void Time_Int(const char *filter_name, void (*FIR_function)(int, int[], int[], int[]), int FIR_COEFF[], int FIR_Size)
                                                                                        ~~~~^~~~~~~~~~~
../src/helloworld.c:277:48: warning: passing argument 3 of 'Time_Int' discards 'const' qualifier from pointer target type [-Wdiscarded-qualifiers]
     Time_Int("Symmetry Optimized", FIR_PS_Sym, FIR_COEFF_2, FIR_Size_2);
                                                ^~~~~~~~~~~
../src/helloworld.c:208:92: note: expected 'int *' but argument is of type 'const int *'
 void Time_Int(const char *filter_name, void (*FIR_function)(int, int[], int[], int[]), int FIR_COEFF[], int FIR_Size)
                                                                                        ~~~~^~~~~~~~~~~
../src/helloworld.c:281:52: warning: passing argument 3 of 'Time_Float' discards 'const' qualifier from pointer target type [-Wdiscarded-qualifiers]
     Time_Float("Unoptimized", FIR_PS_Direct_Float, FIR_COEFF_1_Float, FIR_Size_1);
                                                    ^~~~~~~~~~~~~~~~~
../src/helloworld.c:236:102: note: expected 'float *' but argument is of type 'const float *'
 void Time_Float(const char *filter_name, void (*FIR_function)(int, float[], float[], float[]), float FIR_COEFF[], int FIR_Size)
                                                                                                ~~~~~~^~~~~~~~~~~
../src/helloworld.c:282:55: warning: passing argument 3 of 'Time_Float' discards 'const' qualifier from pointer target type [-Wdiscarded-qualifiers]
     Time_Float("Bit Optimized", FIR_PS_Direct1_Float, FIR_COEFF_1_Float, FIR_Size_1);
                                                       ^~~~~~~~~~~~~~~~~
../src/helloworld.c:236:102: note: expected 'float *' but argument is of type 'const float *'
 void Time_Float(const char *filter_name, void (*FIR_function)(int, float[], float[], float[]), float FIR_COEFF[], int FIR_Size)
                                                                                                ~~~~~~^~~~~~~~~~~
../src/helloworld.c:283:56: warning: passing argument 3 of 'Time_Float' discards 'const' qualifier from pointer target type [-Wdiscarded-qualifiers]
     Time_Float("Symmetry Optimized", FIR_PS_Sym_Float, FIR_COEFF_1_Float, FIR_Size_1);
                                                        ^~~~~~~~~~~~~~~~~
../src/helloworld.c:236:102: note: expected 'float *' but argument is of type 'const float *'
 void Time_Float(const char *filter_name, void (*FIR_function)(int, float[], float[], float[]), float FIR_COEFF[], int FIR_Size)
                                                                                                ~~~~~~^~~~~~~~~~~
../src/helloworld.c:286:52: warning: passing argument 3 of 'Time_Float' discards 'const' qualifier from pointer target type [-Wdiscarded-qualifiers]
     Time_Float("Unoptimized", FIR_PS_Direct_Float, FIR_COEFF_2_Float, FIR_Size_2);
                                                    ^~~~~~~~~~~~~~~~~
../src/helloworld.c:236:102: note: expected 'float *' but argument is of type 'const float *'
 void Time_Float(const char *filter_name, void (*FIR_function)(int, float[], float[], float[]), float FIR_COEFF[], int FIR_Size)
                                                                                                ~~~~~~^~~~~~~~~~~
../src/helloworld.c:287:55: warning: passing argument 3 of 'Time_Float' discards 'const' qualifier from pointer target type [-Wdiscarded-qualifiers]
     Time_Float("Bit Optimized", FIR_PS_Direct1_Float, FIR_COEFF_2_Float, FIR_Size_2);
                                                       ^~~~~~~~~~~~~~~~~
../src/helloworld.c:236:102: note: expected 'float *' but argument is of type 'const float *'
 void Time_Float(const char *filter_name, void (*FIR_function)(int, float[], float[], float[]), float FIR_COEFF[], int FIR_Size)
                                                                                                ~~~~~~^~~~~~~~~~~
../src/helloworld.c:288:56: warning: passing argument 3 of 'Time_Float' discards 'const' qualifier from pointer target type [-Wdiscarded-qualifiers]
     Time_Float("Symmetry Optimized", FIR_PS_Sym_Float, FIR_COEFF_2_Float, FIR_Size_2);
                                                        ^~~~~~~~~~~~~~~~~
../src/helloworld.c:236:102: note: expected 'float *' but argument is of type 'const float *'
 void Time_Float(const char *filter_name, void (*FIR_function)(int, float[], float[], float[]), float FIR_COEFF[], int FIR_Size)
                                                                                                ~~~~~~^~~~~~~~~~~
'Finished building: ../src/helloworld.c'
' '
'Building target: Lab_2_HW.elf'
'Invoking: ARM v7 gcc linker'
arm-none-eabi-gcc -mcpu=cortex-a9 -mfpu=vfpv3 -mfloat-abi=hard -Wl,-build-id=none -specs=Xilinx.spec -Wl,-T -Wl,../src/lscript.ld -L../../Lab_2_HW_bsp/ps7_cortexa9_0/lib -o "Lab_2_HW.elf"  ./src/helloworld.o ./src/platform.o   -Wl,--start-group,-lxil,-lgcc,-lc,--end-group
'Finished building target: Lab_2_HW.elf'
' '
'Invoking: ARM v7 Print Size'
arm-none-eabi-size Lab_2_HW.elf  |tee "Lab_2_HW.elf.size"
   text	   data	    bss	    dec	    hex	filename
  64988	   2584	  23328	  90900	  16314	Lab_2_HW.elf
'Finished building: Lab_2_HW.elf.size'
' '
19:50:15 **** Incremental Build of configuration Debug for project Lab_2_HW ****
make pre-build main-build 
a9-linaro-pre-build-step
' '
make: Nothing to be done for 'main-build'.
