19:20:24 INFO  : Registering command handlers for SDK TCF services
19:20:24 INFO  : Launching XSCT server: xsct.bat -interactive D:\Sem_6\AELD\Labs\Lab_5_HW_2\Lab_5_HW_2.sdk\temp_xsdb_launch_script.tcl
19:20:26 INFO  : XSCT server has started successfully.
19:20:27 INFO  : Successfully done setting XSCT server connection channel  
19:20:27 INFO  : Successfully done setting SDK workspace  
19:20:27 INFO  : Processing command line option -hwspec D:/Sem_6/AELD/Labs/Lab_5_HW_2/Lab_5_HW_2.sdk/design_1_wrapper.hdf.
19:23:20 INFO  : Refreshed build settings on project Lab_5_HW_2
23:46:17 INFO  : Connected through redirection to target on host '192.168.226.142' and port '61535'.
23:46:19 INFO  : Jtag cable 'Digilent Zed 210248722679' is selected.
23:46:19 INFO  : 'jtag frequency' command is executed.
23:46:19 INFO  : Sourcing of 'D:/Sem_6/AELD/Labs/Lab_5_HW_2/Lab_5_HW_2.sdk/design_1_wrapper_hw_platform_0/ps7_init.tcl' is done.
23:46:19 INFO  : Context for 'APU' is selected.
23:46:20 INFO  : System reset is completed.
23:46:23 INFO  : 'after 3000' command is executed.
23:46:23 INFO  : 'targets -set -filter {jtag_cable_name =~ "Digilent Zed 210248722679" && level==0} -index 1' command is executed.
23:46:27 INFO  : FPGA configured successfully with bitstream "D:/Sem_6/AELD/Labs/Lab_5_HW_2/Lab_5_HW_2.sdk/design_1_wrapper_hw_platform_0/design_1_wrapper.bit"
23:46:27 INFO  : Context for 'APU' is selected.
23:46:27 INFO  : Hardware design information is loaded from 'D:/Sem_6/AELD/Labs/Lab_5_HW_2/Lab_5_HW_2.sdk/design_1_wrapper_hw_platform_0/system.hdf'.
23:46:27 INFO  : 'configparams force-mem-access 1' command is executed.
23:46:28 INFO  : Context for 'APU' is selected.
23:46:42 INFO  : 'ps7_init' command is executed.
23:46:43 INFO  : 'ps7_post_config' command is executed.
23:46:43 INFO  : Context for processor 'ps7_cortexa9_0' is selected.
23:46:43 INFO  : The application 'D:/Sem_6/AELD/Labs/Lab_5_HW_2/Lab_5_HW_2.sdk/Lab_5_HW_2/Debug/Lab_5_HW_2.elf' is downloaded to processor 'ps7_cortexa9_0'.
23:46:43 INFO  : 'configparams force-mem-access 0' command is executed.
23:46:43 INFO  : ----------------XSDB Script----------------
connect -path [list tcp::1534 tcp:192.168.226.142:61535]
source D:/Sem_6/AELD/Labs/Lab_5_HW_2/Lab_5_HW_2.sdk/design_1_wrapper_hw_platform_0/ps7_init.tcl
targets -set -nocase -filter {name =~"APU*" && jtag_cable_name =~ "Digilent Zed 210248722679"} -index 0
rst -system
after 3000
targets -set -filter {jtag_cable_name =~ "Digilent Zed 210248722679" && level==0} -index 1
fpga -file D:/Sem_6/AELD/Labs/Lab_5_HW_2/Lab_5_HW_2.sdk/design_1_wrapper_hw_platform_0/design_1_wrapper.bit
targets -set -nocase -filter {name =~"APU*" && jtag_cable_name =~ "Digilent Zed 210248722679"} -index 0
loadhw -hw D:/Sem_6/AELD/Labs/Lab_5_HW_2/Lab_5_HW_2.sdk/design_1_wrapper_hw_platform_0/system.hdf -mem-ranges [list {0x40000000 0xbfffffff}]
configparams force-mem-access 1
targets -set -nocase -filter {name =~"APU*" && jtag_cable_name =~ "Digilent Zed 210248722679"} -index 0
ps7_init
ps7_post_config
targets -set -nocase -filter {name =~ "ARM*#0" && jtag_cable_name =~ "Digilent Zed 210248722679"} -index 0
dow D:/Sem_6/AELD/Labs/Lab_5_HW_2/Lab_5_HW_2.sdk/Lab_5_HW_2/Debug/Lab_5_HW_2.elf
configparams force-mem-access 0
----------------End of Script----------------

23:46:44 INFO  : Memory regions updated for context APU
23:46:44 INFO  : Context for processor 'ps7_cortexa9_0' is selected.
23:46:44 INFO  : 'con' command is executed.
23:46:44 INFO  : ----------------XSDB Script (After Launch)----------------
targets -set -nocase -filter {name =~ "ARM*#0" && jtag_cable_name =~ "Digilent Zed 210248722679"} -index 0
con
----------------End of Script----------------

23:46:44 INFO  : Launch script is exported to file 'D:\Sem_6\AELD\Labs\Lab_5_HW_2\Lab_5_HW_2.sdk\.sdk\launch_scripts\xilinx_c-c++_application_(system_debugger)\system_debugger_using_debug_lab_5_hw_2.elf_on_zed.tcl'
23:52:57 INFO  : Disconnected from the channel tcfchan#1.
23:52:59 INFO  : Connected through redirection to target on host '192.168.226.142' and port '61535'.
23:53:02 INFO  : Jtag cable 'Digilent Zed 210248722679' is selected.
23:53:03 INFO  : 'jtag frequency' command is executed.
23:53:03 INFO  : Sourcing of 'D:/Sem_6/AELD/Labs/Lab_5_HW_2/Lab_5_HW_2.sdk/design_1_wrapper_hw_platform_0/ps7_init.tcl' is done.
23:53:03 INFO  : Context for 'APU' is selected.
23:53:05 INFO  : System reset is completed.
23:53:08 INFO  : 'after 3000' command is executed.
23:53:09 INFO  : 'targets -set -filter {jtag_cable_name =~ "Digilent Zed 210248722679" && level==0} -index 1' command is executed.
23:53:34 INFO  : FPGA configured successfully with bitstream "D:/Sem_6/AELD/Labs/Lab_5_HW_2/Lab_5_HW_2.sdk/design_1_wrapper_hw_platform_0/design_1_wrapper.bit"
23:53:35 INFO  : Context for 'APU' is selected.
23:53:37 INFO  : Hardware design information is loaded from 'D:/Sem_6/AELD/Labs/Lab_5_HW_2/Lab_5_HW_2.sdk/design_1_wrapper_hw_platform_0/system.hdf'.
23:53:37 INFO  : 'configparams force-mem-access 1' command is executed.
23:53:37 INFO  : Context for 'APU' is selected.
23:54:20 INFO  : 'ps7_init' command is executed.
23:54:21 INFO  : 'ps7_post_config' command is executed.
23:54:21 INFO  : Context for processor 'ps7_cortexa9_0' is selected.
23:54:22 INFO  : The application 'D:/Sem_6/AELD/Labs/Lab_5_HW_2/Lab_5_HW_2.sdk/Lab_5_HW_2/Debug/Lab_5_HW_2.elf' is downloaded to processor 'ps7_cortexa9_0'.
23:54:22 INFO  : 'configparams force-mem-access 0' command is executed.
23:54:22 INFO  : ----------------XSDB Script----------------
connect -path [list tcp::1534 tcp:192.168.226.142:61535]
source D:/Sem_6/AELD/Labs/Lab_5_HW_2/Lab_5_HW_2.sdk/design_1_wrapper_hw_platform_0/ps7_init.tcl
targets -set -nocase -filter {name =~"APU*" && jtag_cable_name =~ "Digilent Zed 210248722679"} -index 0
rst -system
after 3000
targets -set -filter {jtag_cable_name =~ "Digilent Zed 210248722679" && level==0} -index 1
fpga -file D:/Sem_6/AELD/Labs/Lab_5_HW_2/Lab_5_HW_2.sdk/design_1_wrapper_hw_platform_0/design_1_wrapper.bit
targets -set -nocase -filter {name =~"APU*" && jtag_cable_name =~ "Digilent Zed 210248722679"} -index 0
loadhw -hw D:/Sem_6/AELD/Labs/Lab_5_HW_2/Lab_5_HW_2.sdk/design_1_wrapper_hw_platform_0/system.hdf -mem-ranges [list {0x40000000 0xbfffffff}]
configparams force-mem-access 1
targets -set -nocase -filter {name =~"APU*" && jtag_cable_name =~ "Digilent Zed 210248722679"} -index 0
ps7_init
ps7_post_config
targets -set -nocase -filter {name =~ "ARM*#0" && jtag_cable_name =~ "Digilent Zed 210248722679"} -index 0
dow D:/Sem_6/AELD/Labs/Lab_5_HW_2/Lab_5_HW_2.sdk/Lab_5_HW_2/Debug/Lab_5_HW_2.elf
configparams force-mem-access 0
----------------End of Script----------------

23:54:23 INFO  : Memory regions updated for context APU
23:54:23 INFO  : Context for processor 'ps7_cortexa9_0' is selected.
23:54:23 INFO  : 'con' command is executed.
23:54:23 INFO  : ----------------XSDB Script (After Launch)----------------
targets -set -nocase -filter {name =~ "ARM*#0" && jtag_cable_name =~ "Digilent Zed 210248722679"} -index 0
con
----------------End of Script----------------

23:54:23 INFO  : Launch script is exported to file 'D:\Sem_6\AELD\Labs\Lab_5_HW_2\Lab_5_HW_2.sdk\.sdk\launch_scripts\xilinx_c-c++_application_(system_debugger)\system_debugger_using_debug_lab_5_hw_2.elf_on_zed.tcl'
23:55:39 INFO  : Disconnected from the channel tcfchan#2.
