20:43:07 INFO  : Registering command handlers for SDK TCF services
20:43:07 INFO  : Launching XSCT server: xsct.bat -interactive D:\Sem_6\AELD\Labs\Lab_7_Vivado\Lab_7_Vivado.sdk\temp_xsdb_launch_script.tcl
20:43:09 INFO  : XSCT server has started successfully.
20:43:09 INFO  : Successfully done setting XSCT server connection channel  
20:43:09 INFO  : Processing command line option -hwspec D:/Sem_6/AELD/Labs/Lab_7_Vivado/Lab_7_Vivado.sdk/design_1_wrapper.hdf.
20:43:09 INFO  : Successfully done setting SDK workspace  
20:53:05 INFO  : Refreshed build settings on project Lab_7
20:53:35 INFO  : Connected through redirection to target on host '192.168.226.142' and port '53939'.
20:53:35 INFO  : Jtag cable 'Digilent Zed 210248A39C93' is selected.
20:53:35 INFO  : 'jtag frequency' command is executed.
20:53:35 INFO  : Sourcing of 'D:/Sem_6/AELD/Labs/Lab_7_Vivado/Lab_7_Vivado.sdk/design_1_wrapper_hw_platform_0/ps7_init.tcl' is done.
20:53:36 INFO  : Context for 'APU' is selected.
20:53:37 INFO  : System reset is completed.
20:53:40 INFO  : 'after 3000' command is executed.
20:53:40 INFO  : 'targets -set -filter {jtag_cable_name =~ "Digilent Zed 210248A39C93" && level==0} -index 1' command is executed.
20:53:52 INFO  : FPGA configured successfully with bitstream "D:/Sem_6/AELD/Labs/Lab_7_Vivado/Lab_7_Vivado.sdk/design_1_wrapper_hw_platform_0/design_1_wrapper.bit"
20:53:53 INFO  : Context for 'APU' is selected.
20:53:53 INFO  : Hardware design information is loaded from 'D:/Sem_6/AELD/Labs/Lab_7_Vivado/Lab_7_Vivado.sdk/design_1_wrapper_hw_platform_0/system.hdf'.
20:53:54 INFO  : 'configparams force-mem-access 1' command is executed.
20:53:54 INFO  : Context for 'APU' is selected.
20:54:48 INFO  : 'ps7_init' command is executed.
20:54:52 INFO  : 'ps7_post_config' command is executed.
20:54:52 INFO  : Context for processor 'ps7_cortexa9_0' is selected.
20:54:53 INFO  : The application 'D:/Sem_6/AELD/Labs/Lab_7_Vivado/Lab_7_Vivado.sdk/Lab_7/Debug/Lab_7.elf' is downloaded to processor 'ps7_cortexa9_0'.
20:54:53 INFO  : 'configparams force-mem-access 0' command is executed.
20:54:53 INFO  : ----------------XSDB Script----------------
connect -path [list tcp::1534 tcp:192.168.226.142:53939]
source D:/Sem_6/AELD/Labs/Lab_7_Vivado/Lab_7_Vivado.sdk/design_1_wrapper_hw_platform_0/ps7_init.tcl
targets -set -nocase -filter {name =~"APU*" && jtag_cable_name =~ "Digilent Zed 210248A39C93"} -index 0
rst -system
after 3000
targets -set -filter {jtag_cable_name =~ "Digilent Zed 210248A39C93" && level==0} -index 1
fpga -file D:/Sem_6/AELD/Labs/Lab_7_Vivado/Lab_7_Vivado.sdk/design_1_wrapper_hw_platform_0/design_1_wrapper.bit
targets -set -nocase -filter {name =~"APU*" && jtag_cable_name =~ "Digilent Zed 210248A39C93"} -index 0
loadhw -hw D:/Sem_6/AELD/Labs/Lab_7_Vivado/Lab_7_Vivado.sdk/design_1_wrapper_hw_platform_0/system.hdf -mem-ranges [list {0x40000000 0xbfffffff}]
configparams force-mem-access 1
targets -set -nocase -filter {name =~"APU*" && jtag_cable_name =~ "Digilent Zed 210248A39C93"} -index 0
ps7_init
ps7_post_config
targets -set -nocase -filter {name =~ "ARM*#0" && jtag_cable_name =~ "Digilent Zed 210248A39C93"} -index 0
dow D:/Sem_6/AELD/Labs/Lab_7_Vivado/Lab_7_Vivado.sdk/Lab_7/Debug/Lab_7.elf
configparams force-mem-access 0
----------------End of Script----------------

20:54:55 INFO  : Memory regions updated for context APU
20:54:55 INFO  : Context for processor 'ps7_cortexa9_0' is selected.
20:54:56 INFO  : 'con' command is executed.
20:54:56 INFO  : ----------------XSDB Script (After Launch)----------------
targets -set -nocase -filter {name =~ "ARM*#0" && jtag_cable_name =~ "Digilent Zed 210248A39C93"} -index 0
con
----------------End of Script----------------

20:54:56 INFO  : Launch script is exported to file 'D:\Sem_6\AELD\Labs\Lab_7_Vivado\Lab_7_Vivado.sdk\.sdk\launch_scripts\xilinx_c-c++_application_(system_debugger)\system_debugger_using_debug_lab_7.elf_on_zed.tcl'
20:56:53 WARN  : channel "tcfchan#1" closed
21:19:02 INFO  : Connected through redirection to target on host '192.168.226.142' and port '59851'.
21:19:02 INFO  : Jtag cable 'Digilent Zed 210248A39C93' is selected.
21:19:02 INFO  : 'jtag frequency' command is executed.
21:19:02 INFO  : Sourcing of 'D:/Sem_6/AELD/Labs/Lab_7_Vivado/Lab_7_Vivado.sdk/design_1_wrapper_hw_platform_0/ps7_init.tcl' is done.
21:19:03 INFO  : Context for 'APU' is selected.
21:19:04 INFO  : System reset is completed.
21:19:07 INFO  : 'after 3000' command is executed.
21:19:07 INFO  : 'targets -set -filter {jtag_cable_name =~ "Digilent Zed 210248A39C93" && level==0} -index 1' command is executed.
21:19:16 INFO  : FPGA configured successfully with bitstream "D:/Sem_6/AELD/Labs/Lab_7_Vivado/Lab_7_Vivado.sdk/design_1_wrapper_hw_platform_0/design_1_wrapper.bit"
21:19:16 INFO  : Context for 'APU' is selected.
21:19:16 INFO  : Hardware design information is loaded from 'D:/Sem_6/AELD/Labs/Lab_7_Vivado/Lab_7_Vivado.sdk/design_1_wrapper_hw_platform_0/system.hdf'.
21:19:16 INFO  : 'configparams force-mem-access 1' command is executed.
21:19:16 INFO  : Context for 'APU' is selected.
21:19:29 INFO  : 'ps7_init' command is executed.
21:19:29 INFO  : 'ps7_post_config' command is executed.
21:19:29 INFO  : Context for processor 'ps7_cortexa9_0' is selected.
21:19:29 INFO  : The application 'D:/Sem_6/AELD/Labs/Lab_7_Vivado/Lab_7_Vivado.sdk/Lab_7/Debug/Lab_7.elf' is downloaded to processor 'ps7_cortexa9_0'.
21:19:30 INFO  : 'configparams force-mem-access 0' command is executed.
21:19:30 INFO  : ----------------XSDB Script----------------
connect -path [list tcp::1534 tcp:192.168.226.142:59851]
source D:/Sem_6/AELD/Labs/Lab_7_Vivado/Lab_7_Vivado.sdk/design_1_wrapper_hw_platform_0/ps7_init.tcl
targets -set -nocase -filter {name =~"APU*" && jtag_cable_name =~ "Digilent Zed 210248A39C93"} -index 0
rst -system
after 3000
targets -set -filter {jtag_cable_name =~ "Digilent Zed 210248A39C93" && level==0} -index 1
fpga -file D:/Sem_6/AELD/Labs/Lab_7_Vivado/Lab_7_Vivado.sdk/design_1_wrapper_hw_platform_0/design_1_wrapper.bit
targets -set -nocase -filter {name =~"APU*" && jtag_cable_name =~ "Digilent Zed 210248A39C93"} -index 0
loadhw -hw D:/Sem_6/AELD/Labs/Lab_7_Vivado/Lab_7_Vivado.sdk/design_1_wrapper_hw_platform_0/system.hdf -mem-ranges [list {0x40000000 0xbfffffff}]
configparams force-mem-access 1
targets -set -nocase -filter {name =~"APU*" && jtag_cable_name =~ "Digilent Zed 210248A39C93"} -index 0
ps7_init
ps7_post_config
targets -set -nocase -filter {name =~ "ARM*#0" && jtag_cable_name =~ "Digilent Zed 210248A39C93"} -index 0
dow D:/Sem_6/AELD/Labs/Lab_7_Vivado/Lab_7_Vivado.sdk/Lab_7/Debug/Lab_7.elf
configparams force-mem-access 0
----------------End of Script----------------

21:19:30 INFO  : Memory regions updated for context APU
21:19:30 INFO  : Context for processor 'ps7_cortexa9_0' is selected.
21:19:30 INFO  : 'con' command is executed.
21:19:30 INFO  : ----------------XSDB Script (After Launch)----------------
targets -set -nocase -filter {name =~ "ARM*#0" && jtag_cable_name =~ "Digilent Zed 210248A39C93"} -index 0
con
----------------End of Script----------------

21:19:30 INFO  : Launch script is exported to file 'D:\Sem_6\AELD\Labs\Lab_7_Vivado\Lab_7_Vivado.sdk\.sdk\launch_scripts\xilinx_c-c++_application_(system_debugger)\system_debugger_using_debug_lab_7.elf_on_zed.tcl'
21:20:15 INFO  : Disconnected from the channel tcfchan#2.
21:20:16 INFO  : Connected through redirection to target on host '192.168.226.142' and port '59851'.
21:20:17 INFO  : Jtag cable 'Digilent Zed 210248A39C93' is selected.
21:20:17 INFO  : 'jtag frequency' command is executed.
21:20:17 INFO  : Sourcing of 'D:/Sem_6/AELD/Labs/Lab_7_Vivado/Lab_7_Vivado.sdk/design_1_wrapper_hw_platform_0/ps7_init.tcl' is done.
21:20:17 INFO  : Context for 'APU' is selected.
21:20:18 INFO  : System reset is completed.
21:20:21 INFO  : 'after 3000' command is executed.
21:20:21 INFO  : 'targets -set -filter {jtag_cable_name =~ "Digilent Zed 210248A39C93" && level==0} -index 1' command is executed.
21:20:25 INFO  : FPGA configured successfully with bitstream "D:/Sem_6/AELD/Labs/Lab_7_Vivado/Lab_7_Vivado.sdk/design_1_wrapper_hw_platform_0/design_1_wrapper.bit"
21:20:25 INFO  : Context for 'APU' is selected.
21:20:26 INFO  : Hardware design information is loaded from 'D:/Sem_6/AELD/Labs/Lab_7_Vivado/Lab_7_Vivado.sdk/design_1_wrapper_hw_platform_0/system.hdf'.
21:20:26 INFO  : 'configparams force-mem-access 1' command is executed.
21:20:27 INFO  : Context for 'APU' is selected.
21:20:39 INFO  : 'ps7_init' command is executed.
21:20:40 INFO  : 'ps7_post_config' command is executed.
21:20:40 INFO  : Context for processor 'ps7_cortexa9_0' is selected.
21:20:40 INFO  : The application 'D:/Sem_6/AELD/Labs/Lab_7_Vivado/Lab_7_Vivado.sdk/Lab_7/Debug/Lab_7.elf' is downloaded to processor 'ps7_cortexa9_0'.
21:20:40 INFO  : 'configparams force-mem-access 0' command is executed.
21:20:40 INFO  : ----------------XSDB Script----------------
connect -path [list tcp::1534 tcp:192.168.226.142:59851]
source D:/Sem_6/AELD/Labs/Lab_7_Vivado/Lab_7_Vivado.sdk/design_1_wrapper_hw_platform_0/ps7_init.tcl
targets -set -nocase -filter {name =~"APU*" && jtag_cable_name =~ "Digilent Zed 210248A39C93"} -index 0
rst -system
after 3000
targets -set -filter {jtag_cable_name =~ "Digilent Zed 210248A39C93" && level==0} -index 1
fpga -file D:/Sem_6/AELD/Labs/Lab_7_Vivado/Lab_7_Vivado.sdk/design_1_wrapper_hw_platform_0/design_1_wrapper.bit
targets -set -nocase -filter {name =~"APU*" && jtag_cable_name =~ "Digilent Zed 210248A39C93"} -index 0
loadhw -hw D:/Sem_6/AELD/Labs/Lab_7_Vivado/Lab_7_Vivado.sdk/design_1_wrapper_hw_platform_0/system.hdf -mem-ranges [list {0x40000000 0xbfffffff}]
configparams force-mem-access 1
targets -set -nocase -filter {name =~"APU*" && jtag_cable_name =~ "Digilent Zed 210248A39C93"} -index 0
ps7_init
ps7_post_config
targets -set -nocase -filter {name =~ "ARM*#0" && jtag_cable_name =~ "Digilent Zed 210248A39C93"} -index 0
dow D:/Sem_6/AELD/Labs/Lab_7_Vivado/Lab_7_Vivado.sdk/Lab_7/Debug/Lab_7.elf
configparams force-mem-access 0
----------------End of Script----------------

21:20:41 INFO  : Memory regions updated for context APU
21:20:41 INFO  : Context for processor 'ps7_cortexa9_0' is selected.
21:20:41 INFO  : 'con' command is executed.
21:20:41 INFO  : ----------------XSDB Script (After Launch)----------------
targets -set -nocase -filter {name =~ "ARM*#0" && jtag_cable_name =~ "Digilent Zed 210248A39C93"} -index 0
con
----------------End of Script----------------

21:20:41 INFO  : Launch script is exported to file 'D:\Sem_6\AELD\Labs\Lab_7_Vivado\Lab_7_Vivado.sdk\.sdk\launch_scripts\xilinx_c-c++_application_(system_debugger)\system_debugger_using_debug_lab_7.elf_on_zed.tcl'
21:22:48 INFO  : Disconnected from the channel tcfchan#3.
21:22:49 INFO  : Connected through redirection to target on host '192.168.226.142' and port '59851'.
21:22:50 INFO  : Jtag cable 'Digilent Zed 210248A39C93' is selected.
21:22:50 INFO  : 'jtag frequency' command is executed.
21:22:50 INFO  : Sourcing of 'D:/Sem_6/AELD/Labs/Lab_7_Vivado/Lab_7_Vivado.sdk/design_1_wrapper_hw_platform_0/ps7_init.tcl' is done.
21:22:50 INFO  : Context for 'APU' is selected.
21:22:51 INFO  : System reset is completed.
21:22:54 INFO  : 'after 3000' command is executed.
21:22:54 INFO  : 'targets -set -filter {jtag_cable_name =~ "Digilent Zed 210248A39C93" && level==0} -index 1' command is executed.
21:22:57 INFO  : FPGA configured successfully with bitstream "D:/Sem_6/AELD/Labs/Lab_7_Vivado/Lab_7_Vivado.sdk/design_1_wrapper_hw_platform_0/design_1_wrapper.bit"
21:22:57 INFO  : Context for 'APU' is selected.
21:22:58 INFO  : Hardware design information is loaded from 'D:/Sem_6/AELD/Labs/Lab_7_Vivado/Lab_7_Vivado.sdk/design_1_wrapper_hw_platform_0/system.hdf'.
21:22:58 INFO  : 'configparams force-mem-access 1' command is executed.
21:22:58 INFO  : Context for 'APU' is selected.
21:23:11 INFO  : 'ps7_init' command is executed.
21:23:12 INFO  : 'ps7_post_config' command is executed.
21:23:12 INFO  : Context for processor 'ps7_cortexa9_0' is selected.
21:23:12 INFO  : The application 'D:/Sem_6/AELD/Labs/Lab_7_Vivado/Lab_7_Vivado.sdk/Lab_7/Debug/Lab_7.elf' is downloaded to processor 'ps7_cortexa9_0'.
21:23:12 INFO  : 'configparams force-mem-access 0' command is executed.
21:23:12 INFO  : ----------------XSDB Script----------------
connect -path [list tcp::1534 tcp:192.168.226.142:59851]
source D:/Sem_6/AELD/Labs/Lab_7_Vivado/Lab_7_Vivado.sdk/design_1_wrapper_hw_platform_0/ps7_init.tcl
targets -set -nocase -filter {name =~"APU*" && jtag_cable_name =~ "Digilent Zed 210248A39C93"} -index 0
rst -system
after 3000
targets -set -filter {jtag_cable_name =~ "Digilent Zed 210248A39C93" && level==0} -index 1
fpga -file D:/Sem_6/AELD/Labs/Lab_7_Vivado/Lab_7_Vivado.sdk/design_1_wrapper_hw_platform_0/design_1_wrapper.bit
targets -set -nocase -filter {name =~"APU*" && jtag_cable_name =~ "Digilent Zed 210248A39C93"} -index 0
loadhw -hw D:/Sem_6/AELD/Labs/Lab_7_Vivado/Lab_7_Vivado.sdk/design_1_wrapper_hw_platform_0/system.hdf -mem-ranges [list {0x40000000 0xbfffffff}]
configparams force-mem-access 1
targets -set -nocase -filter {name =~"APU*" && jtag_cable_name =~ "Digilent Zed 210248A39C93"} -index 0
ps7_init
ps7_post_config
targets -set -nocase -filter {name =~ "ARM*#0" && jtag_cable_name =~ "Digilent Zed 210248A39C93"} -index 0
dow D:/Sem_6/AELD/Labs/Lab_7_Vivado/Lab_7_Vivado.sdk/Lab_7/Debug/Lab_7.elf
configparams force-mem-access 0
----------------End of Script----------------

21:23:13 INFO  : Memory regions updated for context APU
21:23:13 INFO  : Context for processor 'ps7_cortexa9_0' is selected.
21:23:13 INFO  : 'con' command is executed.
21:23:13 INFO  : ----------------XSDB Script (After Launch)----------------
targets -set -nocase -filter {name =~ "ARM*#0" && jtag_cable_name =~ "Digilent Zed 210248A39C93"} -index 0
con
----------------End of Script----------------

21:23:13 INFO  : Launch script is exported to file 'D:\Sem_6\AELD\Labs\Lab_7_Vivado\Lab_7_Vivado.sdk\.sdk\launch_scripts\xilinx_c-c++_application_(system_debugger)\system_debugger_using_debug_lab_7.elf_on_zed.tcl'
21:29:52 INFO  : Disconnected from the channel tcfchan#4.
21:29:54 INFO  : Connected through redirection to target on host '192.168.226.142' and port '59851'.
21:29:54 INFO  : Jtag cable 'Digilent Zed 210248A39C93' is selected.
21:29:54 INFO  : 'jtag frequency' command is executed.
21:29:54 INFO  : Sourcing of 'D:/Sem_6/AELD/Labs/Lab_7_Vivado/Lab_7_Vivado.sdk/design_1_wrapper_hw_platform_0/ps7_init.tcl' is done.
21:29:55 INFO  : Context for 'APU' is selected.
21:29:55 INFO  : System reset is completed.
21:29:58 INFO  : 'after 3000' command is executed.
21:29:59 INFO  : 'targets -set -filter {jtag_cable_name =~ "Digilent Zed 210248A39C93" && level==0} -index 1' command is executed.
21:30:03 INFO  : FPGA configured successfully with bitstream "D:/Sem_6/AELD/Labs/Lab_7_Vivado/Lab_7_Vivado.sdk/design_1_wrapper_hw_platform_0/design_1_wrapper.bit"
21:30:03 INFO  : Context for 'APU' is selected.
21:30:04 INFO  : Hardware design information is loaded from 'D:/Sem_6/AELD/Labs/Lab_7_Vivado/Lab_7_Vivado.sdk/design_1_wrapper_hw_platform_0/system.hdf'.
21:30:04 INFO  : 'configparams force-mem-access 1' command is executed.
21:30:04 INFO  : Context for 'APU' is selected.
21:30:05 ERROR : Channel closed
21:30:05 INFO  : ----------------XSDB Script----------------
connect -path [list tcp::1534 tcp:192.168.226.142:59851]
source D:/Sem_6/AELD/Labs/Lab_7_Vivado/Lab_7_Vivado.sdk/design_1_wrapper_hw_platform_0/ps7_init.tcl
targets -set -nocase -filter {name =~"APU*" && jtag_cable_name =~ "Digilent Zed 210248A39C93"} -index 0
rst -system
after 3000
targets -set -filter {jtag_cable_name =~ "Digilent Zed 210248A39C93" && level==0} -index 1
fpga -file D:/Sem_6/AELD/Labs/Lab_7_Vivado/Lab_7_Vivado.sdk/design_1_wrapper_hw_platform_0/design_1_wrapper.bit
targets -set -nocase -filter {name =~"APU*" && jtag_cable_name =~ "Digilent Zed 210248A39C93"} -index 0
loadhw -hw D:/Sem_6/AELD/Labs/Lab_7_Vivado/Lab_7_Vivado.sdk/design_1_wrapper_hw_platform_0/system.hdf -mem-ranges [list {0x40000000 0xbfffffff}]
configparams force-mem-access 1
targets -set -nocase -filter {name =~"APU*" && jtag_cable_name =~ "Digilent Zed 210248A39C93"} -index 0
ps7_init
----------------End of Script----------------

21:30:28 INFO  : Connected through redirection to target on host '192.168.226.142' and port '62123'.
21:30:29 INFO  : Jtag cable 'Digilent Zed 210248A39C93' is selected.
21:30:29 INFO  : 'jtag frequency' command is executed.
21:30:29 INFO  : Sourcing of 'D:/Sem_6/AELD/Labs/Lab_7_Vivado/Lab_7_Vivado.sdk/design_1_wrapper_hw_platform_0/ps7_init.tcl' is done.
21:30:29 INFO  : Context for 'APU' is selected.
21:30:30 INFO  : System reset is completed.
21:30:33 INFO  : 'after 3000' command is executed.
21:30:34 INFO  : 'targets -set -filter {jtag_cable_name =~ "Digilent Zed 210248A39C93" && level==0} -index 1' command is executed.
21:30:40 INFO  : FPGA configured successfully with bitstream "D:/Sem_6/AELD/Labs/Lab_7_Vivado/Lab_7_Vivado.sdk/design_1_wrapper_hw_platform_0/design_1_wrapper.bit"
21:30:40 INFO  : Context for 'APU' is selected.
21:30:40 INFO  : Hardware design information is loaded from 'D:/Sem_6/AELD/Labs/Lab_7_Vivado/Lab_7_Vivado.sdk/design_1_wrapper_hw_platform_0/system.hdf'.
21:30:40 INFO  : 'configparams force-mem-access 1' command is executed.
21:30:40 INFO  : Context for 'APU' is selected.
21:30:57 INFO  : 'ps7_init' command is executed.
21:30:58 INFO  : 'ps7_post_config' command is executed.
21:30:58 INFO  : Context for processor 'ps7_cortexa9_0' is selected.
21:30:58 INFO  : The application 'D:/Sem_6/AELD/Labs/Lab_7_Vivado/Lab_7_Vivado.sdk/Lab_7/Debug/Lab_7.elf' is downloaded to processor 'ps7_cortexa9_0'.
21:30:58 INFO  : 'configparams force-mem-access 0' command is executed.
21:30:58 INFO  : ----------------XSDB Script----------------
connect -path [list tcp::1534 tcp:192.168.226.142:62123]
source D:/Sem_6/AELD/Labs/Lab_7_Vivado/Lab_7_Vivado.sdk/design_1_wrapper_hw_platform_0/ps7_init.tcl
targets -set -nocase -filter {name =~"APU*" && jtag_cable_name =~ "Digilent Zed 210248A39C93"} -index 0
rst -system
after 3000
targets -set -filter {jtag_cable_name =~ "Digilent Zed 210248A39C93" && level==0} -index 1
fpga -file D:/Sem_6/AELD/Labs/Lab_7_Vivado/Lab_7_Vivado.sdk/design_1_wrapper_hw_platform_0/design_1_wrapper.bit
targets -set -nocase -filter {name =~"APU*" && jtag_cable_name =~ "Digilent Zed 210248A39C93"} -index 0
loadhw -hw D:/Sem_6/AELD/Labs/Lab_7_Vivado/Lab_7_Vivado.sdk/design_1_wrapper_hw_platform_0/system.hdf -mem-ranges [list {0x40000000 0xbfffffff}]
configparams force-mem-access 1
targets -set -nocase -filter {name =~"APU*" && jtag_cable_name =~ "Digilent Zed 210248A39C93"} -index 0
ps7_init
ps7_post_config
targets -set -nocase -filter {name =~ "ARM*#0" && jtag_cable_name =~ "Digilent Zed 210248A39C93"} -index 0
dow D:/Sem_6/AELD/Labs/Lab_7_Vivado/Lab_7_Vivado.sdk/Lab_7/Debug/Lab_7.elf
configparams force-mem-access 0
----------------End of Script----------------

21:30:59 INFO  : Memory regions updated for context APU
21:30:59 INFO  : Context for processor 'ps7_cortexa9_0' is selected.
21:30:59 INFO  : 'con' command is executed.
21:30:59 INFO  : ----------------XSDB Script (After Launch)----------------
targets -set -nocase -filter {name =~ "ARM*#0" && jtag_cable_name =~ "Digilent Zed 210248A39C93"} -index 0
con
----------------End of Script----------------

21:30:59 INFO  : Launch script is exported to file 'D:\Sem_6\AELD\Labs\Lab_7_Vivado\Lab_7_Vivado.sdk\.sdk\launch_scripts\xilinx_c-c++_application_(system_debugger)\system_debugger_using_debug_lab_7.elf_on_zed.tcl'
21:32:22 INFO  : Disconnected from the channel tcfchan#6.
21:32:23 INFO  : Connected through redirection to target on host '192.168.226.142' and port '62123'.
21:32:23 INFO  : Jtag cable 'Digilent Zed 210248A39C93' is selected.
21:32:23 INFO  : 'jtag frequency' command is executed.
21:32:23 INFO  : Sourcing of 'D:/Sem_6/AELD/Labs/Lab_7_Vivado/Lab_7_Vivado.sdk/design_1_wrapper_hw_platform_0/ps7_init.tcl' is done.
21:32:24 INFO  : Context for 'APU' is selected.
21:32:24 INFO  : System reset is completed.
21:32:27 INFO  : 'after 3000' command is executed.
21:32:28 INFO  : 'targets -set -filter {jtag_cable_name =~ "Digilent Zed 210248A39C93" && level==0} -index 1' command is executed.
21:32:32 INFO  : FPGA configured successfully with bitstream "D:/Sem_6/AELD/Labs/Lab_7_Vivado/Lab_7_Vivado.sdk/design_1_wrapper_hw_platform_0/design_1_wrapper.bit"
21:32:32 INFO  : Context for 'APU' is selected.
21:32:33 INFO  : Hardware design information is loaded from 'D:/Sem_6/AELD/Labs/Lab_7_Vivado/Lab_7_Vivado.sdk/design_1_wrapper_hw_platform_0/system.hdf'.
21:32:33 INFO  : 'configparams force-mem-access 1' command is executed.
21:32:33 INFO  : Context for 'APU' is selected.
21:32:51 INFO  : 'ps7_init' command is executed.
21:32:51 INFO  : 'ps7_post_config' command is executed.
21:32:52 INFO  : Context for processor 'ps7_cortexa9_0' is selected.
21:32:53 INFO  : The application 'D:/Sem_6/AELD/Labs/Lab_7_Vivado/Lab_7_Vivado.sdk/Lab_7/Debug/Lab_7.elf' is downloaded to processor 'ps7_cortexa9_0'.
21:32:53 INFO  : 'configparams force-mem-access 0' command is executed.
21:32:53 INFO  : ----------------XSDB Script----------------
connect -path [list tcp::1534 tcp:192.168.226.142:62123]
source D:/Sem_6/AELD/Labs/Lab_7_Vivado/Lab_7_Vivado.sdk/design_1_wrapper_hw_platform_0/ps7_init.tcl
targets -set -nocase -filter {name =~"APU*" && jtag_cable_name =~ "Digilent Zed 210248A39C93"} -index 0
rst -system
after 3000
targets -set -filter {jtag_cable_name =~ "Digilent Zed 210248A39C93" && level==0} -index 1
fpga -file D:/Sem_6/AELD/Labs/Lab_7_Vivado/Lab_7_Vivado.sdk/design_1_wrapper_hw_platform_0/design_1_wrapper.bit
targets -set -nocase -filter {name =~"APU*" && jtag_cable_name =~ "Digilent Zed 210248A39C93"} -index 0
loadhw -hw D:/Sem_6/AELD/Labs/Lab_7_Vivado/Lab_7_Vivado.sdk/design_1_wrapper_hw_platform_0/system.hdf -mem-ranges [list {0x40000000 0xbfffffff}]
configparams force-mem-access 1
targets -set -nocase -filter {name =~"APU*" && jtag_cable_name =~ "Digilent Zed 210248A39C93"} -index 0
ps7_init
ps7_post_config
targets -set -nocase -filter {name =~ "ARM*#0" && jtag_cable_name =~ "Digilent Zed 210248A39C93"} -index 0
dow D:/Sem_6/AELD/Labs/Lab_7_Vivado/Lab_7_Vivado.sdk/Lab_7/Debug/Lab_7.elf
configparams force-mem-access 0
----------------End of Script----------------

21:32:55 INFO  : Memory regions updated for context APU
21:32:55 INFO  : Context for processor 'ps7_cortexa9_0' is selected.
21:32:55 INFO  : 'con' command is executed.
21:32:55 INFO  : ----------------XSDB Script (After Launch)----------------
targets -set -nocase -filter {name =~ "ARM*#0" && jtag_cable_name =~ "Digilent Zed 210248A39C93"} -index 0
con
----------------End of Script----------------

21:32:55 INFO  : Launch script is exported to file 'D:\Sem_6\AELD\Labs\Lab_7_Vivado\Lab_7_Vivado.sdk\.sdk\launch_scripts\xilinx_c-c++_application_(system_debugger)\system_debugger_using_debug_lab_7.elf_on_zed.tcl'
21:42:50 WARN  : channel "tcfchan#7" closed
17:31:46 INFO  : Registering command handlers for SDK TCF services
17:31:46 INFO  : Launching XSCT server: xsct.bat -interactive D:\Sem_6\AELD\Labs\Lab_7_Vivado\Lab_7_Vivado.sdk\temp_xsdb_launch_script.tcl
17:31:51 INFO  : XSCT server has started successfully.
17:31:55 INFO  : Successfully done setting XSCT server connection channel  
17:31:55 INFO  : Successfully done setting SDK workspace  
17:31:55 INFO  : Processing command line option -hwspec D:/Sem_6/AELD/Labs/Lab_7_Vivado/Lab_7_Vivado.sdk/design_1_wrapper.hdf.
17:31:55 INFO  : Checking for hwspec changes in the project design_1_wrapper_hw_platform_0.
17:32:45 ERROR : Failed to redirect connection to hardware server on host '192.168.226.142' and port '62123'.
Reason: A connection attempt failed because the connected party did not properly respond after a period of time, or established connection failed because connected host has failed to respond
17:32:45 INFO  : ----------------XSDB Script----------------
connect -path [list tcp::1534 tcp:192.168.226.142:62123]
----------------End of Script----------------

17:33:02 INFO  : Connected to target on host '127.0.0.1' and port '3121'.
17:33:03 INFO  : Jtag cable 'Digilent Zed 210248722265' is selected.
17:33:03 INFO  : 'jtag frequency' command is executed.
17:33:03 INFO  : Sourcing of 'D:/Sem_6/AELD/Labs/Lab_7_Vivado/Lab_7_Vivado.sdk/design_1_wrapper_hw_platform_0/ps7_init.tcl' is done.
17:33:03 INFO  : Context for 'APU' is selected.
17:33:03 INFO  : System reset is completed.
17:33:06 INFO  : 'after 3000' command is executed.
17:33:06 INFO  : 'targets -set -filter {jtag_cable_name =~ "Digilent Zed 210248722265" && level==0} -index 1' command is executed.
17:33:09 INFO  : FPGA configured successfully with bitstream "D:/Sem_6/AELD/Labs/Lab_7_Vivado/Lab_7_Vivado.sdk/design_1_wrapper_hw_platform_0/design_1_wrapper.bit"
17:33:09 INFO  : Context for 'APU' is selected.
17:33:09 INFO  : Hardware design information is loaded from 'D:/Sem_6/AELD/Labs/Lab_7_Vivado/Lab_7_Vivado.sdk/design_1_wrapper_hw_platform_0/system.hdf'.
17:33:09 INFO  : 'configparams force-mem-access 1' command is executed.
17:33:09 INFO  : Context for 'APU' is selected.
17:33:09 INFO  : 'ps7_init' command is executed.
17:33:09 INFO  : 'ps7_post_config' command is executed.
17:33:09 INFO  : Context for processor 'ps7_cortexa9_0' is selected.
17:33:10 INFO  : The application 'D:/Sem_6/AELD/Labs/Lab_7_Vivado/Lab_7_Vivado.sdk/Lab_7/Debug/Lab_7.elf' is downloaded to processor 'ps7_cortexa9_0'.
17:33:10 INFO  : 'configparams force-mem-access 0' command is executed.
17:33:10 INFO  : ----------------XSDB Script----------------
connect -url tcp:127.0.0.1:3121
source D:/Sem_6/AELD/Labs/Lab_7_Vivado/Lab_7_Vivado.sdk/design_1_wrapper_hw_platform_0/ps7_init.tcl
targets -set -nocase -filter {name =~"APU*" && jtag_cable_name =~ "Digilent Zed 210248722265"} -index 0
rst -system
after 3000
targets -set -filter {jtag_cable_name =~ "Digilent Zed 210248722265" && level==0} -index 1
fpga -file D:/Sem_6/AELD/Labs/Lab_7_Vivado/Lab_7_Vivado.sdk/design_1_wrapper_hw_platform_0/design_1_wrapper.bit
targets -set -nocase -filter {name =~"APU*" && jtag_cable_name =~ "Digilent Zed 210248722265"} -index 0
loadhw -hw D:/Sem_6/AELD/Labs/Lab_7_Vivado/Lab_7_Vivado.sdk/design_1_wrapper_hw_platform_0/system.hdf -mem-ranges [list {0x40000000 0xbfffffff}]
configparams force-mem-access 1
targets -set -nocase -filter {name =~"APU*" && jtag_cable_name =~ "Digilent Zed 210248722265"} -index 0
ps7_init
ps7_post_config
targets -set -nocase -filter {name =~ "ARM*#0" && jtag_cable_name =~ "Digilent Zed 210248722265"} -index 0
dow D:/Sem_6/AELD/Labs/Lab_7_Vivado/Lab_7_Vivado.sdk/Lab_7/Debug/Lab_7.elf
configparams force-mem-access 0
----------------End of Script----------------

17:33:10 INFO  : Memory regions updated for context APU
17:33:10 INFO  : Context for processor 'ps7_cortexa9_0' is selected.
17:33:10 INFO  : 'con' command is executed.
17:33:10 INFO  : ----------------XSDB Script (After Launch)----------------
targets -set -nocase -filter {name =~ "ARM*#0" && jtag_cable_name =~ "Digilent Zed 210248722265"} -index 0
con
----------------End of Script----------------

17:33:10 INFO  : Launch script is exported to file 'D:\Sem_6\AELD\Labs\Lab_7_Vivado\Lab_7_Vivado.sdk\.sdk\launch_scripts\xilinx_c-c++_application_(system_debugger)\system_debugger_using_debug_lab_7.elf_on_zed.tcl'
18:04:46 INFO  : Disconnected from the channel tcfchan#2.
18:10:25 INFO  : Registering command handlers for SDK TCF services
18:10:25 INFO  : Launching XSCT server: xsct.bat -interactive D:\Sem_6\AELD\Labs\Lab_7_Vivado\Lab_7_Vivado.sdk\temp_xsdb_launch_script.tcl
18:10:27 INFO  : XSCT server has started successfully.
18:10:27 INFO  : Successfully done setting XSCT server connection channel  
18:10:27 INFO  : Successfully done setting SDK workspace  
18:10:27 INFO  : Processing command line option -hwspec D:/Sem_6/AELD/Labs/Lab_7_Vivado/Lab_7_Vivado.sdk/design_1_wrapper.hdf.
18:10:27 INFO  : Checking for hwspec changes in the project design_1_wrapper_hw_platform_0.
18:10:29 INFO  : SDK has detected change in the last modified timestamps for source hardware specification file Source:1743597563968,  Project:1743347561723
18:10:29 INFO  : The hardware specification for project 'design_1_wrapper_hw_platform_0' is different from D:/Sem_6/AELD/Labs/Lab_7_Vivado/Lab_7_Vivado.sdk/design_1_wrapper.hdf.
18:10:30 INFO  : Copied contents of D:/Sem_6/AELD/Labs/Lab_7_Vivado/Lab_7_Vivado.sdk/design_1_wrapper.hdf into \design_1_wrapper_hw_platform_0\system.hdf.
18:10:31 INFO  : Synchronizing projects in the workspace with the hardware platform specification changes.
18:10:33 ERROR : (XSDB Server)ERROR: [Hsi 55-1545] Problem running tcl command ::sw_standalone_v7_0::generate : error deleting "D:/Sem_6/AELD/Labs/Lab_7_Vivado/Lab_7_Vivado.sdk/Lab_7_bsp/ps7_cortexa9_0/libsrc/standalone_v7_0/src/arm\ARMv8\32bit\xil_mmu.h": permission denied
    while executing
"file delete -force $armsrcdir"
    (procedure "::sw_standalone_v7_0::generate" line 356)
    invoked from within
"::sw_standalone_v7_0::generate standalone"
ERROR: [Hsi 55-1442] Error(s) while running TCL procedure generate()

18:10:33 ERROR : (XSDB Server)ERROR: [Hsi 55-1450] Error: running generate_bsp.

18:10:33 ERROR : Failed to call sync_sw_with_hw_change
Reason: ERROR: [Common 17-39] 'hsi::generate_bsp' failed due to earlier errors.

18:10:33 ERROR : Error updating BSP project MSS files.
18:10:34 INFO  : Updating hardware inferred compiler options for Lab_7.
18:10:34 INFO  : Clearing existing target manager status.
18:14:27 INFO  : Connected to target on host '127.0.0.1' and port '3121'.
18:14:27 INFO  : Jtag cable 'Digilent Zed 210248722265' is selected.
18:14:27 INFO  : 'jtag frequency' command is executed.
18:14:27 INFO  : Sourcing of 'D:/Sem_6/AELD/Labs/Lab_7_Vivado/Lab_7_Vivado.sdk/design_1_wrapper_hw_platform_0/ps7_init.tcl' is done.
18:14:27 INFO  : Context for 'APU' is selected.
18:14:27 INFO  : System reset is completed.
18:14:30 INFO  : 'after 3000' command is executed.
18:14:31 INFO  : 'targets -set -filter {jtag_cable_name =~ "Digilent Zed 210248722265" && level==0} -index 1' command is executed.
18:14:33 INFO  : FPGA configured successfully with bitstream "D:/Sem_6/AELD/Labs/Lab_7_Vivado/Lab_7_Vivado.sdk/design_1_wrapper_hw_platform_0/design_1_wrapper.bit"
18:14:33 INFO  : Context for 'APU' is selected.
18:14:33 INFO  : Hardware design information is loaded from 'D:/Sem_6/AELD/Labs/Lab_7_Vivado/Lab_7_Vivado.sdk/design_1_wrapper_hw_platform_0/system.hdf'.
18:14:33 INFO  : 'configparams force-mem-access 1' command is executed.
18:14:33 INFO  : Context for 'APU' is selected.
18:14:33 INFO  : 'ps7_init' command is executed.
18:14:33 INFO  : 'ps7_post_config' command is executed.
18:14:33 INFO  : Context for processor 'ps7_cortexa9_0' is selected.
18:14:33 INFO  : The application 'D:/Sem_6/AELD/Labs/Lab_7_Vivado/Lab_7_Vivado.sdk/Lab_7/Debug/Lab_7.elf' is downloaded to processor 'ps7_cortexa9_0'.
18:14:33 INFO  : 'configparams force-mem-access 0' command is executed.
18:14:33 INFO  : ----------------XSDB Script----------------
connect -url tcp:127.0.0.1:3121
source D:/Sem_6/AELD/Labs/Lab_7_Vivado/Lab_7_Vivado.sdk/design_1_wrapper_hw_platform_0/ps7_init.tcl
targets -set -nocase -filter {name =~"APU*" && jtag_cable_name =~ "Digilent Zed 210248722265"} -index 0
rst -system
after 3000
targets -set -filter {jtag_cable_name =~ "Digilent Zed 210248722265" && level==0} -index 1
fpga -file D:/Sem_6/AELD/Labs/Lab_7_Vivado/Lab_7_Vivado.sdk/design_1_wrapper_hw_platform_0/design_1_wrapper.bit
targets -set -nocase -filter {name =~"APU*" && jtag_cable_name =~ "Digilent Zed 210248722265"} -index 0
loadhw -hw D:/Sem_6/AELD/Labs/Lab_7_Vivado/Lab_7_Vivado.sdk/design_1_wrapper_hw_platform_0/system.hdf -mem-ranges [list {0x40000000 0xbfffffff}]
configparams force-mem-access 1
targets -set -nocase -filter {name =~"APU*" && jtag_cable_name =~ "Digilent Zed 210248722265"} -index 0
ps7_init
ps7_post_config
targets -set -nocase -filter {name =~ "ARM*#0" && jtag_cable_name =~ "Digilent Zed 210248722265"} -index 0
dow D:/Sem_6/AELD/Labs/Lab_7_Vivado/Lab_7_Vivado.sdk/Lab_7/Debug/Lab_7.elf
configparams force-mem-access 0
----------------End of Script----------------

18:14:34 INFO  : Memory regions updated for context APU
18:14:34 INFO  : Context for processor 'ps7_cortexa9_0' is selected.
18:14:34 INFO  : 'con' command is executed.
18:14:34 INFO  : ----------------XSDB Script (After Launch)----------------
targets -set -nocase -filter {name =~ "ARM*#0" && jtag_cable_name =~ "Digilent Zed 210248722265"} -index 0
con
----------------End of Script----------------

18:14:34 INFO  : Launch script is exported to file 'D:\Sem_6\AELD\Labs\Lab_7_Vivado\Lab_7_Vivado.sdk\.sdk\launch_scripts\xilinx_c-c++_application_(system_debugger)\system_debugger_using_debug_lab_7.elf_on_zed.tcl'
18:15:43 INFO  : Disconnected from the channel tcfchan#1.
18:15:44 INFO  : Connected to target on host '127.0.0.1' and port '3121'.
18:15:44 INFO  : Jtag cable 'Digilent Zed 210248722265' is selected.
18:15:44 INFO  : 'jtag frequency' command is executed.
18:15:44 INFO  : Sourcing of 'D:/Sem_6/AELD/Labs/Lab_7_Vivado/Lab_7_Vivado.sdk/design_1_wrapper_hw_platform_0/ps7_init.tcl' is done.
18:15:44 INFO  : Context for 'APU' is selected.
18:15:44 INFO  : System reset is completed.
18:15:47 INFO  : 'after 3000' command is executed.
18:15:47 INFO  : 'targets -set -filter {jtag_cable_name =~ "Digilent Zed 210248722265" && level==0} -index 1' command is executed.
18:15:49 INFO  : FPGA configured successfully with bitstream "D:/Sem_6/AELD/Labs/Lab_7_Vivado/Lab_7_Vivado.sdk/design_1_wrapper_hw_platform_0/design_1_wrapper.bit"
18:15:50 INFO  : Context for 'APU' is selected.
18:15:50 INFO  : Hardware design information is loaded from 'D:/Sem_6/AELD/Labs/Lab_7_Vivado/Lab_7_Vivado.sdk/design_1_wrapper_hw_platform_0/system.hdf'.
18:15:50 INFO  : 'configparams force-mem-access 1' command is executed.
18:15:51 INFO  : Context for 'APU' is selected.
18:15:51 INFO  : 'ps7_init' command is executed.
18:15:51 INFO  : 'ps7_post_config' command is executed.
18:15:51 INFO  : Context for processor 'ps7_cortexa9_0' is selected.
18:15:51 INFO  : The application 'D:/Sem_6/AELD/Labs/Lab_7_Vivado/Lab_7_Vivado.sdk/Lab_7/Debug/Lab_7.elf' is downloaded to processor 'ps7_cortexa9_0'.
18:15:51 INFO  : 'configparams force-mem-access 0' command is executed.
18:15:51 INFO  : ----------------XSDB Script----------------
connect -url tcp:127.0.0.1:3121
source D:/Sem_6/AELD/Labs/Lab_7_Vivado/Lab_7_Vivado.sdk/design_1_wrapper_hw_platform_0/ps7_init.tcl
targets -set -nocase -filter {name =~"APU*" && jtag_cable_name =~ "Digilent Zed 210248722265"} -index 0
rst -system
after 3000
targets -set -filter {jtag_cable_name =~ "Digilent Zed 210248722265" && level==0} -index 1
fpga -file D:/Sem_6/AELD/Labs/Lab_7_Vivado/Lab_7_Vivado.sdk/design_1_wrapper_hw_platform_0/design_1_wrapper.bit
targets -set -nocase -filter {name =~"APU*" && jtag_cable_name =~ "Digilent Zed 210248722265"} -index 0
loadhw -hw D:/Sem_6/AELD/Labs/Lab_7_Vivado/Lab_7_Vivado.sdk/design_1_wrapper_hw_platform_0/system.hdf -mem-ranges [list {0x40000000 0xbfffffff}]
configparams force-mem-access 1
targets -set -nocase -filter {name =~"APU*" && jtag_cable_name =~ "Digilent Zed 210248722265"} -index 0
ps7_init
ps7_post_config
targets -set -nocase -filter {name =~ "ARM*#0" && jtag_cable_name =~ "Digilent Zed 210248722265"} -index 0
dow D:/Sem_6/AELD/Labs/Lab_7_Vivado/Lab_7_Vivado.sdk/Lab_7/Debug/Lab_7.elf
configparams force-mem-access 0
----------------End of Script----------------

18:15:51 INFO  : Memory regions updated for context APU
18:15:51 INFO  : Context for processor 'ps7_cortexa9_0' is selected.
18:15:51 INFO  : 'con' command is executed.
18:15:51 INFO  : ----------------XSDB Script (After Launch)----------------
targets -set -nocase -filter {name =~ "ARM*#0" && jtag_cable_name =~ "Digilent Zed 210248722265"} -index 0
con
----------------End of Script----------------

18:15:51 INFO  : Launch script is exported to file 'D:\Sem_6\AELD\Labs\Lab_7_Vivado\Lab_7_Vivado.sdk\.sdk\launch_scripts\xilinx_c-c++_application_(system_debugger)\system_debugger_using_debug_lab_7.elf_on_zed.tcl'
18:16:49 INFO  : Disconnected from the channel tcfchan#2.
18:16:50 INFO  : Connected to target on host '127.0.0.1' and port '3121'.
18:16:50 INFO  : Jtag cable 'Digilent Zed 210248722265' is selected.
18:16:50 INFO  : 'jtag frequency' command is executed.
18:16:50 INFO  : Sourcing of 'D:/Sem_6/AELD/Labs/Lab_7_Vivado/Lab_7_Vivado.sdk/design_1_wrapper_hw_platform_0/ps7_init.tcl' is done.
18:16:50 INFO  : Context for 'APU' is selected.
18:16:50 INFO  : System reset is completed.
18:16:54 INFO  : 'after 3000' command is executed.
18:16:54 INFO  : 'targets -set -filter {jtag_cable_name =~ "Digilent Zed 210248722265" && level==0} -index 1' command is executed.
18:16:56 INFO  : FPGA configured successfully with bitstream "D:/Sem_6/AELD/Labs/Lab_7_Vivado/Lab_7_Vivado.sdk/design_1_wrapper_hw_platform_0/design_1_wrapper.bit"
18:16:56 INFO  : Context for 'APU' is selected.
18:16:56 INFO  : Hardware design information is loaded from 'D:/Sem_6/AELD/Labs/Lab_7_Vivado/Lab_7_Vivado.sdk/design_1_wrapper_hw_platform_0/system.hdf'.
18:16:56 INFO  : 'configparams force-mem-access 1' command is executed.
18:16:56 INFO  : Context for 'APU' is selected.
18:16:56 INFO  : 'ps7_init' command is executed.
18:16:56 INFO  : 'ps7_post_config' command is executed.
18:16:56 INFO  : Context for processor 'ps7_cortexa9_0' is selected.
18:16:56 INFO  : The application 'D:/Sem_6/AELD/Labs/Lab_7_Vivado/Lab_7_Vivado.sdk/Lab_7/Debug/Lab_7.elf' is downloaded to processor 'ps7_cortexa9_0'.
18:16:56 INFO  : 'configparams force-mem-access 0' command is executed.
18:16:56 INFO  : ----------------XSDB Script----------------
connect -url tcp:127.0.0.1:3121
source D:/Sem_6/AELD/Labs/Lab_7_Vivado/Lab_7_Vivado.sdk/design_1_wrapper_hw_platform_0/ps7_init.tcl
targets -set -nocase -filter {name =~"APU*" && jtag_cable_name =~ "Digilent Zed 210248722265"} -index 0
rst -system
after 3000
targets -set -filter {jtag_cable_name =~ "Digilent Zed 210248722265" && level==0} -index 1
fpga -file D:/Sem_6/AELD/Labs/Lab_7_Vivado/Lab_7_Vivado.sdk/design_1_wrapper_hw_platform_0/design_1_wrapper.bit
targets -set -nocase -filter {name =~"APU*" && jtag_cable_name =~ "Digilent Zed 210248722265"} -index 0
loadhw -hw D:/Sem_6/AELD/Labs/Lab_7_Vivado/Lab_7_Vivado.sdk/design_1_wrapper_hw_platform_0/system.hdf -mem-ranges [list {0x40000000 0xbfffffff}]
configparams force-mem-access 1
targets -set -nocase -filter {name =~"APU*" && jtag_cable_name =~ "Digilent Zed 210248722265"} -index 0
ps7_init
ps7_post_config
targets -set -nocase -filter {name =~ "ARM*#0" && jtag_cable_name =~ "Digilent Zed 210248722265"} -index 0
dow D:/Sem_6/AELD/Labs/Lab_7_Vivado/Lab_7_Vivado.sdk/Lab_7/Debug/Lab_7.elf
configparams force-mem-access 0
----------------End of Script----------------

18:16:57 INFO  : Memory regions updated for context APU
18:16:57 INFO  : Context for processor 'ps7_cortexa9_0' is selected.
18:16:57 INFO  : 'con' command is executed.
18:16:57 INFO  : ----------------XSDB Script (After Launch)----------------
targets -set -nocase -filter {name =~ "ARM*#0" && jtag_cable_name =~ "Digilent Zed 210248722265"} -index 0
con
----------------End of Script----------------

18:16:57 INFO  : Launch script is exported to file 'D:\Sem_6\AELD\Labs\Lab_7_Vivado\Lab_7_Vivado.sdk\.sdk\launch_scripts\xilinx_c-c++_application_(system_debugger)\system_debugger_using_debug_lab_7.elf_on_zed.tcl'
18:18:18 INFO  : Disconnected from the channel tcfchan#3.
18:18:19 INFO  : Connected to target on host '127.0.0.1' and port '3121'.
18:18:19 INFO  : Jtag cable 'Digilent Zed 210248722265' is selected.
18:18:19 INFO  : 'jtag frequency' command is executed.
18:18:19 INFO  : Sourcing of 'D:/Sem_6/AELD/Labs/Lab_7_Vivado/Lab_7_Vivado.sdk/design_1_wrapper_hw_platform_0/ps7_init.tcl' is done.
18:18:19 INFO  : Context for 'APU' is selected.
18:18:19 INFO  : System reset is completed.
18:18:22 INFO  : 'after 3000' command is executed.
18:18:22 INFO  : 'targets -set -filter {jtag_cable_name =~ "Digilent Zed 210248722265" && level==0} -index 1' command is executed.
18:18:24 INFO  : FPGA configured successfully with bitstream "D:/Sem_6/AELD/Labs/Lab_7_Vivado/Lab_7_Vivado.sdk/design_1_wrapper_hw_platform_0/design_1_wrapper.bit"
18:18:24 INFO  : Context for 'APU' is selected.
18:18:24 INFO  : Hardware design information is loaded from 'D:/Sem_6/AELD/Labs/Lab_7_Vivado/Lab_7_Vivado.sdk/design_1_wrapper_hw_platform_0/system.hdf'.
18:18:24 INFO  : 'configparams force-mem-access 1' command is executed.
18:18:24 INFO  : Context for 'APU' is selected.
18:18:25 INFO  : 'ps7_init' command is executed.
18:18:25 INFO  : 'ps7_post_config' command is executed.
18:18:25 INFO  : Context for processor 'ps7_cortexa9_0' is selected.
18:18:25 INFO  : The application 'D:/Sem_6/AELD/Labs/Lab_7_Vivado/Lab_7_Vivado.sdk/Lab_7/Debug/Lab_7.elf' is downloaded to processor 'ps7_cortexa9_0'.
18:18:25 INFO  : 'configparams force-mem-access 0' command is executed.
18:18:25 INFO  : ----------------XSDB Script----------------
connect -url tcp:127.0.0.1:3121
source D:/Sem_6/AELD/Labs/Lab_7_Vivado/Lab_7_Vivado.sdk/design_1_wrapper_hw_platform_0/ps7_init.tcl
targets -set -nocase -filter {name =~"APU*" && jtag_cable_name =~ "Digilent Zed 210248722265"} -index 0
rst -system
after 3000
targets -set -filter {jtag_cable_name =~ "Digilent Zed 210248722265" && level==0} -index 1
fpga -file D:/Sem_6/AELD/Labs/Lab_7_Vivado/Lab_7_Vivado.sdk/design_1_wrapper_hw_platform_0/design_1_wrapper.bit
targets -set -nocase -filter {name =~"APU*" && jtag_cable_name =~ "Digilent Zed 210248722265"} -index 0
loadhw -hw D:/Sem_6/AELD/Labs/Lab_7_Vivado/Lab_7_Vivado.sdk/design_1_wrapper_hw_platform_0/system.hdf -mem-ranges [list {0x40000000 0xbfffffff}]
configparams force-mem-access 1
targets -set -nocase -filter {name =~"APU*" && jtag_cable_name =~ "Digilent Zed 210248722265"} -index 0
ps7_init
ps7_post_config
targets -set -nocase -filter {name =~ "ARM*#0" && jtag_cable_name =~ "Digilent Zed 210248722265"} -index 0
dow D:/Sem_6/AELD/Labs/Lab_7_Vivado/Lab_7_Vivado.sdk/Lab_7/Debug/Lab_7.elf
configparams force-mem-access 0
----------------End of Script----------------

18:18:25 INFO  : Memory regions updated for context APU
18:18:25 INFO  : Context for processor 'ps7_cortexa9_0' is selected.
18:18:25 INFO  : 'con' command is executed.
18:18:25 INFO  : ----------------XSDB Script (After Launch)----------------
targets -set -nocase -filter {name =~ "ARM*#0" && jtag_cable_name =~ "Digilent Zed 210248722265"} -index 0
con
----------------End of Script----------------

18:18:25 INFO  : Launch script is exported to file 'D:\Sem_6\AELD\Labs\Lab_7_Vivado\Lab_7_Vivado.sdk\.sdk\launch_scripts\xilinx_c-c++_application_(system_debugger)\system_debugger_using_debug_lab_7.elf_on_zed.tcl'
18:18:57 INFO  : Disconnected from the channel tcfchan#4.
18:18:58 INFO  : Connected to target on host '127.0.0.1' and port '3121'.
18:18:58 INFO  : Jtag cable 'Digilent Zed 210248722265' is selected.
18:18:58 INFO  : 'jtag frequency' command is executed.
18:18:58 INFO  : Sourcing of 'D:/Sem_6/AELD/Labs/Lab_7_Vivado/Lab_7_Vivado.sdk/design_1_wrapper_hw_platform_0/ps7_init.tcl' is done.
18:18:58 INFO  : Context for 'APU' is selected.
18:18:58 INFO  : System reset is completed.
18:19:01 INFO  : 'after 3000' command is executed.
18:19:01 INFO  : 'targets -set -filter {jtag_cable_name =~ "Digilent Zed 210248722265" && level==0} -index 1' command is executed.
18:19:04 INFO  : FPGA configured successfully with bitstream "D:/Sem_6/AELD/Labs/Lab_7_Vivado/Lab_7_Vivado.sdk/design_1_wrapper_hw_platform_0/design_1_wrapper.bit"
18:19:04 INFO  : Context for 'APU' is selected.
18:19:04 INFO  : Hardware design information is loaded from 'D:/Sem_6/AELD/Labs/Lab_7_Vivado/Lab_7_Vivado.sdk/design_1_wrapper_hw_platform_0/system.hdf'.
18:19:04 INFO  : 'configparams force-mem-access 1' command is executed.
18:19:04 INFO  : Context for 'APU' is selected.
18:19:04 INFO  : 'ps7_init' command is executed.
18:19:04 INFO  : 'ps7_post_config' command is executed.
18:19:04 INFO  : Context for processor 'ps7_cortexa9_0' is selected.
18:19:04 INFO  : The application 'D:/Sem_6/AELD/Labs/Lab_7_Vivado/Lab_7_Vivado.sdk/Lab_7/Debug/Lab_7.elf' is downloaded to processor 'ps7_cortexa9_0'.
18:19:04 INFO  : 'configparams force-mem-access 0' command is executed.
18:19:04 INFO  : ----------------XSDB Script----------------
connect -url tcp:127.0.0.1:3121
source D:/Sem_6/AELD/Labs/Lab_7_Vivado/Lab_7_Vivado.sdk/design_1_wrapper_hw_platform_0/ps7_init.tcl
targets -set -nocase -filter {name =~"APU*" && jtag_cable_name =~ "Digilent Zed 210248722265"} -index 0
rst -system
after 3000
targets -set -filter {jtag_cable_name =~ "Digilent Zed 210248722265" && level==0} -index 1
fpga -file D:/Sem_6/AELD/Labs/Lab_7_Vivado/Lab_7_Vivado.sdk/design_1_wrapper_hw_platform_0/design_1_wrapper.bit
targets -set -nocase -filter {name =~"APU*" && jtag_cable_name =~ "Digilent Zed 210248722265"} -index 0
loadhw -hw D:/Sem_6/AELD/Labs/Lab_7_Vivado/Lab_7_Vivado.sdk/design_1_wrapper_hw_platform_0/system.hdf -mem-ranges [list {0x40000000 0xbfffffff}]
configparams force-mem-access 1
targets -set -nocase -filter {name =~"APU*" && jtag_cable_name =~ "Digilent Zed 210248722265"} -index 0
ps7_init
ps7_post_config
targets -set -nocase -filter {name =~ "ARM*#0" && jtag_cable_name =~ "Digilent Zed 210248722265"} -index 0
dow D:/Sem_6/AELD/Labs/Lab_7_Vivado/Lab_7_Vivado.sdk/Lab_7/Debug/Lab_7.elf
configparams force-mem-access 0
----------------End of Script----------------

18:19:04 INFO  : Memory regions updated for context APU
18:19:04 INFO  : Context for processor 'ps7_cortexa9_0' is selected.
18:19:04 INFO  : 'con' command is executed.
18:19:04 INFO  : ----------------XSDB Script (After Launch)----------------
targets -set -nocase -filter {name =~ "ARM*#0" && jtag_cable_name =~ "Digilent Zed 210248722265"} -index 0
con
----------------End of Script----------------

18:19:04 INFO  : Launch script is exported to file 'D:\Sem_6\AELD\Labs\Lab_7_Vivado\Lab_7_Vivado.sdk\.sdk\launch_scripts\xilinx_c-c++_application_(system_debugger)\system_debugger_using_debug_lab_7.elf_on_zed.tcl'
18:21:01 INFO  : Disconnected from the channel tcfchan#5.
18:21:02 INFO  : Connected to target on host '127.0.0.1' and port '3121'.
18:21:02 INFO  : Jtag cable 'Digilent Zed 210248722265' is selected.
18:21:02 INFO  : 'jtag frequency' command is executed.
18:21:02 INFO  : Sourcing of 'D:/Sem_6/AELD/Labs/Lab_7_Vivado/Lab_7_Vivado.sdk/design_1_wrapper_hw_platform_0/ps7_init.tcl' is done.
18:21:02 INFO  : Context for 'APU' is selected.
18:21:02 INFO  : System reset is completed.
18:21:05 INFO  : 'after 3000' command is executed.
18:21:05 INFO  : 'targets -set -filter {jtag_cable_name =~ "Digilent Zed 210248722265" && level==0} -index 1' command is executed.
18:21:08 INFO  : FPGA configured successfully with bitstream "D:/Sem_6/AELD/Labs/Lab_7_Vivado/Lab_7_Vivado.sdk/design_1_wrapper_hw_platform_0/design_1_wrapper.bit"
18:21:08 INFO  : Context for 'APU' is selected.
18:21:08 INFO  : Hardware design information is loaded from 'D:/Sem_6/AELD/Labs/Lab_7_Vivado/Lab_7_Vivado.sdk/design_1_wrapper_hw_platform_0/system.hdf'.
18:21:08 INFO  : 'configparams force-mem-access 1' command is executed.
18:21:08 INFO  : Context for 'APU' is selected.
18:21:08 INFO  : 'ps7_init' command is executed.
18:21:08 INFO  : 'ps7_post_config' command is executed.
18:21:08 INFO  : Context for processor 'ps7_cortexa9_0' is selected.
18:21:08 INFO  : The application 'D:/Sem_6/AELD/Labs/Lab_7_Vivado/Lab_7_Vivado.sdk/Lab_7/Debug/Lab_7.elf' is downloaded to processor 'ps7_cortexa9_0'.
18:21:08 INFO  : 'configparams force-mem-access 0' command is executed.
18:21:08 INFO  : ----------------XSDB Script----------------
connect -url tcp:127.0.0.1:3121
source D:/Sem_6/AELD/Labs/Lab_7_Vivado/Lab_7_Vivado.sdk/design_1_wrapper_hw_platform_0/ps7_init.tcl
targets -set -nocase -filter {name =~"APU*" && jtag_cable_name =~ "Digilent Zed 210248722265"} -index 0
rst -system
after 3000
targets -set -filter {jtag_cable_name =~ "Digilent Zed 210248722265" && level==0} -index 1
fpga -file D:/Sem_6/AELD/Labs/Lab_7_Vivado/Lab_7_Vivado.sdk/design_1_wrapper_hw_platform_0/design_1_wrapper.bit
targets -set -nocase -filter {name =~"APU*" && jtag_cable_name =~ "Digilent Zed 210248722265"} -index 0
loadhw -hw D:/Sem_6/AELD/Labs/Lab_7_Vivado/Lab_7_Vivado.sdk/design_1_wrapper_hw_platform_0/system.hdf -mem-ranges [list {0x40000000 0xbfffffff}]
configparams force-mem-access 1
targets -set -nocase -filter {name =~"APU*" && jtag_cable_name =~ "Digilent Zed 210248722265"} -index 0
ps7_init
ps7_post_config
targets -set -nocase -filter {name =~ "ARM*#0" && jtag_cable_name =~ "Digilent Zed 210248722265"} -index 0
dow D:/Sem_6/AELD/Labs/Lab_7_Vivado/Lab_7_Vivado.sdk/Lab_7/Debug/Lab_7.elf
configparams force-mem-access 0
----------------End of Script----------------

18:21:08 INFO  : Memory regions updated for context APU
18:21:08 INFO  : Context for processor 'ps7_cortexa9_0' is selected.
18:21:08 INFO  : 'con' command is executed.
18:21:08 INFO  : ----------------XSDB Script (After Launch)----------------
targets -set -nocase -filter {name =~ "ARM*#0" && jtag_cable_name =~ "Digilent Zed 210248722265"} -index 0
con
----------------End of Script----------------

18:21:08 INFO  : Launch script is exported to file 'D:\Sem_6\AELD\Labs\Lab_7_Vivado\Lab_7_Vivado.sdk\.sdk\launch_scripts\xilinx_c-c++_application_(system_debugger)\system_debugger_using_debug_lab_7.elf_on_zed.tcl'
18:23:27 INFO  : Disconnected from the channel tcfchan#6.
18:23:29 INFO  : Connected through redirection to target on host '192.168.226.142' and port '53359'.
18:23:30 INFO  : Jtag cable 'Digilent Zed 210248722679' is selected.
18:23:30 INFO  : 'jtag frequency' command is executed.
18:23:30 INFO  : Sourcing of 'D:/Sem_6/AELD/Labs/Lab_7_Vivado/Lab_7_Vivado.sdk/design_1_wrapper_hw_platform_0/ps7_init.tcl' is done.
18:23:30 INFO  : Context for 'APU' is selected.
18:23:30 INFO  : System reset is completed.
18:23:33 INFO  : 'after 3000' command is executed.
18:23:33 INFO  : 'targets -set -filter {jtag_cable_name =~ "Digilent Zed 210248722679" && level==0} -index 1' command is executed.
18:23:36 INFO  : FPGA configured successfully with bitstream "D:/Sem_6/AELD/Labs/Lab_7_Vivado/Lab_7_Vivado.sdk/design_1_wrapper_hw_platform_0/design_1_wrapper.bit"
18:23:36 INFO  : Context for 'APU' is selected.
18:23:36 INFO  : Hardware design information is loaded from 'D:/Sem_6/AELD/Labs/Lab_7_Vivado/Lab_7_Vivado.sdk/design_1_wrapper_hw_platform_0/system.hdf'.
18:23:36 INFO  : 'configparams force-mem-access 1' command is executed.
18:23:36 INFO  : Context for 'APU' is selected.
18:23:41 INFO  : 'ps7_init' command is executed.
18:23:41 INFO  : 'ps7_post_config' command is executed.
18:23:41 INFO  : Context for processor 'ps7_cortexa9_0' is selected.
18:23:42 INFO  : The application 'D:/Sem_6/AELD/Labs/Lab_7_Vivado/Lab_7_Vivado.sdk/Lab_7/Debug/Lab_7.elf' is downloaded to processor 'ps7_cortexa9_0'.
18:23:42 INFO  : 'configparams force-mem-access 0' command is executed.
18:23:42 INFO  : ----------------XSDB Script----------------
connect -path [list tcp::1534 tcp:192.168.226.142:53359]
source D:/Sem_6/AELD/Labs/Lab_7_Vivado/Lab_7_Vivado.sdk/design_1_wrapper_hw_platform_0/ps7_init.tcl
targets -set -nocase -filter {name =~"APU*" && jtag_cable_name =~ "Digilent Zed 210248722679"} -index 0
rst -system
after 3000
targets -set -filter {jtag_cable_name =~ "Digilent Zed 210248722679" && level==0} -index 1
fpga -file D:/Sem_6/AELD/Labs/Lab_7_Vivado/Lab_7_Vivado.sdk/design_1_wrapper_hw_platform_0/design_1_wrapper.bit
targets -set -nocase -filter {name =~"APU*" && jtag_cable_name =~ "Digilent Zed 210248722679"} -index 0
loadhw -hw D:/Sem_6/AELD/Labs/Lab_7_Vivado/Lab_7_Vivado.sdk/design_1_wrapper_hw_platform_0/system.hdf -mem-ranges [list {0x40000000 0xbfffffff}]
configparams force-mem-access 1
targets -set -nocase -filter {name =~"APU*" && jtag_cable_name =~ "Digilent Zed 210248722679"} -index 0
ps7_init
ps7_post_config
targets -set -nocase -filter {name =~ "ARM*#0" && jtag_cable_name =~ "Digilent Zed 210248722679"} -index 0
dow D:/Sem_6/AELD/Labs/Lab_7_Vivado/Lab_7_Vivado.sdk/Lab_7/Debug/Lab_7.elf
configparams force-mem-access 0
----------------End of Script----------------

18:23:42 INFO  : Memory regions updated for context APU
18:23:42 INFO  : Context for processor 'ps7_cortexa9_0' is selected.
18:23:42 INFO  : 'con' command is executed.
18:23:42 INFO  : ----------------XSDB Script (After Launch)----------------
targets -set -nocase -filter {name =~ "ARM*#0" && jtag_cable_name =~ "Digilent Zed 210248722679"} -index 0
con
----------------End of Script----------------

18:23:42 INFO  : Launch script is exported to file 'D:\Sem_6\AELD\Labs\Lab_7_Vivado\Lab_7_Vivado.sdk\.sdk\launch_scripts\xilinx_c-c++_application_(system_debugger)\system_debugger_using_debug_lab_7.elf_on_zed.tcl'
18:25:11 INFO  : Disconnected from the channel tcfchan#7.
18:25:12 INFO  : Connected through redirection to target on host '192.168.226.142' and port '53359'.
18:25:12 INFO  : Jtag cable 'Digilent Zed 210248722679' is selected.
18:25:12 INFO  : 'jtag frequency' command is executed.
18:25:12 INFO  : Sourcing of 'D:/Sem_6/AELD/Labs/Lab_7_Vivado/Lab_7_Vivado.sdk/design_1_wrapper_hw_platform_0/ps7_init.tcl' is done.
18:25:12 INFO  : Context for 'APU' is selected.
18:25:13 INFO  : System reset is completed.
18:25:16 INFO  : 'after 3000' command is executed.
18:25:16 INFO  : 'targets -set -filter {jtag_cable_name =~ "Digilent Zed 210248722679" && level==0} -index 1' command is executed.
18:25:18 INFO  : FPGA configured successfully with bitstream "D:/Sem_6/AELD/Labs/Lab_7_Vivado/Lab_7_Vivado.sdk/design_1_wrapper_hw_platform_0/design_1_wrapper.bit"
18:25:18 INFO  : Context for 'APU' is selected.
18:25:18 INFO  : Hardware design information is loaded from 'D:/Sem_6/AELD/Labs/Lab_7_Vivado/Lab_7_Vivado.sdk/design_1_wrapper_hw_platform_0/system.hdf'.
18:25:18 INFO  : 'configparams force-mem-access 1' command is executed.
18:25:18 INFO  : Context for 'APU' is selected.
18:25:21 INFO  : 'ps7_init' command is executed.
18:25:21 INFO  : 'ps7_post_config' command is executed.
18:25:21 INFO  : Context for processor 'ps7_cortexa9_0' is selected.
18:25:21 INFO  : The application 'D:/Sem_6/AELD/Labs/Lab_7_Vivado/Lab_7_Vivado.sdk/Lab_7/Debug/Lab_7.elf' is downloaded to processor 'ps7_cortexa9_0'.
18:25:21 INFO  : 'configparams force-mem-access 0' command is executed.
18:25:21 INFO  : ----------------XSDB Script----------------
connect -path [list tcp::1534 tcp:192.168.226.142:53359]
source D:/Sem_6/AELD/Labs/Lab_7_Vivado/Lab_7_Vivado.sdk/design_1_wrapper_hw_platform_0/ps7_init.tcl
targets -set -nocase -filter {name =~"APU*" && jtag_cable_name =~ "Digilent Zed 210248722679"} -index 0
rst -system
after 3000
targets -set -filter {jtag_cable_name =~ "Digilent Zed 210248722679" && level==0} -index 1
fpga -file D:/Sem_6/AELD/Labs/Lab_7_Vivado/Lab_7_Vivado.sdk/design_1_wrapper_hw_platform_0/design_1_wrapper.bit
targets -set -nocase -filter {name =~"APU*" && jtag_cable_name =~ "Digilent Zed 210248722679"} -index 0
loadhw -hw D:/Sem_6/AELD/Labs/Lab_7_Vivado/Lab_7_Vivado.sdk/design_1_wrapper_hw_platform_0/system.hdf -mem-ranges [list {0x40000000 0xbfffffff}]
configparams force-mem-access 1
targets -set -nocase -filter {name =~"APU*" && jtag_cable_name =~ "Digilent Zed 210248722679"} -index 0
ps7_init
ps7_post_config
targets -set -nocase -filter {name =~ "ARM*#0" && jtag_cable_name =~ "Digilent Zed 210248722679"} -index 0
dow D:/Sem_6/AELD/Labs/Lab_7_Vivado/Lab_7_Vivado.sdk/Lab_7/Debug/Lab_7.elf
configparams force-mem-access 0
----------------End of Script----------------

18:25:22 INFO  : Memory regions updated for context APU
18:25:22 INFO  : Context for processor 'ps7_cortexa9_0' is selected.
18:25:22 INFO  : 'con' command is executed.
18:25:22 INFO  : ----------------XSDB Script (After Launch)----------------
targets -set -nocase -filter {name =~ "ARM*#0" && jtag_cable_name =~ "Digilent Zed 210248722679"} -index 0
con
----------------End of Script----------------

18:25:22 INFO  : Launch script is exported to file 'D:\Sem_6\AELD\Labs\Lab_7_Vivado\Lab_7_Vivado.sdk\.sdk\launch_scripts\xilinx_c-c++_application_(system_debugger)\system_debugger_using_debug_lab_7.elf_on_zed.tcl'
18:27:21 INFO  : Disconnected from the channel tcfchan#8.
18:27:22 INFO  : Connected through redirection to target on host '192.168.226.142' and port '53359'.
18:27:22 INFO  : Jtag cable 'Digilent Zed 210248722679' is selected.
18:27:22 INFO  : 'jtag frequency' command is executed.
18:27:22 INFO  : Sourcing of 'D:/Sem_6/AELD/Labs/Lab_7_Vivado/Lab_7_Vivado.sdk/design_1_wrapper_hw_platform_0/ps7_init.tcl' is done.
18:27:22 INFO  : Context for 'APU' is selected.
18:27:22 INFO  : System reset is completed.
18:27:25 INFO  : 'after 3000' command is executed.
18:27:25 INFO  : 'targets -set -filter {jtag_cable_name =~ "Digilent Zed 210248722679" && level==0} -index 1' command is executed.
18:27:28 INFO  : FPGA configured successfully with bitstream "D:/Sem_6/AELD/Labs/Lab_7_Vivado/Lab_7_Vivado.sdk/design_1_wrapper_hw_platform_0/design_1_wrapper.bit"
18:27:28 INFO  : Context for 'APU' is selected.
18:27:28 INFO  : Hardware design information is loaded from 'D:/Sem_6/AELD/Labs/Lab_7_Vivado/Lab_7_Vivado.sdk/design_1_wrapper_hw_platform_0/system.hdf'.
18:27:28 INFO  : 'configparams force-mem-access 1' command is executed.
18:27:28 INFO  : Context for 'APU' is selected.
18:27:30 INFO  : 'ps7_init' command is executed.
18:27:30 INFO  : 'ps7_post_config' command is executed.
18:27:30 INFO  : Context for processor 'ps7_cortexa9_0' is selected.
18:27:30 INFO  : The application 'D:/Sem_6/AELD/Labs/Lab_7_Vivado/Lab_7_Vivado.sdk/Lab_7/Debug/Lab_7.elf' is downloaded to processor 'ps7_cortexa9_0'.
18:27:30 INFO  : 'configparams force-mem-access 0' command is executed.
18:27:30 INFO  : ----------------XSDB Script----------------
connect -path [list tcp::1534 tcp:192.168.226.142:53359]
source D:/Sem_6/AELD/Labs/Lab_7_Vivado/Lab_7_Vivado.sdk/design_1_wrapper_hw_platform_0/ps7_init.tcl
targets -set -nocase -filter {name =~"APU*" && jtag_cable_name =~ "Digilent Zed 210248722679"} -index 0
rst -system
after 3000
targets -set -filter {jtag_cable_name =~ "Digilent Zed 210248722679" && level==0} -index 1
fpga -file D:/Sem_6/AELD/Labs/Lab_7_Vivado/Lab_7_Vivado.sdk/design_1_wrapper_hw_platform_0/design_1_wrapper.bit
targets -set -nocase -filter {name =~"APU*" && jtag_cable_name =~ "Digilent Zed 210248722679"} -index 0
loadhw -hw D:/Sem_6/AELD/Labs/Lab_7_Vivado/Lab_7_Vivado.sdk/design_1_wrapper_hw_platform_0/system.hdf -mem-ranges [list {0x40000000 0xbfffffff}]
configparams force-mem-access 1
targets -set -nocase -filter {name =~"APU*" && jtag_cable_name =~ "Digilent Zed 210248722679"} -index 0
ps7_init
ps7_post_config
targets -set -nocase -filter {name =~ "ARM*#0" && jtag_cable_name =~ "Digilent Zed 210248722679"} -index 0
dow D:/Sem_6/AELD/Labs/Lab_7_Vivado/Lab_7_Vivado.sdk/Lab_7/Debug/Lab_7.elf
configparams force-mem-access 0
----------------End of Script----------------

18:27:30 INFO  : Memory regions updated for context APU
18:27:30 INFO  : Context for processor 'ps7_cortexa9_0' is selected.
18:27:30 INFO  : 'con' command is executed.
18:27:30 INFO  : ----------------XSDB Script (After Launch)----------------
targets -set -nocase -filter {name =~ "ARM*#0" && jtag_cable_name =~ "Digilent Zed 210248722679"} -index 0
con
----------------End of Script----------------

18:27:30 INFO  : Launch script is exported to file 'D:\Sem_6\AELD\Labs\Lab_7_Vivado\Lab_7_Vivado.sdk\.sdk\launch_scripts\xilinx_c-c++_application_(system_debugger)\system_debugger_using_debug_lab_7.elf_on_zed.tcl'
18:29:36 INFO  : Disconnected from the channel tcfchan#9.
18:29:37 INFO  : Connected through redirection to target on host '192.168.226.142' and port '53359'.
18:29:37 INFO  : Jtag cable 'Digilent Zed 210248722679' is selected.
18:29:37 INFO  : 'jtag frequency' command is executed.
18:29:37 INFO  : Sourcing of 'D:/Sem_6/AELD/Labs/Lab_7_Vivado/Lab_7_Vivado.sdk/design_1_wrapper_hw_platform_0/ps7_init.tcl' is done.
18:29:37 INFO  : Context for 'APU' is selected.
18:29:37 INFO  : System reset is completed.
18:29:40 INFO  : 'after 3000' command is executed.
18:29:40 INFO  : 'targets -set -filter {jtag_cable_name =~ "Digilent Zed 210248722679" && level==0} -index 1' command is executed.
18:29:43 INFO  : FPGA configured successfully with bitstream "D:/Sem_6/AELD/Labs/Lab_7_Vivado/Lab_7_Vivado.sdk/design_1_wrapper_hw_platform_0/design_1_wrapper.bit"
18:29:43 INFO  : Context for 'APU' is selected.
18:29:43 INFO  : Hardware design information is loaded from 'D:/Sem_6/AELD/Labs/Lab_7_Vivado/Lab_7_Vivado.sdk/design_1_wrapper_hw_platform_0/system.hdf'.
18:29:43 INFO  : 'configparams force-mem-access 1' command is executed.
18:29:43 INFO  : Context for 'APU' is selected.
18:29:45 INFO  : 'ps7_init' command is executed.
18:29:45 INFO  : 'ps7_post_config' command is executed.
18:29:45 INFO  : Context for processor 'ps7_cortexa9_0' is selected.
18:29:45 INFO  : The application 'D:/Sem_6/AELD/Labs/Lab_7_Vivado/Lab_7_Vivado.sdk/Lab_7/Debug/Lab_7.elf' is downloaded to processor 'ps7_cortexa9_0'.
18:29:45 INFO  : 'configparams force-mem-access 0' command is executed.
18:29:45 INFO  : ----------------XSDB Script----------------
connect -path [list tcp::1534 tcp:192.168.226.142:53359]
source D:/Sem_6/AELD/Labs/Lab_7_Vivado/Lab_7_Vivado.sdk/design_1_wrapper_hw_platform_0/ps7_init.tcl
targets -set -nocase -filter {name =~"APU*" && jtag_cable_name =~ "Digilent Zed 210248722679"} -index 0
rst -system
after 3000
targets -set -filter {jtag_cable_name =~ "Digilent Zed 210248722679" && level==0} -index 1
fpga -file D:/Sem_6/AELD/Labs/Lab_7_Vivado/Lab_7_Vivado.sdk/design_1_wrapper_hw_platform_0/design_1_wrapper.bit
targets -set -nocase -filter {name =~"APU*" && jtag_cable_name =~ "Digilent Zed 210248722679"} -index 0
loadhw -hw D:/Sem_6/AELD/Labs/Lab_7_Vivado/Lab_7_Vivado.sdk/design_1_wrapper_hw_platform_0/system.hdf -mem-ranges [list {0x40000000 0xbfffffff}]
configparams force-mem-access 1
targets -set -nocase -filter {name =~"APU*" && jtag_cable_name =~ "Digilent Zed 210248722679"} -index 0
ps7_init
ps7_post_config
targets -set -nocase -filter {name =~ "ARM*#0" && jtag_cable_name =~ "Digilent Zed 210248722679"} -index 0
dow D:/Sem_6/AELD/Labs/Lab_7_Vivado/Lab_7_Vivado.sdk/Lab_7/Debug/Lab_7.elf
configparams force-mem-access 0
----------------End of Script----------------

18:29:45 INFO  : Memory regions updated for context APU
18:29:45 INFO  : Context for processor 'ps7_cortexa9_0' is selected.
18:29:45 INFO  : 'con' command is executed.
18:29:45 INFO  : ----------------XSDB Script (After Launch)----------------
targets -set -nocase -filter {name =~ "ARM*#0" && jtag_cable_name =~ "Digilent Zed 210248722679"} -index 0
con
----------------End of Script----------------

18:29:45 INFO  : Launch script is exported to file 'D:\Sem_6\AELD\Labs\Lab_7_Vivado\Lab_7_Vivado.sdk\.sdk\launch_scripts\xilinx_c-c++_application_(system_debugger)\system_debugger_using_debug_lab_7.elf_on_zed.tcl'
18:30:41 INFO  : Disconnected from the channel tcfchan#10.
18:31:11 INFO  : Registering command handlers for SDK TCF services
18:31:11 INFO  : Launching XSCT server: xsct.bat -interactive D:\Sem_6\AELD\Labs\Lab_7_Vivado\Lab_7_Vivado.sdk\temp_xsdb_launch_script.tcl
18:31:13 INFO  : XSCT server has started successfully.
18:31:13 INFO  : Successfully done setting XSCT server connection channel  
18:31:13 INFO  : Successfully done setting SDK workspace  
18:31:13 INFO  : Processing command line option -hwspec D:/Sem_6/AELD/Labs/Lab_7_Vivado/Lab_7_Vivado.sdk/design_1_wrapper.hdf.
18:31:13 INFO  : Checking for hwspec changes in the project design_1_wrapper_hw_platform_0.
18:32:35 INFO  : Connected through redirection to target on host '192.168.226.142' and port '53359'.
18:32:35 INFO  : Jtag cable 'Digilent Zed 210248722679' is selected.
18:32:35 INFO  : 'jtag frequency' command is executed.
18:32:35 INFO  : Sourcing of 'D:/Sem_6/AELD/Labs/Lab_7_Vivado/Lab_7_Vivado.sdk/design_1_wrapper_hw_platform_0/ps7_init.tcl' is done.
18:32:36 INFO  : Context for 'APU' is selected.
18:32:36 INFO  : System reset is completed.
18:32:39 INFO  : 'after 3000' command is executed.
18:32:39 INFO  : 'targets -set -filter {jtag_cable_name =~ "Digilent Zed 210248722679" && level==0} -index 1' command is executed.
18:32:41 INFO  : FPGA configured successfully with bitstream "D:/Sem_6/AELD/Labs/Lab_7_Vivado/Lab_7_Vivado.sdk/design_1_wrapper_hw_platform_0/design_1_wrapper.bit"
18:32:41 INFO  : Context for 'APU' is selected.
18:32:41 INFO  : Hardware design information is loaded from 'D:/Sem_6/AELD/Labs/Lab_7_Vivado/Lab_7_Vivado.sdk/design_1_wrapper_hw_platform_0/system.hdf'.
18:32:41 INFO  : 'configparams force-mem-access 1' command is executed.
18:32:41 INFO  : Context for 'APU' is selected.
18:32:43 INFO  : 'ps7_init' command is executed.
18:32:43 INFO  : 'ps7_post_config' command is executed.
18:32:43 INFO  : Context for processor 'ps7_cortexa9_0' is selected.
18:32:43 INFO  : The application 'D:/Sem_6/AELD/Labs/Lab_7_Vivado/Lab_7_Vivado.sdk/Lab_7/Debug/Lab_7.elf' is downloaded to processor 'ps7_cortexa9_0'.
18:32:43 INFO  : 'configparams force-mem-access 0' command is executed.
18:32:43 INFO  : ----------------XSDB Script----------------
connect -path [list tcp::1534 tcp:192.168.226.142:53359]
source D:/Sem_6/AELD/Labs/Lab_7_Vivado/Lab_7_Vivado.sdk/design_1_wrapper_hw_platform_0/ps7_init.tcl
targets -set -nocase -filter {name =~"APU*" && jtag_cable_name =~ "Digilent Zed 210248722679"} -index 0
rst -system
after 3000
targets -set -filter {jtag_cable_name =~ "Digilent Zed 210248722679" && level==0} -index 1
fpga -file D:/Sem_6/AELD/Labs/Lab_7_Vivado/Lab_7_Vivado.sdk/design_1_wrapper_hw_platform_0/design_1_wrapper.bit
targets -set -nocase -filter {name =~"APU*" && jtag_cable_name =~ "Digilent Zed 210248722679"} -index 0
loadhw -hw D:/Sem_6/AELD/Labs/Lab_7_Vivado/Lab_7_Vivado.sdk/design_1_wrapper_hw_platform_0/system.hdf -mem-ranges [list {0x40000000 0xbfffffff}]
configparams force-mem-access 1
targets -set -nocase -filter {name =~"APU*" && jtag_cable_name =~ "Digilent Zed 210248722679"} -index 0
ps7_init
ps7_post_config
targets -set -nocase -filter {name =~ "ARM*#0" && jtag_cable_name =~ "Digilent Zed 210248722679"} -index 0
dow D:/Sem_6/AELD/Labs/Lab_7_Vivado/Lab_7_Vivado.sdk/Lab_7/Debug/Lab_7.elf
configparams force-mem-access 0
----------------End of Script----------------

18:32:43 INFO  : Memory regions updated for context APU
18:32:43 INFO  : Context for processor 'ps7_cortexa9_0' is selected.
18:32:43 INFO  : 'con' command is executed.
18:32:43 INFO  : ----------------XSDB Script (After Launch)----------------
targets -set -nocase -filter {name =~ "ARM*#0" && jtag_cable_name =~ "Digilent Zed 210248722679"} -index 0
con
----------------End of Script----------------

18:32:43 INFO  : Launch script is exported to file 'D:\Sem_6\AELD\Labs\Lab_7_Vivado\Lab_7_Vivado.sdk\.sdk\launch_scripts\xilinx_c-c++_application_(system_debugger)\system_debugger_using_debug_lab_7.elf_on_zed.tcl'
18:34:01 INFO  : Disconnected from the channel tcfchan#1.
18:34:02 INFO  : Connected through redirection to target on host '192.168.226.142' and port '53359'.
18:34:03 INFO  : Jtag cable 'Digilent Zed 210248722679' is selected.
18:34:03 INFO  : 'jtag frequency' command is executed.
18:34:03 INFO  : Sourcing of 'D:/Sem_6/AELD/Labs/Lab_7_Vivado/Lab_7_Vivado.sdk/design_1_wrapper_hw_platform_0/ps7_init.tcl' is done.
18:34:03 INFO  : Context for 'APU' is selected.
18:34:03 INFO  : System reset is completed.
18:34:06 INFO  : 'after 3000' command is executed.
18:34:06 INFO  : 'targets -set -filter {jtag_cable_name =~ "Digilent Zed 210248722679" && level==0} -index 1' command is executed.
18:34:08 INFO  : FPGA configured successfully with bitstream "D:/Sem_6/AELD/Labs/Lab_7_Vivado/Lab_7_Vivado.sdk/design_1_wrapper_hw_platform_0/design_1_wrapper.bit"
18:34:08 INFO  : Context for 'APU' is selected.
18:34:09 INFO  : Hardware design information is loaded from 'D:/Sem_6/AELD/Labs/Lab_7_Vivado/Lab_7_Vivado.sdk/design_1_wrapper_hw_platform_0/system.hdf'.
18:34:09 INFO  : 'configparams force-mem-access 1' command is executed.
18:34:09 INFO  : Context for 'APU' is selected.
18:34:12 INFO  : 'ps7_init' command is executed.
18:34:12 INFO  : 'ps7_post_config' command is executed.
18:34:12 INFO  : Context for processor 'ps7_cortexa9_0' is selected.
18:34:12 INFO  : The application 'D:/Sem_6/AELD/Labs/Lab_7_Vivado/Lab_7_Vivado.sdk/Lab_7/Debug/Lab_7.elf' is downloaded to processor 'ps7_cortexa9_0'.
18:34:12 INFO  : 'configparams force-mem-access 0' command is executed.
18:34:12 INFO  : ----------------XSDB Script----------------
connect -path [list tcp::1534 tcp:192.168.226.142:53359]
source D:/Sem_6/AELD/Labs/Lab_7_Vivado/Lab_7_Vivado.sdk/design_1_wrapper_hw_platform_0/ps7_init.tcl
targets -set -nocase -filter {name =~"APU*" && jtag_cable_name =~ "Digilent Zed 210248722679"} -index 0
rst -system
after 3000
targets -set -filter {jtag_cable_name =~ "Digilent Zed 210248722679" && level==0} -index 1
fpga -file D:/Sem_6/AELD/Labs/Lab_7_Vivado/Lab_7_Vivado.sdk/design_1_wrapper_hw_platform_0/design_1_wrapper.bit
targets -set -nocase -filter {name =~"APU*" && jtag_cable_name =~ "Digilent Zed 210248722679"} -index 0
loadhw -hw D:/Sem_6/AELD/Labs/Lab_7_Vivado/Lab_7_Vivado.sdk/design_1_wrapper_hw_platform_0/system.hdf -mem-ranges [list {0x40000000 0xbfffffff}]
configparams force-mem-access 1
targets -set -nocase -filter {name =~"APU*" && jtag_cable_name =~ "Digilent Zed 210248722679"} -index 0
ps7_init
ps7_post_config
targets -set -nocase -filter {name =~ "ARM*#0" && jtag_cable_name =~ "Digilent Zed 210248722679"} -index 0
dow D:/Sem_6/AELD/Labs/Lab_7_Vivado/Lab_7_Vivado.sdk/Lab_7/Debug/Lab_7.elf
configparams force-mem-access 0
----------------End of Script----------------

18:34:13 INFO  : Memory regions updated for context APU
18:34:13 INFO  : Context for processor 'ps7_cortexa9_0' is selected.
18:34:13 INFO  : 'con' command is executed.
18:34:13 INFO  : ----------------XSDB Script (After Launch)----------------
targets -set -nocase -filter {name =~ "ARM*#0" && jtag_cable_name =~ "Digilent Zed 210248722679"} -index 0
con
----------------End of Script----------------

18:34:13 INFO  : Launch script is exported to file 'D:\Sem_6\AELD\Labs\Lab_7_Vivado\Lab_7_Vivado.sdk\.sdk\launch_scripts\xilinx_c-c++_application_(system_debugger)\system_debugger_using_debug_lab_7.elf_on_zed.tcl'
18:38:54 INFO  : Disconnected from the channel tcfchan#2.
21:37:01 INFO  : Launching XSCT server: xsct.bat -interactive D:\Sem_6\AELD\Labs\Lab_7_Vivado\Lab_7_Vivado.sdk\temp_xsdb_launch_script.tcl
21:37:01 INFO  : Registering command handlers for SDK TCF services
21:37:03 INFO  : XSCT server has started successfully.
21:37:06 INFO  : Successfully done setting XSCT server connection channel  
21:37:06 INFO  : Successfully done setting SDK workspace  
21:37:06 INFO  : Processing command line option -hwspec D:/Sem_6/AELD/Labs/Lab_7_Vivado/Lab_7_Vivado.sdk/design_1_wrapper.hdf.
21:37:06 INFO  : Checking for hwspec changes in the project design_1_wrapper_hw_platform_0.
21:37:50 INFO  : Connected through redirection to target on host '192.168.226.142' and port '52886'.
21:37:51 INFO  : Jtag cable 'Digilent Zed 210248A39C93' is selected.
21:37:51 INFO  : 'jtag frequency' command is executed.
21:37:51 INFO  : Sourcing of 'D:/Sem_6/AELD/Labs/Lab_7_Vivado/Lab_7_Vivado.sdk/design_1_wrapper_hw_platform_0/ps7_init.tcl' is done.
21:37:51 INFO  : Context for 'APU' is selected.
21:37:53 INFO  : System reset is completed.
21:37:56 INFO  : 'after 3000' command is executed.
21:37:56 INFO  : 'targets -set -filter {jtag_cable_name =~ "Digilent Zed 210248A39C93" && level==0} -index 1' command is executed.
21:38:05 INFO  : FPGA configured successfully with bitstream "D:/Sem_6/AELD/Labs/Lab_7_Vivado/Lab_7_Vivado.sdk/design_1_wrapper_hw_platform_0/design_1_wrapper.bit"
21:38:05 INFO  : Context for 'APU' is selected.
21:38:05 INFO  : Hardware design information is loaded from 'D:/Sem_6/AELD/Labs/Lab_7_Vivado/Lab_7_Vivado.sdk/design_1_wrapper_hw_platform_0/system.hdf'.
21:38:06 INFO  : 'configparams force-mem-access 1' command is executed.
21:38:06 INFO  : Context for 'APU' is selected.
21:38:20 INFO  : 'ps7_init' command is executed.
21:38:21 INFO  : 'ps7_post_config' command is executed.
21:38:21 INFO  : Context for processor 'ps7_cortexa9_0' is selected.
21:38:22 INFO  : The application 'D:/Sem_6/AELD/Labs/Lab_7_Vivado/Lab_7_Vivado.sdk/Lab_7/Debug/Lab_7.elf' is downloaded to processor 'ps7_cortexa9_0'.
21:38:22 INFO  : 'configparams force-mem-access 0' command is executed.
21:38:22 INFO  : ----------------XSDB Script----------------
connect -path [list tcp::1534 tcp:192.168.226.142:52886]
source D:/Sem_6/AELD/Labs/Lab_7_Vivado/Lab_7_Vivado.sdk/design_1_wrapper_hw_platform_0/ps7_init.tcl
targets -set -nocase -filter {name =~"APU*" && jtag_cable_name =~ "Digilent Zed 210248A39C93"} -index 0
rst -system
after 3000
targets -set -filter {jtag_cable_name =~ "Digilent Zed 210248A39C93" && level==0} -index 1
fpga -file D:/Sem_6/AELD/Labs/Lab_7_Vivado/Lab_7_Vivado.sdk/design_1_wrapper_hw_platform_0/design_1_wrapper.bit
targets -set -nocase -filter {name =~"APU*" && jtag_cable_name =~ "Digilent Zed 210248A39C93"} -index 0
loadhw -hw D:/Sem_6/AELD/Labs/Lab_7_Vivado/Lab_7_Vivado.sdk/design_1_wrapper_hw_platform_0/system.hdf -mem-ranges [list {0x40000000 0xbfffffff}]
configparams force-mem-access 1
targets -set -nocase -filter {name =~"APU*" && jtag_cable_name =~ "Digilent Zed 210248A39C93"} -index 0
ps7_init
ps7_post_config
targets -set -nocase -filter {name =~ "ARM*#0" && jtag_cable_name =~ "Digilent Zed 210248A39C93"} -index 0
dow D:/Sem_6/AELD/Labs/Lab_7_Vivado/Lab_7_Vivado.sdk/Lab_7/Debug/Lab_7.elf
configparams force-mem-access 0
----------------End of Script----------------

21:38:23 INFO  : Memory regions updated for context APU
21:38:24 INFO  : Context for processor 'ps7_cortexa9_0' is selected.
21:38:24 INFO  : 'con' command is executed.
21:38:24 INFO  : ----------------XSDB Script (After Launch)----------------
targets -set -nocase -filter {name =~ "ARM*#0" && jtag_cable_name =~ "Digilent Zed 210248A39C93"} -index 0
con
----------------End of Script----------------

21:38:24 INFO  : Launch script is exported to file 'D:\Sem_6\AELD\Labs\Lab_7_Vivado\Lab_7_Vivado.sdk\.sdk\launch_scripts\xilinx_c-c++_application_(system_debugger)\system_debugger_using_debug_lab_7.elf_on_zed.tcl'
21:50:42 WARN  : channel "tcfchan#1" closed
10:51:32 INFO  : Registering command handlers for SDK TCF services
10:51:33 INFO  : Launching XSCT server: xsct.bat -interactive D:\Sem_6\AELD\Labs\Lab_7_Vivado\Lab_7_Vivado.sdk\temp_xsdb_launch_script.tcl
10:51:37 INFO  : XSCT server has started successfully.
10:51:40 INFO  : Successfully done setting XSCT server connection channel  
10:51:40 INFO  : Successfully done setting SDK workspace  
10:51:41 INFO  : Processing command line option -hwspec D:/Sem_6/AELD/Labs/Lab_7_Vivado/Lab_7_Vivado.sdk/design_1_wrapper.hdf.
10:51:41 INFO  : Checking for hwspec changes in the project design_1_wrapper_hw_platform_0.
10:51:44 INFO  : SDK has detected change in the last modified timestamps for source hardware specification file Source:1743743920424,  Project:1743597563968
10:51:44 INFO  : The hardware specification for project 'design_1_wrapper_hw_platform_0' is different from D:/Sem_6/AELD/Labs/Lab_7_Vivado/Lab_7_Vivado.sdk/design_1_wrapper.hdf.
10:51:44 INFO  : Copied contents of D:/Sem_6/AELD/Labs/Lab_7_Vivado/Lab_7_Vivado.sdk/design_1_wrapper.hdf into \design_1_wrapper_hw_platform_0\system.hdf.
10:51:47 INFO  : Synchronizing projects in the workspace with the hardware platform specification changes.
10:51:51 INFO  : 
10:51:51 INFO  : Updating hardware inferred compiler options for Lab_7.
10:51:51 INFO  : Clearing existing target manager status.
14:40:07 INFO  : Connected through redirection to target on host '192.168.226.142' and port '51752'.
14:40:09 INFO  : Jtag cable 'Digilent Zed 210248722679' is selected.
14:40:09 INFO  : 'jtag frequency' command is executed.
14:40:09 INFO  : Sourcing of 'D:/Sem_6/AELD/Labs/Lab_7_Vivado/Lab_7_Vivado.sdk/design_1_wrapper_hw_platform_0/ps7_init.tcl' is done.
14:40:09 INFO  : Context for 'APU' is selected.
14:40:10 INFO  : System reset is completed.
14:40:13 INFO  : 'after 3000' command is executed.
14:40:13 INFO  : 'targets -set -filter {jtag_cable_name =~ "Digilent Zed 210248722679" && level==0} -index 1' command is executed.
14:40:15 INFO  : FPGA configured successfully with bitstream "D:/Sem_6/AELD/Labs/Lab_7_Vivado/Lab_7_Vivado.sdk/design_1_wrapper_hw_platform_0/design_1_wrapper.bit"
14:40:16 INFO  : Context for 'APU' is selected.
14:40:16 INFO  : Hardware design information is loaded from 'D:/Sem_6/AELD/Labs/Lab_7_Vivado/Lab_7_Vivado.sdk/design_1_wrapper_hw_platform_0/system.hdf'.
14:40:16 INFO  : 'configparams force-mem-access 1' command is executed.
14:40:16 INFO  : Context for 'APU' is selected.
14:40:20 INFO  : 'ps7_init' command is executed.
14:40:20 INFO  : 'ps7_post_config' command is executed.
14:40:20 INFO  : Context for processor 'ps7_cortexa9_0' is selected.
14:40:20 INFO  : The application 'D:/Sem_6/AELD/Labs/Lab_7_Vivado/Lab_7_Vivado.sdk/Lab_7/Debug/Lab_7.elf' is downloaded to processor 'ps7_cortexa9_0'.
14:40:20 INFO  : 'configparams force-mem-access 0' command is executed.
14:40:20 INFO  : ----------------XSDB Script----------------
connect -path [list tcp::1534 tcp:192.168.226.142:51752]
source D:/Sem_6/AELD/Labs/Lab_7_Vivado/Lab_7_Vivado.sdk/design_1_wrapper_hw_platform_0/ps7_init.tcl
targets -set -nocase -filter {name =~"APU*" && jtag_cable_name =~ "Digilent Zed 210248722679"} -index 0
rst -system
after 3000
targets -set -filter {jtag_cable_name =~ "Digilent Zed 210248722679" && level==0} -index 1
fpga -file D:/Sem_6/AELD/Labs/Lab_7_Vivado/Lab_7_Vivado.sdk/design_1_wrapper_hw_platform_0/design_1_wrapper.bit
targets -set -nocase -filter {name =~"APU*" && jtag_cable_name =~ "Digilent Zed 210248722679"} -index 0
loadhw -hw D:/Sem_6/AELD/Labs/Lab_7_Vivado/Lab_7_Vivado.sdk/design_1_wrapper_hw_platform_0/system.hdf -mem-ranges [list {0x40000000 0xbfffffff}]
configparams force-mem-access 1
targets -set -nocase -filter {name =~"APU*" && jtag_cable_name =~ "Digilent Zed 210248722679"} -index 0
ps7_init
ps7_post_config
targets -set -nocase -filter {name =~ "ARM*#0" && jtag_cable_name =~ "Digilent Zed 210248722679"} -index 0
dow D:/Sem_6/AELD/Labs/Lab_7_Vivado/Lab_7_Vivado.sdk/Lab_7/Debug/Lab_7.elf
configparams force-mem-access 0
----------------End of Script----------------

14:40:21 INFO  : Memory regions updated for context APU
14:40:21 INFO  : Context for processor 'ps7_cortexa9_0' is selected.
14:40:21 INFO  : 'con' command is executed.
14:40:21 INFO  : ----------------XSDB Script (After Launch)----------------
targets -set -nocase -filter {name =~ "ARM*#0" && jtag_cable_name =~ "Digilent Zed 210248722679"} -index 0
con
----------------End of Script----------------

14:40:21 INFO  : Launch script is exported to file 'D:\Sem_6\AELD\Labs\Lab_7_Vivado\Lab_7_Vivado.sdk\.sdk\launch_scripts\xilinx_c-c++_application_(system_debugger)\system_debugger_using_debug_lab_7.elf_on_zed.tcl'
14:42:24 INFO  : Disconnected from the channel tcfchan#1.
14:42:25 INFO  : Connected through redirection to target on host '192.168.226.142' and port '51752'.
14:42:25 INFO  : Jtag cable 'Digilent Zed 210248722679' is selected.
14:42:25 INFO  : 'jtag frequency' command is executed.
14:42:25 INFO  : Sourcing of 'D:/Sem_6/AELD/Labs/Lab_7_Vivado/Lab_7_Vivado.sdk/design_1_wrapper_hw_platform_0/ps7_init.tcl' is done.
14:42:26 INFO  : Context for 'APU' is selected.
14:42:26 INFO  : System reset is completed.
14:42:29 INFO  : 'after 3000' command is executed.
14:42:29 INFO  : 'targets -set -filter {jtag_cable_name =~ "Digilent Zed 210248722679" && level==0} -index 1' command is executed.
14:42:31 INFO  : FPGA configured successfully with bitstream "D:/Sem_6/AELD/Labs/Lab_7_Vivado/Lab_7_Vivado.sdk/design_1_wrapper_hw_platform_0/design_1_wrapper.bit"
14:42:32 INFO  : Context for 'APU' is selected.
14:42:33 INFO  : Hardware design information is loaded from 'D:/Sem_6/AELD/Labs/Lab_7_Vivado/Lab_7_Vivado.sdk/design_1_wrapper_hw_platform_0/system.hdf'.
14:42:33 INFO  : 'configparams force-mem-access 1' command is executed.
14:42:33 INFO  : Context for 'APU' is selected.
14:42:38 INFO  : 'ps7_init' command is executed.
14:42:38 INFO  : 'ps7_post_config' command is executed.
14:42:38 INFO  : Context for processor 'ps7_cortexa9_0' is selected.
14:42:38 INFO  : The application 'D:/Sem_6/AELD/Labs/Lab_7_Vivado/Lab_7_Vivado.sdk/Lab_7/Debug/Lab_7.elf' is downloaded to processor 'ps7_cortexa9_0'.
14:42:38 INFO  : 'configparams force-mem-access 0' command is executed.
14:42:38 INFO  : ----------------XSDB Script----------------
connect -path [list tcp::1534 tcp:192.168.226.142:51752]
source D:/Sem_6/AELD/Labs/Lab_7_Vivado/Lab_7_Vivado.sdk/design_1_wrapper_hw_platform_0/ps7_init.tcl
targets -set -nocase -filter {name =~"APU*" && jtag_cable_name =~ "Digilent Zed 210248722679"} -index 0
rst -system
after 3000
targets -set -filter {jtag_cable_name =~ "Digilent Zed 210248722679" && level==0} -index 1
fpga -file D:/Sem_6/AELD/Labs/Lab_7_Vivado/Lab_7_Vivado.sdk/design_1_wrapper_hw_platform_0/design_1_wrapper.bit
targets -set -nocase -filter {name =~"APU*" && jtag_cable_name =~ "Digilent Zed 210248722679"} -index 0
loadhw -hw D:/Sem_6/AELD/Labs/Lab_7_Vivado/Lab_7_Vivado.sdk/design_1_wrapper_hw_platform_0/system.hdf -mem-ranges [list {0x40000000 0xbfffffff}]
configparams force-mem-access 1
targets -set -nocase -filter {name =~"APU*" && jtag_cable_name =~ "Digilent Zed 210248722679"} -index 0
ps7_init
ps7_post_config
targets -set -nocase -filter {name =~ "ARM*#0" && jtag_cable_name =~ "Digilent Zed 210248722679"} -index 0
dow D:/Sem_6/AELD/Labs/Lab_7_Vivado/Lab_7_Vivado.sdk/Lab_7/Debug/Lab_7.elf
configparams force-mem-access 0
----------------End of Script----------------

14:42:38 INFO  : Memory regions updated for context APU
14:42:39 INFO  : Context for processor 'ps7_cortexa9_0' is selected.
14:42:39 INFO  : 'con' command is executed.
14:42:39 INFO  : ----------------XSDB Script (After Launch)----------------
targets -set -nocase -filter {name =~ "ARM*#0" && jtag_cable_name =~ "Digilent Zed 210248722679"} -index 0
con
----------------End of Script----------------

14:42:39 INFO  : Launch script is exported to file 'D:\Sem_6\AELD\Labs\Lab_7_Vivado\Lab_7_Vivado.sdk\.sdk\launch_scripts\xilinx_c-c++_application_(system_debugger)\system_debugger_using_debug_lab_7.elf_on_zed.tcl'
14:43:11 INFO  : Disconnected from the channel tcfchan#2.
23:42:52 INFO  : Registering command handlers for SDK TCF services
23:42:53 INFO  : Launching XSCT server: xsct.bat -interactive D:\Sem_6\AELD\Labs\Lab_7_Vivado\Lab_7_Vivado.sdk\temp_xsdb_launch_script.tcl
23:42:55 INFO  : XSCT server has started successfully.
23:42:58 INFO  : Successfully done setting XSCT server connection channel  
23:42:58 INFO  : Successfully done setting SDK workspace  
23:42:58 INFO  : Processing command line option -hwspec D:/Sem_6/AELD/Labs/Lab_7_Vivado/Lab_7_Vivado.sdk/design_1_wrapper.hdf.
23:42:58 INFO  : Checking for hwspec changes in the project design_1_wrapper_hw_platform_0.
23:43:01 INFO  : SDK has detected change in the last modified timestamps for source hardware specification file Source:1743876718255,  Project:1743743920424
23:43:01 INFO  : The hardware specification for project 'design_1_wrapper_hw_platform_0' is different from D:/Sem_6/AELD/Labs/Lab_7_Vivado/Lab_7_Vivado.sdk/design_1_wrapper.hdf.
23:43:01 INFO  : Copied contents of D:/Sem_6/AELD/Labs/Lab_7_Vivado/Lab_7_Vivado.sdk/design_1_wrapper.hdf into \design_1_wrapper_hw_platform_0\system.hdf.
23:43:02 INFO  : Synchronizing projects in the workspace with the hardware platform specification changes.
23:43:05 INFO  : 
23:43:06 INFO  : Updating hardware inferred compiler options for Lab_7.
23:43:06 INFO  : Clearing existing target manager status.
23:45:32 INFO  : Connected through redirection to target on host '192.168.226.142' and port '54580'.
23:45:33 INFO  : Jtag cable 'Digilent Zed 210248722679' is selected.
23:45:33 INFO  : 'jtag frequency' command is executed.
23:45:33 INFO  : Sourcing of 'D:/Sem_6/AELD/Labs/Lab_7_Vivado/Lab_7_Vivado.sdk/design_1_wrapper_hw_platform_0/ps7_init.tcl' is done.
23:45:33 INFO  : Context for 'APU' is selected.
23:45:34 INFO  : System reset is completed.
23:45:37 INFO  : 'after 3000' command is executed.
23:45:38 INFO  : 'targets -set -filter {jtag_cable_name =~ "Digilent Zed 210248722679" && level==0} -index 1' command is executed.
23:45:42 INFO  : FPGA configured successfully with bitstream "D:/Sem_6/AELD/Labs/Lab_7_Vivado/Lab_7_Vivado.sdk/design_1_wrapper_hw_platform_0/design_1_wrapper.bit"
23:45:42 INFO  : Context for 'APU' is selected.
23:45:43 INFO  : Hardware design information is loaded from 'D:/Sem_6/AELD/Labs/Lab_7_Vivado/Lab_7_Vivado.sdk/design_1_wrapper_hw_platform_0/system.hdf'.
23:45:43 INFO  : 'configparams force-mem-access 1' command is executed.
23:45:43 INFO  : Context for 'APU' is selected.
23:45:56 INFO  : 'ps7_init' command is executed.
23:45:57 INFO  : 'ps7_post_config' command is executed.
23:45:57 INFO  : Context for processor 'ps7_cortexa9_0' is selected.
23:45:57 INFO  : The application 'D:/Sem_6/AELD/Labs/Lab_7_Vivado/Lab_7_Vivado.sdk/Lab_7/Debug/Lab_7.elf' is downloaded to processor 'ps7_cortexa9_0'.
23:45:57 INFO  : 'configparams force-mem-access 0' command is executed.
23:45:57 INFO  : ----------------XSDB Script----------------
connect -path [list tcp::1534 tcp:192.168.226.142:54580]
source D:/Sem_6/AELD/Labs/Lab_7_Vivado/Lab_7_Vivado.sdk/design_1_wrapper_hw_platform_0/ps7_init.tcl
targets -set -nocase -filter {name =~"APU*" && jtag_cable_name =~ "Digilent Zed 210248722679"} -index 0
rst -system
after 3000
targets -set -filter {jtag_cable_name =~ "Digilent Zed 210248722679" && level==0} -index 1
fpga -file D:/Sem_6/AELD/Labs/Lab_7_Vivado/Lab_7_Vivado.sdk/design_1_wrapper_hw_platform_0/design_1_wrapper.bit
targets -set -nocase -filter {name =~"APU*" && jtag_cable_name =~ "Digilent Zed 210248722679"} -index 0
loadhw -hw D:/Sem_6/AELD/Labs/Lab_7_Vivado/Lab_7_Vivado.sdk/design_1_wrapper_hw_platform_0/system.hdf -mem-ranges [list {0x40000000 0xbfffffff}]
configparams force-mem-access 1
targets -set -nocase -filter {name =~"APU*" && jtag_cable_name =~ "Digilent Zed 210248722679"} -index 0
ps7_init
ps7_post_config
targets -set -nocase -filter {name =~ "ARM*#0" && jtag_cable_name =~ "Digilent Zed 210248722679"} -index 0
dow D:/Sem_6/AELD/Labs/Lab_7_Vivado/Lab_7_Vivado.sdk/Lab_7/Debug/Lab_7.elf
configparams force-mem-access 0
----------------End of Script----------------

23:45:58 INFO  : Memory regions updated for context APU
23:45:58 INFO  : Context for processor 'ps7_cortexa9_0' is selected.
23:45:58 INFO  : 'con' command is executed.
23:45:58 INFO  : ----------------XSDB Script (After Launch)----------------
targets -set -nocase -filter {name =~ "ARM*#0" && jtag_cable_name =~ "Digilent Zed 210248722679"} -index 0
con
----------------End of Script----------------

23:45:58 INFO  : Launch script is exported to file 'D:\Sem_6\AELD\Labs\Lab_7_Vivado\Lab_7_Vivado.sdk\.sdk\launch_scripts\xilinx_c-c++_application_(system_debugger)\system_debugger_using_debug_lab_7.elf_on_zed.tcl'
23:48:46 INFO  : Disconnected from the channel tcfchan#1.
23:48:47 INFO  : Connected through redirection to target on host '192.168.226.142' and port '54580'.
23:48:47 INFO  : Jtag cable 'Digilent Zed 210248722679' is selected.
23:48:47 INFO  : 'jtag frequency' command is executed.
23:48:47 INFO  : Sourcing of 'D:/Sem_6/AELD/Labs/Lab_7_Vivado/Lab_7_Vivado.sdk/design_1_wrapper_hw_platform_0/ps7_init.tcl' is done.
23:48:48 INFO  : Context for 'APU' is selected.
23:48:49 INFO  : System reset is completed.
23:48:52 INFO  : 'after 3000' command is executed.
23:48:52 INFO  : 'targets -set -filter {jtag_cable_name =~ "Digilent Zed 210248722679" && level==0} -index 1' command is executed.
23:48:55 INFO  : FPGA configured successfully with bitstream "D:/Sem_6/AELD/Labs/Lab_7_Vivado/Lab_7_Vivado.sdk/design_1_wrapper_hw_platform_0/design_1_wrapper.bit"
23:48:55 INFO  : Context for 'APU' is selected.
23:48:56 INFO  : Hardware design information is loaded from 'D:/Sem_6/AELD/Labs/Lab_7_Vivado/Lab_7_Vivado.sdk/design_1_wrapper_hw_platform_0/system.hdf'.
23:48:56 INFO  : 'configparams force-mem-access 1' command is executed.
23:48:56 INFO  : Context for 'APU' is selected.
23:49:08 INFO  : 'ps7_init' command is executed.
23:49:08 INFO  : 'ps7_post_config' command is executed.
23:49:08 INFO  : Context for processor 'ps7_cortexa9_0' is selected.
23:49:08 INFO  : The application 'D:/Sem_6/AELD/Labs/Lab_7_Vivado/Lab_7_Vivado.sdk/Lab_7/Debug/Lab_7.elf' is downloaded to processor 'ps7_cortexa9_0'.
23:49:09 INFO  : 'configparams force-mem-access 0' command is executed.
23:49:09 INFO  : ----------------XSDB Script----------------
connect -path [list tcp::1534 tcp:192.168.226.142:54580]
source D:/Sem_6/AELD/Labs/Lab_7_Vivado/Lab_7_Vivado.sdk/design_1_wrapper_hw_platform_0/ps7_init.tcl
targets -set -nocase -filter {name =~"APU*" && jtag_cable_name =~ "Digilent Zed 210248722679"} -index 0
rst -system
after 3000
targets -set -filter {jtag_cable_name =~ "Digilent Zed 210248722679" && level==0} -index 1
fpga -file D:/Sem_6/AELD/Labs/Lab_7_Vivado/Lab_7_Vivado.sdk/design_1_wrapper_hw_platform_0/design_1_wrapper.bit
targets -set -nocase -filter {name =~"APU*" && jtag_cable_name =~ "Digilent Zed 210248722679"} -index 0
loadhw -hw D:/Sem_6/AELD/Labs/Lab_7_Vivado/Lab_7_Vivado.sdk/design_1_wrapper_hw_platform_0/system.hdf -mem-ranges [list {0x40000000 0xbfffffff}]
configparams force-mem-access 1
targets -set -nocase -filter {name =~"APU*" && jtag_cable_name =~ "Digilent Zed 210248722679"} -index 0
ps7_init
ps7_post_config
targets -set -nocase -filter {name =~ "ARM*#0" && jtag_cable_name =~ "Digilent Zed 210248722679"} -index 0
dow D:/Sem_6/AELD/Labs/Lab_7_Vivado/Lab_7_Vivado.sdk/Lab_7/Debug/Lab_7.elf
configparams force-mem-access 0
----------------End of Script----------------

23:49:09 INFO  : Memory regions updated for context APU
23:49:09 INFO  : Context for processor 'ps7_cortexa9_0' is selected.
23:49:09 INFO  : 'con' command is executed.
23:49:09 INFO  : ----------------XSDB Script (After Launch)----------------
targets -set -nocase -filter {name =~ "ARM*#0" && jtag_cable_name =~ "Digilent Zed 210248722679"} -index 0
con
----------------End of Script----------------

23:49:09 INFO  : Launch script is exported to file 'D:\Sem_6\AELD\Labs\Lab_7_Vivado\Lab_7_Vivado.sdk\.sdk\launch_scripts\xilinx_c-c++_application_(system_debugger)\system_debugger_using_debug_lab_7.elf_on_zed.tcl'
23:50:39 INFO  : Disconnected from the channel tcfchan#2.
23:50:40 INFO  : Connected through redirection to target on host '192.168.226.142' and port '54580'.
23:50:41 INFO  : Jtag cable 'Digilent Zed 210248722679' is selected.
23:50:41 INFO  : 'jtag frequency' command is executed.
23:50:41 INFO  : Sourcing of 'D:/Sem_6/AELD/Labs/Lab_7_Vivado/Lab_7_Vivado.sdk/design_1_wrapper_hw_platform_0/ps7_init.tcl' is done.
23:50:41 INFO  : Context for 'APU' is selected.
23:50:42 INFO  : System reset is completed.
23:50:45 INFO  : 'after 3000' command is executed.
23:50:45 INFO  : 'targets -set -filter {jtag_cable_name =~ "Digilent Zed 210248722679" && level==0} -index 1' command is executed.
23:50:48 INFO  : FPGA configured successfully with bitstream "D:/Sem_6/AELD/Labs/Lab_7_Vivado/Lab_7_Vivado.sdk/design_1_wrapper_hw_platform_0/design_1_wrapper.bit"
23:50:48 INFO  : Context for 'APU' is selected.
23:50:48 INFO  : Hardware design information is loaded from 'D:/Sem_6/AELD/Labs/Lab_7_Vivado/Lab_7_Vivado.sdk/design_1_wrapper_hw_platform_0/system.hdf'.
23:50:48 INFO  : 'configparams force-mem-access 1' command is executed.
23:50:49 INFO  : Context for 'APU' is selected.
23:51:00 INFO  : 'ps7_init' command is executed.
23:51:01 INFO  : 'ps7_post_config' command is executed.
23:51:01 INFO  : Context for processor 'ps7_cortexa9_0' is selected.
23:51:01 INFO  : The application 'D:/Sem_6/AELD/Labs/Lab_7_Vivado/Lab_7_Vivado.sdk/Lab_7/Debug/Lab_7.elf' is downloaded to processor 'ps7_cortexa9_0'.
23:51:01 INFO  : 'configparams force-mem-access 0' command is executed.
23:51:01 INFO  : ----------------XSDB Script----------------
connect -path [list tcp::1534 tcp:192.168.226.142:54580]
source D:/Sem_6/AELD/Labs/Lab_7_Vivado/Lab_7_Vivado.sdk/design_1_wrapper_hw_platform_0/ps7_init.tcl
targets -set -nocase -filter {name =~"APU*" && jtag_cable_name =~ "Digilent Zed 210248722679"} -index 0
rst -system
after 3000
targets -set -filter {jtag_cable_name =~ "Digilent Zed 210248722679" && level==0} -index 1
fpga -file D:/Sem_6/AELD/Labs/Lab_7_Vivado/Lab_7_Vivado.sdk/design_1_wrapper_hw_platform_0/design_1_wrapper.bit
targets -set -nocase -filter {name =~"APU*" && jtag_cable_name =~ "Digilent Zed 210248722679"} -index 0
loadhw -hw D:/Sem_6/AELD/Labs/Lab_7_Vivado/Lab_7_Vivado.sdk/design_1_wrapper_hw_platform_0/system.hdf -mem-ranges [list {0x40000000 0xbfffffff}]
configparams force-mem-access 1
targets -set -nocase -filter {name =~"APU*" && jtag_cable_name =~ "Digilent Zed 210248722679"} -index 0
ps7_init
ps7_post_config
targets -set -nocase -filter {name =~ "ARM*#0" && jtag_cable_name =~ "Digilent Zed 210248722679"} -index 0
dow D:/Sem_6/AELD/Labs/Lab_7_Vivado/Lab_7_Vivado.sdk/Lab_7/Debug/Lab_7.elf
configparams force-mem-access 0
----------------End of Script----------------

23:51:02 INFO  : Memory regions updated for context APU
23:51:02 INFO  : Context for processor 'ps7_cortexa9_0' is selected.
23:51:02 INFO  : 'con' command is executed.
23:51:02 INFO  : ----------------XSDB Script (After Launch)----------------
targets -set -nocase -filter {name =~ "ARM*#0" && jtag_cable_name =~ "Digilent Zed 210248722679"} -index 0
con
----------------End of Script----------------

23:51:02 INFO  : Launch script is exported to file 'D:\Sem_6\AELD\Labs\Lab_7_Vivado\Lab_7_Vivado.sdk\.sdk\launch_scripts\xilinx_c-c++_application_(system_debugger)\system_debugger_using_debug_lab_7.elf_on_zed.tcl'
23:51:58 INFO  : Disconnected from the channel tcfchan#3.
23:51:59 INFO  : Connected through redirection to target on host '192.168.226.142' and port '54580'.
23:51:59 INFO  : Jtag cable 'Digilent Zed 210248722679' is selected.
23:51:59 INFO  : 'jtag frequency' command is executed.
23:51:59 INFO  : Sourcing of 'D:/Sem_6/AELD/Labs/Lab_7_Vivado/Lab_7_Vivado.sdk/design_1_wrapper_hw_platform_0/ps7_init.tcl' is done.
23:52:00 INFO  : Context for 'APU' is selected.
23:52:00 INFO  : System reset is completed.
23:52:03 INFO  : 'after 3000' command is executed.
23:52:04 INFO  : 'targets -set -filter {jtag_cable_name =~ "Digilent Zed 210248722679" && level==0} -index 1' command is executed.
23:52:07 INFO  : FPGA configured successfully with bitstream "D:/Sem_6/AELD/Labs/Lab_7_Vivado/Lab_7_Vivado.sdk/design_1_wrapper_hw_platform_0/design_1_wrapper.bit"
23:52:07 INFO  : Context for 'APU' is selected.
23:52:07 INFO  : Hardware design information is loaded from 'D:/Sem_6/AELD/Labs/Lab_7_Vivado/Lab_7_Vivado.sdk/design_1_wrapper_hw_platform_0/system.hdf'.
23:52:07 INFO  : 'configparams force-mem-access 1' command is executed.
23:52:07 INFO  : Context for 'APU' is selected.
23:52:19 INFO  : 'ps7_init' command is executed.
23:52:19 INFO  : 'ps7_post_config' command is executed.
23:52:19 INFO  : Context for processor 'ps7_cortexa9_0' is selected.
23:52:20 INFO  : The application 'D:/Sem_6/AELD/Labs/Lab_7_Vivado/Lab_7_Vivado.sdk/Lab_7/Debug/Lab_7.elf' is downloaded to processor 'ps7_cortexa9_0'.
23:52:20 INFO  : 'configparams force-mem-access 0' command is executed.
23:52:20 INFO  : ----------------XSDB Script----------------
connect -path [list tcp::1534 tcp:192.168.226.142:54580]
source D:/Sem_6/AELD/Labs/Lab_7_Vivado/Lab_7_Vivado.sdk/design_1_wrapper_hw_platform_0/ps7_init.tcl
targets -set -nocase -filter {name =~"APU*" && jtag_cable_name =~ "Digilent Zed 210248722679"} -index 0
rst -system
after 3000
targets -set -filter {jtag_cable_name =~ "Digilent Zed 210248722679" && level==0} -index 1
fpga -file D:/Sem_6/AELD/Labs/Lab_7_Vivado/Lab_7_Vivado.sdk/design_1_wrapper_hw_platform_0/design_1_wrapper.bit
targets -set -nocase -filter {name =~"APU*" && jtag_cable_name =~ "Digilent Zed 210248722679"} -index 0
loadhw -hw D:/Sem_6/AELD/Labs/Lab_7_Vivado/Lab_7_Vivado.sdk/design_1_wrapper_hw_platform_0/system.hdf -mem-ranges [list {0x40000000 0xbfffffff}]
configparams force-mem-access 1
targets -set -nocase -filter {name =~"APU*" && jtag_cable_name =~ "Digilent Zed 210248722679"} -index 0
ps7_init
ps7_post_config
targets -set -nocase -filter {name =~ "ARM*#0" && jtag_cable_name =~ "Digilent Zed 210248722679"} -index 0
dow D:/Sem_6/AELD/Labs/Lab_7_Vivado/Lab_7_Vivado.sdk/Lab_7/Debug/Lab_7.elf
configparams force-mem-access 0
----------------End of Script----------------

23:52:21 INFO  : Memory regions updated for context APU
23:52:21 INFO  : Context for processor 'ps7_cortexa9_0' is selected.
23:52:21 INFO  : 'con' command is executed.
23:52:21 INFO  : ----------------XSDB Script (After Launch)----------------
targets -set -nocase -filter {name =~ "ARM*#0" && jtag_cable_name =~ "Digilent Zed 210248722679"} -index 0
con
----------------End of Script----------------

23:52:21 INFO  : Launch script is exported to file 'D:\Sem_6\AELD\Labs\Lab_7_Vivado\Lab_7_Vivado.sdk\.sdk\launch_scripts\xilinx_c-c++_application_(system_debugger)\system_debugger_using_debug_lab_7.elf_on_zed.tcl'
23:55:03 INFO  : Disconnected from the channel tcfchan#4.
12:58:13 INFO  : Registering command handlers for SDK TCF services
12:58:13 INFO  : Launching XSCT server: xsct.bat -interactive D:\Sem_6\AELD\Labs\Lab_7_Vivado\Lab_7_Vivado.sdk\temp_xsdb_launch_script.tcl
12:58:15 INFO  : XSCT server has started successfully.
12:58:18 INFO  : Successfully done setting XSCT server connection channel  
12:58:18 INFO  : Successfully done setting SDK workspace  
12:58:18 INFO  : Processing command line option -hwspec D:/Sem_6/AELD/Labs/Lab_7_Vivado/Lab_7_Vivado.sdk/design_1_wrapper.hdf.
12:58:18 INFO  : Checking for hwspec changes in the project design_1_wrapper_hw_platform_0.
