13:11:25 INFO  : Registering command handlers for SDK TCF services
13:11:26 INFO  : Launching XSCT server: xsct.bat -interactive D:\Sem_6\AELD\Labs\Lab_1_HW\Lab_1_HW.sdk\temp_xsdb_launch_script.tcl
13:11:27 INFO  : XSCT server has started successfully.
13:11:27 INFO  : Successfully done setting XSCT server connection channel  
13:11:27 INFO  : Successfully done setting SDK workspace  
13:11:27 INFO  : Processing command line option -hwspec D:/Sem_6/AELD/Labs/Lab_1_HW/Lab_1_HW.sdk/design_1_wrapper.hdf.
13:17:04 INFO  : Refreshed build settings on project Lab_1_HW
13:21:49 INFO  : Connected through redirection to target on host '192.168.226.142' and port '64185'.
13:21:50 INFO  : Jtag cable 'Digilent Zed 210248722230' is selected.
13:21:51 INFO  : 'jtag frequency' command is executed.
13:21:51 INFO  : Sourcing of 'D:/Sem_6/AELD/Labs/Lab_1_HW/Lab_1_HW.sdk/design_1_wrapper_hw_platform_0/ps7_init.tcl' is done.
13:21:51 INFO  : Context for 'APU' is selected.
13:21:51 INFO  : System reset is completed.
13:21:54 INFO  : 'after 3000' command is executed.
13:21:54 INFO  : Context for 'APU' is selected.
13:21:55 INFO  : Hardware design information is loaded from 'D:/Sem_6/AELD/Labs/Lab_1_HW/Lab_1_HW.sdk/design_1_wrapper_hw_platform_0/system.hdf'.
13:21:55 INFO  : 'configparams force-mem-access 1' command is executed.
13:21:55 INFO  : Context for 'APU' is selected.
13:22:06 INFO  : 'ps7_init' command is executed.
13:22:07 INFO  : 'ps7_post_config' command is executed.
13:22:07 INFO  : Context for processor 'ps7_cortexa9_0' is selected.
13:22:07 INFO  : The application 'D:/Sem_6/AELD/Labs/Lab_1_HW/Lab_1_HW.sdk/Lab_1_HW/Debug/Lab_1_HW.elf' is downloaded to processor 'ps7_cortexa9_0'.
13:22:07 INFO  : 'configparams force-mem-access 0' command is executed.
13:22:07 INFO  : ----------------XSDB Script----------------
connect -path [list tcp::1534 tcp:192.168.226.142:64185]
source D:/Sem_6/AELD/Labs/Lab_1_HW/Lab_1_HW.sdk/design_1_wrapper_hw_platform_0/ps7_init.tcl
targets -set -nocase -filter {name =~"APU*" && jtag_cable_name =~ "Digilent Zed 210248722230"} -index 0
rst -system
after 3000
targets -set -nocase -filter {name =~"APU*" && jtag_cable_name =~ "Digilent Zed 210248722230"} -index 0
loadhw -hw D:/Sem_6/AELD/Labs/Lab_1_HW/Lab_1_HW.sdk/design_1_wrapper_hw_platform_0/system.hdf -mem-ranges [list {0x40000000 0xbfffffff}]
configparams force-mem-access 1
targets -set -nocase -filter {name =~"APU*" && jtag_cable_name =~ "Digilent Zed 210248722230"} -index 0
ps7_init
ps7_post_config
targets -set -nocase -filter {name =~ "ARM*#0" && jtag_cable_name =~ "Digilent Zed 210248722230"} -index 0
dow D:/Sem_6/AELD/Labs/Lab_1_HW/Lab_1_HW.sdk/Lab_1_HW/Debug/Lab_1_HW.elf
configparams force-mem-access 0
----------------End of Script----------------

13:22:08 INFO  : Context for processor 'ps7_cortexa9_0' is selected.
13:22:08 INFO  : 'con' command is executed.
13:22:08 INFO  : ----------------XSDB Script (After Launch)----------------
targets -set -nocase -filter {name =~ "ARM*#0" && jtag_cable_name =~ "Digilent Zed 210248722230"} -index 0
con
----------------End of Script----------------

13:22:08 INFO  : Launch script is exported to file 'D:\Sem_6\AELD\Labs\Lab_1_HW\Lab_1_HW.sdk\.sdk\launch_scripts\xilinx_c-c++_application_(system_debugger)\system_debugger_using_debug_lab_1_hw.elf_on_remzed.tcl'
13:30:12 WARN  : channel "tcfchan#1" closed
12:40:58 INFO  : Registering command handlers for SDK TCF services
12:40:59 INFO  : Launching XSCT server: xsct.bat -interactive D:\Sem_6\AELD\Labs\Lab_1_HW\Lab_1_HW.sdk\temp_xsdb_launch_script.tcl
12:41:03 INFO  : XSCT server has started successfully.
12:41:09 INFO  : Successfully done setting XSCT server connection channel  
12:41:09 INFO  : Successfully done setting SDK workspace  
12:41:09 INFO  : Processing command line option -hwspec D:/Sem_6/AELD/Labs/Lab_1_HW/Lab_1_HW.sdk/design_1_wrapper.hdf.
12:41:09 INFO  : Checking for hwspec changes in the project design_1_wrapper_hw_platform_0.
13:49:38 INFO  : Connected through redirection to target on host '192.168.226.142' and port '65255'.
13:49:56 INFO  : ----------------XSDB Script----------------
connect -path [list tcp::1534 tcp:192.168.226.142:65255]
----------------End of Script----------------

13:50:41 INFO  : Connected through redirection to target on host '192.168.226.142' and port '65255'.
13:50:59 INFO  : ----------------XSDB Script----------------
connect -path [list tcp::1534 tcp:192.168.226.142:65255]
----------------End of Script----------------

13:52:40 INFO  : Connected through redirection to target on host '192.168.226.142' and port '54367'.
13:52:40 INFO  : Jtag cable 'Digilent Zed 210248A39C93' is selected.
13:52:40 INFO  : 'jtag frequency' command is executed.
13:52:40 INFO  : Sourcing of 'D:/Sem_6/AELD/Labs/Lab_1_HW/Lab_1_HW.sdk/design_1_wrapper_hw_platform_0/ps7_init.tcl' is done.
13:52:40 INFO  : Context for 'APU' is selected.
13:52:41 INFO  : System reset is completed.
13:52:44 INFO  : 'after 3000' command is executed.
13:52:44 INFO  : Context for 'APU' is selected.
13:52:44 INFO  : Hardware design information is loaded from 'D:/Sem_6/AELD/Labs/Lab_1_HW/Lab_1_HW.sdk/design_1_wrapper_hw_platform_0/system.hdf'.
13:52:44 INFO  : 'configparams force-mem-access 1' command is executed.
13:52:44 INFO  : Context for 'APU' is selected.
13:52:47 INFO  : 'ps7_init' command is executed.
13:52:47 INFO  : 'ps7_post_config' command is executed.
13:52:47 INFO  : Context for processor 'ps7_cortexa9_0' is selected.
13:52:47 INFO  : The application 'D:/Sem_6/AELD/Labs/Lab_1_HW/Lab_1_HW.sdk/Lab_1_HW/Debug/Lab_1_HW.elf' is downloaded to processor 'ps7_cortexa9_0'.
13:52:47 INFO  : 'configparams force-mem-access 0' command is executed.
13:52:47 INFO  : ----------------XSDB Script----------------
connect -path [list tcp::1534 tcp:192.168.226.142:54367]
source D:/Sem_6/AELD/Labs/Lab_1_HW/Lab_1_HW.sdk/design_1_wrapper_hw_platform_0/ps7_init.tcl
targets -set -nocase -filter {name =~"APU*" && jtag_cable_name =~ "Digilent Zed 210248A39C93"} -index 0
rst -system
after 3000
targets -set -nocase -filter {name =~"APU*" && jtag_cable_name =~ "Digilent Zed 210248A39C93"} -index 0
loadhw -hw D:/Sem_6/AELD/Labs/Lab_1_HW/Lab_1_HW.sdk/design_1_wrapper_hw_platform_0/system.hdf -mem-ranges [list {0x40000000 0xbfffffff}]
configparams force-mem-access 1
targets -set -nocase -filter {name =~"APU*" && jtag_cable_name =~ "Digilent Zed 210248A39C93"} -index 0
ps7_init
ps7_post_config
targets -set -nocase -filter {name =~ "ARM*#0" && jtag_cable_name =~ "Digilent Zed 210248A39C93"} -index 0
dow D:/Sem_6/AELD/Labs/Lab_1_HW/Lab_1_HW.sdk/Lab_1_HW/Debug/Lab_1_HW.elf
configparams force-mem-access 0
----------------End of Script----------------

13:52:47 INFO  : Context for processor 'ps7_cortexa9_0' is selected.
13:52:47 INFO  : 'con' command is executed.
13:52:47 INFO  : ----------------XSDB Script (After Launch)----------------
targets -set -nocase -filter {name =~ "ARM*#0" && jtag_cable_name =~ "Digilent Zed 210248A39C93"} -index 0
con
----------------End of Script----------------

13:52:47 INFO  : Launch script is exported to file 'D:\Sem_6\AELD\Labs\Lab_1_HW\Lab_1_HW.sdk\.sdk\launch_scripts\xilinx_c-c++_application_(system_debugger)\system_debugger_using_debug_lab_1_hw.elf_on_remzed.tcl'
14:00:03 WARN  : channel "tcfchan#2" closed
14:01:12 INFO  : Connected through redirection to target on host '192.168.226.142' and port '64605'.
14:01:12 INFO  : Jtag cable 'Digilent Zed 210248A39C93' is selected.
14:01:12 INFO  : 'jtag frequency' command is executed.
14:01:12 INFO  : Sourcing of 'D:/Sem_6/AELD/Labs/Lab_1_HW/Lab_1_HW.sdk/design_1_wrapper_hw_platform_0/ps7_init.tcl' is done.
14:01:12 INFO  : Context for 'APU' is selected.
14:01:12 INFO  : System reset is completed.
14:01:15 INFO  : 'after 3000' command is executed.
14:01:15 INFO  : Context for 'APU' is selected.
14:01:16 INFO  : Hardware design information is loaded from 'D:/Sem_6/AELD/Labs/Lab_1_HW/Lab_1_HW.sdk/design_1_wrapper_hw_platform_0/system.hdf'.
14:01:16 INFO  : 'configparams force-mem-access 1' command is executed.
14:01:16 INFO  : Context for 'APU' is selected.
14:01:19 INFO  : 'ps7_init' command is executed.
14:01:19 INFO  : 'ps7_post_config' command is executed.
14:01:19 INFO  : Context for processor 'ps7_cortexa9_0' is selected.
14:01:19 INFO  : The application 'D:/Sem_6/AELD/Labs/Lab_1_HW/Lab_1_HW.sdk/Lab_1_HW/Debug/Lab_1_HW.elf' is downloaded to processor 'ps7_cortexa9_0'.
14:01:19 INFO  : 'configparams force-mem-access 0' command is executed.
14:01:19 INFO  : ----------------XSDB Script----------------
connect -path [list tcp::1534 tcp:192.168.226.142:64605]
source D:/Sem_6/AELD/Labs/Lab_1_HW/Lab_1_HW.sdk/design_1_wrapper_hw_platform_0/ps7_init.tcl
targets -set -nocase -filter {name =~"APU*" && jtag_cable_name =~ "Digilent Zed 210248A39C93"} -index 0
rst -system
after 3000
targets -set -nocase -filter {name =~"APU*" && jtag_cable_name =~ "Digilent Zed 210248A39C93"} -index 0
loadhw -hw D:/Sem_6/AELD/Labs/Lab_1_HW/Lab_1_HW.sdk/design_1_wrapper_hw_platform_0/system.hdf -mem-ranges [list {0x40000000 0xbfffffff}]
configparams force-mem-access 1
targets -set -nocase -filter {name =~"APU*" && jtag_cable_name =~ "Digilent Zed 210248A39C93"} -index 0
ps7_init
ps7_post_config
targets -set -nocase -filter {name =~ "ARM*#0" && jtag_cable_name =~ "Digilent Zed 210248A39C93"} -index 0
dow D:/Sem_6/AELD/Labs/Lab_1_HW/Lab_1_HW.sdk/Lab_1_HW/Debug/Lab_1_HW.elf
configparams force-mem-access 0
----------------End of Script----------------

14:01:19 INFO  : Context for processor 'ps7_cortexa9_0' is selected.
14:01:19 INFO  : 'con' command is executed.
14:01:19 INFO  : ----------------XSDB Script (After Launch)----------------
targets -set -nocase -filter {name =~ "ARM*#0" && jtag_cable_name =~ "Digilent Zed 210248A39C93"} -index 0
con
----------------End of Script----------------

14:01:19 INFO  : Launch script is exported to file 'D:\Sem_6\AELD\Labs\Lab_1_HW\Lab_1_HW.sdk\.sdk\launch_scripts\xilinx_c-c++_application_(system_debugger)\system_debugger_using_debug_lab_1_hw.elf_on_remzed.tcl'
14:05:30 INFO  : Disconnected from the channel tcfchan#3.
14:05:31 INFO  : Connected through redirection to target on host '192.168.226.142' and port '64605'.
14:05:31 INFO  : Jtag cable 'Digilent Zed 210248A39C93' is selected.
14:05:31 INFO  : 'jtag frequency' command is executed.
14:05:31 INFO  : Sourcing of 'D:/Sem_6/AELD/Labs/Lab_1_HW/Lab_1_HW.sdk/design_1_wrapper_hw_platform_0/ps7_init.tcl' is done.
14:05:31 INFO  : Context for 'APU' is selected.
14:05:32 INFO  : System reset is completed.
14:05:35 INFO  : 'after 3000' command is executed.
14:05:35 INFO  : Context for 'APU' is selected.
14:05:35 INFO  : Hardware design information is loaded from 'D:/Sem_6/AELD/Labs/Lab_1_HW/Lab_1_HW.sdk/design_1_wrapper_hw_platform_0/system.hdf'.
14:05:35 INFO  : 'configparams force-mem-access 1' command is executed.
14:05:35 INFO  : Context for 'APU' is selected.
14:05:39 INFO  : 'ps7_init' command is executed.
14:05:39 INFO  : 'ps7_post_config' command is executed.
14:05:39 INFO  : Context for processor 'ps7_cortexa9_0' is selected.
14:05:39 INFO  : The application 'D:/Sem_6/AELD/Labs/Lab_1_HW/Lab_1_HW.sdk/Lab_1_HW/Debug/Lab_1_HW.elf' is downloaded to processor 'ps7_cortexa9_0'.
14:05:39 INFO  : 'configparams force-mem-access 0' command is executed.
14:05:39 INFO  : ----------------XSDB Script----------------
connect -path [list tcp::1534 tcp:192.168.226.142:64605]
source D:/Sem_6/AELD/Labs/Lab_1_HW/Lab_1_HW.sdk/design_1_wrapper_hw_platform_0/ps7_init.tcl
targets -set -nocase -filter {name =~"APU*" && jtag_cable_name =~ "Digilent Zed 210248A39C93"} -index 0
rst -system
after 3000
targets -set -nocase -filter {name =~"APU*" && jtag_cable_name =~ "Digilent Zed 210248A39C93"} -index 0
loadhw -hw D:/Sem_6/AELD/Labs/Lab_1_HW/Lab_1_HW.sdk/design_1_wrapper_hw_platform_0/system.hdf -mem-ranges [list {0x40000000 0xbfffffff}]
configparams force-mem-access 1
targets -set -nocase -filter {name =~"APU*" && jtag_cable_name =~ "Digilent Zed 210248A39C93"} -index 0
ps7_init
ps7_post_config
targets -set -nocase -filter {name =~ "ARM*#0" && jtag_cable_name =~ "Digilent Zed 210248A39C93"} -index 0
dow D:/Sem_6/AELD/Labs/Lab_1_HW/Lab_1_HW.sdk/Lab_1_HW/Debug/Lab_1_HW.elf
configparams force-mem-access 0
----------------End of Script----------------

14:05:39 INFO  : Context for processor 'ps7_cortexa9_0' is selected.
14:05:39 INFO  : 'con' command is executed.
14:05:39 INFO  : ----------------XSDB Script (After Launch)----------------
targets -set -nocase -filter {name =~ "ARM*#0" && jtag_cable_name =~ "Digilent Zed 210248A39C93"} -index 0
con
----------------End of Script----------------

14:05:39 INFO  : Launch script is exported to file 'D:\Sem_6\AELD\Labs\Lab_1_HW\Lab_1_HW.sdk\.sdk\launch_scripts\xilinx_c-c++_application_(system_debugger)\system_debugger_using_debug_lab_1_hw.elf_on_remzed.tcl'
14:07:18 INFO  : Disconnected from the channel tcfchan#4.
14:07:19 INFO  : Connected through redirection to target on host '192.168.226.142' and port '64605'.
14:07:19 INFO  : Jtag cable 'Digilent Zed 210248A39C93' is selected.
14:07:19 INFO  : 'jtag frequency' command is executed.
14:07:19 INFO  : Sourcing of 'D:/Sem_6/AELD/Labs/Lab_1_HW/Lab_1_HW.sdk/design_1_wrapper_hw_platform_0/ps7_init.tcl' is done.
14:07:19 INFO  : Context for 'APU' is selected.
14:07:19 INFO  : System reset is completed.
14:07:22 INFO  : 'after 3000' command is executed.
14:07:22 INFO  : Context for 'APU' is selected.
14:07:23 INFO  : Hardware design information is loaded from 'D:/Sem_6/AELD/Labs/Lab_1_HW/Lab_1_HW.sdk/design_1_wrapper_hw_platform_0/system.hdf'.
14:07:23 INFO  : 'configparams force-mem-access 1' command is executed.
14:07:23 INFO  : Context for 'APU' is selected.
14:07:27 INFO  : 'ps7_init' command is executed.
14:07:27 INFO  : 'ps7_post_config' command is executed.
14:07:27 INFO  : Context for processor 'ps7_cortexa9_0' is selected.
14:07:27 INFO  : The application 'D:/Sem_6/AELD/Labs/Lab_1_HW/Lab_1_HW.sdk/Lab_1_HW/Debug/Lab_1_HW.elf' is downloaded to processor 'ps7_cortexa9_0'.
14:07:27 INFO  : 'configparams force-mem-access 0' command is executed.
14:07:27 INFO  : ----------------XSDB Script----------------
connect -path [list tcp::1534 tcp:192.168.226.142:64605]
source D:/Sem_6/AELD/Labs/Lab_1_HW/Lab_1_HW.sdk/design_1_wrapper_hw_platform_0/ps7_init.tcl
targets -set -nocase -filter {name =~"APU*" && jtag_cable_name =~ "Digilent Zed 210248A39C93"} -index 0
rst -system
after 3000
targets -set -nocase -filter {name =~"APU*" && jtag_cable_name =~ "Digilent Zed 210248A39C93"} -index 0
loadhw -hw D:/Sem_6/AELD/Labs/Lab_1_HW/Lab_1_HW.sdk/design_1_wrapper_hw_platform_0/system.hdf -mem-ranges [list {0x40000000 0xbfffffff}]
configparams force-mem-access 1
targets -set -nocase -filter {name =~"APU*" && jtag_cable_name =~ "Digilent Zed 210248A39C93"} -index 0
ps7_init
ps7_post_config
targets -set -nocase -filter {name =~ "ARM*#0" && jtag_cable_name =~ "Digilent Zed 210248A39C93"} -index 0
dow D:/Sem_6/AELD/Labs/Lab_1_HW/Lab_1_HW.sdk/Lab_1_HW/Debug/Lab_1_HW.elf
configparams force-mem-access 0
----------------End of Script----------------

14:07:28 INFO  : Context for processor 'ps7_cortexa9_0' is selected.
14:07:28 INFO  : 'con' command is executed.
14:07:28 INFO  : ----------------XSDB Script (After Launch)----------------
targets -set -nocase -filter {name =~ "ARM*#0" && jtag_cable_name =~ "Digilent Zed 210248A39C93"} -index 0
con
----------------End of Script----------------

14:07:28 INFO  : Launch script is exported to file 'D:\Sem_6\AELD\Labs\Lab_1_HW\Lab_1_HW.sdk\.sdk\launch_scripts\xilinx_c-c++_application_(system_debugger)\system_debugger_using_debug_lab_1_hw.elf_on_remzed.tcl'
14:09:27 INFO  : Disconnected from the channel tcfchan#5.
11:42:25 INFO  : Launching XSCT server: xsct.bat -interactive D:\Sem_6\AELD\Labs\Lab_1_HW\Lab_1_HW.sdk\temp_xsdb_launch_script.tcl
11:42:25 INFO  : Registering command handlers for SDK TCF services
11:42:28 INFO  : XSCT server has started successfully.
11:42:33 INFO  : Successfully done setting XSCT server connection channel  
11:42:33 INFO  : Successfully done setting SDK workspace  
11:42:33 INFO  : Processing command line option -hwspec D:/Sem_6/AELD/Labs/Lab_1_HW/Lab_1_HW.sdk/design_1_wrapper.hdf.
11:42:33 INFO  : Checking for hwspec changes in the project design_1_wrapper_hw_platform_0.
12:15:46 INFO  : Connected through redirection to target on host '192.168.226.142' and port '55093'.
12:15:56 INFO  : ----------------XSDB Script----------------
connect -path [list tcp::1534 tcp:192.168.226.142:55093]
----------------End of Script----------------

12:17:17 INFO  : Connected through redirection to target on host '192.168.226.142' and port '52890'.
12:17:18 INFO  : Jtag cable 'Digilent Zed 210248A39844' is selected.
12:17:18 INFO  : 'jtag frequency' command is executed.
12:17:18 INFO  : Sourcing of 'D:/Sem_6/AELD/Labs/Lab_1_HW/Lab_1_HW.sdk/design_1_wrapper_hw_platform_0/ps7_init.tcl' is done.
12:17:18 INFO  : Context for 'APU' is selected.
12:17:18 INFO  : System reset is completed.
12:17:21 INFO  : 'after 3000' command is executed.
12:17:21 INFO  : Context for 'APU' is selected.
12:17:21 INFO  : Hardware design information is loaded from 'D:/Sem_6/AELD/Labs/Lab_1_HW/Lab_1_HW.sdk/design_1_wrapper_hw_platform_0/system.hdf'.
12:17:21 INFO  : 'configparams force-mem-access 1' command is executed.
12:17:21 INFO  : Context for 'APU' is selected.
12:17:25 INFO  : 'ps7_init' command is executed.
12:17:25 INFO  : 'ps7_post_config' command is executed.
12:17:25 INFO  : Context for processor 'ps7_cortexa9_0' is selected.
12:17:25 INFO  : The application 'D:/Sem_6/AELD/Labs/Lab_1_HW/Lab_1_HW.sdk/Lab_1_HW/Debug/Lab_1_HW.elf' is downloaded to processor 'ps7_cortexa9_0'.
12:17:25 INFO  : 'configparams force-mem-access 0' command is executed.
12:17:25 INFO  : ----------------XSDB Script----------------
connect -path [list tcp::1534 tcp:192.168.226.142:52890]
source D:/Sem_6/AELD/Labs/Lab_1_HW/Lab_1_HW.sdk/design_1_wrapper_hw_platform_0/ps7_init.tcl
targets -set -nocase -filter {name =~"APU*" && jtag_cable_name =~ "Digilent Zed 210248A39844"} -index 0
rst -system
after 3000
targets -set -nocase -filter {name =~"APU*" && jtag_cable_name =~ "Digilent Zed 210248A39844"} -index 0
loadhw -hw D:/Sem_6/AELD/Labs/Lab_1_HW/Lab_1_HW.sdk/design_1_wrapper_hw_platform_0/system.hdf -mem-ranges [list {0x40000000 0xbfffffff}]
configparams force-mem-access 1
targets -set -nocase -filter {name =~"APU*" && jtag_cable_name =~ "Digilent Zed 210248A39844"} -index 0
ps7_init
ps7_post_config
targets -set -nocase -filter {name =~ "ARM*#0" && jtag_cable_name =~ "Digilent Zed 210248A39844"} -index 0
dow D:/Sem_6/AELD/Labs/Lab_1_HW/Lab_1_HW.sdk/Lab_1_HW/Debug/Lab_1_HW.elf
configparams force-mem-access 0
----------------End of Script----------------

12:17:25 INFO  : Context for processor 'ps7_cortexa9_0' is selected.
12:17:26 INFO  : 'con' command is executed.
12:17:26 INFO  : ----------------XSDB Script (After Launch)----------------
targets -set -nocase -filter {name =~ "ARM*#0" && jtag_cable_name =~ "Digilent Zed 210248A39844"} -index 0
con
----------------End of Script----------------

12:17:26 INFO  : Launch script is exported to file 'D:\Sem_6\AELD\Labs\Lab_1_HW\Lab_1_HW.sdk\.sdk\launch_scripts\xilinx_c-c++_application_(system_debugger)\system_debugger_using_debug_lab_1_hw.elf_on_remzed.tcl'
12:23:59 INFO  : Disconnected from the channel tcfchan#2.
12:24:00 INFO  : Connected through redirection to target on host '192.168.226.142' and port '52890'.
12:24:00 INFO  : Jtag cable 'Digilent Zed 210248A39844' is selected.
12:24:00 INFO  : 'jtag frequency' command is executed.
12:24:00 INFO  : Sourcing of 'D:/Sem_6/AELD/Labs/Lab_1_HW/Lab_1_HW.sdk/design_1_wrapper_hw_platform_0/ps7_init.tcl' is done.
12:24:00 INFO  : Context for 'APU' is selected.
12:24:00 INFO  : System reset is completed.
12:24:03 INFO  : 'after 3000' command is executed.
12:24:03 INFO  : Context for 'APU' is selected.
12:24:04 INFO  : Hardware design information is loaded from 'D:/Sem_6/AELD/Labs/Lab_1_HW/Lab_1_HW.sdk/design_1_wrapper_hw_platform_0/system.hdf'.
12:24:04 INFO  : 'configparams force-mem-access 1' command is executed.
12:24:04 INFO  : Context for 'APU' is selected.
12:24:09 INFO  : 'ps7_init' command is executed.
12:24:09 INFO  : 'ps7_post_config' command is executed.
12:24:09 INFO  : Context for processor 'ps7_cortexa9_0' is selected.
12:24:09 INFO  : The application 'D:/Sem_6/AELD/Labs/Lab_1_HW/Lab_1_HW.sdk/Lab_1_HW/Debug/Lab_1_HW.elf' is downloaded to processor 'ps7_cortexa9_0'.
12:24:09 INFO  : 'configparams force-mem-access 0' command is executed.
12:24:09 INFO  : ----------------XSDB Script----------------
connect -path [list tcp::1534 tcp:192.168.226.142:52890]
source D:/Sem_6/AELD/Labs/Lab_1_HW/Lab_1_HW.sdk/design_1_wrapper_hw_platform_0/ps7_init.tcl
targets -set -nocase -filter {name =~"APU*" && jtag_cable_name =~ "Digilent Zed 210248A39844"} -index 0
rst -system
after 3000
targets -set -nocase -filter {name =~"APU*" && jtag_cable_name =~ "Digilent Zed 210248A39844"} -index 0
loadhw -hw D:/Sem_6/AELD/Labs/Lab_1_HW/Lab_1_HW.sdk/design_1_wrapper_hw_platform_0/system.hdf -mem-ranges [list {0x40000000 0xbfffffff}]
configparams force-mem-access 1
targets -set -nocase -filter {name =~"APU*" && jtag_cable_name =~ "Digilent Zed 210248A39844"} -index 0
ps7_init
ps7_post_config
targets -set -nocase -filter {name =~ "ARM*#0" && jtag_cable_name =~ "Digilent Zed 210248A39844"} -index 0
dow D:/Sem_6/AELD/Labs/Lab_1_HW/Lab_1_HW.sdk/Lab_1_HW/Debug/Lab_1_HW.elf
configparams force-mem-access 0
----------------End of Script----------------

12:24:09 INFO  : Context for processor 'ps7_cortexa9_0' is selected.
12:24:09 INFO  : 'con' command is executed.
12:24:09 INFO  : ----------------XSDB Script (After Launch)----------------
targets -set -nocase -filter {name =~ "ARM*#0" && jtag_cable_name =~ "Digilent Zed 210248A39844"} -index 0
con
----------------End of Script----------------

12:24:09 INFO  : Launch script is exported to file 'D:\Sem_6\AELD\Labs\Lab_1_HW\Lab_1_HW.sdk\.sdk\launch_scripts\xilinx_c-c++_application_(system_debugger)\system_debugger_using_debug_lab_1_hw.elf_on_remzed.tcl'
12:30:51 WARN  : channel "tcfchan#3" closed
