20:03:02 INFO  : Registering command handlers for SDK TCF services
20:03:03 INFO  : Launching XSCT server: xsct.bat -interactive D:\Sem_6\AELD\Labs\Lab_4\Lab_4.sdk\temp_xsdb_launch_script.tcl
20:03:06 INFO  : XSCT server has started successfully.
20:03:06 INFO  : Successfully done setting XSCT server connection channel  
20:03:10 INFO  : Successfully done setting SDK workspace  
20:03:10 INFO  : Processing command line option -hwspec D:/Sem_6/AELD/Labs/Lab_4/Lab_4.sdk/design_1_wrapper.hdf.
20:05:13 INFO  : Refreshed build settings on project Lab_4
20:08:36 INFO  : Connected through redirection to target on host '192.168.226.142' and port '49973'.
20:08:38 INFO  : Jtag cable 'Digilent Zed 210248722395' is selected.
20:08:38 INFO  : 'jtag frequency' command is executed.
20:08:38 INFO  : Sourcing of 'D:/Sem_6/AELD/Labs/Lab_4/Lab_4.sdk/design_1_wrapper_hw_platform_0/ps7_init.tcl' is done.
20:08:38 INFO  : Context for 'APU' is selected.
20:08:40 INFO  : System reset is completed.
20:08:43 INFO  : 'after 3000' command is executed.
20:08:43 INFO  : 'targets -set -filter {jtag_cable_name =~ "Digilent Zed 210248722395" && level==0} -index 1' command is executed.
20:08:58 INFO  : FPGA configured successfully with bitstream "D:/Sem_6/AELD/Labs/Lab_4/Lab_4.sdk/design_1_wrapper_hw_platform_0/design_1_wrapper.bit"
20:08:58 INFO  : Context for 'APU' is selected.
20:08:59 INFO  : Hardware design information is loaded from 'D:/Sem_6/AELD/Labs/Lab_4/Lab_4.sdk/design_1_wrapper_hw_platform_0/system.hdf'.
20:08:59 INFO  : 'configparams force-mem-access 1' command is executed.
20:08:59 INFO  : Context for 'APU' is selected.
20:09:24 INFO  : 'ps7_init' command is executed.
20:09:25 INFO  : 'ps7_post_config' command is executed.
20:09:25 INFO  : Context for processor 'ps7_cortexa9_0' is selected.
20:09:27 INFO  : The application 'D:/Sem_6/AELD/Labs/Lab_4/Lab_4.sdk/Lab_4/Debug/Lab_4.elf' is downloaded to processor 'ps7_cortexa9_0'.
20:09:27 INFO  : 'configparams force-mem-access 0' command is executed.
20:09:27 INFO  : ----------------XSDB Script----------------
connect -path [list tcp::1534 tcp:192.168.226.142:49973]
source D:/Sem_6/AELD/Labs/Lab_4/Lab_4.sdk/design_1_wrapper_hw_platform_0/ps7_init.tcl
targets -set -nocase -filter {name =~"APU*" && jtag_cable_name =~ "Digilent Zed 210248722395"} -index 0
rst -system
after 3000
targets -set -filter {jtag_cable_name =~ "Digilent Zed 210248722395" && level==0} -index 1
fpga -file D:/Sem_6/AELD/Labs/Lab_4/Lab_4.sdk/design_1_wrapper_hw_platform_0/design_1_wrapper.bit
targets -set -nocase -filter {name =~"APU*" && jtag_cable_name =~ "Digilent Zed 210248722395"} -index 0
loadhw -hw D:/Sem_6/AELD/Labs/Lab_4/Lab_4.sdk/design_1_wrapper_hw_platform_0/system.hdf -mem-ranges [list {0x40000000 0xbfffffff}]
configparams force-mem-access 1
targets -set -nocase -filter {name =~"APU*" && jtag_cable_name =~ "Digilent Zed 210248722395"} -index 0
ps7_init
ps7_post_config
targets -set -nocase -filter {name =~ "ARM*#0" && jtag_cable_name =~ "Digilent Zed 210248722395"} -index 0
dow D:/Sem_6/AELD/Labs/Lab_4/Lab_4.sdk/Lab_4/Debug/Lab_4.elf
configparams force-mem-access 0
----------------End of Script----------------

20:09:28 INFO  : Memory regions updated for context APU
20:09:28 INFO  : Context for processor 'ps7_cortexa9_0' is selected.
20:09:28 INFO  : 'con' command is executed.
20:09:28 INFO  : ----------------XSDB Script (After Launch)----------------
targets -set -nocase -filter {name =~ "ARM*#0" && jtag_cable_name =~ "Digilent Zed 210248722395"} -index 0
con
----------------End of Script----------------

20:09:28 INFO  : Launch script is exported to file 'D:\Sem_6\AELD\Labs\Lab_4\Lab_4.sdk\.sdk\launch_scripts\xilinx_c-c++_application_(system_debugger)\system_debugger_using_debug_lab_4.elf_on_zed.tcl'
20:15:07 WARN  : channel "tcfchan#1" closed
23:19:21 INFO  : Registering command handlers for SDK TCF services
23:19:22 INFO  : Launching XSCT server: xsct.bat -interactive D:\Sem_6\AELD\Labs\Lab_4\Lab_4.sdk\temp_xsdb_launch_script.tcl
23:19:24 INFO  : XSCT server has started successfully.
23:19:24 INFO  : Successfully done setting XSCT server connection channel  
23:19:29 INFO  : Successfully done setting SDK workspace  
23:19:29 INFO  : Processing command line option -hwspec D:/Sem_6/AELD/Labs/Lab_4/Lab_4.sdk/design_1_wrapper.hdf.
23:19:29 INFO  : Checking for hwspec changes in the project design_1_wrapper_hw_platform_0.
23:23:06 INFO  : Connected through redirection to target on host '192.168.226.142' and port '60851'.
23:23:08 INFO  : Jtag cable 'Digilent Zed 210248A39C93' is selected.
23:23:08 INFO  : 'jtag frequency' command is executed.
23:23:08 INFO  : Sourcing of 'D:/Sem_6/AELD/Labs/Lab_4/Lab_4.sdk/design_1_wrapper_hw_platform_0/ps7_init.tcl' is done.
23:23:08 INFO  : Context for 'APU' is selected.
23:23:09 INFO  : System reset is completed.
23:23:12 INFO  : 'after 3000' command is executed.
23:23:12 INFO  : 'targets -set -filter {jtag_cable_name =~ "Digilent Zed 210248A39C93" && level==0} -index 1' command is executed.
23:23:17 INFO  : FPGA configured successfully with bitstream "D:/Sem_6/AELD/Labs/Lab_4/Lab_4.sdk/design_1_wrapper_hw_platform_0/design_1_wrapper.bit"
23:23:17 INFO  : Context for 'APU' is selected.
23:23:17 INFO  : Hardware design information is loaded from 'D:/Sem_6/AELD/Labs/Lab_4/Lab_4.sdk/design_1_wrapper_hw_platform_0/system.hdf'.
23:23:17 INFO  : 'configparams force-mem-access 1' command is executed.
23:23:17 INFO  : Context for 'APU' is selected.
23:23:29 INFO  : 'ps7_init' command is executed.
23:23:30 INFO  : 'ps7_post_config' command is executed.
23:23:30 INFO  : Context for processor 'ps7_cortexa9_0' is selected.
23:23:30 INFO  : The application 'D:/Sem_6/AELD/Labs/Lab_4/Lab_4.sdk/Lab_4/Debug/Lab_4.elf' is downloaded to processor 'ps7_cortexa9_0'.
23:23:30 INFO  : 'configparams force-mem-access 0' command is executed.
23:23:30 INFO  : ----------------XSDB Script----------------
connect -path [list tcp::1534 tcp:192.168.226.142:60851]
source D:/Sem_6/AELD/Labs/Lab_4/Lab_4.sdk/design_1_wrapper_hw_platform_0/ps7_init.tcl
targets -set -nocase -filter {name =~"APU*" && jtag_cable_name =~ "Digilent Zed 210248A39C93"} -index 0
rst -system
after 3000
targets -set -filter {jtag_cable_name =~ "Digilent Zed 210248A39C93" && level==0} -index 1
fpga -file D:/Sem_6/AELD/Labs/Lab_4/Lab_4.sdk/design_1_wrapper_hw_platform_0/design_1_wrapper.bit
targets -set -nocase -filter {name =~"APU*" && jtag_cable_name =~ "Digilent Zed 210248A39C93"} -index 0
loadhw -hw D:/Sem_6/AELD/Labs/Lab_4/Lab_4.sdk/design_1_wrapper_hw_platform_0/system.hdf -mem-ranges [list {0x40000000 0xbfffffff}]
configparams force-mem-access 1
targets -set -nocase -filter {name =~"APU*" && jtag_cable_name =~ "Digilent Zed 210248A39C93"} -index 0
ps7_init
ps7_post_config
targets -set -nocase -filter {name =~ "ARM*#0" && jtag_cable_name =~ "Digilent Zed 210248A39C93"} -index 0
dow D:/Sem_6/AELD/Labs/Lab_4/Lab_4.sdk/Lab_4/Debug/Lab_4.elf
configparams force-mem-access 0
----------------End of Script----------------

23:23:31 INFO  : Memory regions updated for context APU
23:23:31 INFO  : Context for processor 'ps7_cortexa9_0' is selected.
23:23:31 INFO  : 'con' command is executed.
23:23:31 INFO  : ----------------XSDB Script (After Launch)----------------
targets -set -nocase -filter {name =~ "ARM*#0" && jtag_cable_name =~ "Digilent Zed 210248A39C93"} -index 0
con
----------------End of Script----------------

23:23:31 INFO  : Launch script is exported to file 'D:\Sem_6\AELD\Labs\Lab_4\Lab_4.sdk\.sdk\launch_scripts\xilinx_c-c++_application_(system_debugger)\system_debugger_using_debug_lab_4.elf_on_zed.tcl'
23:26:29 INFO  : Disconnected from the channel tcfchan#1.
23:26:30 INFO  : Connected through redirection to target on host '192.168.226.142' and port '60851'.
23:26:30 INFO  : Jtag cable 'Digilent Zed 210248A39C93' is selected.
23:26:30 INFO  : 'jtag frequency' command is executed.
23:26:30 INFO  : Sourcing of 'D:/Sem_6/AELD/Labs/Lab_4/Lab_4.sdk/design_1_wrapper_hw_platform_0/ps7_init.tcl' is done.
23:26:31 INFO  : Context for 'APU' is selected.
23:26:32 INFO  : System reset is completed.
23:26:35 INFO  : 'after 3000' command is executed.
23:26:35 INFO  : 'targets -set -filter {jtag_cable_name =~ "Digilent Zed 210248A39C93" && level==0} -index 1' command is executed.
23:26:38 INFO  : FPGA configured successfully with bitstream "D:/Sem_6/AELD/Labs/Lab_4/Lab_4.sdk/design_1_wrapper_hw_platform_0/design_1_wrapper.bit"
23:26:39 INFO  : Context for 'APU' is selected.
23:26:40 INFO  : Hardware design information is loaded from 'D:/Sem_6/AELD/Labs/Lab_4/Lab_4.sdk/design_1_wrapper_hw_platform_0/system.hdf'.
23:26:40 INFO  : 'configparams force-mem-access 1' command is executed.
23:26:40 INFO  : Context for 'APU' is selected.
23:27:00 INFO  : 'ps7_init' command is executed.
23:27:01 INFO  : 'ps7_post_config' command is executed.
23:27:01 INFO  : Context for processor 'ps7_cortexa9_0' is selected.
23:27:01 INFO  : The application 'D:/Sem_6/AELD/Labs/Lab_4/Lab_4.sdk/Lab_4/Debug/Lab_4.elf' is downloaded to processor 'ps7_cortexa9_0'.
23:27:01 INFO  : 'configparams force-mem-access 0' command is executed.
23:27:01 INFO  : ----------------XSDB Script----------------
connect -path [list tcp::1534 tcp:192.168.226.142:60851]
source D:/Sem_6/AELD/Labs/Lab_4/Lab_4.sdk/design_1_wrapper_hw_platform_0/ps7_init.tcl
targets -set -nocase -filter {name =~"APU*" && jtag_cable_name =~ "Digilent Zed 210248A39C93"} -index 0
rst -system
after 3000
targets -set -filter {jtag_cable_name =~ "Digilent Zed 210248A39C93" && level==0} -index 1
fpga -file D:/Sem_6/AELD/Labs/Lab_4/Lab_4.sdk/design_1_wrapper_hw_platform_0/design_1_wrapper.bit
targets -set -nocase -filter {name =~"APU*" && jtag_cable_name =~ "Digilent Zed 210248A39C93"} -index 0
loadhw -hw D:/Sem_6/AELD/Labs/Lab_4/Lab_4.sdk/design_1_wrapper_hw_platform_0/system.hdf -mem-ranges [list {0x40000000 0xbfffffff}]
configparams force-mem-access 1
targets -set -nocase -filter {name =~"APU*" && jtag_cable_name =~ "Digilent Zed 210248A39C93"} -index 0
ps7_init
ps7_post_config
targets -set -nocase -filter {name =~ "ARM*#0" && jtag_cable_name =~ "Digilent Zed 210248A39C93"} -index 0
dow D:/Sem_6/AELD/Labs/Lab_4/Lab_4.sdk/Lab_4/Debug/Lab_4.elf
configparams force-mem-access 0
----------------End of Script----------------

23:27:02 INFO  : Memory regions updated for context APU
23:27:03 INFO  : Context for processor 'ps7_cortexa9_0' is selected.
23:27:03 INFO  : 'con' command is executed.
23:27:03 INFO  : ----------------XSDB Script (After Launch)----------------
targets -set -nocase -filter {name =~ "ARM*#0" && jtag_cable_name =~ "Digilent Zed 210248A39C93"} -index 0
con
----------------End of Script----------------

23:27:03 INFO  : Launch script is exported to file 'D:\Sem_6\AELD\Labs\Lab_4\Lab_4.sdk\.sdk\launch_scripts\xilinx_c-c++_application_(system_debugger)\system_debugger_using_debug_lab_4.elf_on_zed.tcl'
23:30:04 WARN  : channel "tcfchan#2" closed
23:33:53 INFO  : Connected through redirection to target on host '192.168.226.142' and port '58392'.
23:33:54 INFO  : Jtag cable 'Digilent Zed 210248A39C93' is selected.
23:33:54 INFO  : 'jtag frequency' command is executed.
23:33:54 INFO  : Sourcing of 'D:/Sem_6/AELD/Labs/Lab_4/Lab_4.sdk/design_1_wrapper_hw_platform_0/ps7_init.tcl' is done.
23:33:54 INFO  : Context for 'APU' is selected.
23:33:56 INFO  : System reset is completed.
23:33:59 INFO  : 'after 3000' command is executed.
23:33:59 INFO  : 'targets -set -filter {jtag_cable_name =~ "Digilent Zed 210248A39C93" && level==0} -index 1' command is executed.
23:34:07 INFO  : FPGA configured successfully with bitstream "D:/Sem_6/AELD/Labs/Lab_4/Lab_4.sdk/design_1_wrapper_hw_platform_0/design_1_wrapper.bit"
23:34:07 INFO  : Context for 'APU' is selected.
23:34:07 INFO  : Hardware design information is loaded from 'D:/Sem_6/AELD/Labs/Lab_4/Lab_4.sdk/design_1_wrapper_hw_platform_0/system.hdf'.
23:34:07 INFO  : 'configparams force-mem-access 1' command is executed.
23:34:08 INFO  : Context for 'APU' is selected.
23:34:24 INFO  : 'ps7_init' command is executed.
23:34:25 INFO  : 'ps7_post_config' command is executed.
23:34:25 INFO  : Context for processor 'ps7_cortexa9_0' is selected.
23:34:25 INFO  : The application 'D:/Sem_6/AELD/Labs/Lab_4/Lab_4.sdk/Lab_4/Debug/Lab_4.elf' is downloaded to processor 'ps7_cortexa9_0'.
23:34:25 INFO  : 'configparams force-mem-access 0' command is executed.
23:34:25 INFO  : ----------------XSDB Script----------------
connect -path [list tcp::1534 tcp:192.168.226.142:58392]
source D:/Sem_6/AELD/Labs/Lab_4/Lab_4.sdk/design_1_wrapper_hw_platform_0/ps7_init.tcl
targets -set -nocase -filter {name =~"APU*" && jtag_cable_name =~ "Digilent Zed 210248A39C93"} -index 0
rst -system
after 3000
targets -set -filter {jtag_cable_name =~ "Digilent Zed 210248A39C93" && level==0} -index 1
fpga -file D:/Sem_6/AELD/Labs/Lab_4/Lab_4.sdk/design_1_wrapper_hw_platform_0/design_1_wrapper.bit
targets -set -nocase -filter {name =~"APU*" && jtag_cable_name =~ "Digilent Zed 210248A39C93"} -index 0
loadhw -hw D:/Sem_6/AELD/Labs/Lab_4/Lab_4.sdk/design_1_wrapper_hw_platform_0/system.hdf -mem-ranges [list {0x40000000 0xbfffffff}]
configparams force-mem-access 1
targets -set -nocase -filter {name =~"APU*" && jtag_cable_name =~ "Digilent Zed 210248A39C93"} -index 0
ps7_init
ps7_post_config
targets -set -nocase -filter {name =~ "ARM*#0" && jtag_cable_name =~ "Digilent Zed 210248A39C93"} -index 0
dow D:/Sem_6/AELD/Labs/Lab_4/Lab_4.sdk/Lab_4/Debug/Lab_4.elf
configparams force-mem-access 0
----------------End of Script----------------

23:34:26 INFO  : Memory regions updated for context APU
23:34:26 INFO  : Context for processor 'ps7_cortexa9_0' is selected.
23:34:26 INFO  : 'con' command is executed.
23:34:26 INFO  : ----------------XSDB Script (After Launch)----------------
targets -set -nocase -filter {name =~ "ARM*#0" && jtag_cable_name =~ "Digilent Zed 210248A39C93"} -index 0
con
----------------End of Script----------------

23:34:26 INFO  : Launch script is exported to file 'D:\Sem_6\AELD\Labs\Lab_4\Lab_4.sdk\.sdk\launch_scripts\xilinx_c-c++_application_(system_debugger)\system_debugger_using_debug_lab_4.elf_on_zed.tcl'
23:38:45 INFO  : Disconnected from the channel tcfchan#3.
23:47:09 INFO  : Launching XSCT server: xsct.bat -interactive D:\Sem_6\AELD\Labs\Lab_4\Lab_4.sdk\temp_xsdb_launch_script.tcl
23:47:09 INFO  : Registering command handlers for SDK TCF services
23:47:12 INFO  : XSCT server has started successfully.
23:47:12 INFO  : Successfully done setting XSCT server connection channel  
23:47:12 INFO  : Successfully done setting SDK workspace  
23:47:12 INFO  : Processing command line option -hwspec D:/Sem_6/AELD/Labs/Lab_4/Lab_4.sdk/design_1_wrapper.hdf.
23:47:12 INFO  : Checking for hwspec changes in the project design_1_wrapper_hw_platform_0.
23:47:14 INFO  : SDK has detected change in the last modified timestamps for source hardware specification file Source:1739124988427,  Project:1739111506356
23:47:14 INFO  : The hardware specification for project 'design_1_wrapper_hw_platform_0' is different from D:/Sem_6/AELD/Labs/Lab_4/Lab_4.sdk/design_1_wrapper.hdf.
23:47:14 INFO  : Copied contents of D:/Sem_6/AELD/Labs/Lab_4/Lab_4.sdk/design_1_wrapper.hdf into \design_1_wrapper_hw_platform_0\system.hdf.
23:47:17 INFO  : Synchronizing projects in the workspace with the hardware platform specification changes.
23:47:20 INFO  : 
23:47:20 INFO  : Updating hardware inferred compiler options for Lab_4.
23:47:21 INFO  : Clearing existing target manager status.
23:48:25 INFO  : Connected through redirection to target on host '192.168.226.142' and port '52646'.
23:48:26 INFO  : Jtag cable 'Digilent Zed 210248A39C93' is selected.
23:48:26 INFO  : 'jtag frequency' command is executed.
23:48:26 INFO  : Sourcing of 'D:/Sem_6/AELD/Labs/Lab_4/Lab_4.sdk/design_1_wrapper_hw_platform_0/ps7_init.tcl' is done.
23:48:26 INFO  : Context for 'APU' is selected.
23:48:27 INFO  : System reset is completed.
23:48:30 INFO  : 'after 3000' command is executed.
23:48:31 INFO  : 'targets -set -filter {jtag_cable_name =~ "Digilent Zed 210248A39C93" && level==0} -index 1' command is executed.
23:48:35 INFO  : FPGA configured successfully with bitstream "D:/Sem_6/AELD/Labs/Lab_4/Lab_4.sdk/design_1_wrapper_hw_platform_0/design_1_wrapper.bit"
23:48:35 INFO  : Context for 'APU' is selected.
23:48:35 INFO  : Hardware design information is loaded from 'D:/Sem_6/AELD/Labs/Lab_4/Lab_4.sdk/design_1_wrapper_hw_platform_0/system.hdf'.
23:48:36 INFO  : 'configparams force-mem-access 1' command is executed.
23:48:36 INFO  : Context for 'APU' is selected.
23:48:48 INFO  : 'ps7_init' command is executed.
23:48:49 INFO  : 'ps7_post_config' command is executed.
23:48:49 INFO  : Context for processor 'ps7_cortexa9_0' is selected.
23:48:49 INFO  : The application 'D:/Sem_6/AELD/Labs/Lab_4/Lab_4.sdk/Lab_4/Debug/Lab_4.elf' is downloaded to processor 'ps7_cortexa9_0'.
23:48:49 INFO  : 'configparams force-mem-access 0' command is executed.
23:48:49 INFO  : ----------------XSDB Script----------------
connect -path [list tcp::1534 tcp:192.168.226.142:52646]
source D:/Sem_6/AELD/Labs/Lab_4/Lab_4.sdk/design_1_wrapper_hw_platform_0/ps7_init.tcl
targets -set -nocase -filter {name =~"APU*" && jtag_cable_name =~ "Digilent Zed 210248A39C93"} -index 0
rst -system
after 3000
targets -set -filter {jtag_cable_name =~ "Digilent Zed 210248A39C93" && level==0} -index 1
fpga -file D:/Sem_6/AELD/Labs/Lab_4/Lab_4.sdk/design_1_wrapper_hw_platform_0/design_1_wrapper.bit
targets -set -nocase -filter {name =~"APU*" && jtag_cable_name =~ "Digilent Zed 210248A39C93"} -index 0
loadhw -hw D:/Sem_6/AELD/Labs/Lab_4/Lab_4.sdk/design_1_wrapper_hw_platform_0/system.hdf -mem-ranges [list {0x40000000 0xbfffffff}]
configparams force-mem-access 1
targets -set -nocase -filter {name =~"APU*" && jtag_cable_name =~ "Digilent Zed 210248A39C93"} -index 0
ps7_init
ps7_post_config
targets -set -nocase -filter {name =~ "ARM*#0" && jtag_cable_name =~ "Digilent Zed 210248A39C93"} -index 0
dow D:/Sem_6/AELD/Labs/Lab_4/Lab_4.sdk/Lab_4/Debug/Lab_4.elf
configparams force-mem-access 0
----------------End of Script----------------

23:48:50 INFO  : Memory regions updated for context APU
23:48:50 INFO  : Context for processor 'ps7_cortexa9_0' is selected.
23:48:50 INFO  : 'con' command is executed.
23:48:50 INFO  : ----------------XSDB Script (After Launch)----------------
targets -set -nocase -filter {name =~ "ARM*#0" && jtag_cable_name =~ "Digilent Zed 210248A39C93"} -index 0
con
----------------End of Script----------------

23:48:50 INFO  : Launch script is exported to file 'D:\Sem_6\AELD\Labs\Lab_4\Lab_4.sdk\.sdk\launch_scripts\xilinx_c-c++_application_(system_debugger)\system_debugger_using_debug_lab_4.elf_on_zed.tcl'
23:50:53 INFO  : Disconnected from the channel tcfchan#1.
23:50:54 INFO  : Connected through redirection to target on host '192.168.226.142' and port '52646'.
23:50:55 INFO  : Jtag cable 'Digilent Zed 210248A39C93' is selected.
23:50:55 INFO  : 'jtag frequency' command is executed.
23:50:55 INFO  : Sourcing of 'D:/Sem_6/AELD/Labs/Lab_4/Lab_4.sdk/design_1_wrapper_hw_platform_0/ps7_init.tcl' is done.
23:50:55 INFO  : Context for 'APU' is selected.
23:50:56 INFO  : System reset is completed.
23:50:59 INFO  : 'after 3000' command is executed.
23:50:59 INFO  : 'targets -set -filter {jtag_cable_name =~ "Digilent Zed 210248A39C93" && level==0} -index 1' command is executed.
23:51:02 INFO  : FPGA configured successfully with bitstream "D:/Sem_6/AELD/Labs/Lab_4/Lab_4.sdk/design_1_wrapper_hw_platform_0/design_1_wrapper.bit"
23:51:02 INFO  : Context for 'APU' is selected.
23:51:03 INFO  : Hardware design information is loaded from 'D:/Sem_6/AELD/Labs/Lab_4/Lab_4.sdk/design_1_wrapper_hw_platform_0/system.hdf'.
23:51:03 INFO  : 'configparams force-mem-access 1' command is executed.
23:51:04 INFO  : Context for 'APU' is selected.
23:51:15 INFO  : 'ps7_init' command is executed.
23:51:15 INFO  : 'ps7_post_config' command is executed.
23:51:16 INFO  : Context for processor 'ps7_cortexa9_0' is selected.
23:51:16 INFO  : The application 'D:/Sem_6/AELD/Labs/Lab_4/Lab_4.sdk/Lab_4/Debug/Lab_4.elf' is downloaded to processor 'ps7_cortexa9_0'.
23:51:16 INFO  : 'configparams force-mem-access 0' command is executed.
23:51:16 INFO  : ----------------XSDB Script----------------
connect -path [list tcp::1534 tcp:192.168.226.142:52646]
source D:/Sem_6/AELD/Labs/Lab_4/Lab_4.sdk/design_1_wrapper_hw_platform_0/ps7_init.tcl
targets -set -nocase -filter {name =~"APU*" && jtag_cable_name =~ "Digilent Zed 210248A39C93"} -index 0
rst -system
after 3000
targets -set -filter {jtag_cable_name =~ "Digilent Zed 210248A39C93" && level==0} -index 1
fpga -file D:/Sem_6/AELD/Labs/Lab_4/Lab_4.sdk/design_1_wrapper_hw_platform_0/design_1_wrapper.bit
targets -set -nocase -filter {name =~"APU*" && jtag_cable_name =~ "Digilent Zed 210248A39C93"} -index 0
loadhw -hw D:/Sem_6/AELD/Labs/Lab_4/Lab_4.sdk/design_1_wrapper_hw_platform_0/system.hdf -mem-ranges [list {0x40000000 0xbfffffff}]
configparams force-mem-access 1
targets -set -nocase -filter {name =~"APU*" && jtag_cable_name =~ "Digilent Zed 210248A39C93"} -index 0
ps7_init
ps7_post_config
targets -set -nocase -filter {name =~ "ARM*#0" && jtag_cable_name =~ "Digilent Zed 210248A39C93"} -index 0
dow D:/Sem_6/AELD/Labs/Lab_4/Lab_4.sdk/Lab_4/Debug/Lab_4.elf
configparams force-mem-access 0
----------------End of Script----------------

23:51:17 INFO  : Memory regions updated for context APU
23:51:17 INFO  : Context for processor 'ps7_cortexa9_0' is selected.
23:51:17 INFO  : 'con' command is executed.
23:51:17 INFO  : ----------------XSDB Script (After Launch)----------------
targets -set -nocase -filter {name =~ "ARM*#0" && jtag_cable_name =~ "Digilent Zed 210248A39C93"} -index 0
con
----------------End of Script----------------

23:51:17 INFO  : Launch script is exported to file 'D:\Sem_6\AELD\Labs\Lab_4\Lab_4.sdk\.sdk\launch_scripts\xilinx_c-c++_application_(system_debugger)\system_debugger_using_debug_lab_4.elf_on_zed.tcl'
23:52:54 INFO  : Disconnected from the channel tcfchan#2.
23:52:56 INFO  : Connected through redirection to target on host '192.168.226.142' and port '52646'.
23:52:57 INFO  : Jtag cable 'Digilent Zed 210248A39C93' is selected.
23:52:57 INFO  : 'jtag frequency' command is executed.
23:52:57 INFO  : Sourcing of 'D:/Sem_6/AELD/Labs/Lab_4/Lab_4.sdk/design_1_wrapper_hw_platform_0/ps7_init.tcl' is done.
23:52:57 INFO  : Context for 'APU' is selected.
23:52:58 INFO  : System reset is completed.
23:53:01 INFO  : 'after 3000' command is executed.
23:53:01 INFO  : 'targets -set -filter {jtag_cable_name =~ "Digilent Zed 210248A39C93" && level==0} -index 1' command is executed.
23:53:05 INFO  : FPGA configured successfully with bitstream "D:/Sem_6/AELD/Labs/Lab_4/Lab_4.sdk/design_1_wrapper_hw_platform_0/design_1_wrapper.bit"
23:53:05 INFO  : Context for 'APU' is selected.
23:53:05 INFO  : Hardware design information is loaded from 'D:/Sem_6/AELD/Labs/Lab_4/Lab_4.sdk/design_1_wrapper_hw_platform_0/system.hdf'.
23:53:05 INFO  : 'configparams force-mem-access 1' command is executed.
23:53:05 INFO  : Context for 'APU' is selected.
23:53:18 INFO  : 'ps7_init' command is executed.
23:53:19 INFO  : 'ps7_post_config' command is executed.
23:53:20 INFO  : Context for processor 'ps7_cortexa9_0' is selected.
23:53:21 INFO  : The application 'D:/Sem_6/AELD/Labs/Lab_4/Lab_4.sdk/Lab_4/Debug/Lab_4.elf' is downloaded to processor 'ps7_cortexa9_0'.
23:53:21 INFO  : 'configparams force-mem-access 0' command is executed.
23:53:21 INFO  : ----------------XSDB Script----------------
connect -path [list tcp::1534 tcp:192.168.226.142:52646]
source D:/Sem_6/AELD/Labs/Lab_4/Lab_4.sdk/design_1_wrapper_hw_platform_0/ps7_init.tcl
targets -set -nocase -filter {name =~"APU*" && jtag_cable_name =~ "Digilent Zed 210248A39C93"} -index 0
rst -system
after 3000
targets -set -filter {jtag_cable_name =~ "Digilent Zed 210248A39C93" && level==0} -index 1
fpga -file D:/Sem_6/AELD/Labs/Lab_4/Lab_4.sdk/design_1_wrapper_hw_platform_0/design_1_wrapper.bit
targets -set -nocase -filter {name =~"APU*" && jtag_cable_name =~ "Digilent Zed 210248A39C93"} -index 0
loadhw -hw D:/Sem_6/AELD/Labs/Lab_4/Lab_4.sdk/design_1_wrapper_hw_platform_0/system.hdf -mem-ranges [list {0x40000000 0xbfffffff}]
configparams force-mem-access 1
targets -set -nocase -filter {name =~"APU*" && jtag_cable_name =~ "Digilent Zed 210248A39C93"} -index 0
ps7_init
ps7_post_config
targets -set -nocase -filter {name =~ "ARM*#0" && jtag_cable_name =~ "Digilent Zed 210248A39C93"} -index 0
dow D:/Sem_6/AELD/Labs/Lab_4/Lab_4.sdk/Lab_4/Debug/Lab_4.elf
configparams force-mem-access 0
----------------End of Script----------------

23:53:21 INFO  : Memory regions updated for context APU
23:53:22 INFO  : Context for processor 'ps7_cortexa9_0' is selected.
23:53:22 INFO  : 'con' command is executed.
23:53:22 INFO  : ----------------XSDB Script (After Launch)----------------
targets -set -nocase -filter {name =~ "ARM*#0" && jtag_cable_name =~ "Digilent Zed 210248A39C93"} -index 0
con
----------------End of Script----------------

23:53:22 INFO  : Launch script is exported to file 'D:\Sem_6\AELD\Labs\Lab_4\Lab_4.sdk\.sdk\launch_scripts\xilinx_c-c++_application_(system_debugger)\system_debugger_using_debug_lab_4.elf_on_zed.tcl'
23:55:22 INFO  : Disconnected from the channel tcfchan#3.
23:55:23 INFO  : Connected through redirection to target on host '192.168.226.142' and port '52646'.
23:55:23 INFO  : Jtag cable 'Digilent Zed 210248A39C93' is selected.
23:55:23 INFO  : 'jtag frequency' command is executed.
23:55:23 INFO  : Sourcing of 'D:/Sem_6/AELD/Labs/Lab_4/Lab_4.sdk/design_1_wrapper_hw_platform_0/ps7_init.tcl' is done.
23:55:24 INFO  : Context for 'APU' is selected.
23:55:25 INFO  : System reset is completed.
23:55:28 INFO  : 'after 3000' command is executed.
23:55:28 INFO  : 'targets -set -filter {jtag_cable_name =~ "Digilent Zed 210248A39C93" && level==0} -index 1' command is executed.
23:55:31 INFO  : FPGA configured successfully with bitstream "D:/Sem_6/AELD/Labs/Lab_4/Lab_4.sdk/design_1_wrapper_hw_platform_0/design_1_wrapper.bit"
23:55:31 INFO  : Context for 'APU' is selected.
23:55:32 INFO  : Hardware design information is loaded from 'D:/Sem_6/AELD/Labs/Lab_4/Lab_4.sdk/design_1_wrapper_hw_platform_0/system.hdf'.
23:55:32 INFO  : 'configparams force-mem-access 1' command is executed.
23:55:32 INFO  : Context for 'APU' is selected.
23:55:45 INFO  : 'ps7_init' command is executed.
23:55:45 INFO  : 'ps7_post_config' command is executed.
23:55:45 INFO  : Context for processor 'ps7_cortexa9_0' is selected.
23:55:46 INFO  : The application 'D:/Sem_6/AELD/Labs/Lab_4/Lab_4.sdk/Lab_4/Debug/Lab_4.elf' is downloaded to processor 'ps7_cortexa9_0'.
23:55:46 INFO  : 'configparams force-mem-access 0' command is executed.
23:55:46 INFO  : ----------------XSDB Script----------------
connect -path [list tcp::1534 tcp:192.168.226.142:52646]
source D:/Sem_6/AELD/Labs/Lab_4/Lab_4.sdk/design_1_wrapper_hw_platform_0/ps7_init.tcl
targets -set -nocase -filter {name =~"APU*" && jtag_cable_name =~ "Digilent Zed 210248A39C93"} -index 0
rst -system
after 3000
targets -set -filter {jtag_cable_name =~ "Digilent Zed 210248A39C93" && level==0} -index 1
fpga -file D:/Sem_6/AELD/Labs/Lab_4/Lab_4.sdk/design_1_wrapper_hw_platform_0/design_1_wrapper.bit
targets -set -nocase -filter {name =~"APU*" && jtag_cable_name =~ "Digilent Zed 210248A39C93"} -index 0
loadhw -hw D:/Sem_6/AELD/Labs/Lab_4/Lab_4.sdk/design_1_wrapper_hw_platform_0/system.hdf -mem-ranges [list {0x40000000 0xbfffffff}]
configparams force-mem-access 1
targets -set -nocase -filter {name =~"APU*" && jtag_cable_name =~ "Digilent Zed 210248A39C93"} -index 0
ps7_init
ps7_post_config
targets -set -nocase -filter {name =~ "ARM*#0" && jtag_cable_name =~ "Digilent Zed 210248A39C93"} -index 0
dow D:/Sem_6/AELD/Labs/Lab_4/Lab_4.sdk/Lab_4/Debug/Lab_4.elf
configparams force-mem-access 0
----------------End of Script----------------

23:55:46 INFO  : Memory regions updated for context APU
23:55:46 INFO  : Context for processor 'ps7_cortexa9_0' is selected.
23:55:47 INFO  : 'con' command is executed.
23:55:47 INFO  : ----------------XSDB Script (After Launch)----------------
targets -set -nocase -filter {name =~ "ARM*#0" && jtag_cable_name =~ "Digilent Zed 210248A39C93"} -index 0
con
----------------End of Script----------------

23:55:47 INFO  : Launch script is exported to file 'D:\Sem_6\AELD\Labs\Lab_4\Lab_4.sdk\.sdk\launch_scripts\xilinx_c-c++_application_(system_debugger)\system_debugger_using_debug_lab_4.elf_on_zed.tcl'
23:57:02 INFO  : Disconnected from the channel tcfchan#4.
01:44:42 INFO  : Launching XSCT server: xsct.bat -interactive D:\Sem_6\AELD\Labs\Lab_4\Lab_4.sdk\temp_xsdb_launch_script.tcl
01:44:42 INFO  : Registering command handlers for SDK TCF services
01:44:45 INFO  : XSCT server has started successfully.
01:44:51 INFO  : Successfully done setting XSCT server connection channel  
01:44:51 INFO  : Successfully done setting SDK workspace  
01:44:51 INFO  : Processing command line option -hwspec D:/Sem_6/AELD/Labs/Lab_4/Lab_4.sdk/design_1_wrapper.hdf.
01:44:51 INFO  : Checking for hwspec changes in the project design_1_wrapper_hw_platform_0.
01:44:54 INFO  : SDK has detected change in the last modified timestamps for source hardware specification file Source:1739131904331,  Project:1739124988427
01:44:54 INFO  : The hardware specification for project 'design_1_wrapper_hw_platform_0' is different from D:/Sem_6/AELD/Labs/Lab_4/Lab_4.sdk/design_1_wrapper.hdf.
01:44:54 INFO  : Copied contents of D:/Sem_6/AELD/Labs/Lab_4/Lab_4.sdk/design_1_wrapper.hdf into \design_1_wrapper_hw_platform_0\system.hdf.
01:44:56 INFO  : Synchronizing projects in the workspace with the hardware platform specification changes.
01:44:58 INFO  : 
01:44:59 INFO  : Updating hardware inferred compiler options for Lab_4.
01:44:59 INFO  : Clearing existing target manager status.
12:22:42 INFO  : Registering command handlers for SDK TCF services
12:22:43 INFO  : Launching XSCT server: xsct.bat -interactive D:\Sem_6\AELD\Labs\Lab_4\Lab_4.sdk\temp_xsdb_launch_script.tcl
12:22:46 INFO  : XSCT server has started successfully.
12:22:46 INFO  : Successfully done setting XSCT server connection channel  
12:22:49 INFO  : Successfully done setting SDK workspace  
12:22:49 INFO  : Processing command line option -hwspec D:/Sem_6/AELD/Labs/Lab_4/Lab_4.sdk/design_1_wrapper.hdf.
12:22:49 INFO  : Checking for hwspec changes in the project design_1_wrapper_hw_platform_0.
14:30:45 INFO  : Connected through redirection to target on host '192.168.226.142' and port '57588'.
14:31:04 INFO  : ----------------XSDB Script----------------
connect -path [list tcp::1534 tcp:192.168.226.142:57588]
----------------End of Script----------------

14:31:56 INFO  : Connected through redirection to target on host '192.168.226.142' and port '57588'.
14:31:56 INFO  : Jtag cable 'Digilent Zed 210248722395' is selected.
14:31:56 INFO  : 'jtag frequency' command is executed.
14:31:56 INFO  : Sourcing of 'D:/Sem_6/AELD/Labs/Lab_4/Lab_4.sdk/design_1_wrapper_hw_platform_0/ps7_init.tcl' is done.
14:31:56 INFO  : Context for 'APU' is selected.
14:31:57 INFO  : System reset is completed.
14:32:00 INFO  : 'after 3000' command is executed.
14:32:00 INFO  : 'targets -set -filter {jtag_cable_name =~ "Digilent Zed 210248722395" && level==0} -index 1' command is executed.
14:32:04 INFO  : FPGA configured successfully with bitstream "D:/Sem_6/AELD/Labs/Lab_4/Lab_4.sdk/design_1_wrapper_hw_platform_0/design_1_wrapper.bit"
14:32:04 INFO  : Context for 'APU' is selected.
14:32:05 INFO  : Hardware design information is loaded from 'D:/Sem_6/AELD/Labs/Lab_4/Lab_4.sdk/design_1_wrapper_hw_platform_0/system.hdf'.
14:32:05 INFO  : 'configparams force-mem-access 1' command is executed.
14:32:05 INFO  : Context for 'APU' is selected.
14:32:17 INFO  : 'ps7_init' command is executed.
14:32:17 INFO  : 'ps7_post_config' command is executed.
14:32:18 INFO  : Context for processor 'ps7_cortexa9_0' is selected.
14:32:18 INFO  : The application 'D:/Sem_6/AELD/Labs/Lab_4/Lab_4.sdk/Lab_4/Debug/Lab_4.elf' is downloaded to processor 'ps7_cortexa9_0'.
14:32:18 INFO  : 'configparams force-mem-access 0' command is executed.
14:32:18 INFO  : ----------------XSDB Script----------------
connect -path [list tcp::1534 tcp:192.168.226.142:57588]
source D:/Sem_6/AELD/Labs/Lab_4/Lab_4.sdk/design_1_wrapper_hw_platform_0/ps7_init.tcl
targets -set -nocase -filter {name =~"APU*" && jtag_cable_name =~ "Digilent Zed 210248722395"} -index 0
rst -system
after 3000
targets -set -filter {jtag_cable_name =~ "Digilent Zed 210248722395" && level==0} -index 1
fpga -file D:/Sem_6/AELD/Labs/Lab_4/Lab_4.sdk/design_1_wrapper_hw_platform_0/design_1_wrapper.bit
targets -set -nocase -filter {name =~"APU*" && jtag_cable_name =~ "Digilent Zed 210248722395"} -index 0
loadhw -hw D:/Sem_6/AELD/Labs/Lab_4/Lab_4.sdk/design_1_wrapper_hw_platform_0/system.hdf -mem-ranges [list {0x40000000 0xbfffffff}]
configparams force-mem-access 1
targets -set -nocase -filter {name =~"APU*" && jtag_cable_name =~ "Digilent Zed 210248722395"} -index 0
ps7_init
ps7_post_config
targets -set -nocase -filter {name =~ "ARM*#0" && jtag_cable_name =~ "Digilent Zed 210248722395"} -index 0
dow D:/Sem_6/AELD/Labs/Lab_4/Lab_4.sdk/Lab_4/Debug/Lab_4.elf
configparams force-mem-access 0
----------------End of Script----------------

14:32:19 INFO  : Memory regions updated for context APU
14:32:19 INFO  : Context for processor 'ps7_cortexa9_0' is selected.
14:32:19 INFO  : 'con' command is executed.
14:32:19 INFO  : ----------------XSDB Script (After Launch)----------------
targets -set -nocase -filter {name =~ "ARM*#0" && jtag_cable_name =~ "Digilent Zed 210248722395"} -index 0
con
----------------End of Script----------------

14:32:19 INFO  : Launch script is exported to file 'D:\Sem_6\AELD\Labs\Lab_4\Lab_4.sdk\.sdk\launch_scripts\xilinx_c-c++_application_(system_debugger)\system_debugger_using_debug_lab_4.elf_on_zed.tcl'
15:23:12 WARN  : channel "tcfchan#1" closed
22:12:18 INFO  : Launching XSCT server: xsct.bat -interactive D:\Sem_6\AELD\Labs\Lab_4\Lab_4.sdk\temp_xsdb_launch_script.tcl
22:12:18 INFO  : Registering command handlers for SDK TCF services
22:12:21 INFO  : XSCT server has started successfully.
22:12:24 INFO  : Successfully done setting XSCT server connection channel  
22:12:24 INFO  : Successfully done setting SDK workspace  
22:12:24 INFO  : Processing command line option -hwspec D:/Sem_6/AELD/Labs/Lab_4/Lab_4.sdk/design_1_wrapper.hdf.
22:12:24 INFO  : Checking for hwspec changes in the project design_1_wrapper_hw_platform_0.
11:33:45 INFO  : Registering command handlers for SDK TCF services
11:33:45 INFO  : Launching XSCT server: xsct.bat -interactive D:\Sem_6\AELD\Labs\Lab_4\Lab_4.sdk\temp_xsdb_launch_script.tcl
11:33:48 INFO  : XSCT server has started successfully.
11:33:52 INFO  : Successfully done setting XSCT server connection channel  
11:33:52 INFO  : Successfully done setting SDK workspace  
11:33:52 INFO  : Processing command line option -hwspec D:/Sem_6/AELD/Labs/Lab_4/Lab_4.sdk/design_1_wrapper.hdf.
11:33:52 INFO  : Checking for hwspec changes in the project design_1_wrapper_hw_platform_0.
11:35:13 INFO  : Connected through redirection to target on host '192.168.226.142' and port '57431'.
11:35:14 INFO  : Jtag cable 'Digilent Zed 210248A39C93' is selected.
11:35:14 INFO  : 'jtag frequency' command is executed.
11:35:14 INFO  : Sourcing of 'D:/Sem_6/AELD/Labs/Lab_4/Lab_4.sdk/design_1_wrapper_hw_platform_0/ps7_init.tcl' is done.
11:35:14 INFO  : Context for 'APU' is selected.
11:35:15 INFO  : System reset is completed.
11:35:18 INFO  : 'after 3000' command is executed.
11:35:18 INFO  : 'targets -set -filter {jtag_cable_name =~ "Digilent Zed 210248A39C93" && level==0} -index 1' command is executed.
11:35:22 INFO  : FPGA configured successfully with bitstream "D:/Sem_6/AELD/Labs/Lab_4/Lab_4.sdk/design_1_wrapper_hw_platform_0/design_1_wrapper.bit"
11:35:22 INFO  : Context for 'APU' is selected.
11:35:22 INFO  : Hardware design information is loaded from 'D:/Sem_6/AELD/Labs/Lab_4/Lab_4.sdk/design_1_wrapper_hw_platform_0/system.hdf'.
11:35:23 INFO  : 'configparams force-mem-access 1' command is executed.
11:35:23 INFO  : Context for 'APU' is selected.
11:35:27 INFO  : 'ps7_init' command is executed.
11:35:32 INFO  : 'ps7_post_config' command is executed.
11:35:32 INFO  : Context for processor 'ps7_cortexa9_0' is selected.
11:35:32 INFO  : The application 'D:/Sem_6/AELD/Labs/Lab_4/Lab_4.sdk/Lab_4/Debug/Lab_4.elf' is downloaded to processor 'ps7_cortexa9_0'.
11:35:32 INFO  : 'configparams force-mem-access 0' command is executed.
11:35:32 INFO  : ----------------XSDB Script----------------
connect -path [list tcp::1534 tcp:192.168.226.142:57431]
source D:/Sem_6/AELD/Labs/Lab_4/Lab_4.sdk/design_1_wrapper_hw_platform_0/ps7_init.tcl
targets -set -nocase -filter {name =~"APU*" && jtag_cable_name =~ "Digilent Zed 210248A39C93"} -index 0
rst -system
after 3000
targets -set -filter {jtag_cable_name =~ "Digilent Zed 210248A39C93" && level==0} -index 1
fpga -file D:/Sem_6/AELD/Labs/Lab_4/Lab_4.sdk/design_1_wrapper_hw_platform_0/design_1_wrapper.bit
targets -set -nocase -filter {name =~"APU*" && jtag_cable_name =~ "Digilent Zed 210248A39C93"} -index 0
loadhw -hw D:/Sem_6/AELD/Labs/Lab_4/Lab_4.sdk/design_1_wrapper_hw_platform_0/system.hdf -mem-ranges [list {0x40000000 0xbfffffff}]
configparams force-mem-access 1
targets -set -nocase -filter {name =~"APU*" && jtag_cable_name =~ "Digilent Zed 210248A39C93"} -index 0
ps7_init
ps7_post_config
targets -set -nocase -filter {name =~ "ARM*#0" && jtag_cable_name =~ "Digilent Zed 210248A39C93"} -index 0
dow D:/Sem_6/AELD/Labs/Lab_4/Lab_4.sdk/Lab_4/Debug/Lab_4.elf
configparams force-mem-access 0
----------------End of Script----------------

11:35:32 INFO  : Memory regions updated for context APU
11:35:32 INFO  : Context for processor 'ps7_cortexa9_0' is selected.
11:35:32 INFO  : 'con' command is executed.
11:35:32 INFO  : ----------------XSDB Script (After Launch)----------------
targets -set -nocase -filter {name =~ "ARM*#0" && jtag_cable_name =~ "Digilent Zed 210248A39C93"} -index 0
con
----------------End of Script----------------

11:35:32 INFO  : Launch script is exported to file 'D:\Sem_6\AELD\Labs\Lab_4\Lab_4.sdk\.sdk\launch_scripts\xilinx_c-c++_application_(system_debugger)\system_debugger_using_debug_lab_4.elf_on_zed.tcl'
11:45:13 WARN  : channel "tcfchan#1" closed
10:12:30 INFO  : Registering command handlers for SDK TCF services
10:12:32 INFO  : Launching XSCT server: xsct.bat -interactive D:\Sem_6\AELD\Labs\Lab_4\Lab_4.sdk\temp_xsdb_launch_script.tcl
10:12:35 INFO  : XSCT server has started successfully.
10:12:39 INFO  : Successfully done setting XSCT server connection channel  
10:12:39 INFO  : Successfully done setting SDK workspace  
10:12:39 INFO  : Processing command line option -hwspec D:/Sem_6/AELD/Labs/Lab_4/Lab_4.sdk/design_1_wrapper.hdf.
10:12:39 INFO  : Checking for hwspec changes in the project design_1_wrapper_hw_platform_0.
