12:13:52 **** Build of project HP_only_bsp ****
make -k all 
"Running Make include in ps7_cortexa9_0/libsrc/axidma_v9_9/src"
make -C ps7_cortexa9_0/libsrc/axidma_v9_9/src -s include  "SHELL=CMD" "COMPILER=arm-none-eabi-gcc" "ARCHIVER=arm-none-eabi-ar" "COMPILER_FLAGS=  -O2 -c" "EXTRA_COMPILER_FLAGS=-mcpu=cortex-a9 -mfpu=vfpv3 -mfloat-abi=hard -nostartfiles -g -Wall -Wextra"
"Running Make include in ps7_cortexa9_0/libsrc/coresightps_dcc_v1_5/src"
make -C ps7_cortexa9_0/libsrc/coresightps_dcc_v1_5/src -s include  "SHELL=CMD" "COMPILER=arm-none-eabi-gcc" "ARCHIVER=arm-none-eabi-ar" "COMPILER_FLAGS=  -O2 -c" "EXTRA_COMPILER_FLAGS=-mcpu=cortex-a9 -mfpu=vfpv3 -mfloat-abi=hard -nostartfiles -g -Wall -Wextra"
"Running Make include in ps7_cortexa9_0/libsrc/cpu_cortexa9_v2_7/src"
make -C ps7_cortexa9_0/libsrc/cpu_cortexa9_v2_7/src -s include  "SHELL=CMD" "COMPILER=arm-none-eabi-gcc" "ARCHIVER=arm-none-eabi-ar" "COMPILER_FLAGS=  -O2 -c" "EXTRA_COMPILER_FLAGS=-mcpu=cortex-a9 -mfpu=vfpv3 -mfloat-abi=hard -nostartfiles -g -Wall -Wextra"
"Running Make include in ps7_cortexa9_0/libsrc/ddrps_v1_0/src"
make -C ps7_cortexa9_0/libsrc/ddrps_v1_0/src -s include  "SHELL=CMD" "COMPILER=arm-none-eabi-gcc" "ARCHIVER=arm-none-eabi-ar" "COMPILER_FLAGS=  -O2 -c" "EXTRA_COMPILER_FLAGS=-mcpu=cortex-a9 -mfpu=vfpv3 -mfloat-abi=hard -nostartfiles -g -Wall -Wextra"
"Running Make include in ps7_cortexa9_0/libsrc/devcfg_v3_5/src"
make -C ps7_cortexa9_0/libsrc/devcfg_v3_5/src -s include  "SHELL=CMD" "COMPILER=arm-none-eabi-gcc" "ARCHIVER=arm-none-eabi-ar" "COMPILER_FLAGS=  -O2 -c" "EXTRA_COMPILER_FLAGS=-mcpu=cortex-a9 -mfpu=vfpv3 -mfloat-abi=hard -nostartfiles -g -Wall -Wextra"
"Running Make include in ps7_cortexa9_0/libsrc/dmaps_v2_4/src"
make -C ps7_cortexa9_0/libsrc/dmaps_v2_4/src -s include  "SHELL=CMD" "COMPILER=arm-none-eabi-gcc" "ARCHIVER=arm-none-eabi-ar" "COMPILER_FLAGS=  -O2 -c" "EXTRA_COMPILER_FLAGS=-mcpu=cortex-a9 -mfpu=vfpv3 -mfloat-abi=hard -nostartfiles -g -Wall -Wextra"
"Running Make include in ps7_cortexa9_0/libsrc/scugic_v4_0/src"
make -C ps7_cortexa9_0/libsrc/scugic_v4_0/src -s include  "SHELL=CMD" "COMPILER=arm-none-eabi-gcc" "ARCHIVER=arm-none-eabi-ar" "COMPILER_FLAGS=  -O2 -c" "EXTRA_COMPILER_FLAGS=-mcpu=cortex-a9 -mfpu=vfpv3 -mfloat-abi=hard -nostartfiles -g -Wall -Wextra"
"Running Make include in ps7_cortexa9_0/libsrc/scutimer_v2_1/src"
make -C ps7_cortexa9_0/libsrc/scutimer_v2_1/src -s include  "SHELL=CMD" "COMPILER=arm-none-eabi-gcc" "ARCHIVER=arm-none-eabi-ar" "COMPILER_FLAGS=  -O2 -c" "EXTRA_COMPILER_FLAGS=-mcpu=cortex-a9 -mfpu=vfpv3 -mfloat-abi=hard -nostartfiles -g -Wall -Wextra"
"Running Make include in ps7_cortexa9_0/libsrc/scuwdt_v2_1/src"
make -C ps7_cortexa9_0/libsrc/scuwdt_v2_1/src -s include  "SHELL=CMD" "COMPILER=arm-none-eabi-gcc" "ARCHIVER=arm-none-eabi-ar" "COMPILER_FLAGS=  -O2 -c" "EXTRA_COMPILER_FLAGS=-mcpu=cortex-a9 -mfpu=vfpv3 -mfloat-abi=hard -nostartfiles -g -Wall -Wextra"
"Running Make include in ps7_cortexa9_0/libsrc/standalone_v7_0/src"
make -C ps7_cortexa9_0/libsrc/standalone_v7_0/src -s include  "SHELL=CMD" "COMPILER=arm-none-eabi-gcc" "ARCHIVER=arm-none-eabi-ar" "COMPILER_FLAGS=  -O2 -c" "EXTRA_COMPILER_FLAGS=-mcpu=cortex-a9 -mfpu=vfpv3 -mfloat-abi=hard -nostartfiles -g -Wall -Wextra"
"Running Make include in ps7_cortexa9_0/libsrc/uartps_v3_7/src"
make -C ps7_cortexa9_0/libsrc/uartps_v3_7/src -s include  "SHELL=CMD" "COMPILER=arm-none-eabi-gcc" "ARCHIVER=arm-none-eabi-ar" "COMPILER_FLAGS=  -O2 -c" "EXTRA_COMPILER_FLAGS=-mcpu=cortex-a9 -mfpu=vfpv3 -mfloat-abi=hard -nostartfiles -g -Wall -Wextra"
"Running Make include in ps7_cortexa9_0/libsrc/xadcps_v2_3/src"
make -C ps7_cortexa9_0/libsrc/xadcps_v2_3/src -s include  "SHELL=CMD" "COMPILER=arm-none-eabi-gcc" "ARCHIVER=arm-none-eabi-ar" "COMPILER_FLAGS=  -O2 -c" "EXTRA_COMPILER_FLAGS=-mcpu=cortex-a9 -mfpu=vfpv3 -mfloat-abi=hard -nostartfiles -g -Wall -Wextra"
"Running Make libs in ps7_cortexa9_0/libsrc/axidma_v9_9/src"
make -C ps7_cortexa9_0/libsrc/axidma_v9_9/src -s libs  "SHELL=CMD" "COMPILER=arm-none-eabi-gcc" "ARCHIVER=arm-none-eabi-ar" "COMPILER_FLAGS=  -O2 -c" "EXTRA_COMPILER_FLAGS=-mcpu=cortex-a9 -mfpu=vfpv3 -mfloat-abi=hard -nostartfiles -g -Wall -Wextra"
"Compiling axidma"
arm-none-eabi-ar: creating ../../../lib/libxil.a
"Running Make libs in ps7_cortexa9_0/libsrc/coresightps_dcc_v1_5/src"
make -C ps7_cortexa9_0/libsrc/coresightps_dcc_v1_5/src -s libs  "SHELL=CMD" "COMPILER=arm-none-eabi-gcc" "ARCHIVER=arm-none-eabi-ar" "COMPILER_FLAGS=  -O2 -c" "EXTRA_COMPILER_FLAGS=-mcpu=cortex-a9 -mfpu=vfpv3 -mfloat-abi=hard -nostartfiles -g -Wall -Wextra"
"Compiling coresightps_dcc"
"Running Make libs in ps7_cortexa9_0/libsrc/cpu_cortexa9_v2_7/src"
make -C ps7_cortexa9_0/libsrc/cpu_cortexa9_v2_7/src -s libs  "SHELL=CMD" "COMPILER=arm-none-eabi-gcc" "ARCHIVER=arm-none-eabi-ar" "COMPILER_FLAGS=  -O2 -c" "EXTRA_COMPILER_FLAGS=-mcpu=cortex-a9 -mfpu=vfpv3 -mfloat-abi=hard -nostartfiles -g -Wall -Wextra"
"Compiling cpu_cortexa9"
"Running Make libs in ps7_cortexa9_0/libsrc/ddrps_v1_0/src"
make -C ps7_cortexa9_0/libsrc/ddrps_v1_0/src -s libs  "SHELL=CMD" "COMPILER=arm-none-eabi-gcc" "ARCHIVER=arm-none-eabi-ar" "COMPILER_FLAGS=  -O2 -c" "EXTRA_COMPILER_FLAGS=-mcpu=cortex-a9 -mfpu=vfpv3 -mfloat-abi=hard -nostartfiles -g -Wall -Wextra"
"Compiling ddrps"
"Running Make libs in ps7_cortexa9_0/libsrc/devcfg_v3_5/src"
make -C ps7_cortexa9_0/libsrc/devcfg_v3_5/src -s libs  "SHELL=CMD" "COMPILER=arm-none-eabi-gcc" "ARCHIVER=arm-none-eabi-ar" "COMPILER_FLAGS=  -O2 -c" "EXTRA_COMPILER_FLAGS=-mcpu=cortex-a9 -mfpu=vfpv3 -mfloat-abi=hard -nostartfiles -g -Wall -Wextra"
"Compiling devcfg"
"Running Make libs in ps7_cortexa9_0/libsrc/dmaps_v2_4/src"
make -C ps7_cortexa9_0/libsrc/dmaps_v2_4/src -s libs  "SHELL=CMD" "COMPILER=arm-none-eabi-gcc" "ARCHIVER=arm-none-eabi-ar" "COMPILER_FLAGS=  -O2 -c" "EXTRA_COMPILER_FLAGS=-mcpu=cortex-a9 -mfpu=vfpv3 -mfloat-abi=hard -nostartfiles -g -Wall -Wextra"
"Compiling dmaps"
"Running Make libs in ps7_cortexa9_0/libsrc/scugic_v4_0/src"
make -C ps7_cortexa9_0/libsrc/scugic_v4_0/src -s libs  "SHELL=CMD" "COMPILER=arm-none-eabi-gcc" "ARCHIVER=arm-none-eabi-ar" "COMPILER_FLAGS=  -O2 -c" "EXTRA_COMPILER_FLAGS=-mcpu=cortex-a9 -mfpu=vfpv3 -mfloat-abi=hard -nostartfiles -g -Wall -Wextra"
"Compiling scugic"
"Running Make libs in ps7_cortexa9_0/libsrc/scutimer_v2_1/src"
make -C ps7_cortexa9_0/libsrc/scutimer_v2_1/src -s libs  "SHELL=CMD" "COMPILER=arm-none-eabi-gcc" "ARCHIVER=arm-none-eabi-ar" "COMPILER_FLAGS=  -O2 -c" "EXTRA_COMPILER_FLAGS=-mcpu=cortex-a9 -mfpu=vfpv3 -mfloat-abi=hard -nostartfiles -g -Wall -Wextra"
"Compiling scutimer"
"Running Make libs in ps7_cortexa9_0/libsrc/scuwdt_v2_1/src"
make -C ps7_cortexa9_0/libsrc/scuwdt_v2_1/src -s libs  "SHELL=CMD" "COMPILER=arm-none-eabi-gcc" "ARCHIVER=arm-none-eabi-ar" "COMPILER_FLAGS=  -O2 -c" "EXTRA_COMPILER_FLAGS=-mcpu=cortex-a9 -mfpu=vfpv3 -mfloat-abi=hard -nostartfiles -g -Wall -Wextra"
"Compiling scuwdt"
"Running Make libs in ps7_cortexa9_0/libsrc/standalone_v7_0/src"
make -C ps7_cortexa9_0/libsrc/standalone_v7_0/src -s libs  "SHELL=CMD" "COMPILER=arm-none-eabi-gcc" "ARCHIVER=arm-none-eabi-ar" "COMPILER_FLAGS=  -O2 -c" "EXTRA_COMPILER_FLAGS=-mcpu=cortex-a9 -mfpu=vfpv3 -mfloat-abi=hard -nostartfiles -g -Wall -Wextra"
"Compiling standalone"
In file included from usleep.c:56:
xtime_l.h:87:9: note: #pragma message: For the sleep routines, Global timer is being used
 #pragma message ("For the sleep routines, Global timer is being used")
         ^~~~~~~
In file included from xil_sleeptimer.c:51:
xtime_l.h:87:9: note: #pragma message: For the sleep routines, Global timer is being used
 #pragma message ("For the sleep routines, Global timer is being used")
         ^~~~~~~
In file included from xtime_l.c:49:
xtime_l.h:87:9: note: #pragma message: For the sleep routines, Global timer is being used
 #pragma message ("For the sleep routines, Global timer is being used")
         ^~~~~~~
In file included from sleep.c:53:
xtime_l.h:87:9: note: #pragma message: For the sleep routines, Global timer is being used
 #pragma message ("For the sleep routines, Global timer is being used")
         ^~~~~~~
"Running Make libs in ps7_cortexa9_0/libsrc/uartps_v3_7/src"
make -C ps7_cortexa9_0/libsrc/uartps_v3_7/src -s libs  "SHELL=CMD" "COMPILER=arm-none-eabi-gcc" "ARCHIVER=arm-none-eabi-ar" "COMPILER_FLAGS=  -O2 -c" "EXTRA_COMPILER_FLAGS=-mcpu=cortex-a9 -mfpu=vfpv3 -mfloat-abi=hard -nostartfiles -g -Wall -Wextra"
"Compiling uartps"
"Running Make libs in ps7_cortexa9_0/libsrc/xadcps_v2_3/src"
make -C ps7_cortexa9_0/libsrc/xadcps_v2_3/src -s libs  "SHELL=CMD" "COMPILER=arm-none-eabi-gcc" "ARCHIVER=arm-none-eabi-ar" "COMPILER_FLAGS=  -O2 -c" "EXTRA_COMPILER_FLAGS=-mcpu=cortex-a9 -mfpu=vfpv3 -mfloat-abi=hard -nostartfiles -g -Wall -Wextra"
"Compiling xadcps"
'Finished building libraries'
12:14:08 **** Build of configuration Debug for project HP_only ****
make pre-build main-build 
a9-linaro-pre-build-step
' '
'Building file: ../src/helloworld.c'
'Invoking: ARM v7 gcc compiler'
arm-none-eabi-gcc -Wall -O0 -g3 -c -fmessage-length=0 -MT"src/helloworld.o" -mcpu=cortex-a9 -mfpu=vfpv3 -mfloat-abi=hard -I../../HP_only_bsp/ps7_cortexa9_0/include -MMD -MP -MF"src/helloworld.d" -MT"src/helloworld.o" -o "src/helloworld.o" "../src/helloworld.c"
'Finished building: ../src/helloworld.c'
' '
'Building file: ../src/platform.c'
'Invoking: ARM v7 gcc compiler'
arm-none-eabi-gcc -Wall -O0 -g3 -c -fmessage-length=0 -MT"src/platform.o" -mcpu=cortex-a9 -mfpu=vfpv3 -mfloat-abi=hard -I../../HP_only_bsp/ps7_cortexa9_0/include -MMD -MP -MF"src/platform.d" -MT"src/platform.o" -o "src/platform.o" "../src/platform.c"
'Finished building: ../src/platform.c'
' '
'Building target: HP_only.elf'
'Invoking: ARM v7 gcc linker'
arm-none-eabi-gcc -mcpu=cortex-a9 -mfpu=vfpv3 -mfloat-abi=hard -Wl,-build-id=none -specs=Xilinx.spec -Wl,-T -Wl,../src/lscript.ld -L../../HP_only_bsp/ps7_cortexa9_0/lib -o "HP_only.elf"  ./src/helloworld.o ./src/platform.o   -Wl,--start-group,-lxil,-lgcc,-lc,--end-group
'Finished building target: HP_only.elf'
' '
'Invoking: ARM v7 Print Size'
arm-none-eabi-size HP_only.elf  |tee "HP_only.elf.size"
   text	   data	    bss	    dec	    hex	filename
  19064	   1144	  22568	  42776	   a718	HP_only.elf
'Finished building: HP_only.elf.size'
' '
12:15:15 **** Auto Build of configuration Debug for project HP_only ****
make pre-build main-build 
a9-linaro-pre-build-step
' '
'Building file: ../src/helloworld.c'
'Invoking: ARM v7 gcc compiler'
arm-none-eabi-gcc -Wall -O0 -g3 -c -fmessage-length=0 -MT"src/helloworld.o" -mcpu=cortex-a9 -mfpu=vfpv3 -mfloat-abi=hard -I../../HP_only_bsp/ps7_cortexa9_0/include -MMD -MP -MF"src/helloworld.d" -MT"src/helloworld.o" -o "src/helloworld.o" "../src/helloworld.c"
In file included from ../src/helloworld.c:51:
../../HP_only_bsp/ps7_cortexa9_0/include/xtime_l.h:87:9: note: #pragma message: For the sleep routines, Global timer is being used
 #pragma message ("For the sleep routines, Global timer is being used")
         ^~~~~~~
../src/helloworld.c: In function 'HP':
../src/helloworld.c:267:39: error: 'XPAR_AXIDMA_1_DEVICE_ID' undeclared (first use in this function); did you mean 'XPAR_AXIDMA_0_DEVICE_ID'?
     DMA_Config = XAxiDma_LookupConfig(XPAR_AXIDMA_1_DEVICE_ID); // This will copy all the configuration info from .h file to our config pointer.
                                       ^~~~~~~~~~~~~~~~~~~~~~~
                                       XPAR_AXIDMA_0_DEVICE_ID
../src/helloworld.c:267:39: note: each undeclared identifier is reported only once for each function it appears in
In file included from ../../HP_only_bsp/ps7_cortexa9_0/include/xaxidma_bd.h:114,
                 from ../../HP_only_bsp/ps7_cortexa9_0/include/xaxidma_bdring.h:83,
                 from ../../HP_only_bsp/ps7_cortexa9_0/include/xaxidma.h:488,
                 from ../src/helloworld.c:54:
../src/helloworld.c:289:30: error: 'XPAR_AXIDMA_1_BASEADDR' undeclared (first use in this function); did you mean 'XPAR_AXIDMA_0_BASEADDR'?
     status = XAxiDma_ReadReg(XPAR_AXIDMA_1_BASEADDR, 0x04) & 0x00000002; // We are checking if the second last bit is high or not, to check if DMA is IDLE or BUSY.
                              ^~~~~~~~~~~~~~~~~~~~~~
../../HP_only_bsp/ps7_cortexa9_0/include/xaxidma_hw.h:316:19: note: in definition of macro 'XAxiDma_ReadReg'
     XAxiDma_In32((BaseAddress) + (RegOffset))
                   ^~~~~~~~~~~
../src/helloworld.c: In function 'main':
../src/helloworld.c:405:21: warning: passing argument 1 of 'PS' makes pointer from integer without a cast [-Wint-conversion]
         PS(FIR_input[FIR_Data_Size]);
            ~~~~~~~~~^~~~~~~~~~~~~~~
../src/helloworld.c:153:13: note: expected 'int *' but argument is of type 'int'
 void PS(int FIR_input[FIR_Data_Size])
         ~~~~^~~~~~~~~~~~~~~~~~~~~~~~
../src/helloworld.c:407:21: warning: passing argument 1 of 'HP' makes pointer from integer without a cast [-Wint-conversion]
         HP(FIR_input[FIR_Data_Size]);
            ~~~~~~~~~^~~~~~~~~~~~~~~
../src/helloworld.c:240:13: note: expected 'int *' but argument is of type 'int'
 void HP(int FIR_input[FIR_Data_Size])
         ~~~~^~~~~~~~~~~~~~~~~~~~~~~~
../src/helloworld.c:414:22: warning: passing argument 1 of 'PS' makes pointer from integer without a cast [-Wint-conversion]
          PS(FIR_input[FIR_Data_Size]);
             ~~~~~~~~~^~~~~~~~~~~~~~~
../src/helloworld.c:153:13: note: expected 'int *' but argument is of type 'int'
 void PS(int FIR_input[FIR_Data_Size])
         ~~~~^~~~~~~~~~~~~~~~~~~~~~~~
../src/helloworld.c:416:16: warning: passing argument 1 of 'HP' makes pointer from integer without a cast [-Wint-conversion]
    HP(FIR_input[FIR_Data_Size]);
       ~~~~~~~~~^~~~~~~~~~~~~~~
../src/helloworld.c:240:13: note: expected 'int *' but argument is of type 'int'
 void HP(int FIR_input[FIR_Data_Size])
         ~~~~^~~~~~~~~~~~~~~~~~~~~~~~
make: *** [src/subdir.mk:26: src/helloworld.o] Error 1
12:15:38 **** Auto Build of configuration Debug for project HP_only ****
make pre-build main-build 
a9-linaro-pre-build-step
' '
'Building file: ../src/helloworld.c'
'Invoking: ARM v7 gcc compiler'
arm-none-eabi-gcc -Wall -O0 -g3 -c -fmessage-length=0 -MT"src/helloworld.o" -mcpu=cortex-a9 -mfpu=vfpv3 -mfloat-abi=hard -I../../HP_only_bsp/ps7_cortexa9_0/include -MMD -MP -MF"src/helloworld.d" -MT"src/helloworld.o" -o "src/helloworld.o" "../src/helloworld.c"
In file included from ../src/helloworld.c:51:
../../HP_only_bsp/ps7_cortexa9_0/include/xtime_l.h:87:9: note: #pragma message: For the sleep routines, Global timer is being used
 #pragma message ("For the sleep routines, Global timer is being used")
         ^~~~~~~
In file included from ../../HP_only_bsp/ps7_cortexa9_0/include/xaxidma_bd.h:114,
                 from ../../HP_only_bsp/ps7_cortexa9_0/include/xaxidma_bdring.h:83,
                 from ../../HP_only_bsp/ps7_cortexa9_0/include/xaxidma.h:488,
                 from ../src/helloworld.c:54:
../src/helloworld.c: In function 'HP':
../src/helloworld.c:289:30: error: 'XPAR_AXIDMA_1_BASEADDR' undeclared (first use in this function); did you mean 'XPAR_AXIDMA_0_BASEADDR'?
     status = XAxiDma_ReadReg(XPAR_AXIDMA_1_BASEADDR, 0x04) & 0x00000002; // We are checking if the second last bit is high or not, to check if DMA is IDLE or BUSY.
                              ^~~~~~~~~~~~~~~~~~~~~~
../../HP_only_bsp/ps7_cortexa9_0/include/xaxidma_hw.h:316:19: note: in definition of macro 'XAxiDma_ReadReg'
     XAxiDma_In32((BaseAddress) + (RegOffset))
                   ^~~~~~~~~~~
../src/helloworld.c:289:30: note: each undeclared identifier is reported only once for each function it appears in
     status = XAxiDma_ReadReg(XPAR_AXIDMA_1_BASEADDR, 0x04) & 0x00000002; // We are checking if the second last bit is high or not, to check if DMA is IDLE or BUSY.
                              ^~~~~~~~~~~~~~~~~~~~~~
../../HP_only_bsp/ps7_cortexa9_0/include/xaxidma_hw.h:316:19: note: in definition of macro 'XAxiDma_ReadReg'
     XAxiDma_In32((BaseAddress) + (RegOffset))
                   ^~~~~~~~~~~
../src/helloworld.c: In function 'main':
../src/helloworld.c:405:21: warning: passing argument 1 of 'PS' makes pointer from integer without a cast [-Wint-conversion]
         PS(FIR_input[FIR_Data_Size]);
            ~~~~~~~~~^~~~~~~~~~~~~~~
../src/helloworld.c:153:13: note: expected 'int *' but argument is of type 'int'
 void PS(int FIR_input[FIR_Data_Size])
         ~~~~^~~~~~~~~~~~~~~~~~~~~~~~
../src/helloworld.c:407:21: warning: passing argument 1 of 'HP' makes pointer from integer without a cast [-Wint-conversion]
         HP(FIR_input[FIR_Data_Size]);
            ~~~~~~~~~^~~~~~~~~~~~~~~
../src/helloworld.c:240:13: note: expected 'int *' but argument is of type 'int'
 void HP(int FIR_input[FIR_Data_Size])
         ~~~~^~~~~~~~~~~~~~~~~~~~~~~~
../src/helloworld.c:414:22: warning: passing argument 1 of 'PS' makes pointer from integer without a cast [-Wint-conversion]
          PS(FIR_input[FIR_Data_Size]);
             ~~~~~~~~~^~~~~~~~~~~~~~~
../src/helloworld.c:153:13: note: expected 'int *' but argument is of type 'int'
 void PS(int FIR_input[FIR_Data_Size])
         ~~~~^~~~~~~~~~~~~~~~~~~~~~~~
../src/helloworld.c:416:16: warning: passing argument 1 of 'HP' makes pointer from integer without a cast [-Wint-conversion]
    HP(FIR_input[FIR_Data_Size]);
       ~~~~~~~~~^~~~~~~~~~~~~~~
../src/helloworld.c:240:13: note: expected 'int *' but argument is of type 'int'
 void HP(int FIR_input[FIR_Data_Size])
         ~~~~^~~~~~~~~~~~~~~~~~~~~~~~
make: *** [src/subdir.mk:26: src/helloworld.o] Error 1
12:16:01 **** Auto Build of configuration Debug for project HP_only ****
make pre-build main-build 
a9-linaro-pre-build-step
' '
'Building file: ../src/helloworld.c'
'Invoking: ARM v7 gcc compiler'
arm-none-eabi-gcc -Wall -O0 -g3 -c -fmessage-length=0 -MT"src/helloworld.o" -mcpu=cortex-a9 -mfpu=vfpv3 -mfloat-abi=hard -I../../HP_only_bsp/ps7_cortexa9_0/include -MMD -MP -MF"src/helloworld.d" -MT"src/helloworld.o" -o "src/helloworld.o" "../src/helloworld.c"
In file included from ../src/helloworld.c:51:
../../HP_only_bsp/ps7_cortexa9_0/include/xtime_l.h:87:9: note: #pragma message: For the sleep routines, Global timer is being used
 #pragma message ("For the sleep routines, Global timer is being used")
         ^~~~~~~
../src/helloworld.c: In function 'main':
../src/helloworld.c:405:21: warning: passing argument 1 of 'PS' makes pointer from integer without a cast [-Wint-conversion]
         PS(FIR_input[FIR_Data_Size]);
            ~~~~~~~~~^~~~~~~~~~~~~~~
../src/helloworld.c:153:13: note: expected 'int *' but argument is of type 'int'
 void PS(int FIR_input[FIR_Data_Size])
         ~~~~^~~~~~~~~~~~~~~~~~~~~~~~
../src/helloworld.c:407:21: warning: passing argument 1 of 'HP' makes pointer from integer without a cast [-Wint-conversion]
         HP(FIR_input[FIR_Data_Size]);
            ~~~~~~~~~^~~~~~~~~~~~~~~
../src/helloworld.c:240:13: note: expected 'int *' but argument is of type 'int'
 void HP(int FIR_input[FIR_Data_Size])
         ~~~~^~~~~~~~~~~~~~~~~~~~~~~~
../src/helloworld.c:414:22: warning: passing argument 1 of 'PS' makes pointer from integer without a cast [-Wint-conversion]
          PS(FIR_input[FIR_Data_Size]);
             ~~~~~~~~~^~~~~~~~~~~~~~~
../src/helloworld.c:153:13: note: expected 'int *' but argument is of type 'int'
 void PS(int FIR_input[FIR_Data_Size])
         ~~~~^~~~~~~~~~~~~~~~~~~~~~~~
../src/helloworld.c:416:16: warning: passing argument 1 of 'HP' makes pointer from integer without a cast [-Wint-conversion]
    HP(FIR_input[FIR_Data_Size]);
       ~~~~~~~~~^~~~~~~~~~~~~~~
../src/helloworld.c:240:13: note: expected 'int *' but argument is of type 'int'
 void HP(int FIR_input[FIR_Data_Size])
         ~~~~^~~~~~~~~~~~~~~~~~~~~~~~
'Finished building: ../src/helloworld.c'
' '
'Building target: HP_only.elf'
'Invoking: ARM v7 gcc linker'
arm-none-eabi-gcc -mcpu=cortex-a9 -mfpu=vfpv3 -mfloat-abi=hard -Wl,-build-id=none -specs=Xilinx.spec -Wl,-T -Wl,../src/lscript.ld -L../../HP_only_bsp/ps7_cortexa9_0/lib -o "HP_only.elf"  ./src/helloworld.o ./src/platform.o   -Wl,--start-group,-lxil,-lgcc,-lc,--end-group
'Finished building target: HP_only.elf'
' '
'Invoking: ARM v7 Print Size'
arm-none-eabi-size HP_only.elf  |tee "HP_only.elf.size"
   text	   data	    bss	    dec	    hex	filename
  73744	   2768	  24448	 100960	  18a60	HP_only.elf
'Finished building: HP_only.elf.size'
' '
12:16:21 **** Auto Build of project HP_only_bsp ****
make -k all 
"Running Make include in ps7_cortexa9_0/libsrc/axidma_v9_9/src"
make -C ps7_cortexa9_0/libsrc/axidma_v9_9/src -s include  "SHELL=CMD" "COMPILER=arm-none-eabi-gcc" "ARCHIVER=arm-none-eabi-ar" "COMPILER_FLAGS=  -O2 -c" "EXTRA_COMPILER_FLAGS=-mcpu=cortex-a9 -mfpu=vfpv3 -mfloat-abi=hard -nostartfiles -g -Wall -Wextra"
"Running Make include in ps7_cortexa9_0/libsrc/coresightps_dcc_v1_5/src"
make -C ps7_cortexa9_0/libsrc/coresightps_dcc_v1_5/src -s include  "SHELL=CMD" "COMPILER=arm-none-eabi-gcc" "ARCHIVER=arm-none-eabi-ar" "COMPILER_FLAGS=  -O2 -c" "EXTRA_COMPILER_FLAGS=-mcpu=cortex-a9 -mfpu=vfpv3 -mfloat-abi=hard -nostartfiles -g -Wall -Wextra"
"Running Make include in ps7_cortexa9_0/libsrc/cpu_cortexa9_v2_7/src"
make -C ps7_cortexa9_0/libsrc/cpu_cortexa9_v2_7/src -s include  "SHELL=CMD" "COMPILER=arm-none-eabi-gcc" "ARCHIVER=arm-none-eabi-ar" "COMPILER_FLAGS=  -O2 -c" "EXTRA_COMPILER_FLAGS=-mcpu=cortex-a9 -mfpu=vfpv3 -mfloat-abi=hard -nostartfiles -g -Wall -Wextra"
"Running Make include in ps7_cortexa9_0/libsrc/ddrps_v1_0/src"
make -C ps7_cortexa9_0/libsrc/ddrps_v1_0/src -s include  "SHELL=CMD" "COMPILER=arm-none-eabi-gcc" "ARCHIVER=arm-none-eabi-ar" "COMPILER_FLAGS=  -O2 -c" "EXTRA_COMPILER_FLAGS=-mcpu=cortex-a9 -mfpu=vfpv3 -mfloat-abi=hard -nostartfiles -g -Wall -Wextra"
"Running Make include in ps7_cortexa9_0/libsrc/devcfg_v3_5/src"
make -C ps7_cortexa9_0/libsrc/devcfg_v3_5/src -s include  "SHELL=CMD" "COMPILER=arm-none-eabi-gcc" "ARCHIVER=arm-none-eabi-ar" "COMPILER_FLAGS=  -O2 -c" "EXTRA_COMPILER_FLAGS=-mcpu=cortex-a9 -mfpu=vfpv3 -mfloat-abi=hard -nostartfiles -g -Wall -Wextra"
"Running Make include in ps7_cortexa9_0/libsrc/dmaps_v2_4/src"
make -C ps7_cortexa9_0/libsrc/dmaps_v2_4/src -s include  "SHELL=CMD" "COMPILER=arm-none-eabi-gcc" "ARCHIVER=arm-none-eabi-ar" "COMPILER_FLAGS=  -O2 -c" "EXTRA_COMPILER_FLAGS=-mcpu=cortex-a9 -mfpu=vfpv3 -mfloat-abi=hard -nostartfiles -g -Wall -Wextra"
"Running Make include in ps7_cortexa9_0/libsrc/scugic_v4_0/src"
make -C ps7_cortexa9_0/libsrc/scugic_v4_0/src -s include  "SHELL=CMD" "COMPILER=arm-none-eabi-gcc" "ARCHIVER=arm-none-eabi-ar" "COMPILER_FLAGS=  -O2 -c" "EXTRA_COMPILER_FLAGS=-mcpu=cortex-a9 -mfpu=vfpv3 -mfloat-abi=hard -nostartfiles -g -Wall -Wextra"
"Running Make include in ps7_cortexa9_0/libsrc/scutimer_v2_1/src"
make -C ps7_cortexa9_0/libsrc/scutimer_v2_1/src -s include  "SHELL=CMD" "COMPILER=arm-none-eabi-gcc" "ARCHIVER=arm-none-eabi-ar" "COMPILER_FLAGS=  -O2 -c" "EXTRA_COMPILER_FLAGS=-mcpu=cortex-a9 -mfpu=vfpv3 -mfloat-abi=hard -nostartfiles -g -Wall -Wextra"
"Running Make include in ps7_cortexa9_0/libsrc/scuwdt_v2_1/src"
make -C ps7_cortexa9_0/libsrc/scuwdt_v2_1/src -s include  "SHELL=CMD" "COMPILER=arm-none-eabi-gcc" "ARCHIVER=arm-none-eabi-ar" "COMPILER_FLAGS=  -O2 -c" "EXTRA_COMPILER_FLAGS=-mcpu=cortex-a9 -mfpu=vfpv3 -mfloat-abi=hard -nostartfiles -g -Wall -Wextra"
"Running Make include in ps7_cortexa9_0/libsrc/standalone_v7_0/src"
make -C ps7_cortexa9_0/libsrc/standalone_v7_0/src -s include  "SHELL=CMD" "COMPILER=arm-none-eabi-gcc" "ARCHIVER=arm-none-eabi-ar" "COMPILER_FLAGS=  -O2 -c" "EXTRA_COMPILER_FLAGS=-mcpu=cortex-a9 -mfpu=vfpv3 -mfloat-abi=hard -nostartfiles -g -Wall -Wextra"
"Running Make include in ps7_cortexa9_0/libsrc/uartps_v3_7/src"
make -C ps7_cortexa9_0/libsrc/uartps_v3_7/src -s include  "SHELL=CMD" "COMPILER=arm-none-eabi-gcc" "ARCHIVER=arm-none-eabi-ar" "COMPILER_FLAGS=  -O2 -c" "EXTRA_COMPILER_FLAGS=-mcpu=cortex-a9 -mfpu=vfpv3 -mfloat-abi=hard -nostartfiles -g -Wall -Wextra"
"Running Make include in ps7_cortexa9_0/libsrc/xadcps_v2_3/src"
make -C ps7_cortexa9_0/libsrc/xadcps_v2_3/src -s include  "SHELL=CMD" "COMPILER=arm-none-eabi-gcc" "ARCHIVER=arm-none-eabi-ar" "COMPILER_FLAGS=  -O2 -c" "EXTRA_COMPILER_FLAGS=-mcpu=cortex-a9 -mfpu=vfpv3 -mfloat-abi=hard -nostartfiles -g -Wall -Wextra"
"Running Make libs in ps7_cortexa9_0/libsrc/axidma_v9_9/src"
make -C ps7_cortexa9_0/libsrc/axidma_v9_9/src -s libs  "SHELL=CMD" "COMPILER=arm-none-eabi-gcc" "ARCHIVER=arm-none-eabi-ar" "COMPILER_FLAGS=  -O2 -c" "EXTRA_COMPILER_FLAGS=-mcpu=cortex-a9 -mfpu=vfpv3 -mfloat-abi=hard -nostartfiles -g -Wall -Wextra"
"Compiling axidma"
arm-none-eabi-ar: creating ../../../lib/libxil.a
"Running Make libs in ps7_cortexa9_0/libsrc/coresightps_dcc_v1_5/src"
make -C ps7_cortexa9_0/libsrc/coresightps_dcc_v1_5/src -s libs  "SHELL=CMD" "COMPILER=arm-none-eabi-gcc" "ARCHIVER=arm-none-eabi-ar" "COMPILER_FLAGS=  -O2 -c" "EXTRA_COMPILER_FLAGS=-mcpu=cortex-a9 -mfpu=vfpv3 -mfloat-abi=hard -nostartfiles -g -Wall -Wextra"
"Compiling coresightps_dcc"
"Running Make libs in ps7_cortexa9_0/libsrc/cpu_cortexa9_v2_7/src"
make -C ps7_cortexa9_0/libsrc/cpu_cortexa9_v2_7/src -s libs  "SHELL=CMD" "COMPILER=arm-none-eabi-gcc" "ARCHIVER=arm-none-eabi-ar" "COMPILER_FLAGS=  -O2 -c" "EXTRA_COMPILER_FLAGS=-mcpu=cortex-a9 -mfpu=vfpv3 -mfloat-abi=hard -nostartfiles -g -Wall -Wextra"
"Compiling cpu_cortexa9"
"Running Make libs in ps7_cortexa9_0/libsrc/ddrps_v1_0/src"
make -C ps7_cortexa9_0/libsrc/ddrps_v1_0/src -s libs  "SHELL=CMD" "COMPILER=arm-none-eabi-gcc" "ARCHIVER=arm-none-eabi-ar" "COMPILER_FLAGS=  -O2 -c" "EXTRA_COMPILER_FLAGS=-mcpu=cortex-a9 -mfpu=vfpv3 -mfloat-abi=hard -nostartfiles -g -Wall -Wextra"
"Compiling ddrps"
"Running Make libs in ps7_cortexa9_0/libsrc/devcfg_v3_5/src"
make -C ps7_cortexa9_0/libsrc/devcfg_v3_5/src -s libs  "SHELL=CMD" "COMPILER=arm-none-eabi-gcc" "ARCHIVER=arm-none-eabi-ar" "COMPILER_FLAGS=  -O2 -c" "EXTRA_COMPILER_FLAGS=-mcpu=cortex-a9 -mfpu=vfpv3 -mfloat-abi=hard -nostartfiles -g -Wall -Wextra"
"Compiling devcfg"
"Running Make libs in ps7_cortexa9_0/libsrc/dmaps_v2_4/src"
make -C ps7_cortexa9_0/libsrc/dmaps_v2_4/src -s libs  "SHELL=CMD" "COMPILER=arm-none-eabi-gcc" "ARCHIVER=arm-none-eabi-ar" "COMPILER_FLAGS=  -O2 -c" "EXTRA_COMPILER_FLAGS=-mcpu=cortex-a9 -mfpu=vfpv3 -mfloat-abi=hard -nostartfiles -g -Wall -Wextra"
"Compiling dmaps"
"Running Make libs in ps7_cortexa9_0/libsrc/scugic_v4_0/src"
make -C ps7_cortexa9_0/libsrc/scugic_v4_0/src -s libs  "SHELL=CMD" "COMPILER=arm-none-eabi-gcc" "ARCHIVER=arm-none-eabi-ar" "COMPILER_FLAGS=  -O2 -c" "EXTRA_COMPILER_FLAGS=-mcpu=cortex-a9 -mfpu=vfpv3 -mfloat-abi=hard -nostartfiles -g -Wall -Wextra"
"Compiling scugic"
"Running Make libs in ps7_cortexa9_0/libsrc/scutimer_v2_1/src"
make -C ps7_cortexa9_0/libsrc/scutimer_v2_1/src -s libs  "SHELL=CMD" "COMPILER=arm-none-eabi-gcc" "ARCHIVER=arm-none-eabi-ar" "COMPILER_FLAGS=  -O2 -c" "EXTRA_COMPILER_FLAGS=-mcpu=cortex-a9 -mfpu=vfpv3 -mfloat-abi=hard -nostartfiles -g -Wall -Wextra"
"Compiling scutimer"
"Running Make libs in ps7_cortexa9_0/libsrc/scuwdt_v2_1/src"
make -C ps7_cortexa9_0/libsrc/scuwdt_v2_1/src -s libs  "SHELL=CMD" "COMPILER=arm-none-eabi-gcc" "ARCHIVER=arm-none-eabi-ar" "COMPILER_FLAGS=  -O2 -c" "EXTRA_COMPILER_FLAGS=-mcpu=cortex-a9 -mfpu=vfpv3 -mfloat-abi=hard -nostartfiles -g -Wall -Wextra"
"Compiling scuwdt"
"Running Make libs in ps7_cortexa9_0/libsrc/standalone_v7_0/src"
make -C ps7_cortexa9_0/libsrc/standalone_v7_0/src -s libs  "SHELL=CMD" "COMPILER=arm-none-eabi-gcc" "ARCHIVER=arm-none-eabi-ar" "COMPILER_FLAGS=  -O2 -c" "EXTRA_COMPILER_FLAGS=-mcpu=cortex-a9 -mfpu=vfpv3 -mfloat-abi=hard -nostartfiles -g -Wall -Wextra"
"Compiling standalone"
In file included from usleep.c:56:
xtime_l.h:87:9: note: #pragma message: For the sleep routines, Global timer is being used
 #pragma message ("For the sleep routines, Global timer is being used")
         ^~~~~~~
In file included from xil_sleeptimer.c:51:
xtime_l.h:87:9: note: #pragma message: For the sleep routines, Global timer is being used
 #pragma message ("For the sleep routines, Global timer is being used")
         ^~~~~~~
In file included from xtime_l.c:49:
xtime_l.h:87:9: note: #pragma message: For the sleep routines, Global timer is being used
 #pragma message ("For the sleep routines, Global timer is being used")
         ^~~~~~~
In file included from sleep.c:53:
xtime_l.h:87:9: note: #pragma message: For the sleep routines, Global timer is being used
 #pragma message ("For the sleep routines, Global timer is being used")
         ^~~~~~~
"Running Make libs in ps7_cortexa9_0/libsrc/uartps_v3_7/src"
make -C ps7_cortexa9_0/libsrc/uartps_v3_7/src -s libs  "SHELL=CMD" "COMPILER=arm-none-eabi-gcc" "ARCHIVER=arm-none-eabi-ar" "COMPILER_FLAGS=  -O2 -c" "EXTRA_COMPILER_FLAGS=-mcpu=cortex-a9 -mfpu=vfpv3 -mfloat-abi=hard -nostartfiles -g -Wall -Wextra"
"Compiling uartps"
"Running Make libs in ps7_cortexa9_0/libsrc/xadcps_v2_3/src"
make -C ps7_cortexa9_0/libsrc/xadcps_v2_3/src -s libs  "SHELL=CMD" "COMPILER=arm-none-eabi-gcc" "ARCHIVER=arm-none-eabi-ar" "COMPILER_FLAGS=  -O2 -c" "EXTRA_COMPILER_FLAGS=-mcpu=cortex-a9 -mfpu=vfpv3 -mfloat-abi=hard -nostartfiles -g -Wall -Wextra"
"Compiling xadcps"
'Finished building libraries'
12:16:36 **** Auto Build of configuration Debug for project HP_only ****
make pre-build main-build 
a9-linaro-pre-build-step
' '
'Building file: ../src/helloworld.c'
'Invoking: ARM v7 gcc compiler'
arm-none-eabi-gcc -Wall -O0 -g3 -c -fmessage-length=0 -MT"src/helloworld.o" -mcpu=cortex-a9 -mfpu=vfpv3 -mfloat-abi=hard -I../../HP_only_bsp/ps7_cortexa9_0/include -MMD -MP -MF"src/helloworld.d" -MT"src/helloworld.o" -o "src/helloworld.o" "../src/helloworld.c"
In file included from ../src/helloworld.c:51:
../../HP_only_bsp/ps7_cortexa9_0/include/xtime_l.h:87:9: note: #pragma message: For the sleep routines, Global timer is being used
 #pragma message ("For the sleep routines, Global timer is being used")
         ^~~~~~~
../src/helloworld.c: In function 'main':
../src/helloworld.c:405:21: warning: passing argument 1 of 'PS' makes pointer from integer without a cast [-Wint-conversion]
         PS(FIR_input[FIR_Data_Size]);
            ~~~~~~~~~^~~~~~~~~~~~~~~
../src/helloworld.c:153:13: note: expected 'int *' but argument is of type 'int'
 void PS(int FIR_input[FIR_Data_Size])
         ~~~~^~~~~~~~~~~~~~~~~~~~~~~~
../src/helloworld.c:407:21: warning: passing argument 1 of 'HP' makes pointer from integer without a cast [-Wint-conversion]
         HP(FIR_input[FIR_Data_Size]);
            ~~~~~~~~~^~~~~~~~~~~~~~~
../src/helloworld.c:240:13: note: expected 'int *' but argument is of type 'int'
 void HP(int FIR_input[FIR_Data_Size])
         ~~~~^~~~~~~~~~~~~~~~~~~~~~~~
../src/helloworld.c:414:22: warning: passing argument 1 of 'PS' makes pointer from integer without a cast [-Wint-conversion]
          PS(FIR_input[FIR_Data_Size]);
             ~~~~~~~~~^~~~~~~~~~~~~~~
../src/helloworld.c:153:13: note: expected 'int *' but argument is of type 'int'
 void PS(int FIR_input[FIR_Data_Size])
         ~~~~^~~~~~~~~~~~~~~~~~~~~~~~
../src/helloworld.c:416:16: warning: passing argument 1 of 'HP' makes pointer from integer without a cast [-Wint-conversion]
    HP(FIR_input[FIR_Data_Size]);
       ~~~~~~~~~^~~~~~~~~~~~~~~
../src/helloworld.c:240:13: note: expected 'int *' but argument is of type 'int'
 void HP(int FIR_input[FIR_Data_Size])
         ~~~~^~~~~~~~~~~~~~~~~~~~~~~~
'Finished building: ../src/helloworld.c'
' '
'Building file: ../src/platform.c'
'Invoking: ARM v7 gcc compiler'
arm-none-eabi-gcc -Wall -O0 -g3 -c -fmessage-length=0 -MT"src/platform.o" -mcpu=cortex-a9 -mfpu=vfpv3 -mfloat-abi=hard -I../../HP_only_bsp/ps7_cortexa9_0/include -MMD -MP -MF"src/platform.d" -MT"src/platform.o" -o "src/platform.o" "../src/platform.c"
'Finished building: ../src/platform.c'
' '
'Building target: HP_only.elf'
'Invoking: ARM v7 gcc linker'
arm-none-eabi-gcc -mcpu=cortex-a9 -mfpu=vfpv3 -mfloat-abi=hard -Wl,-build-id=none -specs=Xilinx.spec -Wl,-T -Wl,../src/lscript.ld -L../../HP_only_bsp/ps7_cortexa9_0/lib -o "HP_only.elf"  ./src/helloworld.o ./src/platform.o   -Wl,--start-group,-lxil,-lgcc,-lc,--end-group
'Finished building target: HP_only.elf'
' '
'Invoking: ARM v7 Print Size'
arm-none-eabi-size HP_only.elf  |tee "HP_only.elf.size"
   text	   data	    bss	    dec	    hex	filename
  73680	   2768	  24448	 100896	  18a20	HP_only.elf
'Finished building: HP_only.elf.size'
' '
12:17:27 **** Incremental Build of configuration Debug for project HP_only ****
make pre-build main-build 
a9-linaro-pre-build-step
' '
make: Nothing to be done for 'main-build'.
12:18:48 **** Incremental Build of configuration Debug for project HP_only ****
make pre-build main-build 
a9-linaro-pre-build-step
' '
make: Nothing to be done for 'main-build'.
12:28:53 **** Incremental Build of configuration Debug for project HP_only ****
make pre-build main-build 
a9-linaro-pre-build-step
' '
make: Nothing to be done for 'main-build'.
15:30:54 **** Incremental Build of configuration Debug for project HP_only ****
make pre-build main-build 
a9-linaro-pre-build-step
' '
make: Nothing to be done for 'main-build'.
15:32:11 **** Incremental Build of configuration Debug for project HP_only ****
make pre-build main-build 
a9-linaro-pre-build-step
' '
make: Nothing to be done for 'main-build'.
15:37:40 **** Incremental Build of configuration Debug for project HP_only ****
make pre-build main-build 
a9-linaro-pre-build-step
' '
make: Nothing to be done for 'main-build'.
15:43:54 **** Incremental Build of configuration Debug for project HP_only ****
make pre-build main-build 
a9-linaro-pre-build-step
' '
make: Nothing to be done for 'main-build'.
09:52:46 **** Auto Build of configuration Debug for project HP_only ****
make pre-build main-build 
a9-linaro-pre-build-step
' '
'Building file: ../src/helloworld.c'
'Invoking: ARM v7 gcc compiler'
arm-none-eabi-gcc -Wall -O0 -g3 -c -fmessage-length=0 -MT"src/helloworld.o" -mcpu=cortex-a9 -mfpu=vfpv3 -mfloat-abi=hard -I../../HP_only_bsp/ps7_cortexa9_0/include -MMD -MP -MF"src/helloworld.d" -MT"src/helloworld.o" -o "src/helloworld.o" "../src/helloworld.c"
../src/helloworld.c:51:11: fatal error: xtime_l.h: No such file or directory
  #include <xtime_l.h> // Timer for execution time calculations
           ^~~~~~~~~~~
compilation terminated.
make: *** [src/subdir.mk:26: src/helloworld.o] Error 1
09:53:02 **** Auto Build of project HP_only_bsp ****
make -k all 
"Running Make include in ps7_cortexa9_0/libsrc/axidma_v9_9/src"
make -C ps7_cortexa9_0/libsrc/axidma_v9_9/src -s include  "SHELL=CMD" "COMPILER=arm-none-eabi-gcc" "ARCHIVER=arm-none-eabi-ar" "COMPILER_FLAGS=  -O2 -c" "EXTRA_COMPILER_FLAGS=-mcpu=cortex-a9 -mfpu=vfpv3 -mfloat-abi=hard -nostartfiles -g -Wall -Wextra"
"Running Make include in ps7_cortexa9_0/libsrc/coresightps_dcc_v1_5/src"
make -C ps7_cortexa9_0/libsrc/coresightps_dcc_v1_5/src -s include  "SHELL=CMD" "COMPILER=arm-none-eabi-gcc" "ARCHIVER=arm-none-eabi-ar" "COMPILER_FLAGS=  -O2 -c" "EXTRA_COMPILER_FLAGS=-mcpu=cortex-a9 -mfpu=vfpv3 -mfloat-abi=hard -nostartfiles -g -Wall -Wextra"
"Running Make include in ps7_cortexa9_0/libsrc/cpu_cortexa9_v2_7/src"
make -C ps7_cortexa9_0/libsrc/cpu_cortexa9_v2_7/src -s include  "SHELL=CMD" "COMPILER=arm-none-eabi-gcc" "ARCHIVER=arm-none-eabi-ar" "COMPILER_FLAGS=  -O2 -c" "EXTRA_COMPILER_FLAGS=-mcpu=cortex-a9 -mfpu=vfpv3 -mfloat-abi=hard -nostartfiles -g -Wall -Wextra"
"Running Make include in ps7_cortexa9_0/libsrc/ddrps_v1_0/src"
make -C ps7_cortexa9_0/libsrc/ddrps_v1_0/src -s include  "SHELL=CMD" "COMPILER=arm-none-eabi-gcc" "ARCHIVER=arm-none-eabi-ar" "COMPILER_FLAGS=  -O2 -c" "EXTRA_COMPILER_FLAGS=-mcpu=cortex-a9 -mfpu=vfpv3 -mfloat-abi=hard -nostartfiles -g -Wall -Wextra"
"Running Make include in ps7_cortexa9_0/libsrc/devcfg_v3_5/src"
make -C ps7_cortexa9_0/libsrc/devcfg_v3_5/src -s include  "SHELL=CMD" "COMPILER=arm-none-eabi-gcc" "ARCHIVER=arm-none-eabi-ar" "COMPILER_FLAGS=  -O2 -c" "EXTRA_COMPILER_FLAGS=-mcpu=cortex-a9 -mfpu=vfpv3 -mfloat-abi=hard -nostartfiles -g -Wall -Wextra"
"Running Make include in ps7_cortexa9_0/libsrc/dmaps_v2_4/src"
make -C ps7_cortexa9_0/libsrc/dmaps_v2_4/src -s include  "SHELL=CMD" "COMPILER=arm-none-eabi-gcc" "ARCHIVER=arm-none-eabi-ar" "COMPILER_FLAGS=  -O2 -c" "EXTRA_COMPILER_FLAGS=-mcpu=cortex-a9 -mfpu=vfpv3 -mfloat-abi=hard -nostartfiles -g -Wall -Wextra"
"Running Make include in ps7_cortexa9_0/libsrc/scugic_v4_0/src"
make -C ps7_cortexa9_0/libsrc/scugic_v4_0/src -s include  "SHELL=CMD" "COMPILER=arm-none-eabi-gcc" "ARCHIVER=arm-none-eabi-ar" "COMPILER_FLAGS=  -O2 -c" "EXTRA_COMPILER_FLAGS=-mcpu=cortex-a9 -mfpu=vfpv3 -mfloat-abi=hard -nostartfiles -g -Wall -Wextra"
"Running Make include in ps7_cortexa9_0/libsrc/scutimer_v2_1/src"
make -C ps7_cortexa9_0/libsrc/scutimer_v2_1/src -s include  "SHELL=CMD" "COMPILER=arm-none-eabi-gcc" "ARCHIVER=arm-none-eabi-ar" "COMPILER_FLAGS=  -O2 -c" "EXTRA_COMPILER_FLAGS=-mcpu=cortex-a9 -mfpu=vfpv3 -mfloat-abi=hard -nostartfiles -g -Wall -Wextra"
"Running Make include in ps7_cortexa9_0/libsrc/scuwdt_v2_1/src"
make -C ps7_cortexa9_0/libsrc/scuwdt_v2_1/src -s include  "SHELL=CMD" "COMPILER=arm-none-eabi-gcc" "ARCHIVER=arm-none-eabi-ar" "COMPILER_FLAGS=  -O2 -c" "EXTRA_COMPILER_FLAGS=-mcpu=cortex-a9 -mfpu=vfpv3 -mfloat-abi=hard -nostartfiles -g -Wall -Wextra"
"Running Make include in ps7_cortexa9_0/libsrc/standalone_v7_0/src"
make -C ps7_cortexa9_0/libsrc/standalone_v7_0/src -s include  "SHELL=CMD" "COMPILER=arm-none-eabi-gcc" "ARCHIVER=arm-none-eabi-ar" "COMPILER_FLAGS=  -O2 -c" "EXTRA_COMPILER_FLAGS=-mcpu=cortex-a9 -mfpu=vfpv3 -mfloat-abi=hard -nostartfiles -g -Wall -Wextra"
"Running Make include in ps7_cortexa9_0/libsrc/uartps_v3_7/src"
make -C ps7_cortexa9_0/libsrc/uartps_v3_7/src -s include  "SHELL=CMD" "COMPILER=arm-none-eabi-gcc" "ARCHIVER=arm-none-eabi-ar" "COMPILER_FLAGS=  -O2 -c" "EXTRA_COMPILER_FLAGS=-mcpu=cortex-a9 -mfpu=vfpv3 -mfloat-abi=hard -nostartfiles -g -Wall -Wextra"
"Running Make include in ps7_cortexa9_0/libsrc/xadcps_v2_3/src"
make -C ps7_cortexa9_0/libsrc/xadcps_v2_3/src -s include  "SHELL=CMD" "COMPILER=arm-none-eabi-gcc" "ARCHIVER=arm-none-eabi-ar" "COMPILER_FLAGS=  -O2 -c" "EXTRA_COMPILER_FLAGS=-mcpu=cortex-a9 -mfpu=vfpv3 -mfloat-abi=hard -nostartfiles -g -Wall -Wextra"
"Running Make libs in ps7_cortexa9_0/libsrc/axidma_v9_9/src"
make -C ps7_cortexa9_0/libsrc/axidma_v9_9/src -s libs  "SHELL=CMD" "COMPILER=arm-none-eabi-gcc" "ARCHIVER=arm-none-eabi-ar" "COMPILER_FLAGS=  -O2 -c" "EXTRA_COMPILER_FLAGS=-mcpu=cortex-a9 -mfpu=vfpv3 -mfloat-abi=hard -nostartfiles -g -Wall -Wextra"
"Compiling axidma"
arm-none-eabi-ar: creating ../../../lib/libxil.a
"Running Make libs in ps7_cortexa9_0/libsrc/coresightps_dcc_v1_5/src"
make -C ps7_cortexa9_0/libsrc/coresightps_dcc_v1_5/src -s libs  "SHELL=CMD" "COMPILER=arm-none-eabi-gcc" "ARCHIVER=arm-none-eabi-ar" "COMPILER_FLAGS=  -O2 -c" "EXTRA_COMPILER_FLAGS=-mcpu=cortex-a9 -mfpu=vfpv3 -mfloat-abi=hard -nostartfiles -g -Wall -Wextra"
"Compiling coresightps_dcc"
"Running Make libs in ps7_cortexa9_0/libsrc/cpu_cortexa9_v2_7/src"
make -C ps7_cortexa9_0/libsrc/cpu_cortexa9_v2_7/src -s libs  "SHELL=CMD" "COMPILER=arm-none-eabi-gcc" "ARCHIVER=arm-none-eabi-ar" "COMPILER_FLAGS=  -O2 -c" "EXTRA_COMPILER_FLAGS=-mcpu=cortex-a9 -mfpu=vfpv3 -mfloat-abi=hard -nostartfiles -g -Wall -Wextra"
"Compiling cpu_cortexa9"
"Running Make libs in ps7_cortexa9_0/libsrc/ddrps_v1_0/src"
make -C ps7_cortexa9_0/libsrc/ddrps_v1_0/src -s libs  "SHELL=CMD" "COMPILER=arm-none-eabi-gcc" "ARCHIVER=arm-none-eabi-ar" "COMPILER_FLAGS=  -O2 -c" "EXTRA_COMPILER_FLAGS=-mcpu=cortex-a9 -mfpu=vfpv3 -mfloat-abi=hard -nostartfiles -g -Wall -Wextra"
"Compiling ddrps"
"Running Make libs in ps7_cortexa9_0/libsrc/devcfg_v3_5/src"
make -C ps7_cortexa9_0/libsrc/devcfg_v3_5/src -s libs  "SHELL=CMD" "COMPILER=arm-none-eabi-gcc" "ARCHIVER=arm-none-eabi-ar" "COMPILER_FLAGS=  -O2 -c" "EXTRA_COMPILER_FLAGS=-mcpu=cortex-a9 -mfpu=vfpv3 -mfloat-abi=hard -nostartfiles -g -Wall -Wextra"
"Compiling devcfg"
"Running Make libs in ps7_cortexa9_0/libsrc/dmaps_v2_4/src"
make -C ps7_cortexa9_0/libsrc/dmaps_v2_4/src -s libs  "SHELL=CMD" "COMPILER=arm-none-eabi-gcc" "ARCHIVER=arm-none-eabi-ar" "COMPILER_FLAGS=  -O2 -c" "EXTRA_COMPILER_FLAGS=-mcpu=cortex-a9 -mfpu=vfpv3 -mfloat-abi=hard -nostartfiles -g -Wall -Wextra"
"Compiling dmaps"
"Running Make libs in ps7_cortexa9_0/libsrc/scugic_v4_0/src"
make -C ps7_cortexa9_0/libsrc/scugic_v4_0/src -s libs  "SHELL=CMD" "COMPILER=arm-none-eabi-gcc" "ARCHIVER=arm-none-eabi-ar" "COMPILER_FLAGS=  -O2 -c" "EXTRA_COMPILER_FLAGS=-mcpu=cortex-a9 -mfpu=vfpv3 -mfloat-abi=hard -nostartfiles -g -Wall -Wextra"
"Compiling scugic"
"Running Make libs in ps7_cortexa9_0/libsrc/scutimer_v2_1/src"
make -C ps7_cortexa9_0/libsrc/scutimer_v2_1/src -s libs  "SHELL=CMD" "COMPILER=arm-none-eabi-gcc" "ARCHIVER=arm-none-eabi-ar" "COMPILER_FLAGS=  -O2 -c" "EXTRA_COMPILER_FLAGS=-mcpu=cortex-a9 -mfpu=vfpv3 -mfloat-abi=hard -nostartfiles -g -Wall -Wextra"
"Compiling scutimer"
"Running Make libs in ps7_cortexa9_0/libsrc/scuwdt_v2_1/src"
make -C ps7_cortexa9_0/libsrc/scuwdt_v2_1/src -s libs  "SHELL=CMD" "COMPILER=arm-none-eabi-gcc" "ARCHIVER=arm-none-eabi-ar" "COMPILER_FLAGS=  -O2 -c" "EXTRA_COMPILER_FLAGS=-mcpu=cortex-a9 -mfpu=vfpv3 -mfloat-abi=hard -nostartfiles -g -Wall -Wextra"
"Compiling scuwdt"
"Running Make libs in ps7_cortexa9_0/libsrc/standalone_v7_0/src"
make -C ps7_cortexa9_0/libsrc/standalone_v7_0/src -s libs  "SHELL=CMD" "COMPILER=arm-none-eabi-gcc" "ARCHIVER=arm-none-eabi-ar" "COMPILER_FLAGS=  -O2 -c" "EXTRA_COMPILER_FLAGS=-mcpu=cortex-a9 -mfpu=vfpv3 -mfloat-abi=hard -nostartfiles -g -Wall -Wextra"
"Compiling standalone"
In file included from usleep.c:56:
xtime_l.h:87:9: note: #pragma message: For the sleep routines, Global timer is being used
 #pragma message ("For the sleep routines, Global timer is being used")
         ^~~~~~~
In file included from xil_sleeptimer.c:51:
xtime_l.h:87:9: note: #pragma message: For the sleep routines, Global timer is being used
 #pragma message ("For the sleep routines, Global timer is being used")
         ^~~~~~~
In file included from xtime_l.c:49:
xtime_l.h:87:9: note: #pragma message: For the sleep routines, Global timer is being used
 #pragma message ("For the sleep routines, Global timer is being used")
         ^~~~~~~
In file included from sleep.c:53:
xtime_l.h:87:9: note: #pragma message: For the sleep routines, Global timer is being used
 #pragma message ("For the sleep routines, Global timer is being used")
         ^~~~~~~
"Running Make libs in ps7_cortexa9_0/libsrc/uartps_v3_7/src"
make -C ps7_cortexa9_0/libsrc/uartps_v3_7/src -s libs  "SHELL=CMD" "COMPILER=arm-none-eabi-gcc" "ARCHIVER=arm-none-eabi-ar" "COMPILER_FLAGS=  -O2 -c" "EXTRA_COMPILER_FLAGS=-mcpu=cortex-a9 -mfpu=vfpv3 -mfloat-abi=hard -nostartfiles -g -Wall -Wextra"
"Compiling uartps"
"Running Make libs in ps7_cortexa9_0/libsrc/xadcps_v2_3/src"
make -C ps7_cortexa9_0/libsrc/xadcps_v2_3/src -s libs  "SHELL=CMD" "COMPILER=arm-none-eabi-gcc" "ARCHIVER=arm-none-eabi-ar" "COMPILER_FLAGS=  -O2 -c" "EXTRA_COMPILER_FLAGS=-mcpu=cortex-a9 -mfpu=vfpv3 -mfloat-abi=hard -nostartfiles -g -Wall -Wextra"
"Compiling xadcps"
'Finished building libraries'
09:53:18 **** Auto Build of configuration Debug for project HP_only ****
make pre-build main-build 
a9-linaro-pre-build-step
' '
'Building file: ../src/helloworld.c'
'Invoking: ARM v7 gcc compiler'
arm-none-eabi-gcc -Wall -O0 -g3 -c -fmessage-length=0 -MT"src/helloworld.o" -mcpu=cortex-a9 -mfpu=vfpv3 -mfloat-abi=hard -I../../HP_only_bsp/ps7_cortexa9_0/include -MMD -MP -MF"src/helloworld.d" -MT"src/helloworld.o" -o "src/helloworld.o" "../src/helloworld.c"
In file included from ../src/helloworld.c:51:
../../HP_only_bsp/ps7_cortexa9_0/include/xtime_l.h:87:9: note: #pragma message: For the sleep routines, Global timer is being used
 #pragma message ("For the sleep routines, Global timer is being used")
         ^~~~~~~
../src/helloworld.c: In function 'outputs':
../src/helloworld.c:269:92: warning: unused variable 'time_FPGA_ACP' [-Wunused-variable]
      float time_processor_Unopt = 0, time_processor_BitOpt = 0, time_processor_SymOpt = 0, time_FPGA_ACP = 0, time_FPGA_HP = 0;
                                                                                            ^~~~~~~~~~~~~
../src/helloworld.c: In function 'main':
../src/helloworld.c:334:13: warning: 'return' with no value, in function returning non-void
             return;
             ^~~~~~
../src/helloworld.c:299:6: note: declared here
  int main()
      ^~~~
../src/helloworld.c:338:22: warning: passing argument 1 of 'PS' makes pointer from integer without a cast [-Wint-conversion]
          PS(FIR_input[FIR_Data_Size]);
             ~~~~~~~~~^~~~~~~~~~~~~~~
../src/helloworld.c:153:14: note: expected 'int *' but argument is of type 'int'
  void PS(int FIR_input[FIR_Data_Size])
          ~~~~^~~~~~~~~~~~~~~~~~~~~~~~
../src/helloworld.c:339:22: warning: passing argument 1 of 'HP' makes pointer from integer without a cast [-Wint-conversion]
          HP(FIR_input[FIR_Data_Size], status, DMA_instance);
             ~~~~~~~~~^~~~~~~~~~~~~~~
../src/helloworld.c:176:14: note: expected 'int *' but argument is of type 'int'
  void HP(int FIR_input[FIR_Data_Size], int status, XAxiDma DMA_instance)
          ~~~~^~~~~~~~~~~~~~~~~~~~~~~~
../src/helloworld.c:346:26: warning: passing argument 1 of 'PS' makes pointer from integer without a cast [-Wint-conversion]
              PS(FIR_input[FIR_Data_Size]);
                 ~~~~~~~~~^~~~~~~~~~~~~~~
../src/helloworld.c:153:14: note: expected 'int *' but argument is of type 'int'
  void PS(int FIR_input[FIR_Data_Size])
          ~~~~^~~~~~~~~~~~~~~~~~~~~~~~
../src/helloworld.c:347:26: warning: passing argument 1 of 'HP' makes pointer from integer without a cast [-Wint-conversion]
              HP(FIR_input[FIR_Data_Size]);
                 ~~~~~~~~~^~~~~~~~~~~~~~~
../src/helloworld.c:176:14: note: expected 'int *' but argument is of type 'int'
  void HP(int FIR_input[FIR_Data_Size], int status, XAxiDma DMA_instance)
          ~~~~^~~~~~~~~~~~~~~~~~~~~~~~
../src/helloworld.c:347:14: error: too few arguments to function 'HP'
              HP(FIR_input[FIR_Data_Size]);
              ^~
../src/helloworld.c:176:7: note: declared here
  void HP(int FIR_input[FIR_Data_Size], int status, XAxiDma DMA_instance)
       ^~
../src/helloworld.c:383:22: warning: passing argument 1 of 'PS' makes pointer from integer without a cast [-Wint-conversion]
          PS(FIR_input[FIR_Data_Size]);
             ~~~~~~~~~^~~~~~~~~~~~~~~
../src/helloworld.c:153:14: note: expected 'int *' but argument is of type 'int'
  void PS(int FIR_input[FIR_Data_Size])
          ~~~~^~~~~~~~~~~~~~~~~~~~~~~~
../src/helloworld.c:384:39: error: 'status' undeclared (first use in this function); did you mean 'XStatus'?
          HP(FIR_input[FIR_Data_Size], status, DMA_instance);
                                       ^~~~~~
                                       XStatus
../src/helloworld.c:384:39: note: each undeclared identifier is reported only once for each function it appears in
../src/helloworld.c:384:47: error: 'DMA_instance' undeclared (first use in this function)
          HP(FIR_input[FIR_Data_Size], status, DMA_instance);
                                               ^~~~~~~~~~~~
../src/helloworld.c:384:22: warning: passing argument 1 of 'HP' makes pointer from integer without a cast [-Wint-conversion]
          HP(FIR_input[FIR_Data_Size], status, DMA_instance);
             ~~~~~~~~~^~~~~~~~~~~~~~~
../src/helloworld.c:176:14: note: expected 'int *' but argument is of type 'int'
  void HP(int FIR_input[FIR_Data_Size], int status, XAxiDma DMA_instance)
          ~~~~^~~~~~~~~~~~~~~~~~~~~~~~
../src/helloworld.c:385:18: error: 'i' undeclared (first use in this function)
          outputs(i);
                  ^
../src/helloworld.c:391:26: warning: passing argument 1 of 'PS' makes pointer from integer without a cast [-Wint-conversion]
              PS(FIR_input[FIR_Data_Size]);
                 ~~~~~~~~~^~~~~~~~~~~~~~~
../src/helloworld.c:153:14: note: expected 'int *' but argument is of type 'int'
  void PS(int FIR_input[FIR_Data_Size])
          ~~~~^~~~~~~~~~~~~~~~~~~~~~~~
../src/helloworld.c:392:26: warning: passing argument 1 of 'HP' makes pointer from integer without a cast [-Wint-conversion]
              HP(FIR_input[FIR_Data_Size]);
                 ~~~~~~~~~^~~~~~~~~~~~~~~
../src/helloworld.c:176:14: note: expected 'int *' but argument is of type 'int'
  void HP(int FIR_input[FIR_Data_Size], int status, XAxiDma DMA_instance)
          ~~~~^~~~~~~~~~~~~~~~~~~~~~~~
../src/helloworld.c:392:14: error: too few arguments to function 'HP'
              HP(FIR_input[FIR_Data_Size]);
              ^~
../src/helloworld.c:176:7: note: declared here
  void HP(int FIR_input[FIR_Data_Size], int status, XAxiDma DMA_instance)
       ^~
../src/helloworld.c:353:59: warning: unused variable 'sum_acc_SymOpt_acp' [-Wunused-variable]
      float sum_acc_Unopt_acp = 0, sum_acc_BitOpt_acp = 0, sum_acc_SymOpt_acp = 0, sum_acc_Unopt_hp = 0, sum_acc_BitOpt_hp = 0, sum_acc_SymOpt_hp = 0;
                                                           ^~~~~~~~~~~~~~~~~~
../src/helloworld.c:353:35: warning: unused variable 'sum_acc_BitOpt_acp' [-Wunused-variable]
      float sum_acc_Unopt_acp = 0, sum_acc_BitOpt_acp = 0, sum_acc_SymOpt_acp = 0, sum_acc_Unopt_hp = 0, sum_acc_BitOpt_hp = 0, sum_acc_SymOpt_hp = 0;
                                   ^~~~~~~~~~~~~~~~~~
../src/helloworld.c:353:12: warning: unused variable 'sum_acc_Unopt_acp' [-Wunused-variable]
      float sum_acc_Unopt_acp = 0, sum_acc_BitOpt_acp = 0, sum_acc_SymOpt_acp = 0, sum_acc_Unopt_hp = 0, sum_acc_BitOpt_hp = 0, sum_acc_SymOpt_hp = 0;
            ^~~~~~~~~~~~~~~~~
../src/helloworld.c:352:59: warning: unused variable 'sum_ACP' [-Wunused-variable]
      float sum_Unopt = 0, sum_BitOpt = 0, sum_SymOpt = 0, sum_ACP = 0, sum_HP = 0;
                                                           ^~~~~~~
../src/helloworld.c: At top level:
../src/helloworld.c:400:6: error: expected identifier or '(' before 'for'
      for (int i = 0; i < exp; i++)
      ^~~
../src/helloworld.c:400:24: error: expected '=', ',', ';', 'asm' or '__attribute__' before '<' token
      for (int i = 0; i < exp; i++)
                        ^
../src/helloworld.c:400:32: error: expected '=', ',', ';', 'asm' or '__attribute__' before '++' token
      for (int i = 0; i < exp; i++)
                                ^~
../src/helloworld.c:410:13: error: expected declaration specifiers or '...' before string constant
      printf("\n----------- AVERAGE EXECUTION TIME (Microseconds) --------------------\n");
             ^~~~~~~~~~~~~~~~~~~~~~~~~~~~~~~~~~~~~~~~~~~~~~~~~~~~~~~~~~~~~~~~~~~~~~~~~~~~
../src/helloworld.c:411:13: error: expected declaration specifiers or '...' before string constant
      printf("PS Unoptimized       : %f\n", sum_Unopt / exp);
             ^~~~~~~~~~~~~~~~~~~~~~~~~~~~~
../src/helloworld.c:411:44: error: expected declaration specifiers or '...' before 'sum_Unopt'
      printf("PS Unoptimized       : %f\n", sum_Unopt / exp);
                                            ^~~~~~~~~
../src/helloworld.c:412:13: error: expected declaration specifiers or '...' before string constant
      printf("PS Bit Optimized     : %f\n", sum_BitOpt / exp);
             ^~~~~~~~~~~~~~~~~~~~~~~~~~~~~
../src/helloworld.c:412:44: error: expected declaration specifiers or '...' before 'sum_BitOpt'
      printf("PS Bit Optimized     : %f\n", sum_BitOpt / exp);
                                            ^~~~~~~~~~
../src/helloworld.c:413:13: error: expected declaration specifiers or '...' before string constant
      printf("PS Symmetric Opt     : %f\n", sum_SymOpt / exp);
             ^~~~~~~~~~~~~~~~~~~~~~~~~~~~~
../src/helloworld.c:413:44: error: expected declaration specifiers or '...' before 'sum_SymOpt'
      printf("PS Symmetric Opt     : %f\n", sum_SymOpt / exp);
                                            ^~~~~~~~~~
../src/helloworld.c:414:13: error: expected declaration specifiers or '...' before string constant
      printf("PL (HP) (DMA Execution)   : %f\n", sum_HP / exp);
             ^~~~~~~~~~~~~~~~~~~~~~~~~~~~~~~~~~
../src/helloworld.c:414:49: error: expected declaration specifiers or '...' before 'sum_HP'
      printf("PL (HP) (DMA Execution)   : %f\n", sum_HP / exp);
                                                 ^~~~~~
../src/helloworld.c:416:13: error: expected declaration specifiers or '...' before string constant
      printf("\n----------- AVERAGE ACCELERATION FACTORS --------------------\n");
             ^~~~~~~~~~~~~~~~~~~~~~~~~~~~~~~~~~~~~~~~~~~~~~~~~~~~~~~~~~~~~~~~~~~
../src/helloworld.c:417:13: error: expected declaration specifiers or '...' before string constant
      printf("PL (HP) vs PS Unoptimized       : %f\n", sum_acc_Unopt_hp / exp);
             ^~~~~~~~~~~~~~~~~~~~~~~~~~~~~~~~~~~~~~~~
../src/helloworld.c:417:55: error: expected declaration specifiers or '...' before 'sum_acc_Unopt_hp'
      printf("PL (HP) vs PS Unoptimized       : %f\n", sum_acc_Unopt_hp / exp);
                                                       ^~~~~~~~~~~~~~~~
../src/helloworld.c:418:13: error: expected declaration specifiers or '...' before string constant
      printf("PL (HP) vs PS Bit Optimized     : %f\n", sum_acc_BitOpt_hp / exp);
             ^~~~~~~~~~~~~~~~~~~~~~~~~~~~~~~~~~~~~~~~
../src/helloworld.c:418:55: error: expected declaration specifiers or '...' before 'sum_acc_BitOpt_hp'
      printf("PL (HP) vs PS Bit Optimized     : %f\n", sum_acc_BitOpt_hp / exp);
                                                       ^~~~~~~~~~~~~~~~~
../src/helloworld.c:419:13: error: expected declaration specifiers or '...' before string constant
      printf("PL (HP) vs PS Symmetric Optimized : %f\n", sum_acc_SymOpt_hp / exp);
             ^~~~~~~~~~~~~~~~~~~~~~~~~~~~~~~~~~~~~~~~~~
../src/helloworld.c:419:57: error: expected declaration specifiers or '...' before 'sum_acc_SymOpt_hp'
      printf("PL (HP) vs PS Symmetric Optimized : %f\n", sum_acc_SymOpt_hp / exp);
                                                         ^~~~~~~~~~~~~~~~~
../src/helloworld.c:420:6: error: expected identifier or '(' before 'return'
      return 0;
      ^~~~~~
../src/helloworld.c:421:2: error: expected identifier or '(' before '}' token
  }
  ^
make: *** [src/subdir.mk:26: src/helloworld.o] Error 1
09:53:47 **** Auto Build of configuration Debug for project HP_only ****
make pre-build main-build 
a9-linaro-pre-build-step
' '
'Building file: ../src/helloworld.c'
'Invoking: ARM v7 gcc compiler'
arm-none-eabi-gcc -Wall -O0 -g3 -c -fmessage-length=0 -MT"src/helloworld.o" -mcpu=cortex-a9 -mfpu=vfpv3 -mfloat-abi=hard -I../../HP_only_bsp/ps7_cortexa9_0/include -MMD -MP -MF"src/helloworld.d" -MT"src/helloworld.o" -o "src/helloworld.o" "../src/helloworld.c"
In file included from ../src/helloworld.c:51:
../../HP_only_bsp/ps7_cortexa9_0/include/xtime_l.h:87:9: note: #pragma message: For the sleep routines, Global timer is being used
 #pragma message ("For the sleep routines, Global timer is being used")
         ^~~~~~~
../src/helloworld.c: In function 'outputs':
../src/helloworld.c:269:92: warning: unused variable 'time_FPGA_ACP' [-Wunused-variable]
      float time_processor_Unopt = 0, time_processor_BitOpt = 0, time_processor_SymOpt = 0, time_FPGA_ACP = 0, time_FPGA_HP = 0;
                                                                                            ^~~~~~~~~~~~~
../src/helloworld.c: In function 'main':
../src/helloworld.c:334:13: warning: 'return' with no value, in function returning non-void
             return;
             ^~~~~~
../src/helloworld.c:299:6: note: declared here
  int main()
      ^~~~
../src/helloworld.c:338:22: warning: passing argument 1 of 'PS' makes pointer from integer without a cast [-Wint-conversion]
          PS(FIR_input[FIR_Data_Size]);
             ~~~~~~~~~^~~~~~~~~~~~~~~
../src/helloworld.c:153:14: note: expected 'int *' but argument is of type 'int'
  void PS(int FIR_input[FIR_Data_Size])
          ~~~~^~~~~~~~~~~~~~~~~~~~~~~~
../src/helloworld.c:339:22: warning: passing argument 1 of 'HP' makes pointer from integer without a cast [-Wint-conversion]
          HP(FIR_input[FIR_Data_Size], status, DMA_instance);
             ~~~~~~~~~^~~~~~~~~~~~~~~
../src/helloworld.c:176:14: note: expected 'int *' but argument is of type 'int'
  void HP(int FIR_input[FIR_Data_Size], int status, XAxiDma DMA_instance)
          ~~~~^~~~~~~~~~~~~~~~~~~~~~~~
../src/helloworld.c:346:26: warning: passing argument 1 of 'PS' makes pointer from integer without a cast [-Wint-conversion]
              PS(FIR_input[FIR_Data_Size]);
                 ~~~~~~~~~^~~~~~~~~~~~~~~
../src/helloworld.c:153:14: note: expected 'int *' but argument is of type 'int'
  void PS(int FIR_input[FIR_Data_Size])
          ~~~~^~~~~~~~~~~~~~~~~~~~~~~~
../src/helloworld.c:347:26: warning: passing argument 1 of 'HP' makes pointer from integer without a cast [-Wint-conversion]
              HP(FIR_input[FIR_Data_Size], status, DMA_instance);
                 ~~~~~~~~~^~~~~~~~~~~~~~~
../src/helloworld.c:176:14: note: expected 'int *' but argument is of type 'int'
  void HP(int FIR_input[FIR_Data_Size], int status, XAxiDma DMA_instance)
          ~~~~^~~~~~~~~~~~~~~~~~~~~~~~
../src/helloworld.c:383:22: warning: passing argument 1 of 'PS' makes pointer from integer without a cast [-Wint-conversion]
          PS(FIR_input[FIR_Data_Size]);
             ~~~~~~~~~^~~~~~~~~~~~~~~
../src/helloworld.c:153:14: note: expected 'int *' but argument is of type 'int'
  void PS(int FIR_input[FIR_Data_Size])
          ~~~~^~~~~~~~~~~~~~~~~~~~~~~~
../src/helloworld.c:384:39: error: 'status' undeclared (first use in this function); did you mean 'XStatus'?
          HP(FIR_input[FIR_Data_Size], status, DMA_instance);
                                       ^~~~~~
                                       XStatus
../src/helloworld.c:384:39: note: each undeclared identifier is reported only once for each function it appears in
../src/helloworld.c:384:47: error: 'DMA_instance' undeclared (first use in this function)
          HP(FIR_input[FIR_Data_Size], status, DMA_instance);
                                               ^~~~~~~~~~~~
../src/helloworld.c:384:22: warning: passing argument 1 of 'HP' makes pointer from integer without a cast [-Wint-conversion]
          HP(FIR_input[FIR_Data_Size], status, DMA_instance);
             ~~~~~~~~~^~~~~~~~~~~~~~~
../src/helloworld.c:176:14: note: expected 'int *' but argument is of type 'int'
  void HP(int FIR_input[FIR_Data_Size], int status, XAxiDma DMA_instance)
          ~~~~^~~~~~~~~~~~~~~~~~~~~~~~
../src/helloworld.c:385:18: error: 'i' undeclared (first use in this function)
          outputs(i);
                  ^
../src/helloworld.c:391:26: warning: passing argument 1 of 'PS' makes pointer from integer without a cast [-Wint-conversion]
              PS(FIR_input[FIR_Data_Size]);
                 ~~~~~~~~~^~~~~~~~~~~~~~~
../src/helloworld.c:153:14: note: expected 'int *' but argument is of type 'int'
  void PS(int FIR_input[FIR_Data_Size])
          ~~~~^~~~~~~~~~~~~~~~~~~~~~~~
../src/helloworld.c:392:26: warning: passing argument 1 of 'HP' makes pointer from integer without a cast [-Wint-conversion]
              HP(FIR_input[FIR_Data_Size]);
                 ~~~~~~~~~^~~~~~~~~~~~~~~
../src/helloworld.c:176:14: note: expected 'int *' but argument is of type 'int'
  void HP(int FIR_input[FIR_Data_Size], int status, XAxiDma DMA_instance)
          ~~~~^~~~~~~~~~~~~~~~~~~~~~~~
../src/helloworld.c:392:14: error: too few arguments to function 'HP'
              HP(FIR_input[FIR_Data_Size]);
              ^~
../src/helloworld.c:176:7: note: declared here
  void HP(int FIR_input[FIR_Data_Size], int status, XAxiDma DMA_instance)
       ^~
../src/helloworld.c:353:59: warning: unused variable 'sum_acc_SymOpt_acp' [-Wunused-variable]
      float sum_acc_Unopt_acp = 0, sum_acc_BitOpt_acp = 0, sum_acc_SymOpt_acp = 0, sum_acc_Unopt_hp = 0, sum_acc_BitOpt_hp = 0, sum_acc_SymOpt_hp = 0;
                                                           ^~~~~~~~~~~~~~~~~~
../src/helloworld.c:353:35: warning: unused variable 'sum_acc_BitOpt_acp' [-Wunused-variable]
      float sum_acc_Unopt_acp = 0, sum_acc_BitOpt_acp = 0, sum_acc_SymOpt_acp = 0, sum_acc_Unopt_hp = 0, sum_acc_BitOpt_hp = 0, sum_acc_SymOpt_hp = 0;
                                   ^~~~~~~~~~~~~~~~~~
../src/helloworld.c:353:12: warning: unused variable 'sum_acc_Unopt_acp' [-Wunused-variable]
      float sum_acc_Unopt_acp = 0, sum_acc_BitOpt_acp = 0, sum_acc_SymOpt_acp = 0, sum_acc_Unopt_hp = 0, sum_acc_BitOpt_hp = 0, sum_acc_SymOpt_hp = 0;
            ^~~~~~~~~~~~~~~~~
../src/helloworld.c:352:59: warning: unused variable 'sum_ACP' [-Wunused-variable]
      float sum_Unopt = 0, sum_BitOpt = 0, sum_SymOpt = 0, sum_ACP = 0, sum_HP = 0;
                                                           ^~~~~~~
../src/helloworld.c: At top level:
../src/helloworld.c:400:6: error: expected identifier or '(' before 'for'
      for (int i = 0; i < exp; i++)
      ^~~
../src/helloworld.c:400:24: error: expected '=', ',', ';', 'asm' or '__attribute__' before '<' token
      for (int i = 0; i < exp; i++)
                        ^
../src/helloworld.c:400:32: error: expected '=', ',', ';', 'asm' or '__attribute__' before '++' token
      for (int i = 0; i < exp; i++)
                                ^~
../src/helloworld.c:410:13: error: expected declaration specifiers or '...' before string constant
      printf("\n----------- AVERAGE EXECUTION TIME (Microseconds) --------------------\n");
             ^~~~~~~~~~~~~~~~~~~~~~~~~~~~~~~~~~~~~~~~~~~~~~~~~~~~~~~~~~~~~~~~~~~~~~~~~~~~
../src/helloworld.c:411:13: error: expected declaration specifiers or '...' before string constant
      printf("PS Unoptimized       : %f\n", sum_Unopt / exp);
             ^~~~~~~~~~~~~~~~~~~~~~~~~~~~~
../src/helloworld.c:411:44: error: expected declaration specifiers or '...' before 'sum_Unopt'
      printf("PS Unoptimized       : %f\n", sum_Unopt / exp);
                                            ^~~~~~~~~
../src/helloworld.c:412:13: error: expected declaration specifiers or '...' before string constant
      printf("PS Bit Optimized     : %f\n", sum_BitOpt / exp);
             ^~~~~~~~~~~~~~~~~~~~~~~~~~~~~
../src/helloworld.c:412:44: error: expected declaration specifiers or '...' before 'sum_BitOpt'
      printf("PS Bit Optimized     : %f\n", sum_BitOpt / exp);
                                            ^~~~~~~~~~
../src/helloworld.c:413:13: error: expected declaration specifiers or '...' before string constant
      printf("PS Symmetric Opt     : %f\n", sum_SymOpt / exp);
             ^~~~~~~~~~~~~~~~~~~~~~~~~~~~~
../src/helloworld.c:413:44: error: expected declaration specifiers or '...' before 'sum_SymOpt'
      printf("PS Symmetric Opt     : %f\n", sum_SymOpt / exp);
                                            ^~~~~~~~~~
../src/helloworld.c:414:13: error: expected declaration specifiers or '...' before string constant
      printf("PL (HP) (DMA Execution)   : %f\n", sum_HP / exp);
             ^~~~~~~~~~~~~~~~~~~~~~~~~~~~~~~~~~
../src/helloworld.c:414:49: error: expected declaration specifiers or '...' before 'sum_HP'
      printf("PL (HP) (DMA Execution)   : %f\n", sum_HP / exp);
                                                 ^~~~~~
../src/helloworld.c:416:13: error: expected declaration specifiers or '...' before string constant
      printf("\n----------- AVERAGE ACCELERATION FACTORS --------------------\n");
             ^~~~~~~~~~~~~~~~~~~~~~~~~~~~~~~~~~~~~~~~~~~~~~~~~~~~~~~~~~~~~~~~~~~
../src/helloworld.c:417:13: error: expected declaration specifiers or '...' before string constant
      printf("PL (HP) vs PS Unoptimized       : %f\n", sum_acc_Unopt_hp / exp);
             ^~~~~~~~~~~~~~~~~~~~~~~~~~~~~~~~~~~~~~~~
../src/helloworld.c:417:55: error: expected declaration specifiers or '...' before 'sum_acc_Unopt_hp'
      printf("PL (HP) vs PS Unoptimized       : %f\n", sum_acc_Unopt_hp / exp);
                                                       ^~~~~~~~~~~~~~~~
../src/helloworld.c:418:13: error: expected declaration specifiers or '...' before string constant
      printf("PL (HP) vs PS Bit Optimized     : %f\n", sum_acc_BitOpt_hp / exp);
             ^~~~~~~~~~~~~~~~~~~~~~~~~~~~~~~~~~~~~~~~
../src/helloworld.c:418:55: error: expected declaration specifiers or '...' before 'sum_acc_BitOpt_hp'
      printf("PL (HP) vs PS Bit Optimized     : %f\n", sum_acc_BitOpt_hp / exp);
                                                       ^~~~~~~~~~~~~~~~~
../src/helloworld.c:419:13: error: expected declaration specifiers or '...' before string constant
      printf("PL (HP) vs PS Symmetric Optimized : %f\n", sum_acc_SymOpt_hp / exp);
             ^~~~~~~~~~~~~~~~~~~~~~~~~~~~~~~~~~~~~~~~~~
../src/helloworld.c:419:57: error: expected declaration specifiers or '...' before 'sum_acc_SymOpt_hp'
      printf("PL (HP) vs PS Symmetric Optimized : %f\n", sum_acc_SymOpt_hp / exp);
                                                         ^~~~~~~~~~~~~~~~~
../src/helloworld.c:420:6: error: expected identifier or '(' before 'return'
      return 0;
      ^~~~~~
../src/helloworld.c:421:2: error: expected identifier or '(' before '}' token
  }
  ^
make: *** [src/subdir.mk:26: src/helloworld.o] Error 1
09:55:20 **** Auto Build of configuration Debug for project HP_only ****
make pre-build main-build 
a9-linaro-pre-build-step
' '
'Building file: ../src/helloworld.c'
'Invoking: ARM v7 gcc compiler'
arm-none-eabi-gcc -Wall -O0 -g3 -c -fmessage-length=0 -MT"src/helloworld.o" -mcpu=cortex-a9 -mfpu=vfpv3 -mfloat-abi=hard -I../../HP_only_bsp/ps7_cortexa9_0/include -MMD -MP -MF"src/helloworld.d" -MT"src/helloworld.o" -o "src/helloworld.o" "../src/helloworld.c"
In file included from ../src/helloworld.c:51:
../../HP_only_bsp/ps7_cortexa9_0/include/xtime_l.h:87:9: note: #pragma message: For the sleep routines, Global timer is being used
 #pragma message ("For the sleep routines, Global timer is being used")
         ^~~~~~~
../src/helloworld.c: In function 'outputs':
../src/helloworld.c:269:92: warning: unused variable 'time_FPGA_ACP' [-Wunused-variable]
      float time_processor_Unopt = 0, time_processor_BitOpt = 0, time_processor_SymOpt = 0, time_FPGA_ACP = 0, time_FPGA_HP = 0;
                                                                                            ^~~~~~~~~~~~~
../src/helloworld.c: In function 'main':
../src/helloworld.c:334:13: warning: 'return' with no value, in function returning non-void
             return;
             ^~~~~~
../src/helloworld.c:299:6: note: declared here
  int main()
      ^~~~
../src/helloworld.c:338:22: warning: passing argument 1 of 'PS' makes pointer from integer without a cast [-Wint-conversion]
          PS(FIR_input[FIR_Data_Size]);
             ~~~~~~~~~^~~~~~~~~~~~~~~
../src/helloworld.c:153:14: note: expected 'int *' but argument is of type 'int'
  void PS(int FIR_input[FIR_Data_Size])
          ~~~~^~~~~~~~~~~~~~~~~~~~~~~~
../src/helloworld.c:339:22: warning: passing argument 1 of 'HP' makes pointer from integer without a cast [-Wint-conversion]
          HP(FIR_input[FIR_Data_Size], status, DMA_instance);
             ~~~~~~~~~^~~~~~~~~~~~~~~
../src/helloworld.c:176:14: note: expected 'int *' but argument is of type 'int'
  void HP(int FIR_input[FIR_Data_Size], int status, XAxiDma DMA_instance)
          ~~~~^~~~~~~~~~~~~~~~~~~~~~~~
../src/helloworld.c:346:26: warning: passing argument 1 of 'PS' makes pointer from integer without a cast [-Wint-conversion]
              PS(FIR_input[FIR_Data_Size]);
                 ~~~~~~~~~^~~~~~~~~~~~~~~
../src/helloworld.c:153:14: note: expected 'int *' but argument is of type 'int'
  void PS(int FIR_input[FIR_Data_Size])
          ~~~~^~~~~~~~~~~~~~~~~~~~~~~~
../src/helloworld.c:347:26: warning: passing argument 1 of 'HP' makes pointer from integer without a cast [-Wint-conversion]
              HP(FIR_input[FIR_Data_Size], status, DMA_instance);
                 ~~~~~~~~~^~~~~~~~~~~~~~~
../src/helloworld.c:176:14: note: expected 'int *' but argument is of type 'int'
  void HP(int FIR_input[FIR_Data_Size], int status, XAxiDma DMA_instance)
          ~~~~^~~~~~~~~~~~~~~~~~~~~~~~
../src/helloworld.c:383:22: warning: passing argument 1 of 'PS' makes pointer from integer without a cast [-Wint-conversion]
          PS(FIR_input[FIR_Data_Size]);
             ~~~~~~~~~^~~~~~~~~~~~~~~
../src/helloworld.c:153:14: note: expected 'int *' but argument is of type 'int'
  void PS(int FIR_input[FIR_Data_Size])
          ~~~~^~~~~~~~~~~~~~~~~~~~~~~~
../src/helloworld.c:384:39: error: 'status' undeclared (first use in this function); did you mean 'XStatus'?
          HP(FIR_input[FIR_Data_Size], status, DMA_instance);
                                       ^~~~~~
                                       XStatus
../src/helloworld.c:384:39: note: each undeclared identifier is reported only once for each function it appears in
../src/helloworld.c:384:47: error: 'DMA_instance' undeclared (first use in this function)
          HP(FIR_input[FIR_Data_Size], status, DMA_instance);
                                               ^~~~~~~~~~~~
../src/helloworld.c:384:22: warning: passing argument 1 of 'HP' makes pointer from integer without a cast [-Wint-conversion]
          HP(FIR_input[FIR_Data_Size], status, DMA_instance);
             ~~~~~~~~~^~~~~~~~~~~~~~~
../src/helloworld.c:176:14: note: expected 'int *' but argument is of type 'int'
  void HP(int FIR_input[FIR_Data_Size], int status, XAxiDma DMA_instance)
          ~~~~^~~~~~~~~~~~~~~~~~~~~~~~
../src/helloworld.c:385:18: error: 'i' undeclared (first use in this function)
          outputs(i);
                  ^
../src/helloworld.c:391:26: warning: passing argument 1 of 'PS' makes pointer from integer without a cast [-Wint-conversion]
              PS(FIR_input[FIR_Data_Size]);
                 ~~~~~~~~~^~~~~~~~~~~~~~~
../src/helloworld.c:153:14: note: expected 'int *' but argument is of type 'int'
  void PS(int FIR_input[FIR_Data_Size])
          ~~~~^~~~~~~~~~~~~~~~~~~~~~~~
../src/helloworld.c:392:26: warning: passing argument 1 of 'HP' makes pointer from integer without a cast [-Wint-conversion]
              HP(FIR_input[FIR_Data_Size]);
                 ~~~~~~~~~^~~~~~~~~~~~~~~
../src/helloworld.c:176:14: note: expected 'int *' but argument is of type 'int'
  void HP(int FIR_input[FIR_Data_Size], int status, XAxiDma DMA_instance)
          ~~~~^~~~~~~~~~~~~~~~~~~~~~~~
../src/helloworld.c:392:14: error: too few arguments to function 'HP'
              HP(FIR_input[FIR_Data_Size]);
              ^~
../src/helloworld.c:176:7: note: declared here
  void HP(int FIR_input[FIR_Data_Size], int status, XAxiDma DMA_instance)
       ^~
../src/helloworld.c:397:12: error: redefinition of 'sum_Unopt'
      float sum_Unopt = 0, sum_BitOpt = 0, sum_SymOpt = 0, sum_ACP = 0, sum_HP = 0;
            ^~~~~~~~~
../src/helloworld.c:352:12: note: previous definition of 'sum_Unopt' was here
      float sum_Unopt = 0, sum_BitOpt = 0, sum_SymOpt = 0, sum_ACP = 0, sum_HP = 0;
            ^~~~~~~~~
../src/helloworld.c:397:27: error: redefinition of 'sum_BitOpt'
      float sum_Unopt = 0, sum_BitOpt = 0, sum_SymOpt = 0, sum_ACP = 0, sum_HP = 0;
                           ^~~~~~~~~~
../src/helloworld.c:352:27: note: previous definition of 'sum_BitOpt' was here
      float sum_Unopt = 0, sum_BitOpt = 0, sum_SymOpt = 0, sum_ACP = 0, sum_HP = 0;
                           ^~~~~~~~~~
../src/helloworld.c:397:43: error: redefinition of 'sum_SymOpt'
      float sum_Unopt = 0, sum_BitOpt = 0, sum_SymOpt = 0, sum_ACP = 0, sum_HP = 0;
                                           ^~~~~~~~~~
../src/helloworld.c:352:43: note: previous definition of 'sum_SymOpt' was here
      float sum_Unopt = 0, sum_BitOpt = 0, sum_SymOpt = 0, sum_ACP = 0, sum_HP = 0;
                                           ^~~~~~~~~~
../src/helloworld.c:397:59: error: redefinition of 'sum_ACP'
      float sum_Unopt = 0, sum_BitOpt = 0, sum_SymOpt = 0, sum_ACP = 0, sum_HP = 0;
                                                           ^~~~~~~
../src/helloworld.c:352:59: note: previous definition of 'sum_ACP' was here
      float sum_Unopt = 0, sum_BitOpt = 0, sum_SymOpt = 0, sum_ACP = 0, sum_HP = 0;
                                                           ^~~~~~~
../src/helloworld.c:397:72: error: redefinition of 'sum_HP'
      float sum_Unopt = 0, sum_BitOpt = 0, sum_SymOpt = 0, sum_ACP = 0, sum_HP = 0;
                                                                        ^~~~~~
../src/helloworld.c:352:72: note: previous definition of 'sum_HP' was here
      float sum_Unopt = 0, sum_BitOpt = 0, sum_SymOpt = 0, sum_ACP = 0, sum_HP = 0;
                                                                        ^~~~~~
../src/helloworld.c:398:12: error: redefinition of 'sum_acc_Unopt_acp'
      float sum_acc_Unopt_acp = 0, sum_acc_BitOpt_acp = 0, sum_acc_SymOpt_acp = 0, sum_acc_Unopt_hp = 0, sum_acc_BitOpt_hp = 0, sum_acc_SymOpt_hp = 0;
            ^~~~~~~~~~~~~~~~~
../src/helloworld.c:353:12: note: previous definition of 'sum_acc_Unopt_acp' was here
      float sum_acc_Unopt_acp = 0, sum_acc_BitOpt_acp = 0, sum_acc_SymOpt_acp = 0, sum_acc_Unopt_hp = 0, sum_acc_BitOpt_hp = 0, sum_acc_SymOpt_hp = 0;
            ^~~~~~~~~~~~~~~~~
../src/helloworld.c:398:35: error: redefinition of 'sum_acc_BitOpt_acp'
      float sum_acc_Unopt_acp = 0, sum_acc_BitOpt_acp = 0, sum_acc_SymOpt_acp = 0, sum_acc_Unopt_hp = 0, sum_acc_BitOpt_hp = 0, sum_acc_SymOpt_hp = 0;
                                   ^~~~~~~~~~~~~~~~~~
../src/helloworld.c:353:35: note: previous definition of 'sum_acc_BitOpt_acp' was here
      float sum_acc_Unopt_acp = 0, sum_acc_BitOpt_acp = 0, sum_acc_SymOpt_acp = 0, sum_acc_Unopt_hp = 0, sum_acc_BitOpt_hp = 0, sum_acc_SymOpt_hp = 0;
                                   ^~~~~~~~~~~~~~~~~~
../src/helloworld.c:398:59: error: redefinition of 'sum_acc_SymOpt_acp'
      float sum_acc_Unopt_acp = 0, sum_acc_BitOpt_acp = 0, sum_acc_SymOpt_acp = 0, sum_acc_Unopt_hp = 0, sum_acc_BitOpt_hp = 0, sum_acc_SymOpt_hp = 0;
                                                           ^~~~~~~~~~~~~~~~~~
../src/helloworld.c:353:59: note: previous definition of 'sum_acc_SymOpt_acp' was here
      float sum_acc_Unopt_acp = 0, sum_acc_BitOpt_acp = 0, sum_acc_SymOpt_acp = 0, sum_acc_Unopt_hp = 0, sum_acc_BitOpt_hp = 0, sum_acc_SymOpt_hp = 0;
                                                           ^~~~~~~~~~~~~~~~~~
../src/helloworld.c:398:83: error: redefinition of 'sum_acc_Unopt_hp'
      float sum_acc_Unopt_acp = 0, sum_acc_BitOpt_acp = 0, sum_acc_SymOpt_acp = 0, sum_acc_Unopt_hp = 0, sum_acc_BitOpt_hp = 0, sum_acc_SymOpt_hp = 0;
                                                                                   ^~~~~~~~~~~~~~~~
../src/helloworld.c:353:83: note: previous definition of 'sum_acc_Unopt_hp' was here
      float sum_acc_Unopt_acp = 0, sum_acc_BitOpt_acp = 0, sum_acc_SymOpt_acp = 0, sum_acc_Unopt_hp = 0, sum_acc_BitOpt_hp = 0, sum_acc_SymOpt_hp = 0;
                                                                                   ^~~~~~~~~~~~~~~~
../src/helloworld.c:398:105: error: redefinition of 'sum_acc_BitOpt_hp'
      float sum_acc_Unopt_acp = 0, sum_acc_BitOpt_acp = 0, sum_acc_SymOpt_acp = 0, sum_acc_Unopt_hp = 0, sum_acc_BitOpt_hp = 0, sum_acc_SymOpt_hp = 0;
                                                                                                         ^~~~~~~~~~~~~~~~~
../src/helloworld.c:353:105: note: previous definition of 'sum_acc_BitOpt_hp' was here
      float sum_acc_Unopt_acp = 0, sum_acc_BitOpt_acp = 0, sum_acc_SymOpt_acp = 0, sum_acc_Unopt_hp = 0, sum_acc_BitOpt_hp = 0, sum_acc_SymOpt_hp = 0;
                                                                                                         ^~~~~~~~~~~~~~~~~
../src/helloworld.c:398:128: error: redefinition of 'sum_acc_SymOpt_hp'
      float sum_acc_Unopt_acp = 0, sum_acc_BitOpt_acp = 0, sum_acc_SymOpt_acp = 0, sum_acc_Unopt_hp = 0, sum_acc_BitOpt_hp = 0, sum_acc_SymOpt_hp = 0;
                                                                                                                                ^~~~~~~~~~~~~~~~~
../src/helloworld.c:353:128: note: previous definition of 'sum_acc_SymOpt_hp' was here
      float sum_acc_Unopt_acp = 0, sum_acc_BitOpt_acp = 0, sum_acc_SymOpt_acp = 0, sum_acc_Unopt_hp = 0, sum_acc_BitOpt_hp = 0, sum_acc_SymOpt_hp = 0;
                                                                                                                                ^~~~~~~~~~~~~~~~~
../src/helloworld.c:398:59: warning: unused variable 'sum_acc_SymOpt_acp' [-Wunused-variable]
      float sum_acc_Unopt_acp = 0, sum_acc_BitOpt_acp = 0, sum_acc_SymOpt_acp = 0, sum_acc_Unopt_hp = 0, sum_acc_BitOpt_hp = 0, sum_acc_SymOpt_hp = 0;
                                                           ^~~~~~~~~~~~~~~~~~
../src/helloworld.c:398:35: warning: unused variable 'sum_acc_BitOpt_acp' [-Wunused-variable]
      float sum_acc_Unopt_acp = 0, sum_acc_BitOpt_acp = 0, sum_acc_SymOpt_acp = 0, sum_acc_Unopt_hp = 0, sum_acc_BitOpt_hp = 0, sum_acc_SymOpt_hp = 0;
                                   ^~~~~~~~~~~~~~~~~~
../src/helloworld.c:398:12: warning: unused variable 'sum_acc_Unopt_acp' [-Wunused-variable]
      float sum_acc_Unopt_acp = 0, sum_acc_BitOpt_acp = 0, sum_acc_SymOpt_acp = 0, sum_acc_Unopt_hp = 0, sum_acc_BitOpt_hp = 0, sum_acc_SymOpt_hp = 0;
            ^~~~~~~~~~~~~~~~~
../src/helloworld.c:397:59: warning: unused variable 'sum_ACP' [-Wunused-variable]
      float sum_Unopt = 0, sum_BitOpt = 0, sum_SymOpt = 0, sum_ACP = 0, sum_HP = 0;
                                                           ^~~~~~~
make: *** [src/subdir.mk:26: src/helloworld.o] Error 1
09:56:00 **** Auto Build of configuration Debug for project HP_only ****
make pre-build main-build 
a9-linaro-pre-build-step
' '
'Building file: ../src/helloworld.c'
'Invoking: ARM v7 gcc compiler'
arm-none-eabi-gcc -Wall -O0 -g3 -c -fmessage-length=0 -MT"src/helloworld.o" -mcpu=cortex-a9 -mfpu=vfpv3 -mfloat-abi=hard -I../../HP_only_bsp/ps7_cortexa9_0/include -MMD -MP -MF"src/helloworld.d" -MT"src/helloworld.o" -o "src/helloworld.o" "../src/helloworld.c"
In file included from ../src/helloworld.c:51:
../../HP_only_bsp/ps7_cortexa9_0/include/xtime_l.h:87:9: note: #pragma message: For the sleep routines, Global timer is being used
 #pragma message ("For the sleep routines, Global timer is being used")
         ^~~~~~~
../src/helloworld.c: In function 'outputs':
../src/helloworld.c:269:92: warning: unused variable 'time_FPGA_ACP' [-Wunused-variable]
      float time_processor_Unopt = 0, time_processor_BitOpt = 0, time_processor_SymOpt = 0, time_FPGA_ACP = 0, time_FPGA_HP = 0;
                                                                                            ^~~~~~~~~~~~~
../src/helloworld.c: In function 'main':
../src/helloworld.c:334:13: warning: 'return' with no value, in function returning non-void
             return;
             ^~~~~~
../src/helloworld.c:299:6: note: declared here
  int main()
      ^~~~
../src/helloworld.c:338:22: warning: passing argument 1 of 'PS' makes pointer from integer without a cast [-Wint-conversion]
          PS(FIR_input[FIR_Data_Size]);
             ~~~~~~~~~^~~~~~~~~~~~~~~
../src/helloworld.c:153:14: note: expected 'int *' but argument is of type 'int'
  void PS(int FIR_input[FIR_Data_Size])
          ~~~~^~~~~~~~~~~~~~~~~~~~~~~~
../src/helloworld.c:339:22: warning: passing argument 1 of 'HP' makes pointer from integer without a cast [-Wint-conversion]
          HP(FIR_input[FIR_Data_Size], status, DMA_instance);
[...]
"Compiling dmaps"
"Running Make libs in ps7_cortexa9_0/libsrc/scugic_v4_0/src"
make -C ps7_cortexa9_0/libsrc/scugic_v4_0/src -s libs  "SHELL=CMD" "COMPILER=arm-none-eabi-gcc" "ARCHIVER=arm-none-eabi-ar" "COMPILER_FLAGS=  -O2 -c" "EXTRA_COMPILER_FLAGS=-mcpu=cortex-a9 -mfpu=vfpv3 -mfloat-abi=hard -nostartfiles -g -Wall -Wextra"
"Compiling scugic"
"Running Make libs in ps7_cortexa9_0/libsrc/scutimer_v2_1/src"
make -C ps7_cortexa9_0/libsrc/scutimer_v2_1/src -s libs  "SHELL=CMD" "COMPILER=arm-none-eabi-gcc" "ARCHIVER=arm-none-eabi-ar" "COMPILER_FLAGS=  -O2 -c" "EXTRA_COMPILER_FLAGS=-mcpu=cortex-a9 -mfpu=vfpv3 -mfloat-abi=hard -nostartfiles -g -Wall -Wextra"
"Compiling scutimer"
"Running Make libs in ps7_cortexa9_0/libsrc/scuwdt_v2_1/src"
make -C ps7_cortexa9_0/libsrc/scuwdt_v2_1/src -s libs  "SHELL=CMD" "COMPILER=arm-none-eabi-gcc" "ARCHIVER=arm-none-eabi-ar" "COMPILER_FLAGS=  -O2 -c" "EXTRA_COMPILER_FLAGS=-mcpu=cortex-a9 -mfpu=vfpv3 -mfloat-abi=hard -nostartfiles -g -Wall -Wextra"
"Compiling scuwdt"
"Running Make libs in ps7_cortexa9_0/libsrc/standalone_v7_0/src"
make -C ps7_cortexa9_0/libsrc/standalone_v7_0/src -s libs  "SHELL=CMD" "COMPILER=arm-none-eabi-gcc" "ARCHIVER=arm-none-eabi-ar" "COMPILER_FLAGS=  -O2 -c" "EXTRA_COMPILER_FLAGS=-mcpu=cortex-a9 -mfpu=vfpv3 -mfloat-abi=hard -nostartfiles -g -Wall -Wextra"
"Compiling standalone"
In file included from usleep.c:56:
xtime_l.h:87:9: note: #pragma message: For the sleep routines, Global timer is being used
 #pragma message ("For the sleep routines, Global timer is being used")
         ^~~~~~~
In file included from xil_sleeptimer.c:51:
xtime_l.h:87:9: note: #pragma message: For the sleep routines, Global timer is being used
 #pragma message ("For the sleep routines, Global timer is being used")
         ^~~~~~~
In file included from xtime_l.c:49:
xtime_l.h:87:9: note: #pragma message: For the sleep routines, Global timer is being used
 #pragma message ("For the sleep routines, Global timer is being used")
         ^~~~~~~
In file included from sleep.c:53:
xtime_l.h:87:9: note: #pragma message: For the sleep routines, Global timer is being used
 #pragma message ("For the sleep routines, Global timer is being used")
         ^~~~~~~
"Running Make libs in ps7_cortexa9_0/libsrc/uartps_v3_7/src"
make -C ps7_cortexa9_0/libsrc/uartps_v3_7/src -s libs  "SHELL=CMD" "COMPILER=arm-none-eabi-gcc" "ARCHIVER=arm-none-eabi-ar" "COMPILER_FLAGS=  -O2 -c" "EXTRA_COMPILER_FLAGS=-mcpu=cortex-a9 -mfpu=vfpv3 -mfloat-abi=hard -nostartfiles -g -Wall -Wextra"
"Compiling uartps"
"Running Make libs in ps7_cortexa9_0/libsrc/xadcps_v2_3/src"
make -C ps7_cortexa9_0/libsrc/xadcps_v2_3/src -s libs  "SHELL=CMD" "COMPILER=arm-none-eabi-gcc" "ARCHIVER=arm-none-eabi-ar" "COMPILER_FLAGS=  -O2 -c" "EXTRA_COMPILER_FLAGS=-mcpu=cortex-a9 -mfpu=vfpv3 -mfloat-abi=hard -nostartfiles -g -Wall -Wextra"
"Compiling xadcps"
'Finished building libraries'
10:47:03 **** Auto Build of configuration Debug for project HP_only ****
make pre-build main-build 
a9-linaro-pre-build-step
' '
'Building file: ../src/helloworld.c'
'Invoking: ARM v7 gcc compiler'
arm-none-eabi-gcc -Wall -O0 -g3 -c -fmessage-length=0 -MT"src/helloworld.o" -mcpu=cortex-a9 -mfpu=vfpv3 -mfloat-abi=hard -I../../HP_only_bsp/ps7_cortexa9_0/include -MMD -MP -MF"src/helloworld.d" -MT"src/helloworld.o" -o "src/helloworld.o" "../src/helloworld.c"
In file included from ../src/helloworld.c:51:
../../HP_only_bsp/ps7_cortexa9_0/include/xtime_l.h:87:9: note: #pragma message: For the sleep routines, Global timer is being used
 #pragma message ("For the sleep routines, Global timer is being used")
         ^~~~~~~
../src/helloworld.c: In function 'outputs':
../src/helloworld.c:274:92: warning: unused variable 'time_FPGA_ACP' [-Wunused-variable]
      float time_processor_Unopt = 0, time_processor_BitOpt = 0, time_processor_SymOpt = 0, time_FPGA_ACP = 0, time_FPGA_HP = 0;
                                                                                            ^~~~~~~~~~~~~
../src/helloworld.c: In function 'main':
../src/helloworld.c:337:13: warning: 'return' with no value, in function returning non-void
             return;
             ^~~~~~
../src/helloworld.c:304:6: note: declared here
  int main()
      ^~~~
../src/helloworld.c:341:22: warning: passing argument 1 of 'PS' makes pointer from integer without a cast [-Wint-conversion]
          PS(FIR_input[FIR_Data_Size]);
             ~~~~~~~~~^~~~~~~~~~~~~~~
../src/helloworld.c:158:14: note: expected 'int *' but argument is of type 'int'
  void PS(int FIR_input[FIR_Data_Size])
          ~~~~^~~~~~~~~~~~~~~~~~~~~~~~
../src/helloworld.c:342:22: warning: passing argument 1 of 'HP' makes pointer from integer without a cast [-Wint-conversion]
          HP(FIR_input[FIR_Data_Size], status, DMA_instance);
             ~~~~~~~~~^~~~~~~~~~~~~~~
../src/helloworld.c:181:14: note: expected 'int *' but argument is of type 'int'
  void HP(int FIR_input[FIR_Data_Size], int status, XAxiDma DMA_instance)
          ~~~~^~~~~~~~~~~~~~~~~~~~~~~~
../src/helloworld.c:347:26: warning: passing argument 1 of 'PS' makes pointer from integer without a cast [-Wint-conversion]
              PS(FIR_input[FIR_Data_Size]);
                 ~~~~~~~~~^~~~~~~~~~~~~~~
../src/helloworld.c:158:14: note: expected 'int *' but argument is of type 'int'
  void PS(int FIR_input[FIR_Data_Size])
          ~~~~^~~~~~~~~~~~~~~~~~~~~~~~
../src/helloworld.c:348:26: warning: passing argument 1 of 'HP' makes pointer from integer without a cast [-Wint-conversion]
              HP(FIR_input[FIR_Data_Size], status, DMA_instance);
                 ~~~~~~~~~^~~~~~~~~~~~~~~
../src/helloworld.c:181:14: note: expected 'int *' but argument is of type 'int'
  void HP(int FIR_input[FIR_Data_Size], int status, XAxiDma DMA_instance)
          ~~~~^~~~~~~~~~~~~~~~~~~~~~~~
../src/helloworld.c:369:22: warning: passing argument 1 of 'PS' makes pointer from integer without a cast [-Wint-conversion]
          PS(FIR_input[FIR_Data_Size]);
             ~~~~~~~~~^~~~~~~~~~~~~~~
../src/helloworld.c:158:14: note: expected 'int *' but argument is of type 'int'
  void PS(int FIR_input[FIR_Data_Size])
          ~~~~^~~~~~~~~~~~~~~~~~~~~~~~
../src/helloworld.c:370:22: warning: passing argument 1 of 'HP' makes pointer from integer without a cast [-Wint-conversion]
          HP(FIR_input[FIR_Data_Size], status, DMA_instance);
             ~~~~~~~~~^~~~~~~~~~~~~~~
../src/helloworld.c:181:14: note: expected 'int *' but argument is of type 'int'
  void HP(int FIR_input[FIR_Data_Size], int status, XAxiDma DMA_instance)
          ~~~~^~~~~~~~~~~~~~~~~~~~~~~~
../src/helloworld.c:375:26: warning: passing argument 1 of 'PS' makes pointer from integer without a cast [-Wint-conversion]
              PS(FIR_input[FIR_Data_Size]);
                 ~~~~~~~~~^~~~~~~~~~~~~~~
../src/helloworld.c:158:14: note: expected 'int *' but argument is of type 'int'
  void PS(int FIR_input[FIR_Data_Size])
          ~~~~^~~~~~~~~~~~~~~~~~~~~~~~
../src/helloworld.c:376:26: warning: passing argument 1 of 'HP' makes pointer from integer without a cast [-Wint-conversion]
              HP(FIR_input[FIR_Data_Size], status, DMA_instance);
                 ~~~~~~~~~^~~~~~~~~~~~~~~
../src/helloworld.c:181:14: note: expected 'int *' but argument is of type 'int'
  void HP(int FIR_input[FIR_Data_Size], int status, XAxiDma DMA_instance)
          ~~~~^~~~~~~~~~~~~~~~~~~~~~~~
'Finished building: ../src/helloworld.c'
' '
'Building file: ../src/platform.c'
'Invoking: ARM v7 gcc compiler'
arm-none-eabi-gcc -Wall -O0 -g3 -c -fmessage-length=0 -MT"src/platform.o" -mcpu=cortex-a9 -mfpu=vfpv3 -mfloat-abi=hard -I../../HP_only_bsp/ps7_cortexa9_0/include -MMD -MP -MF"src/platform.d" -MT"src/platform.o" -o "src/platform.o" "../src/platform.c"
'Finished building: ../src/platform.c'
' '
'Building target: HP_only.elf'
'Invoking: ARM v7 gcc linker'
arm-none-eabi-gcc -mcpu=cortex-a9 -mfpu=vfpv3 -mfloat-abi=hard -Wl,-build-id=none -specs=Xilinx.spec -Wl,-T -Wl,../src/lscript.ld -L../../HP_only_bsp/ps7_cortexa9_0/lib -o "HP_only.elf"  ./src/helloworld.o ./src/platform.o   -Wl,--start-group,-lxil,-lgcc,-lc,--end-group
'Finished building target: HP_only.elf'
' '
'Invoking: ARM v7 Print Size'
arm-none-eabi-size HP_only.elf  |tee "HP_only.elf.size"
   text	   data	    bss	    dec	    hex	filename
  72812	   2768	  24496	 100076	  186ec	HP_only.elf
'Finished building: HP_only.elf.size'
' '
10:47:28 **** Auto Build of configuration Debug for project HP_only ****
make pre-build main-build 
a9-linaro-pre-build-step
' '
'Building file: ../src/helloworld.c'
'Invoking: ARM v7 gcc compiler'
arm-none-eabi-gcc -Wall -O0 -g3 -c -fmessage-length=0 -MT"src/helloworld.o" -mcpu=cortex-a9 -mfpu=vfpv3 -mfloat-abi=hard -I../../HP_only_bsp/ps7_cortexa9_0/include -MMD -MP -MF"src/helloworld.d" -MT"src/helloworld.o" -o "src/helloworld.o" "../src/helloworld.c"
In file included from ../src/helloworld.c:51:
../../HP_only_bsp/ps7_cortexa9_0/include/xtime_l.h:87:9: note: #pragma message: For the sleep routines, Global timer is being used
 #pragma message ("For the sleep routines, Global timer is being used")
         ^~~~~~~
../src/helloworld.c: In function 'outputs':
../src/helloworld.c:274:92: warning: unused variable 'time_FPGA_ACP' [-Wunused-variable]
      float time_processor_Unopt = 0, time_processor_BitOpt = 0, time_processor_SymOpt = 0, time_FPGA_ACP = 0, time_FPGA_HP = 0;
                                                                                            ^~~~~~~~~~~~~
../src/helloworld.c: In function 'main':
../src/helloworld.c:337:13: warning: 'return' with no value, in function returning non-void
             return;
             ^~~~~~
../src/helloworld.c:304:6: note: declared here
  int main()
      ^~~~
../src/helloworld.c:341:22: warning: passing argument 1 of 'PS' makes pointer from integer without a cast [-Wint-conversion]
          PS(FIR_input[FIR_Data_Size]);
             ~~~~~~~~~^~~~~~~~~~~~~~~
../src/helloworld.c:158:14: note: expected 'int *' but argument is of type 'int'
  void PS(int FIR_input[FIR_Data_Size])
          ~~~~^~~~~~~~~~~~~~~~~~~~~~~~
../src/helloworld.c:342:22: warning: passing argument 1 of 'HP' makes pointer from integer without a cast [-Wint-conversion]
          HP(FIR_input[FIR_Data_Size], status, DMA_instance);
             ~~~~~~~~~^~~~~~~~~~~~~~~
../src/helloworld.c:181:14: note: expected 'int *' but argument is of type 'int'
  void HP(int FIR_input[FIR_Data_Size], int status, XAxiDma DMA_instance)
          ~~~~^~~~~~~~~~~~~~~~~~~~~~~~
../src/helloworld.c:347:26: warning: passing argument 1 of 'PS' makes pointer from integer without a cast [-Wint-conversion]
              PS(FIR_input[FIR_Data_Size]);
                 ~~~~~~~~~^~~~~~~~~~~~~~~
../src/helloworld.c:158:14: note: expected 'int *' but argument is of type 'int'
  void PS(int FIR_input[FIR_Data_Size])
          ~~~~^~~~~~~~~~~~~~~~~~~~~~~~
../src/helloworld.c:348:26: warning: passing argument 1 of 'HP' makes pointer from integer without a cast [-Wint-conversion]
              HP(FIR_input[FIR_Data_Size], status, DMA_instance);
                 ~~~~~~~~~^~~~~~~~~~~~~~~
../src/helloworld.c:181:14: note: expected 'int *' but argument is of type 'int'
  void HP(int FIR_input[FIR_Data_Size], int status, XAxiDma DMA_instance)
          ~~~~^~~~~~~~~~~~~~~~~~~~~~~~
../src/helloworld.c:369:22: warning: passing argument 1 of 'PS' makes pointer from integer without a cast [-Wint-conversion]
          PS(FIR_input[FIR_Data_Size]);
             ~~~~~~~~~^~~~~~~~~~~~~~~
../src/helloworld.c:158:14: note: expected 'int *' but argument is of type 'int'
  void PS(int FIR_input[FIR_Data_Size])
          ~~~~^~~~~~~~~~~~~~~~~~~~~~~~
../src/helloworld.c:370:22: warning: passing argument 1 of 'HP' makes pointer from integer without a cast [-Wint-conversion]
          HP(FIR_input[FIR_Data_Size], status, DMA_instance);
             ~~~~~~~~~^~~~~~~~~~~~~~~
../src/helloworld.c:181:14: note: expected 'int *' but argument is of type 'int'
  void HP(int FIR_input[FIR_Data_Size], int status, XAxiDma DMA_instance)
          ~~~~^~~~~~~~~~~~~~~~~~~~~~~~
../src/helloworld.c:375:26: warning: passing argument 1 of 'PS' makes pointer from integer without a cast [-Wint-conversion]
              PS(FIR_input[FIR_Data_Size]);
                 ~~~~~~~~~^~~~~~~~~~~~~~~
../src/helloworld.c:158:14: note: expected 'int *' but argument is of type 'int'
  void PS(int FIR_input[FIR_Data_Size])
          ~~~~^~~~~~~~~~~~~~~~~~~~~~~~
../src/helloworld.c:376:26: warning: passing argument 1 of 'HP' makes pointer from integer without a cast [-Wint-conversion]
              HP(FIR_input[FIR_Data_Size], status, DMA_instance);
                 ~~~~~~~~~^~~~~~~~~~~~~~~
../src/helloworld.c:181:14: note: expected 'int *' but argument is of type 'int'
  void HP(int FIR_input[FIR_Data_Size], int status, XAxiDma DMA_instance)
          ~~~~^~~~~~~~~~~~~~~~~~~~~~~~
'Finished building: ../src/helloworld.c'
' '
'Building target: HP_only.elf'
'Invoking: ARM v7 gcc linker'
arm-none-eabi-gcc -mcpu=cortex-a9 -mfpu=vfpv3 -mfloat-abi=hard -Wl,-build-id=none -specs=Xilinx.spec -Wl,-T -Wl,../src/lscript.ld -L../../HP_only_bsp/ps7_cortexa9_0/lib -o "HP_only.elf"  ./src/helloworld.o ./src/platform.o   -Wl,--start-group,-lxil,-lgcc,-lc,--end-group
'Finished building target: HP_only.elf'
' '
'Invoking: ARM v7 Print Size'
arm-none-eabi-size HP_only.elf  |tee "HP_only.elf.size"
   text	   data	    bss	    dec	    hex	filename
  72764	   2768	  24496	 100028	  186bc	HP_only.elf
'Finished building: HP_only.elf.size'
' '
10:50:31 **** Incremental Build of configuration Debug for project HP_only ****
make pre-build main-build 
a9-linaro-pre-build-step
' '
make: Nothing to be done for 'main-build'.
10:51:18 **** Incremental Build of configuration Debug for project HP_only ****
make pre-build main-build 
a9-linaro-pre-build-step
' '
make: Nothing to be done for 'main-build'.
10:54:04 **** Auto Build of configuration Debug for project HP_only ****
make pre-build main-build 
a9-linaro-pre-build-step
' '
'Building file: ../src/helloworld.c'
'Invoking: ARM v7 gcc compiler'
arm-none-eabi-gcc -Wall -O0 -g3 -c -fmessage-length=0 -MT"src/helloworld.o" -mcpu=cortex-a9 -mfpu=vfpv3 -mfloat-abi=hard -I../../HP_only_bsp/ps7_cortexa9_0/include -MMD -MP -MF"src/helloworld.d" -MT"src/helloworld.o" -o "src/helloworld.o" "../src/helloworld.c"
In file included from ../src/helloworld.c:51:
../../HP_only_bsp/ps7_cortexa9_0/include/xtime_l.h:87:9: note: #pragma message: For the sleep routines, Global timer is being used
 #pragma message ("For the sleep routines, Global timer is being used")
         ^~~~~~~
../src/helloworld.c: In function 'outputs':
../src/helloworld.c:274:92: warning: unused variable 'time_FPGA_ACP' [-Wunused-variable]
      float time_processor_Unopt = 0, time_processor_BitOpt = 0, time_processor_SymOpt = 0, time_FPGA_ACP = 0, time_FPGA_HP = 0;
                                                                                            ^~~~~~~~~~~~~
../src/helloworld.c: In function 'main':
../src/helloworld.c:320:10: warning: 'return' with no value, in function returning non-void
          return;
          ^~~~~~
../src/helloworld.c:304:6: note: declared here
  int main()
      ^~~~
../src/helloworld.c:341:22: warning: passing argument 1 of 'PS' makes pointer from integer without a cast [-Wint-conversion]
          PS(FIR_input[FIR_Data_Size]);
             ~~~~~~~~~^~~~~~~~~~~~~~~
../src/helloworld.c:158:14: note: expected 'int *' but argument is of type 'int'
  void PS(int FIR_input[FIR_Data_Size])
          ~~~~^~~~~~~~~~~~~~~~~~~~~~~~
../src/helloworld.c:342:22: warning: passing argument 1 of 'HP' makes pointer from integer without a cast [-Wint-conversion]
          HP(FIR_input[FIR_Data_Size], status, DMA_instance);
             ~~~~~~~~~^~~~~~~~~~~~~~~
../src/helloworld.c:181:14: note: expected 'int *' but argument is of type 'int'
  void HP(int FIR_input[FIR_Data_Size], int status, XAxiDma DMA_instance)
          ~~~~^~~~~~~~~~~~~~~~~~~~~~~~
../src/helloworld.c:347:26: warning: passing argument 1 of 'PS' makes pointer from integer without a cast [-Wint-conversion]
              PS(FIR_input[FIR_Data_Size]);
                 ~~~~~~~~~^~~~~~~~~~~~~~~
../src/helloworld.c:158:14: note: expected 'int *' but argument is of type 'int'
  void PS(int FIR_input[FIR_Data_Size])
          ~~~~^~~~~~~~~~~~~~~~~~~~~~~~
../src/helloworld.c:348:26: warning: passing argument 1 of 'HP' makes pointer from integer without a cast [-Wint-conversion]
              HP(FIR_input[FIR_Data_Size], status, DMA_instance);
                 ~~~~~~~~~^~~~~~~~~~~~~~~
../src/helloworld.c:181:14: note: expected 'int *' but argument is of type 'int'
  void HP(int FIR_input[FIR_Data_Size], int status, XAxiDma DMA_instance)
          ~~~~^~~~~~~~~~~~~~~~~~~~~~~~
../src/helloworld.c:369:22: warning: passing argument 1 of 'PS' makes pointer from integer without a cast [-Wint-conversion]
          PS(FIR_input[FIR_Data_Size]);
             ~~~~~~~~~^~~~~~~~~~~~~~~
../src/helloworld.c:158:14: note: expected 'int *' but argument is of type 'int'
  void PS(int FIR_input[FIR_Data_Size])
          ~~~~^~~~~~~~~~~~~~~~~~~~~~~~
../src/helloworld.c:370:22: warning: passing argument 1 of 'HP' makes pointer from integer without a cast [-Wint-conversion]
          HP(FIR_input[FIR_Data_Size], status, DMA_instance);
             ~~~~~~~~~^~~~~~~~~~~~~~~
../src/helloworld.c:181:14: note: expected 'int *' but argument is of type 'int'
  void HP(int FIR_input[FIR_Data_Size], int status, XAxiDma DMA_instance)
          ~~~~^~~~~~~~~~~~~~~~~~~~~~~~
../src/helloworld.c:375:26: warning: passing argument 1 of 'PS' makes pointer from integer without a cast [-Wint-conversion]
              PS(FIR_input[FIR_Data_Size]);
                 ~~~~~~~~~^~~~~~~~~~~~~~~
../src/helloworld.c:158:14: note: expected 'int *' but argument is of type 'int'
  void PS(int FIR_input[FIR_Data_Size])
          ~~~~^~~~~~~~~~~~~~~~~~~~~~~~
../src/helloworld.c:376:26: warning: passing argument 1 of 'HP' makes pointer from integer without a cast [-Wint-conversion]
              HP(FIR_input[FIR_Data_Size], status, DMA_instance);
                 ~~~~~~~~~^~~~~~~~~~~~~~~
../src/helloworld.c:181:14: note: expected 'int *' but argument is of type 'int'
  void HP(int FIR_input[FIR_Data_Size], int status, XAxiDma DMA_instance)
          ~~~~^~~~~~~~~~~~~~~~~~~~~~~~
'Finished building: ../src/helloworld.c'
' '
'Building target: HP_only.elf'
'Invoking: ARM v7 gcc linker'
arm-none-eabi-gcc -mcpu=cortex-a9 -mfpu=vfpv3 -mfloat-abi=hard -Wl,-build-id=none -specs=Xilinx.spec -Wl,-T -Wl,../src/lscript.ld -L../../HP_only_bsp/ps7_cortexa9_0/lib -o "HP_only.elf"  ./src/helloworld.o ./src/platform.o   -Wl,--start-group,-lxil,-lgcc,-lc,--end-group
'Finished building target: HP_only.elf'
' '
'Invoking: ARM v7 Print Size'
arm-none-eabi-size HP_only.elf  |tee "HP_only.elf.size"
   text	   data	    bss	    dec	    hex	filename
  72764	   2768	  24496	 100028	  186bc	HP_only.elf
'Finished building: HP_only.elf.size'
' '
10:54:07 **** Incremental Build of configuration Debug for project HP_only ****
make pre-build main-build 
a9-linaro-pre-build-step
' '
make: Nothing to be done for 'main-build'.
10:56:58 **** Incremental Build of configuration Debug for project HP_only ****
make pre-build main-build 
a9-linaro-pre-build-step
' '
make: Nothing to be done for 'main-build'.
10:58:24 **** Incremental Build of configuration Debug for project HP_only ****
make pre-build main-build 
a9-linaro-pre-build-step
' '
make: Nothing to be done for 'main-build'.
11:08:13 **** Incremental Build of configuration Debug for project HP_only ****
make pre-build main-build 
a9-linaro-pre-build-step
' '
make: Nothing to be done for 'main-build'.
11:09:52 **** Incremental Build of configuration Debug for project HP_only ****
make pre-build main-build 
a9-linaro-pre-build-step
' '
make: Nothing to be done for 'main-build'.
