00:54:15 INFO  : Registering command handlers for SDK TCF services
00:54:15 INFO  : Launching XSCT server: xsct.bat -interactive D:\Sem_6\AELD\Labs\Midsem_Prep\ACP_only\ACP_only.sdk\temp_xsdb_launch_script.tcl
00:54:17 INFO  : XSCT server has started successfully.
00:54:17 INFO  : Successfully done setting XSCT server connection channel  
00:54:21 INFO  : Successfully done setting SDK workspace  
00:54:21 INFO  : Processing command line option -hwspec D:/Sem_6/AELD/Labs/Midsem_Prep/ACP_only/ACP_only.sdk/design_1_wrapper.hdf.
10:06:27 INFO  : Launching XSCT server: xsct.bat -interactive D:\Sem_6\AELD\Labs\Midsem_Prep\ACP_only\ACP_only.sdk\temp_xsdb_launch_script.tcl
10:06:29 INFO  : XSCT server has started successfully.
10:06:29 INFO  : Successfully done setting XSCT server connection channel  
10:06:29 INFO  : Successfully done setting SDK workspace  
10:06:34 INFO  : Registering command handlers for SDK TCF services
10:06:34 INFO  : Processing command line option -hwspec D:/Sem_6/AELD/Labs/Midsem_Prep/ACP_only/ACP_only.sdk/design_1_wrapper.hdf.
10:06:34 INFO  : Checking for hwspec changes in the project design_1_wrapper_hw_platform_0.
10:09:18 INFO  : Connected through redirection to target on host '192.168.226.142' and port '55507'.
10:09:18 INFO  : Jtag cable 'Digilent Zed 210248A39C7D' is selected.
10:09:18 INFO  : 'jtag frequency' command is executed.
10:09:18 INFO  : Sourcing of 'D:/Sem_6/AELD/Labs/Midsem_Prep/ACP_only/ACP_only.sdk/design_1_wrapper_hw_platform_0/ps7_init.tcl' is done.
10:09:18 INFO  : Context for 'APU' is selected.
10:09:19 INFO  : System reset is completed.
10:09:22 INFO  : 'after 3000' command is executed.
10:09:22 INFO  : 'targets -set -filter {jtag_cable_name =~ "Digilent Zed 210248A39C7D" && level==0} -index 1' command is executed.
10:09:24 INFO  : FPGA configured successfully with bitstream "D:/Sem_6/AELD/Labs/Midsem_Prep/ACP_only/ACP_only.sdk/design_1_wrapper_hw_platform_0/design_1_wrapper.bit"
10:09:24 INFO  : Context for 'APU' is selected.
10:09:24 INFO  : Hardware design information is loaded from 'D:/Sem_6/AELD/Labs/Midsem_Prep/ACP_only/ACP_only.sdk/design_1_wrapper_hw_platform_0/system.hdf'.
10:09:24 INFO  : 'configparams force-mem-access 1' command is executed.
10:09:24 INFO  : Context for 'APU' is selected.
10:09:27 INFO  : 'ps7_init' command is executed.
10:09:27 INFO  : 'ps7_post_config' command is executed.
10:09:27 INFO  : Context for processor 'ps7_cortexa9_0' is selected.
10:09:27 INFO  : The application 'D:/Sem_6/AELD/Labs/Midsem_Prep/ACP_only/ACP_only.sdk/ACP_only/Debug/ACP_only.elf' is downloaded to processor 'ps7_cortexa9_0'.
10:09:27 INFO  : 'configparams force-mem-access 0' command is executed.
10:09:27 INFO  : ----------------XSDB Script----------------
connect -path [list tcp::1534 tcp:192.168.226.142:55507]
source D:/Sem_6/AELD/Labs/Midsem_Prep/ACP_only/ACP_only.sdk/design_1_wrapper_hw_platform_0/ps7_init.tcl
targets -set -nocase -filter {name =~"APU*" && jtag_cable_name =~ "Digilent Zed 210248A39C7D"} -index 0
rst -system
after 3000
targets -set -filter {jtag_cable_name =~ "Digilent Zed 210248A39C7D" && level==0} -index 1
fpga -file D:/Sem_6/AELD/Labs/Midsem_Prep/ACP_only/ACP_only.sdk/design_1_wrapper_hw_platform_0/design_1_wrapper.bit
targets -set -nocase -filter {name =~"APU*" && jtag_cable_name =~ "Digilent Zed 210248A39C7D"} -index 0
loadhw -hw D:/Sem_6/AELD/Labs/Midsem_Prep/ACP_only/ACP_only.sdk/design_1_wrapper_hw_platform_0/system.hdf -mem-ranges [list {0x40000000 0xbfffffff}]
configparams force-mem-access 1
targets -set -nocase -filter {name =~"APU*" && jtag_cable_name =~ "Digilent Zed 210248A39C7D"} -index 0
ps7_init
ps7_post_config
targets -set -nocase -filter {name =~ "ARM*#0" && jtag_cable_name =~ "Digilent Zed 210248A39C7D"} -index 0
dow D:/Sem_6/AELD/Labs/Midsem_Prep/ACP_only/ACP_only.sdk/ACP_only/Debug/ACP_only.elf
configparams force-mem-access 0
----------------End of Script----------------

10:09:28 INFO  : Memory regions updated for context APU
10:09:28 INFO  : Context for processor 'ps7_cortexa9_0' is selected.
10:09:28 INFO  : 'con' command is executed.
10:09:28 INFO  : ----------------XSDB Script (After Launch)----------------
targets -set -nocase -filter {name =~ "ARM*#0" && jtag_cable_name =~ "Digilent Zed 210248A39C7D"} -index 0
con
----------------End of Script----------------

10:09:28 INFO  : Launch script is exported to file 'D:\Sem_6\AELD\Labs\Midsem_Prep\ACP_only\ACP_only.sdk\.sdk\launch_scripts\xilinx_c-c++_application_(system_debugger)\system_debugger_using_debug_acp_only.elf_on_zed.tcl'
10:10:42 INFO  : Refreshed build settings on project ACP_only
10:11:02 INFO  : Disconnected from the channel tcfchan#1.
10:11:03 INFO  : Connected through redirection to target on host '192.168.226.142' and port '55507'.
10:11:03 INFO  : Jtag cable 'Digilent Zed 210248A39C7D' is selected.
10:11:03 INFO  : 'jtag frequency' command is executed.
10:11:03 INFO  : Sourcing of 'D:/Sem_6/AELD/Labs/Midsem_Prep/ACP_only/ACP_only.sdk/design_1_wrapper_hw_platform_0/ps7_init.tcl' is done.
10:11:03 INFO  : Context for 'APU' is selected.
10:11:04 INFO  : System reset is completed.
10:11:07 INFO  : 'after 3000' command is executed.
10:11:07 INFO  : 'targets -set -filter {jtag_cable_name =~ "Digilent Zed 210248A39C7D" && level==0} -index 1' command is executed.
10:11:09 INFO  : FPGA configured successfully with bitstream "D:/Sem_6/AELD/Labs/Midsem_Prep/ACP_only/ACP_only.sdk/design_1_wrapper_hw_platform_0/design_1_wrapper.bit"
10:11:09 INFO  : Context for 'APU' is selected.
10:11:10 INFO  : Hardware design information is loaded from 'D:/Sem_6/AELD/Labs/Midsem_Prep/ACP_only/ACP_only.sdk/design_1_wrapper_hw_platform_0/system.hdf'.
10:11:10 INFO  : 'configparams force-mem-access 1' command is executed.
10:11:10 INFO  : Context for 'APU' is selected.
10:11:13 INFO  : 'ps7_init' command is executed.
10:11:13 INFO  : 'ps7_post_config' command is executed.
10:11:13 INFO  : Context for processor 'ps7_cortexa9_0' is selected.
10:11:14 INFO  : The application 'D:/Sem_6/AELD/Labs/Midsem_Prep/ACP_only/ACP_only.sdk/ACP_only/Debug/ACP_only.elf' is downloaded to processor 'ps7_cortexa9_0'.
10:11:14 INFO  : 'configparams force-mem-access 0' command is executed.
10:11:14 INFO  : ----------------XSDB Script----------------
connect -path [list tcp::1534 tcp:192.168.226.142:55507]
source D:/Sem_6/AELD/Labs/Midsem_Prep/ACP_only/ACP_only.sdk/design_1_wrapper_hw_platform_0/ps7_init.tcl
targets -set -nocase -filter {name =~"APU*" && jtag_cable_name =~ "Digilent Zed 210248A39C7D"} -index 0
rst -system
after 3000
targets -set -filter {jtag_cable_name =~ "Digilent Zed 210248A39C7D" && level==0} -index 1
fpga -file D:/Sem_6/AELD/Labs/Midsem_Prep/ACP_only/ACP_only.sdk/design_1_wrapper_hw_platform_0/design_1_wrapper.bit
targets -set -nocase -filter {name =~"APU*" && jtag_cable_name =~ "Digilent Zed 210248A39C7D"} -index 0
loadhw -hw D:/Sem_6/AELD/Labs/Midsem_Prep/ACP_only/ACP_only.sdk/design_1_wrapper_hw_platform_0/system.hdf -mem-ranges [list {0x40000000 0xbfffffff}]
configparams force-mem-access 1
targets -set -nocase -filter {name =~"APU*" && jtag_cable_name =~ "Digilent Zed 210248A39C7D"} -index 0
ps7_init
ps7_post_config
targets -set -nocase -filter {name =~ "ARM*#0" && jtag_cable_name =~ "Digilent Zed 210248A39C7D"} -index 0
dow D:/Sem_6/AELD/Labs/Midsem_Prep/ACP_only/ACP_only.sdk/ACP_only/Debug/ACP_only.elf
configparams force-mem-access 0
----------------End of Script----------------

10:11:14 INFO  : Memory regions updated for context APU
10:11:14 INFO  : Context for processor 'ps7_cortexa9_0' is selected.
10:11:14 INFO  : 'con' command is executed.
10:11:14 INFO  : ----------------XSDB Script (After Launch)----------------
targets -set -nocase -filter {name =~ "ARM*#0" && jtag_cable_name =~ "Digilent Zed 210248A39C7D"} -index 0
con
----------------End of Script----------------

10:11:14 INFO  : Launch script is exported to file 'D:\Sem_6\AELD\Labs\Midsem_Prep\ACP_only\ACP_only.sdk\.sdk\launch_scripts\xilinx_c-c++_application_(system_debugger)\system_debugger_using_debug_acp_only.elf_on_zed.tcl'
10:15:17 WARN  : channel "tcfchan#2" closed
19:05:22 INFO  : Registering command handlers for SDK TCF services
19:05:23 INFO  : Launching XSCT server: xsct.bat -interactive D:\Sem_6\AELD\Labs\Midsem_Prep\ACP_only\ACP_only.sdk\temp_xsdb_launch_script.tcl
19:05:28 INFO  : XSCT server has started successfully.
19:05:28 INFO  : Successfully done setting XSCT server connection channel  
19:05:34 INFO  : Successfully done setting SDK workspace  
19:05:34 INFO  : Processing command line option -hwspec D:/Sem_6/AELD/Labs/Midsem_Prep/ACP_only/ACP_only.sdk/design_1_wrapper.hdf.
19:05:34 INFO  : Checking for hwspec changes in the project design_1_wrapper_hw_platform_0.
19:05:41 INFO  : SDK has detected change in the last modified timestamps for source hardware specification file Source:1740231157256,  Project:1740078924958
19:05:41 INFO  : The hardware specification for project 'design_1_wrapper_hw_platform_0' is different from D:/Sem_6/AELD/Labs/Midsem_Prep/ACP_only/ACP_only.sdk/design_1_wrapper.hdf.
19:05:41 INFO  : Copied contents of D:/Sem_6/AELD/Labs/Midsem_Prep/ACP_only/ACP_only.sdk/design_1_wrapper.hdf into \design_1_wrapper_hw_platform_0\system.hdf.
19:05:48 INFO  : Synchronizing projects in the workspace with the hardware platform specification changes.
19:05:53 INFO  : 
19:05:54 INFO  : Updating hardware inferred compiler options for ACP_only.
19:05:54 INFO  : Clearing existing target manager status.
19:16:20 INFO  : Connected through redirection to target on host '192.168.226.142' and port '58217'.
19:16:22 INFO  : Jtag cable 'Digilent Zed 210248A39C95' is selected.
19:16:22 INFO  : 'jtag frequency' command is executed.
19:16:22 INFO  : 'set bp_16_21_0 [bpadd -target-id all -ct-input {0} -ct-output {24 25 26 27}]' command is executed.
19:16:22 INFO  : 'set bp_16_21_1 [bpadd -target-id all -ct-input {24 25 26 27} -ct-output {0}]' command is executed.
19:16:23 INFO  : Sourcing of 'D:/Sem_6/AELD/Labs/Midsem_Prep/ACP_only/ACP_only.sdk/design_1_wrapper_hw_platform_0/ps7_init.tcl' is done.
19:16:23 INFO  : Context for 'APU' is selected.
19:16:27 INFO  : System reset is completed.
19:16:30 INFO  : 'after 3000' command is executed.
19:16:30 INFO  : 'targets -set -filter {jtag_cable_name =~ "Digilent Zed 210248A39C95" && level==0} -index 1' command is executed.
19:16:38 INFO  : FPGA configured successfully with bitstream "D:/Sem_6/AELD/Labs/Midsem_Prep/ACP_only/ACP_only.sdk/design_1_wrapper_hw_platform_0/design_1_wrapper.bit"
19:16:39 INFO  : Context for 'APU' is selected.
19:16:40 INFO  : Hardware design information is loaded from 'D:/Sem_6/AELD/Labs/Midsem_Prep/ACP_only/ACP_only.sdk/design_1_wrapper_hw_platform_0/system.hdf'.
19:16:41 INFO  : 'configparams force-mem-access 1' command is executed.
19:16:41 INFO  : Context for 'APU' is selected.
19:17:17 INFO  : 'ps7_init' command is executed.
19:17:18 INFO  : 'ps7_post_config' command is executed.
19:17:19 INFO  : Context for processor 'ps7_cortexa9_0' is selected.
19:17:20 INFO  : The application 'D:/Sem_6/AELD/Labs/Midsem_Prep/ACP_only/ACP_only.sdk/ACP_only/Debug/ACP_only.elf' is downloaded to processor 'ps7_cortexa9_0'.
19:17:21 INFO  : 'configparams force-mem-access 0' command is executed.
19:17:21 INFO  : ----------------XSDB Script----------------
connect -path [list tcp::1534 tcp:192.168.226.142:58217]
set bp_16_21_0 [bpadd -target-id all -ct-input {0} -ct-output {24 25 26 27}]
set bp_16_21_1 [bpadd -target-id all -ct-input {24 25 26 27} -ct-output {0}]
source D:/Sem_6/AELD/Labs/Midsem_Prep/ACP_only/ACP_only.sdk/design_1_wrapper_hw_platform_0/ps7_init.tcl
targets -set -nocase -filter {name =~"APU*" && jtag_cable_name =~ "Digilent Zed 210248A39C95"} -index 0
rst -system
after 3000
targets -set -filter {jtag_cable_name =~ "Digilent Zed 210248A39C95" && level==0} -index 1
fpga -file D:/Sem_6/AELD/Labs/Midsem_Prep/ACP_only/ACP_only.sdk/design_1_wrapper_hw_platform_0/design_1_wrapper.bit
targets -set -nocase -filter {name =~"APU*" && jtag_cable_name =~ "Digilent Zed 210248A39C95"} -index 0
loadhw -hw D:/Sem_6/AELD/Labs/Midsem_Prep/ACP_only/ACP_only.sdk/design_1_wrapper_hw_platform_0/system.hdf -mem-ranges [list {0x40000000 0xbfffffff}]
configparams force-mem-access 1
targets -set -nocase -filter {name =~"APU*" && jtag_cable_name =~ "Digilent Zed 210248A39C95"} -index 0
ps7_init
ps7_post_config
targets -set -nocase -filter {name =~ "ARM*#0" && jtag_cable_name =~ "Digilent Zed 210248A39C95"} -index 0
dow D:/Sem_6/AELD/Labs/Midsem_Prep/ACP_only/ACP_only.sdk/ACP_only/Debug/ACP_only.elf
configparams force-mem-access 0
----------------End of Script----------------

19:17:22 INFO  : Memory regions updated for context APU
19:17:22 INFO  : Context for processor 'ps7_cortexa9_0' is selected.
19:17:22 INFO  : 'con' command is executed.
19:17:22 INFO  : ----------------XSDB Script (After Launch)----------------
targets -set -nocase -filter {name =~ "ARM*#0" && jtag_cable_name =~ "Digilent Zed 210248A39C95"} -index 0
con
----------------End of Script----------------

19:17:22 INFO  : Launch script is exported to file 'D:\Sem_6\AELD\Labs\Midsem_Prep\ACP_only\ACP_only.sdk\.sdk\launch_scripts\xilinx_c-c++_application_(system_debugger)\system_debugger_using_debug_acp_only.elf_on_zed.tcl'
19:30:13 WARN  : channel "tcfchan#1" closed
19:30:13 ERROR : channel "tcfchan#1" closed
19:31:31 INFO  : Connected through redirection to target on host '192.168.226.142' and port '58314'.
19:31:33 INFO  : Jtag cable 'Digilent Zed 210248A39C95' is selected.
19:31:33 INFO  : 'jtag frequency' command is executed.
19:31:34 INFO  : 'set bp_31_32_0 [bpadd -target-id all -ct-input {0} -ct-output {24 25 26 27}]' command is executed.
19:31:34 INFO  : 'set bp_31_32_1 [bpadd -target-id all -ct-input {24 25 26 27} -ct-output {0}]' command is executed.
19:31:34 INFO  : Sourcing of 'D:/Sem_6/AELD/Labs/Midsem_Prep/ACP_only/ACP_only.sdk/design_1_wrapper_hw_platform_0/ps7_init.tcl' is done.
19:31:34 INFO  : Context for 'APU' is selected.
19:31:38 INFO  : System reset is completed.
19:31:41 INFO  : 'after 3000' command is executed.
19:31:41 INFO  : 'targets -set -filter {jtag_cable_name =~ "Digilent Zed 210248A39C95" && level==0} -index 1' command is executed.
19:32:08 INFO  : FPGA configured successfully with bitstream "D:/Sem_6/AELD/Labs/Midsem_Prep/ACP_only/ACP_only.sdk/design_1_wrapper_hw_platform_0/design_1_wrapper.bit"
19:32:09 INFO  : Context for 'APU' is selected.
19:32:10 INFO  : Hardware design information is loaded from 'D:/Sem_6/AELD/Labs/Midsem_Prep/ACP_only/ACP_only.sdk/design_1_wrapper_hw_platform_0/system.hdf'.
19:32:11 INFO  : 'configparams force-mem-access 1' command is executed.
19:32:11 INFO  : Context for 'APU' is selected.
19:33:15 INFO  : 'ps7_init' command is executed.
19:33:16 INFO  : 'ps7_post_config' command is executed.
19:33:16 INFO  : Context for processor 'ps7_cortexa9_0' is selected.
19:33:17 INFO  : The application 'D:/Sem_6/AELD/Labs/Midsem_Prep/ACP_only/ACP_only.sdk/ACP_only/Debug/ACP_only.elf' is downloaded to processor 'ps7_cortexa9_0'.
19:33:17 INFO  : 'configparams force-mem-access 0' command is executed.
19:33:17 INFO  : ----------------XSDB Script----------------
connect -path [list tcp::1534 tcp:192.168.226.142:58314]
set bp_31_32_0 [bpadd -target-id all -ct-input {0} -ct-output {24 25 26 27}]
set bp_31_32_1 [bpadd -target-id all -ct-input {24 25 26 27} -ct-output {0}]
source D:/Sem_6/AELD/Labs/Midsem_Prep/ACP_only/ACP_only.sdk/design_1_wrapper_hw_platform_0/ps7_init.tcl
targets -set -nocase -filter {name =~"APU*" && jtag_cable_name =~ "Digilent Zed 210248A39C95"} -index 0
rst -system
after 3000
targets -set -filter {jtag_cable_name =~ "Digilent Zed 210248A39C95" && level==0} -index 1
fpga -file D:/Sem_6/AELD/Labs/Midsem_Prep/ACP_only/ACP_only.sdk/design_1_wrapper_hw_platform_0/design_1_wrapper.bit
targets -set -nocase -filter {name =~"APU*" && jtag_cable_name =~ "Digilent Zed 210248A39C95"} -index 0
loadhw -hw D:/Sem_6/AELD/Labs/Midsem_Prep/ACP_only/ACP_only.sdk/design_1_wrapper_hw_platform_0/system.hdf -mem-ranges [list {0x40000000 0xbfffffff}]
configparams force-mem-access 1
targets -set -nocase -filter {name =~"APU*" && jtag_cable_name =~ "Digilent Zed 210248A39C95"} -index 0
ps7_init
ps7_post_config
targets -set -nocase -filter {name =~ "ARM*#0" && jtag_cable_name =~ "Digilent Zed 210248A39C95"} -index 0
dow D:/Sem_6/AELD/Labs/Midsem_Prep/ACP_only/ACP_only.sdk/ACP_only/Debug/ACP_only.elf
configparams force-mem-access 0
----------------End of Script----------------

19:33:19 INFO  : Memory regions updated for context APU
19:33:19 INFO  : Context for processor 'ps7_cortexa9_0' is selected.
19:33:19 INFO  : 'con' command is executed.
19:33:19 INFO  : ----------------XSDB Script (After Launch)----------------
targets -set -nocase -filter {name =~ "ARM*#0" && jtag_cable_name =~ "Digilent Zed 210248A39C95"} -index 0
con
----------------End of Script----------------

19:33:19 INFO  : Launch script is exported to file 'D:\Sem_6\AELD\Labs\Midsem_Prep\ACP_only\ACP_only.sdk\.sdk\launch_scripts\xilinx_c-c++_application_(system_debugger)\system_debugger_using_debug_acp_only.elf_on_zed.tcl'
19:34:34 INFO  : Disconnected from the channel tcfchan#2.
19:34:34 INFO  : 'bpremove $bp_31_32_0' command is executed.
19:34:34 INFO  : 'bpremove $bp_31_32_1' command is executed.
00:19:48 INFO  : Launching XSCT server: xsct.bat -interactive D:\Sem_6\AELD\Labs\Midsem_Prep\ACP_only\ACP_only.sdk\temp_xsdb_launch_script.tcl
00:19:48 INFO  : Registering command handlers for SDK TCF services
00:19:51 INFO  : XSCT server has started successfully.
00:19:51 INFO  : Successfully done setting XSCT server connection channel  
00:19:51 INFO  : Successfully done setting SDK workspace  
00:19:51 INFO  : Processing command line option -hwspec D:/Sem_6/AELD/Labs/Midsem_Prep/ACP_only/ACP_only.sdk/design_1_wrapper.hdf.
00:19:51 INFO  : Checking for hwspec changes in the project design_1_wrapper_hw_platform_0.
