==============================================================
Vivado(TM) HLS - High-Level Synthesis from C, C++ and SystemC v2019.1 (64-bit)
Copyright 1986-2019 Xilinx, Inc. All Rights Reserved.
==============================================================
INFO: [SYN 201-201] Setting up clock 'default' with a period of 10ns.
INFO: [HLS 200-10] Setting target device to 'xc7z020-clg484-1'
INFO: [SIM 211-2] *************** CSIM start ***************
INFO: [SIM 211-4] CSIM will launch GCC as the compiler.
ERROR: [SIM 211-100] 'csim_design' failed: compilation error(s).
INFO: [SIM 211-3] *************** CSIM finish ***************
==============================================================
Vivado(TM) HLS - High-Level Synthesis from C, C++ and SystemC v2019.1 (64-bit)
Copyright 1986-2019 Xilinx, Inc. All Rights Reserved.
==============================================================
INFO: [SYN 201-201] Setting up clock 'default' with a period of 10ns.
INFO: [HLS 200-10] Setting target device to 'xc7z020-clg484-1'
INFO: [SIM 211-2] *************** CSIM start ***************
INFO: [SIM 211-4] CSIM will launch GCC as the compiler.
ERROR: [SIM 211-100] 'csim_design' failed: compilation error(s).
INFO: [SIM 211-3] *************** CSIM finish ***************
==============================================================
Vivado(TM) HLS - High-Level Synthesis from C, C++ and SystemC v2019.1 (64-bit)
Copyright 1986-2019 Xilinx, Inc. All Rights Reserved.
==============================================================
INFO: [SYN 201-201] Setting up clock 'default' with a period of 10ns.
INFO: [HLS 200-10] Setting target device to 'xc7z020-clg484-1'
INFO: [SIM 211-2] *************** CSIM start ***************
INFO: [SIM 211-4] CSIM will launch GCC as the compiler.
ERROR: [SIM 211-100] 'csim_design' failed: compilation error(s).
INFO: [SIM 211-3] *************** CSIM finish ***************
==============================================================
Vivado(TM) HLS - High-Level Synthesis from C, C++ and SystemC v2019.1 (64-bit)
Copyright 1986-2019 Xilinx, Inc. All Rights Reserved.
==============================================================
INFO: [SYN 201-201] Setting up clock 'default' with a period of 10ns.
INFO: [HLS 200-10] Setting target device to 'xc7z020-clg484-1'
INFO: [SIM 211-2] *************** CSIM start ***************
INFO: [SIM 211-4] CSIM will launch GCC as the compiler.
ERROR: [SIM 211-100] 'csim_design' failed: compilation error(s).
INFO: [SIM 211-3] *************** CSIM finish ***************
==============================================================
Vivado(TM) HLS - High-Level Synthesis from C, C++ and SystemC v2019.1 (64-bit)
Copyright 1986-2019 Xilinx, Inc. All Rights Reserved.
==============================================================
INFO: [SYN 201-201] Setting up clock 'default' with a period of 10ns.
INFO: [HLS 200-10] Setting target device to 'xc7z020-clg484-1'
INFO: [SIM 211-2] *************** CSIM start ***************
INFO: [SIM 211-4] CSIM will launch GCC as the compiler.
ERROR: [SIM 211-100] 'csim_design' failed: nonzero return value.
INFO: [SIM 211-3] *************** CSIM finish ***************
==============================================================
Vivado(TM) HLS - High-Level Synthesis from C, C++ and SystemC v2019.1 (64-bit)
Copyright 1986-2019 Xilinx, Inc. All Rights Reserved.
==============================================================
INFO: [SYN 201-201] Setting up clock 'default' with a period of 10ns.
INFO: [HLS 200-10] Setting target device to 'xc7z020-clg484-1'
INFO: [SIM 211-2] *************** CSIM start ***************
INFO: [SIM 211-4] CSIM will launch GCC as the compiler.
INFO: [SIM 211-1] CSim done with 0 errors.
INFO: [SIM 211-3] *************** CSIM finish ***************
==============================================================
Vivado(TM) HLS - High-Level Synthesis from C, C++ and SystemC v2019.1 (64-bit)
Copyright 1986-2019 Xilinx, Inc. All Rights Reserved.
==============================================================
INFO: [SYN 201-201] Setting up clock 'default' with a period of 10ns.
INFO: [HLS 200-10] Setting target device to 'xc7z020-clg484-1'
INFO: [SYN 201-201] Setting up clock 'default' with a period of 10ns.
INFO: [SCHED 204-61] Option 'relax_ii_for_timing' is enabled, will increase II to preserve clock frequency constraints.
INFO: [HLS 200-10] Analyzing design file 'Lab_7_MM_HLS/matrixmul.cpp' ... 
ERROR: [HLS 200-70] Compilation errors found: In file included from Lab_7_MM_HLS/matrixmul.cpp:1:
Lab_7_MM_HLS/matrixmul.cpp:154:2: error: use of undeclared identifier 'memcpy'
 memcpy(Inarray_AB, (const Mat_Dtype*)Matrix_In, 2*8*8*sizeof(Mat_Dtype));
 ^
Lab_7_MM_HLS/matrixmul.cpp:191:2: error: use of undeclared identifier 'memcpy'
 memcpy((Mat_Dtype *)Matrix_C_HW, Outarray_C , 8*8*sizeof(Mat_Dtype));
 ^
2 errors generated.
==============================================================
Vivado(TM) HLS - High-Level Synthesis from C, C++ and SystemC v2019.1 (64-bit)
Copyright 1986-2019 Xilinx, Inc. All Rights Reserved.
==============================================================
INFO: [SYN 201-201] Setting up clock 'default' with a period of 10ns.
INFO: [HLS 200-10] Setting target device to 'xc7z020-clg484-1'
INFO: [SCHED 204-61] Option 'relax_ii_for_timing' is enabled, will increase II to preserve clock frequency constraints.
INFO: [HLS 200-10] Analyzing design file 'Lab_7_MM_HLS/matrixmul.cpp' ... 
INFO: [HLS 200-111] Finished Linking Time (s): cpu = 00:00:01 ; elapsed = 00:00:08 . Memory (MB): peak = 184.938 ; gain = 94.527
INFO: [HLS 200-111] Finished Checking Pragmas Time (s): cpu = 00:00:01 ; elapsed = 00:00:08 . Memory (MB): peak = 184.938 ; gain = 94.527
INFO: [HLS 200-10] Starting code transformations ...
ERROR: [SYNCHK 200-79] Cannot find the top function 'matrixmul_3' in the design. Possible causes are: (1) the top function name is misspelled; (2) the top function is nonexistent or declared as static.
ERROR: [HLS 200-70] Synthesizability check failed.
==============================================================
Vivado(TM) HLS - High-Level Synthesis from C, C++ and SystemC v2019.1 (64-bit)
Copyright 1986-2019 Xilinx, Inc. All Rights Reserved.
==============================================================
INFO: [SYN 201-201] Setting up clock 'default' with a period of 10ns.
INFO: [HLS 200-10] Setting target device to 'xc7z020-clg484-1'
INFO: [SCHED 204-61] Option 'relax_ii_for_timing' is enabled, will increase II to preserve clock frequency constraints.
INFO: [HLS 200-10] Analyzing design file 'Lab_7_MM_HLS/matrixmul.cpp' ... 
ERROR: [HLS 200-70] Compilation errors found: In file included from Lab_7_MM_HLS/matrixmul.cpp:1:
Lab_7_MM_HLS/matrixmul.cpp:154:2: error: use of undeclared identifier 'memcpy'
 memcpy(Inarray_AB, (const Mat_Dtype*)Matrix_In, 2*8*8*sizeof(Mat_Dtype));
 ^
Lab_7_MM_HLS/matrixmul.cpp:191:2: error: use of undeclared identifier 'memcpy'
 memcpy((Mat_Dtype *)Matrix_C_HW, Outarray_C , 8*8*sizeof(Mat_Dtype));
 ^
2 errors generated.
==============================================================
Vivado(TM) HLS - High-Level Synthesis from C, C++ and SystemC v2019.1 (64-bit)
Copyright 1986-2019 Xilinx, Inc. All Rights Reserved.
==============================================================
INFO: [SYN 201-201] Setting up clock 'default' with a period of 10ns.
INFO: [HLS 200-10] Setting target device to 'xc7z020-clg484-1'
INFO: [SCHED 204-61] Option 'relax_ii_for_timing' is enabled, will increase II to preserve clock frequency constraints.
INFO: [HLS 200-10] Analyzing design file 'Lab_7_MM_HLS/matrixmul.cpp' ... 
INFO: [HLS 200-111] Finished Linking Time (s): cpu = 00:00:01 ; elapsed = 00:00:06 . Memory (MB): peak = 184.773 ; gain = 94.570
INFO: [HLS 200-111] Finished Checking Pragmas Time (s): cpu = 00:00:01 ; elapsed = 00:00:06 . Memory (MB): peak = 184.773 ; gain = 94.570
INFO: [HLS 200-10] Starting code transformations ...
ERROR: [SYNCHK 200-79] Cannot find the top function 'matrixmul_3' in the design. Possible causes are: (1) the top function name is misspelled; (2) the top function is nonexistent or declared as static.
ERROR: [HLS 200-70] Synthesizability check failed.
==============================================================
Vivado(TM) HLS - High-Level Synthesis from C, C++ and SystemC v2019.1 (64-bit)
Copyright 1986-2019 Xilinx, Inc. All Rights Reserved.
==============================================================
INFO: [SYN 201-201] Setting up clock 'default' with a period of 10ns.
INFO: [HLS 200-10] Setting target device to 'xc7z020-clg484-1'
INFO: [SYN 201-201] Setting up clock 'default' with a period of 10ns.
INFO: [SCHED 204-61] Option 'relax_ii_for_timing' is enabled, will increase II to preserve clock frequency constraints.
INFO: [HLS 200-10] Analyzing design file 'Lab_7_MM_HLS/matrixmul.cpp' ... 
INFO: [HLS 200-111] Finished Linking Time (s): cpu = 00:00:01 ; elapsed = 00:00:06 . Memory (MB): peak = 184.578 ; gain = 94.312
INFO: [HLS 200-111] Finished Checking Pragmas Time (s): cpu = 00:00:01 ; elapsed = 00:00:06 . Memory (MB): peak = 184.578 ; gain = 94.312
INFO: [HLS 200-10] Starting code transformations ...
INFO: [HLS 200-111] Finished Standard Transforms Time (s): cpu = 00:00:01 ; elapsed = 00:00:06 . Memory (MB): peak = 184.578 ; gain = 94.312
INFO: [HLS 200-10] Checking synthesizability ...
INFO: [HLS 200-111] Finished Checking Synthesizability Time (s): cpu = 00:00:01 ; elapsed = 00:00:06 . Memory (MB): peak = 184.578 ; gain = 94.312
INFO: [XFORM 203-502] Unrolling all sub-loops inside loop 'loop2_col' (Lab_7_MM_HLS/matrixmul.cpp:179) in function 'matmul_MM_SP' for pipelining.
INFO: [HLS 200-489] Unrolling loop 'loop3_MAC' (Lab_7_MM_HLS/matrixmul.cpp:182) in function 'matmul_MM_SP' completely with a factor of 8.
INFO: [XFORM 203-101] Partitioning array 'In_A' (Lab_7_MM_HLS/matrixmul.cpp:146) in dimension 2 completely.
INFO: [XFORM 203-101] Partitioning array 'In_B' (Lab_7_MM_HLS/matrixmul.cpp:148) in dimension 1 completely.
INFO: [HLS 200-111] Finished Pre-synthesis Time (s): cpu = 00:00:01 ; elapsed = 00:00:06 . Memory (MB): peak = 184.578 ; gain = 94.312
INFO: [XFORM 203-541] Flattening a loop nest 'loop1_A1' (Lab_7_MM_HLS/matrixmul.cpp:158:43) in function 'matmul_MM_SP'.
INFO: [XFORM 203-541] Flattening a loop nest 'loop1_B1' (Lab_7_MM_HLS/matrixmul.cpp:167:43) in function 'matmul_MM_SP'.
INFO: [XFORM 203-541] Flattening a loop nest 'loop1_row' (Lab_7_MM_HLS/matrixmul.cpp:178:44) in function 'matmul_MM_SP'.
WARNING: [HLS 200-466] Port 'Matrix_C_HW'() has different latency/depth on the same m_axi bundle:'gmem'
INFO: [HLS 200-444] Inferring multiple bus burst read of a total cumulative length 128 on port 'gmem' (Lab_7_MM_HLS/matrixmul.cpp:154:2). These data requests might be further partitioned to multiple requests during RTL generation, based on max_read_burst_length or max_write_burst_length settings.
INFO: [HLS 200-444] Inferring multiple bus burst write of a total cumulative length 64 on port 'gmem' (Lab_7_MM_HLS/matrixmul.cpp:191:2). These data requests might be further partitioned to multiple requests during RTL generation, based on max_read_burst_length or max_write_burst_length settings.
INFO: [HLS 200-111] Finished Architecture Synthesis Time (s): cpu = 00:00:01 ; elapsed = 00:00:07 . Memory (MB): peak = 184.578 ; gain = 94.312
INFO: [HLS 200-10] Starting hardware synthesis ...
INFO: [HLS 200-10] Synthesizing 'matmul_MM_SP' ...
INFO: [HLS 200-10] ----------------------------------------------------------------
INFO: [HLS 200-42] -- Implementing module 'matmul_MM_SP' 
INFO: [HLS 200-10] ----------------------------------------------------------------
INFO: [SCHED 204-11] Starting scheduling ...
INFO: [SCHED 204-61] Pipelining loop 'memcpy.Inarray_AB.Matrix_In'.
INFO: [SCHED 204-61] Pipelining result : Target II = 1, Final II = 1, Depth = 3.
INFO: [SCHED 204-61] Pipelining loop 'loop1_A1_loop2_A2'.
INFO: [SCHED 204-61] Pipelining result : Target II = 1, Final II = 1, Depth = 2.
INFO: [SCHED 204-61] Pipelining loop 'loop1_B1_loop2_B2'.
INFO: [SCHED 204-61] Pipelining result : Target II = 1, Final II = 1, Depth = 2.
INFO: [SCHED 204-61] Pipelining loop 'loop1_row_loop2_col'.
INFO: [SCHED 204-61] Pipelining result : Target II = 1, Final II = 1, Depth = 46.
INFO: [SCHED 204-61] Pipelining loop 'memcpy.Matrix_C_HW.Outarray_C.gep'.
INFO: [SCHED 204-61] Pipelining result : Target II = 1, Final II = 1, Depth = 3.
INFO: [SCHED 204-11] Finished scheduling.
INFO: [HLS 200-111]  Elapsed time: 7.03 seconds; current allocated memory: 103.492 MB.
INFO: [BIND 205-100] Starting micro-architecture generation ...
INFO: [BIND 205-101] Performing variable lifetime analysis.
INFO: [BIND 205-101] Exploring resource sharing.
INFO: [BIND 205-101] Binding ...
INFO: [BIND 205-100] Finished micro-architecture generation.
INFO: [HLS 200-111]  Elapsed time: 0.188 seconds; current allocated memory: 104.696 MB.
INFO: [HLS 200-10] ----------------------------------------------------------------
INFO: [HLS 200-10] -- Generating RTL for module 'matmul_MM_SP' 
INFO: [HLS 200-10] ----------------------------------------------------------------
INFO: [RTGEN 206-500] Setting interface mode on port 'matmul_MM_SP/gmem' to 'm_axi'.
INFO: [RTGEN 206-500] Setting interface mode on port 'matmul_MM_SP/Matrix_In' to 's_axilite & ap_none'.
INFO: [RTGEN 206-500] Setting interface mode on port 'matmul_MM_SP/Matrix_C_HW' to 's_axilite & ap_none'.
INFO: [RTGEN 206-500] Setting interface mode on function 'matmul_MM_SP' to 's_axilite & ap_ctrl_hs'.
INFO: [RTGEN 206-100] Bundling port 'return' and 'Matrix_C_HW' to AXI-Lite port AXILiteS.
INFO: [SYN 201-210] Renamed object name 'matmul_MM_SP_Inarray_AB' to 'matmul_MM_SP_Inarbkb' due to the length limit 20
INFO: [SYN 201-210] Renamed object name 'matmul_MM_SP_Outarray_C' to 'matmul_MM_SP_Outacud' due to the length limit 20
INFO: [SYN 201-210] Renamed object name 'matmul_MM_SP_fadd_32ns_32ns_32_5_full_dsp_1' to 'matmul_MM_SP_fadddEe' due to the length limit 20
INFO: [SYN 201-210] Renamed object name 'matmul_MM_SP_fmul_32ns_32ns_32_4_max_dsp_1' to 'matmul_MM_SP_fmuleOg' due to the length limit 20
INFO: [RTGEN 206-100] Generating core module 'matmul_MM_SP_fadddEe': 8 instance(s).
INFO: [RTGEN 206-100] Generating core module 'matmul_MM_SP_fmuleOg': 8 instance(s).
INFO: [RTGEN 206-100] Finished creating RTL model for 'matmul_MM_SP'.
INFO: [HLS 200-111]  Elapsed time: 0.374 seconds; current allocated memory: 107.640 MB.
INFO: [RTMG 210-278] Implementing memory 'matmul_MM_SP_Inarbkb_ram (RAM)' using block RAMs.
INFO: [RTMG 210-278] Implementing memory 'matmul_MM_SP_Outacud_ram (RAM)' using block RAMs.
INFO: [RTMG 210-278] Implementing memory 'matmul_MM_SP_In_A_0_ram (RAM)' using distributed RAMs.
INFO: [HLS 200-111] Finished generating all RTL models Time (s): cpu = 00:00:03 ; elapsed = 00:00:09 . Memory (MB): peak = 184.578 ; gain = 94.312
INFO: [VHDL 208-304] Generating VHDL RTL for matmul_MM_SP.
INFO: [VLOG 209-307] Generating Verilog RTL for matmul_MM_SP.
INFO: [HLS 200-112] Total elapsed time: 9.477 seconds; peak allocated memory: 107.640 MB.
==============================================================
Vivado(TM) HLS - High-Level Synthesis from C, C++ and SystemC v2019.1 (64-bit)
Copyright 1986-2019 Xilinx, Inc. All Rights Reserved.
==============================================================
INFO: [SYN 201-201] Setting up clock 'default' with a period of 10ns.
INFO: [HLS 200-10] Setting target device to 'xc7z020-clg484-1'
INFO: [COSIM 212-47] Using XSIM for RTL simulation.
INFO: [COSIM 212-14] Instrumenting C test bench ...
WARNING: [COSIM 212-369] AXI_master port 'Matrix_In' has a depth of '128'. Insufficient depth may result in simulation mismatch or freeze.
WARNING: [COSIM 212-369] AXI_master port 'Matrix_C_HW' has a depth of '64'. Insufficient depth may result in simulation mismatch or freeze.
INFO: [COSIM 212-302] Starting C TB testing ... 
INFO: [COSIM 212-333] Generating C post check test bench ...
INFO: [COSIM 212-12] Generating RTL test bench ...
INFO: [COSIM 212-1] *** C/RTL co-simulation file generation completed. ***
INFO: [COSIM 212-323] Starting verilog simulation. 
INFO: [COSIM 212-15] Starting XSIM ...
INFO: [COSIM 212-316] Starting C post checking ...
INFO: [COSIM 212-1000] *** C/RTL co-simulation finished: PASS ***
INFO: [COSIM 212-211] II is measurable only when transaction number is greater than 1 in RTL simulation. Otherwise, they will be marked as all NA. If user wants to calculate them, please make sure there are at least 2 transactions in RTL simulation.
==============================================================
Vivado(TM) HLS - High-Level Synthesis from C, C++ and SystemC v2019.1 (64-bit)
Copyright 1986-2019 Xilinx, Inc. All Rights Reserved.
==============================================================
INFO: [SYN 201-201] Setting up clock 'default' with a period of 10ns.
INFO: [HLS 200-10] Setting target device to 'xc7z020-clg484-1'
INFO: [IMPL 213-8] Exporting RTL as a Vivado IP.
