

================================================================
== Vivado HLS Report for 'matmul_MM_SP'
================================================================
* Date:           Mon Apr  7 22:09:55 2025

* Version:        2019.1 (Build 2552052 on Fri May 24 15:28:33 MDT 2019)
* Project:        Lab_8_HLS
* Solution:       solution4
* Product family: zynq
* Target device:  xc7z020-clg484-1


================================================================
== Performance Estimates
================================================================
+ Timing (ns): 
    * Summary: 
    +--------+-------+----------+------------+
    |  Clock | Target| Estimated| Uncertainty|
    +--------+-------+----------+------------+
    |ap_clk  |  10.00|     8.750|        1.25|
    +--------+-------+----------+------------+

+ Latency (clock cycles): 
    * Summary: 
    +-----+-----+-----+-----+---------+
    |  Latency  |  Interval | Pipeline|
    | min | max | min | max |   Type  |
    +-----+-----+-----+-----+---------+
    |  451|  451|  451|  451|   none  |
    +-----+-----+-----+-----+---------+

    + Detail: 
        * Instance: 
        N/A

        * Loop: 
        +-------------------------------------+-----+-----+----------+-----------+-----------+------+----------+
        |                                     |  Latency  | Iteration|  Initiation Interval  | Trip |          |
        |              Loop Name              | min | max |  Latency |  achieved |   target  | Count| Pipelined|
        +-------------------------------------+-----+-----+----------+-----------+-----------+------+----------+
        |- memcpy.Inarray_AB.Matrix_In        |  129|  129|         3|          1|          1|   128|    yes   |
        |- loop1_A1_loop2_A2                  |   64|   64|         2|          1|          1|    64|    yes   |
        |- loop1_B1_loop2_B2                  |   64|   64|         2|          1|          1|    64|    yes   |
        |- loop1_row_loop2_col                |  108|  108|        46|          1|          1|    64|    yes   |
        |- memcpy.Matrix_C_HW.Outarray_C.gep  |   65|   65|         3|          1|          1|    64|    yes   |
        +-------------------------------------+-----+-----+----------+-----------+-----------+------+----------+



================================================================
== Utilization Estimates
================================================================
* Summary: 
+-----------------+---------+-------+--------+-------+-----+
|       Name      | BRAM_18K| DSP48E|   FF   |  LUT  | URAM|
+-----------------+---------+-------+--------+-------+-----+
|DSP              |        -|      -|       -|      -|    -|
|Expression       |        -|      -|       0|    429|    -|
|FIFO             |        -|      -|       -|      -|    -|
|Instance         |        2|     40|    3408|   6436|    -|
|Memory           |        2|      -|    1024|     64|    0|
|Multiplexer      |        -|      -|       -|    703|    -|
|Register         |        0|      -|    1164|    224|    -|
+-----------------+---------+-------+--------+-------+-----+
|Total            |        4|     40|    5596|   7856|    0|
+-----------------+---------+-------+--------+-------+-----+
|Available        |      280|    220|  106400|  53200|    0|
+-----------------+---------+-------+--------+-------+-----+
|Utilization (%)  |        1|     18|       5|     14|    0|
+-----------------+---------+-------+--------+-------+-----+

+ Detail: 
    * Instance: 
    +-------------------------------+-----------------------------+---------+-------+-----+-----+-----+
    |            Instance           |            Module           | BRAM_18K| DSP48E|  FF | LUT | URAM|
    +-------------------------------+-----------------------------+---------+-------+-----+-----+-----+
    |matmul_MM_SP_AXILiteS_s_axi_U  |matmul_MM_SP_AXILiteS_s_axi  |        0|      0|  112|  168|    0|
    |matmul_MM_SP_fadddEe_U1        |matmul_MM_SP_fadddEe         |        0|      2|  205|  390|    0|
    |matmul_MM_SP_fadddEe_U2        |matmul_MM_SP_fadddEe         |        0|      2|  205|  390|    0|
    |matmul_MM_SP_fadddEe_U3        |matmul_MM_SP_fadddEe         |        0|      2|  205|  390|    0|
    |matmul_MM_SP_fadddEe_U4        |matmul_MM_SP_fadddEe         |        0|      2|  205|  390|    0|
    |matmul_MM_SP_fadddEe_U5        |matmul_MM_SP_fadddEe         |        0|      2|  205|  390|    0|
    |matmul_MM_SP_fadddEe_U6        |matmul_MM_SP_fadddEe         |        0|      2|  205|  390|    0|
    |matmul_MM_SP_fadddEe_U7        |matmul_MM_SP_fadddEe         |        0|      2|  205|  390|    0|
    |matmul_MM_SP_fadddEe_U8        |matmul_MM_SP_fadddEe         |        0|      2|  205|  390|    0|
    |matmul_MM_SP_fmuleOg_U9        |matmul_MM_SP_fmuleOg         |        0|      3|  143|  321|    0|
    |matmul_MM_SP_fmuleOg_U10       |matmul_MM_SP_fmuleOg         |        0|      3|  143|  321|    0|
    |matmul_MM_SP_fmuleOg_U11       |matmul_MM_SP_fmuleOg         |        0|      3|  143|  321|    0|
    |matmul_MM_SP_fmuleOg_U12       |matmul_MM_SP_fmuleOg         |        0|      3|  143|  321|    0|
    |matmul_MM_SP_fmuleOg_U13       |matmul_MM_SP_fmuleOg         |        0|      3|  143|  321|    0|
    |matmul_MM_SP_fmuleOg_U14       |matmul_MM_SP_fmuleOg         |        0|      3|  143|  321|    0|
    |matmul_MM_SP_fmuleOg_U15       |matmul_MM_SP_fmuleOg         |        0|      3|  143|  321|    0|
    |matmul_MM_SP_fmuleOg_U16       |matmul_MM_SP_fmuleOg         |        0|      3|  143|  321|    0|
    |matmul_MM_SP_gmem_m_axi_U      |matmul_MM_SP_gmem_m_axi      |        2|      0|  512|  580|    0|
    +-------------------------------+-----------------------------+---------+-------+-----+-----+-----+
    |Total                          |                             |        2|     40| 3408| 6436|    0|
    +-------------------------------+-----------------------------+---------+-------+-----+-----+-----+

    * DSP48E: 
    N/A

    * Memory: 
    +--------------+----------------------+---------+----+----+-----+------+-----+------+-------------+
    |    Memory    |        Module        | BRAM_18K| FF | LUT| URAM| Words| Bits| Banks| W*Bits*Banks|
    +--------------+----------------------+---------+----+----+-----+------+-----+------+-------------+
    |In_A_0_U      |matmul_MM_SP_In_A_0   |        0|  64|   4|    0|     8|   32|     1|          256|
    |In_A_1_U      |matmul_MM_SP_In_A_0   |        0|  64|   4|    0|     8|   32|     1|          256|
    |In_A_2_U      |matmul_MM_SP_In_A_0   |        0|  64|   4|    0|     8|   32|     1|          256|
    |In_A_3_U      |matmul_MM_SP_In_A_0   |        0|  64|   4|    0|     8|   32|     1|          256|
    |In_A_4_U      |matmul_MM_SP_In_A_0   |        0|  64|   4|    0|     8|   32|     1|          256|
    |In_A_5_U      |matmul_MM_SP_In_A_0   |        0|  64|   4|    0|     8|   32|     1|          256|
    |In_A_6_U      |matmul_MM_SP_In_A_0   |        0|  64|   4|    0|     8|   32|     1|          256|
    |In_A_7_U      |matmul_MM_SP_In_A_0   |        0|  64|   4|    0|     8|   32|     1|          256|
    |In_B_0_U      |matmul_MM_SP_In_A_0   |        0|  64|   4|    0|     8|   32|     1|          256|
    |In_B_1_U      |matmul_MM_SP_In_A_0   |        0|  64|   4|    0|     8|   32|     1|          256|
    |In_B_2_U      |matmul_MM_SP_In_A_0   |        0|  64|   4|    0|     8|   32|     1|          256|
    |In_B_3_U      |matmul_MM_SP_In_A_0   |        0|  64|   4|    0|     8|   32|     1|          256|
    |In_B_4_U      |matmul_MM_SP_In_A_0   |        0|  64|   4|    0|     8|   32|     1|          256|
    |In_B_5_U      |matmul_MM_SP_In_A_0   |        0|  64|   4|    0|     8|   32|     1|          256|
    |In_B_6_U      |matmul_MM_SP_In_A_0   |        0|  64|   4|    0|     8|   32|     1|          256|
    |In_B_7_U      |matmul_MM_SP_In_A_0   |        0|  64|   4|    0|     8|   32|     1|          256|
    |Inarray_AB_U  |matmul_MM_SP_Inarbkb  |        1|   0|   0|    0|   128|   32|     1|         4096|
    |Outarray_C_U  |matmul_MM_SP_Outacud  |        1|   0|   0|    0|    64|   32|     1|         2048|
    +--------------+----------------------+---------+----+----+-----+------+-----+------+-------------+
    |Total         |                      |        2|1024|  64|    0|   320|  576|    18|        10240|
    +--------------+----------------------+---------+----+----+-----+------+-----+------+-------------+

    * FIFO: 
    N/A

    * Expression: 
    +-----------------------------------+----------+-------+---+----+------------+------------+
    |           Variable Name           | Operation| DSP48E| FF| LUT| Bitwidth P0| Bitwidth P1|
    +-----------------------------------+----------+-------+---+----+------------+------------+
    |add_ln154_fu_937_p2                |     +    |      0|  0|  15|           8|           1|
    |add_ln158_1_fu_988_p2              |     +    |      0|  0|  13|           1|           4|
    |add_ln158_fu_954_p2                |     +    |      0|  0|  15|           7|           1|
    |add_ln159_fu_974_p2                |     +    |      0|  0|  15|           4|           7|
    |add_ln162_1_fu_1068_p2             |     +    |      0|  0|  15|           4|           8|
    |add_ln162_fu_1019_p2               |     +    |      0|  0|  15|           7|           1|
    |add_ln167_1_fu_1082_p2             |     +    |      0|  0|  13|           1|           4|
    |add_ln167_fu_1048_p2               |     +    |      0|  0|  15|           7|           1|
    |add_ln178_1_fu_1176_p2             |     +    |      0|  0|  13|           4|           1|
    |add_ln178_fu_1142_p2               |     +    |      0|  0|  15|           7|           1|
    |add_ln186_1_fu_1162_p2             |     +    |      0|  0|  15|           7|           4|
    |add_ln186_fu_1208_p2               |     +    |      0|  0|  15|           7|           1|
    |add_ln191_fu_1230_p2               |     +    |      0|  0|  15|           7|           1|
    |col_3_fu_1214_p2                   |     +    |      0|  0|  13|           4|           1|
    |col_4_fu_1119_p2                   |     +    |      0|  0|  13|           4|           1|
    |col_fu_1025_p2                     |     +    |      0|  0|  13|           4|           1|
    |ind_fu_1113_p2                     |     +    |      0|  0|  15|           8|           1|
    |ap_block_pp0_stage0_11001          |    and   |      0|  0|   2|           1|           1|
    |ap_block_pp4_stage0_11001          |    and   |      0|  0|   2|           1|           1|
    |ap_block_state10_pp0_stage0_iter1  |    and   |      0|  0|   2|           1|           1|
    |ap_block_state68_io                |    and   |      0|  0|   2|           1|           1|
    |icmp_ln154_fu_931_p2               |   icmp   |      0|  0|  13|           8|           9|
    |icmp_ln158_fu_948_p2               |   icmp   |      0|  0|  11|           7|           8|
    |icmp_ln159_fu_960_p2               |   icmp   |      0|  0|  11|           4|           5|
    |icmp_ln167_fu_1042_p2              |   icmp   |      0|  0|  11|           7|           8|
    |icmp_ln168_fu_1054_p2              |   icmp   |      0|  0|  11|           4|           5|
    |icmp_ln178_fu_1136_p2              |   icmp   |      0|  0|  11|           7|           8|
    |icmp_ln179_fu_1148_p2              |   icmp   |      0|  0|  11|           4|           5|
    |icmp_ln191_fu_1224_p2              |   icmp   |      0|  0|  11|           7|           8|
    |select_ln158_fu_1002_p3            |  select  |      0|  0|   7|           1|           7|
    |select_ln159_1_fu_980_p3           |  select  |      0|  0|   7|           1|           7|
    |select_ln159_2_fu_994_p3           |  select  |      0|  0|   4|           1|           4|
    |select_ln159_fu_966_p3             |  select  |      0|  0|   4|           1|           1|
    |select_ln162_1_fu_1074_p3          |  select  |      0|  0|   8|           1|           8|
    |select_ln162_2_fu_1088_p3          |  select  |      0|  0|   4|           1|           4|
    |select_ln162_fu_1060_p3            |  select  |      0|  0|   4|           1|           1|
    |select_ln167_fu_1100_p3            |  select  |      0|  0|   8|           1|           8|
    |select_ln178_fu_1195_p3            |  select  |      0|  0|   7|           1|           7|
    |select_ln186_1_fu_1168_p3          |  select  |      0|  0|   7|           1|           7|
    |select_ln186_3_fu_1182_p3          |  select  |      0|  0|   4|           1|           4|
    |select_ln186_fu_1154_p3            |  select  |      0|  0|   4|           1|           1|
    |ap_enable_pp0                      |    xor   |      0|  0|   2|           1|           2|
    |ap_enable_pp1                      |    xor   |      0|  0|   2|           1|           2|
    |ap_enable_pp2                      |    xor   |      0|  0|   2|           1|           2|
    |ap_enable_pp3                      |    xor   |      0|  0|   2|           1|           2|
    |ap_enable_pp4                      |    xor   |      0|  0|   2|           1|           2|
    |ap_enable_reg_pp0_iter1            |    xor   |      0|  0|   2|           2|           1|
    |ap_enable_reg_pp1_iter1            |    xor   |      0|  0|   2|           2|           1|
    |ap_enable_reg_pp2_iter1            |    xor   |      0|  0|   2|           2|           1|
    |ap_enable_reg_pp3_iter1            |    xor   |      0|  0|   2|           2|           1|
    |ap_enable_reg_pp4_iter1            |    xor   |      0|  0|   2|           2|           1|
    +-----------------------------------+----------+-------+---+----+------------+------------+
    |Total                              |          |      0|  0| 429|         170|         173|
    +-----------------------------------+----------+-------+---+----+------------+------------+

    * Multiplexer: 
    +------------------------------------+-----+-----------+-----+-----------+
    |                Name                | LUT | Input Size| Bits| Total Bits|
    +------------------------------------+-----+-----------+-----+-----------+
    |In_A_0_address0                     |   15|          3|    3|          9|
    |In_A_1_address0                     |   15|          3|    3|          9|
    |In_A_2_address0                     |   15|          3|    3|          9|
    |In_A_3_address0                     |   15|          3|    3|          9|
    |In_A_4_address0                     |   15|          3|    3|          9|
    |In_A_5_address0                     |   15|          3|    3|          9|
    |In_A_6_address0                     |   15|          3|    3|          9|
    |In_A_7_address0                     |   15|          3|    3|          9|
    |In_B_0_address0                     |   15|          3|    3|          9|
    |In_B_1_address0                     |   15|          3|    3|          9|
    |In_B_2_address0                     |   15|          3|    3|          9|
    |In_B_3_address0                     |   15|          3|    3|          9|
    |In_B_4_address0                     |   15|          3|    3|          9|
    |In_B_5_address0                     |   15|          3|    3|          9|
    |In_B_6_address0                     |   15|          3|    3|          9|
    |In_B_7_address0                     |   15|          3|    3|          9|
    |Inarray_AB_address0                 |   21|          4|    7|         28|
    |Outarray_C_address0                 |   15|          3|    6|         18|
    |ap_NS_fsm                           |  109|         23|    1|         23|
    |ap_enable_reg_pp0_iter1             |    9|          2|    1|          2|
    |ap_enable_reg_pp0_iter2             |    9|          2|    1|          2|
    |ap_enable_reg_pp1_iter1             |   15|          3|    1|          3|
    |ap_enable_reg_pp2_iter1             |   15|          3|    1|          3|
    |ap_enable_reg_pp3_iter1             |    9|          2|    1|          2|
    |ap_enable_reg_pp3_iter45            |    9|          2|    1|          2|
    |ap_enable_reg_pp4_iter1             |    9|          2|    1|          2|
    |ap_enable_reg_pp4_iter2             |    9|          2|    1|          2|
    |ap_phi_mux_phi_ln154_phi_fu_627_p4  |    9|          2|    8|         16|
    |ap_phi_mux_row_0_phi_fu_650_p4      |    9|          2|    4|          8|
    |ap_phi_mux_row_1_phi_fu_705_p4      |    9|          2|    4|          8|
    |ap_phi_mux_row_2_phi_fu_760_p4      |    9|          2|    4|          8|
    |col_0_reg_668                       |    9|          2|    4|          8|
    |col_1_reg_723                       |    9|          2|    4|          8|
    |col_2_reg_778                       |    9|          2|    4|          8|
    |gmem_blk_n_AR                       |    9|          2|    1|          2|
    |gmem_blk_n_AW                       |    9|          2|    1|          2|
    |gmem_blk_n_B                        |    9|          2|    1|          2|
    |gmem_blk_n_R                        |    9|          2|    1|          2|
    |gmem_blk_n_W                        |    9|          2|    1|          2|
    |ind_0_reg_657                       |    9|          2|    7|         14|
    |ind_1_reg_679                       |    9|          2|    7|         14|
    |ind_2_reg_712                       |    9|          2|    8|         16|
    |ind_3_reg_734                       |    9|          2|    8|         16|
    |ind_4_reg_767                       |    9|          2|    7|         14|
    |ind_5_reg_789                       |    9|          2|    7|         14|
    |indvar_flatten19_reg_690            |    9|          2|    7|         14|
    |indvar_flatten39_reg_745            |    9|          2|    7|         14|
    |indvar_flatten_reg_635              |    9|          2|    7|         14|
    |phi_ln154_reg_623                   |    9|          2|    8|         16|
    |phi_ln191_reg_800                   |    9|          2|    7|         14|
    |row_0_reg_646                       |    9|          2|    4|          8|
    |row_1_reg_701                       |    9|          2|    4|          8|
    |row_2_reg_756                       |    9|          2|    4|          8|
    +------------------------------------+-----+-----------+-----+-----------+
    |Total                               |  703|        148|  199|        489|
    +------------------------------------+-----+-----------+-----+-----------+

    * Register: 
    +-----------------------------------+----+----+-----+-----------+
    |                Name               | FF | LUT| Bits| Const Bits|
    +-----------------------------------+----+----+-----+-----------+
    |Matrix_C_HW3_reg_1241              |  30|   0|   30|          0|
    |Matrix_In1_reg_1246                |  30|   0|   30|          0|
    |Outarray_C_load_reg_1669           |  32|   0|   32|          0|
    |add_ln154_reg_1267                 |   8|   0|    8|          0|
    |ap_CS_fsm                          |  22|   0|   22|          0|
    |ap_enable_reg_pp0_iter0            |   1|   0|    1|          0|
    |ap_enable_reg_pp0_iter1            |   1|   0|    1|          0|
    |ap_enable_reg_pp0_iter2            |   1|   0|    1|          0|
    |ap_enable_reg_pp1_iter0            |   1|   0|    1|          0|
    |ap_enable_reg_pp1_iter1            |   1|   0|    1|          0|
    |ap_enable_reg_pp2_iter0            |   1|   0|    1|          0|
    |ap_enable_reg_pp2_iter1            |   1|   0|    1|          0|
    |ap_enable_reg_pp3_iter0            |   1|   0|    1|          0|
    |ap_enable_reg_pp3_iter1            |   1|   0|    1|          0|
    |ap_enable_reg_pp3_iter10           |   1|   0|    1|          0|
    |ap_enable_reg_pp3_iter11           |   1|   0|    1|          0|
    |ap_enable_reg_pp3_iter12           |   1|   0|    1|          0|
    |ap_enable_reg_pp3_iter13           |   1|   0|    1|          0|
    |ap_enable_reg_pp3_iter14           |   1|   0|    1|          0|
    |ap_enable_reg_pp3_iter15           |   1|   0|    1|          0|
    |ap_enable_reg_pp3_iter16           |   1|   0|    1|          0|
    |ap_enable_reg_pp3_iter17           |   1|   0|    1|          0|
    |ap_enable_reg_pp3_iter18           |   1|   0|    1|          0|
    |ap_enable_reg_pp3_iter19           |   1|   0|    1|          0|
    |ap_enable_reg_pp3_iter2            |   1|   0|    1|          0|
    |ap_enable_reg_pp3_iter20           |   1|   0|    1|          0|
    |ap_enable_reg_pp3_iter21           |   1|   0|    1|          0|
    |ap_enable_reg_pp3_iter22           |   1|   0|    1|          0|
    |ap_enable_reg_pp3_iter23           |   1|   0|    1|          0|
    |ap_enable_reg_pp3_iter24           |   1|   0|    1|          0|
    |ap_enable_reg_pp3_iter25           |   1|   0|    1|          0|
    |ap_enable_reg_pp3_iter26           |   1|   0|    1|          0|
    |ap_enable_reg_pp3_iter27           |   1|   0|    1|          0|
    |ap_enable_reg_pp3_iter28           |   1|   0|    1|          0|
    |ap_enable_reg_pp3_iter29           |   1|   0|    1|          0|
    |ap_enable_reg_pp3_iter3            |   1|   0|    1|          0|
    |ap_enable_reg_pp3_iter30           |   1|   0|    1|          0|
    |ap_enable_reg_pp3_iter31           |   1|   0|    1|          0|
    |ap_enable_reg_pp3_iter32           |   1|   0|    1|          0|
    |ap_enable_reg_pp3_iter33           |   1|   0|    1|          0|
    |ap_enable_reg_pp3_iter34           |   1|   0|    1|          0|
    |ap_enable_reg_pp3_iter35           |   1|   0|    1|          0|
    |ap_enable_reg_pp3_iter36           |   1|   0|    1|          0|
    |ap_enable_reg_pp3_iter37           |   1|   0|    1|          0|
    |ap_enable_reg_pp3_iter38           |   1|   0|    1|          0|
    |ap_enable_reg_pp3_iter39           |   1|   0|    1|          0|
    |ap_enable_reg_pp3_iter4            |   1|   0|    1|          0|
    |ap_enable_reg_pp3_iter40           |   1|   0|    1|          0|
    |ap_enable_reg_pp3_iter41           |   1|   0|    1|          0|
    |ap_enable_reg_pp3_iter42           |   1|   0|    1|          0|
    |ap_enable_reg_pp3_iter43           |   1|   0|    1|          0|
    |ap_enable_reg_pp3_iter44           |   1|   0|    1|          0|
    |ap_enable_reg_pp3_iter45           |   1|   0|    1|          0|
    |ap_enable_reg_pp3_iter5            |   1|   0|    1|          0|
    |ap_enable_reg_pp3_iter6            |   1|   0|    1|          0|
    |ap_enable_reg_pp3_iter7            |   1|   0|    1|          0|
    |ap_enable_reg_pp3_iter8            |   1|   0|    1|          0|
    |ap_enable_reg_pp3_iter9            |   1|   0|    1|          0|
    |ap_enable_reg_pp4_iter0            |   1|   0|    1|          0|
    |ap_enable_reg_pp4_iter1            |   1|   0|    1|          0|
    |ap_enable_reg_pp4_iter2            |   1|   0|    1|          0|
    |col_0_reg_668                      |   4|   0|    4|          0|
    |col_1_reg_723                      |   4|   0|    4|          0|
    |col_2_reg_778                      |   4|   0|    4|          0|
    |gmem_addr_1_read_reg_1272          |  32|   0|   32|          0|
    |gmem_addr_reg_1257                 |  30|   0|   32|          2|
    |icmp_ln154_reg_1263                |   1|   0|    1|          0|
    |icmp_ln154_reg_1263_pp0_iter1_reg  |   1|   0|    1|          0|
    |icmp_ln158_reg_1277                |   1|   0|    1|          0|
    |icmp_ln167_reg_1316                |   1|   0|    1|          0|
    |icmp_ln178_reg_1359                |   1|   0|    1|          0|
    |icmp_ln191_reg_1655                |   1|   0|    1|          0|
    |icmp_ln191_reg_1655_pp4_iter1_reg  |   1|   0|    1|          0|
    |ind_0_reg_657                      |   7|   0|    7|          0|
    |ind_1_reg_679                      |   7|   0|    7|          0|
    |ind_2_reg_712                      |   8|   0|    8|          0|
    |ind_3_reg_734                      |   8|   0|    8|          0|
    |ind_4_reg_767                      |   7|   0|    7|          0|
    |ind_5_reg_789                      |   7|   0|    7|          0|
    |indvar_flatten19_reg_690           |   7|   0|    7|          0|
    |indvar_flatten39_reg_745           |   7|   0|    7|          0|
    |indvar_flatten_reg_635             |   7|   0|    7|          0|
    |phi_ln154_reg_623                  |   8|   0|    8|          0|
    |phi_ln154_reg_623_pp0_iter1_reg    |   8|   0|    8|          0|
    |phi_ln191_reg_800                  |   7|   0|    7|          0|
    |result_1_reg_1490                  |  32|   0|   32|          0|
    |result_2_reg_1520                  |  32|   0|   32|          0|
    |result_3_reg_1550                  |  32|   0|   32|          0|
    |result_4_reg_1580                  |  32|   0|   32|          0|
    |result_5_reg_1610                  |  32|   0|   32|          0|
    |result_6_reg_1640                  |  32|   0|   32|          0|
    |result_7_reg_1650                  |  32|   0|   32|          0|
    |result_s_reg_1460                  |  32|   0|   32|          0|
    |row_0_reg_646                      |   4|   0|    4|          0|
    |row_1_reg_701                      |   4|   0|    4|          0|
    |row_2_reg_756                      |   4|   0|    4|          0|
    |select_ln159_2_reg_1286            |   4|   0|    4|          0|
    |select_ln162_2_reg_1330            |   4|   0|    4|          0|
    |select_ln162_reg_1325              |   4|   0|    4|          0|
    |select_ln186_1_reg_1368            |   7|   0|    7|          0|
    |select_ln186_3_reg_1373            |   4|   0|    4|          0|
    |tmp1_reg_1435                      |  32|   0|   32|          0|
    |tmp_1_reg_1465                     |  32|   0|   32|          0|
    |tmp_2_reg_1495                     |  32|   0|   32|          0|
    |tmp_3_reg_1525                     |  32|   0|   32|          0|
    |tmp_4_reg_1555                     |  32|   0|   32|          0|
    |tmp_5_reg_1585                     |  32|   0|   32|          0|
    |tmp_6_reg_1615                     |  32|   0|   32|          0|
    |tmp_7_reg_1645                     |  32|   0|   32|          0|
    |trunc_ln161_reg_1302               |   3|   0|    3|          0|
    |trunc_ln162_reg_1335               |   3|   0|    3|          0|
    |zext_ln183_reg_1399                |   4|   0|   64|         60|
    |zext_ln186_reg_1378                |   4|   0|   64|         60|
    |icmp_ln178_reg_1359                |  64|  64|    1|          0|
    |select_ln186_1_reg_1368            |  64|  64|    7|          0|
    |zext_ln183_reg_1399                |  64|  48|   64|         60|
    |zext_ln186_reg_1378                |  64|  48|   64|         60|
    +-----------------------------------+----+----+-----+-----------+
    |Total                              |1164| 224| 1166|        242|
    +-----------------------------------+----+----+-----+-----------+



================================================================
== Interface
================================================================
* Summary: 
+------------------------+-----+-----+------------+--------------+--------------+
|        RTL Ports       | Dir | Bits|  Protocol  | Source Object|    C Type    |
+------------------------+-----+-----+------------+--------------+--------------+
|s_axi_AXILiteS_AWVALID  |  in |    1|    s_axi   |   AXILiteS   |    scalar    |
|s_axi_AXILiteS_AWREADY  | out |    1|    s_axi   |   AXILiteS   |    scalar    |
|s_axi_AXILiteS_AWADDR   |  in |    5|    s_axi   |   AXILiteS   |    scalar    |
|s_axi_AXILiteS_WVALID   |  in |    1|    s_axi   |   AXILiteS   |    scalar    |
|s_axi_AXILiteS_WREADY   | out |    1|    s_axi   |   AXILiteS   |    scalar    |
|s_axi_AXILiteS_WDATA    |  in |   32|    s_axi   |   AXILiteS   |    scalar    |
|s_axi_AXILiteS_WSTRB    |  in |    4|    s_axi   |   AXILiteS   |    scalar    |
|s_axi_AXILiteS_ARVALID  |  in |    1|    s_axi   |   AXILiteS   |    scalar    |
|s_axi_AXILiteS_ARREADY  | out |    1|    s_axi   |   AXILiteS   |    scalar    |
|s_axi_AXILiteS_ARADDR   |  in |    5|    s_axi   |   AXILiteS   |    scalar    |
|s_axi_AXILiteS_RVALID   | out |    1|    s_axi   |   AXILiteS   |    scalar    |
|s_axi_AXILiteS_RREADY   |  in |    1|    s_axi   |   AXILiteS   |    scalar    |
|s_axi_AXILiteS_RDATA    | out |   32|    s_axi   |   AXILiteS   |    scalar    |
|s_axi_AXILiteS_RRESP    | out |    2|    s_axi   |   AXILiteS   |    scalar    |
|s_axi_AXILiteS_BVALID   | out |    1|    s_axi   |   AXILiteS   |    scalar    |
|s_axi_AXILiteS_BREADY   |  in |    1|    s_axi   |   AXILiteS   |    scalar    |
|s_axi_AXILiteS_BRESP    | out |    2|    s_axi   |   AXILiteS   |    scalar    |
|ap_clk                  |  in |    1| ap_ctrl_hs | matmul_MM_SP | return value |
|ap_rst_n                |  in |    1| ap_ctrl_hs | matmul_MM_SP | return value |
|interrupt               | out |    1| ap_ctrl_hs | matmul_MM_SP | return value |
|m_axi_gmem_AWVALID      | out |    1|    m_axi   |     gmem     |    pointer   |
|m_axi_gmem_AWREADY      |  in |    1|    m_axi   |     gmem     |    pointer   |
|m_axi_gmem_AWADDR       | out |   32|    m_axi   |     gmem     |    pointer   |
|m_axi_gmem_AWID         | out |    1|    m_axi   |     gmem     |    pointer   |
|m_axi_gmem_AWLEN        | out |    8|    m_axi   |     gmem     |    pointer   |
|m_axi_gmem_AWSIZE       | out |    3|    m_axi   |     gmem     |    pointer   |
|m_axi_gmem_AWBURST      | out |    2|    m_axi   |     gmem     |    pointer   |
|m_axi_gmem_AWLOCK       | out |    2|    m_axi   |     gmem     |    pointer   |
|m_axi_gmem_AWCACHE      | out |    4|    m_axi   |     gmem     |    pointer   |
|m_axi_gmem_AWPROT       | out |    3|    m_axi   |     gmem     |    pointer   |
|m_axi_gmem_AWQOS        | out |    4|    m_axi   |     gmem     |    pointer   |
|m_axi_gmem_AWREGION     | out |    4|    m_axi   |     gmem     |    pointer   |
|m_axi_gmem_AWUSER       | out |    1|    m_axi   |     gmem     |    pointer   |
|m_axi_gmem_WVALID       | out |    1|    m_axi   |     gmem     |    pointer   |
|m_axi_gmem_WREADY       |  in |    1|    m_axi   |     gmem     |    pointer   |
|m_axi_gmem_WDATA        | out |   32|    m_axi   |     gmem     |    pointer   |
|m_axi_gmem_WSTRB        | out |    4|    m_axi   |     gmem     |    pointer   |
|m_axi_gmem_WLAST        | out |    1|    m_axi   |     gmem     |    pointer   |
|m_axi_gmem_WID          | out |    1|    m_axi   |     gmem     |    pointer   |
|m_axi_gmem_WUSER        | out |    1|    m_axi   |     gmem     |    pointer   |
|m_axi_gmem_ARVALID      | out |    1|    m_axi   |     gmem     |    pointer   |
|m_axi_gmem_ARREADY      |  in |    1|    m_axi   |     gmem     |    pointer   |
|m_axi_gmem_ARADDR       | out |   32|    m_axi   |     gmem     |    pointer   |
|m_axi_gmem_ARID         | out |    1|    m_axi   |     gmem     |    pointer   |
|m_axi_gmem_ARLEN        | out |    8|    m_axi   |     gmem     |    pointer   |
|m_axi_gmem_ARSIZE       | out |    3|    m_axi   |     gmem     |    pointer   |
|m_axi_gmem_ARBURST      | out |    2|    m_axi   |     gmem     |    pointer   |
|m_axi_gmem_ARLOCK       | out |    2|    m_axi   |     gmem     |    pointer   |
|m_axi_gmem_ARCACHE      | out |    4|    m_axi   |     gmem     |    pointer   |
|m_axi_gmem_ARPROT       | out |    3|    m_axi   |     gmem     |    pointer   |
|m_axi_gmem_ARQOS        | out |    4|    m_axi   |     gmem     |    pointer   |
|m_axi_gmem_ARREGION     | out |    4|    m_axi   |     gmem     |    pointer   |
|m_axi_gmem_ARUSER       | out |    1|    m_axi   |     gmem     |    pointer   |
|m_axi_gmem_RVALID       |  in |    1|    m_axi   |     gmem     |    pointer   |
|m_axi_gmem_RREADY       | out |    1|    m_axi   |     gmem     |    pointer   |
|m_axi_gmem_RDATA        |  in |   32|    m_axi   |     gmem     |    pointer   |
|m_axi_gmem_RLAST        |  in |    1|    m_axi   |     gmem     |    pointer   |
|m_axi_gmem_RID          |  in |    1|    m_axi   |     gmem     |    pointer   |
|m_axi_gmem_RUSER        |  in |    1|    m_axi   |     gmem     |    pointer   |
|m_axi_gmem_RRESP        |  in |    2|    m_axi   |     gmem     |    pointer   |
|m_axi_gmem_BVALID       |  in |    1|    m_axi   |     gmem     |    pointer   |
|m_axi_gmem_BREADY       | out |    1|    m_axi   |     gmem     |    pointer   |
|m_axi_gmem_BRESP        |  in |    2|    m_axi   |     gmem     |    pointer   |
|m_axi_gmem_BID          |  in |    1|    m_axi   |     gmem     |    pointer   |
|m_axi_gmem_BUSER        |  in |    1|    m_axi   |     gmem     |    pointer   |
+------------------------+-----+-----+------------+--------------+--------------+

