12:12:39 INFO  : Registering command handlers for SDK TCF services
12:12:40 INFO  : Launching XSCT server: xsct.bat -interactive D:\Sem_6\AELD\Labs\Midsem_Prep\HP_only\HP_only.sdk\temp_xsdb_launch_script.tcl
12:12:43 INFO  : XSCT server has started successfully.
12:12:43 INFO  : Successfully done setting XSCT server connection channel  
12:12:43 INFO  : Successfully done setting SDK workspace  
12:12:43 INFO  : Processing command line option -hwspec D:/Sem_6/AELD/Labs/Midsem_Prep/HP_only/HP_only.sdk/design_1_wrapper.hdf.
12:16:20 INFO  : Refreshed build settings on project HP_only
12:17:29 INFO  : Connected through redirection to target on host '192.168.226.142' and port '53423'.
12:17:30 INFO  : Jtag cable 'Digilent Zed 210248722679' is selected.
12:17:30 INFO  : 'jtag frequency' command is executed.
12:17:30 INFO  : Sourcing of 'D:/Sem_6/AELD/Labs/Midsem_Prep/HP_only/HP_only.sdk/design_1_wrapper_hw_platform_0/ps7_init.tcl' is done.
12:17:30 INFO  : Context for 'APU' is selected.
12:17:31 INFO  : System reset is completed.
12:17:34 INFO  : 'after 3000' command is executed.
12:17:34 INFO  : 'targets -set -filter {jtag_cable_name =~ "Digilent Zed 210248722679" && level==0} -index 1' command is executed.
12:17:36 INFO  : FPGA configured successfully with bitstream "D:/Sem_6/AELD/Labs/Midsem_Prep/HP_only/HP_only.sdk/design_1_wrapper_hw_platform_0/design_1_wrapper.bit"
12:17:36 INFO  : Context for 'APU' is selected.
12:17:36 INFO  : Hardware design information is loaded from 'D:/Sem_6/AELD/Labs/Midsem_Prep/HP_only/HP_only.sdk/design_1_wrapper_hw_platform_0/system.hdf'.
12:17:36 INFO  : 'configparams force-mem-access 1' command is executed.
12:17:37 INFO  : Context for 'APU' is selected.
12:17:42 INFO  : 'ps7_init' command is executed.
12:17:42 INFO  : 'ps7_post_config' command is executed.
12:17:42 INFO  : Context for processor 'ps7_cortexa9_0' is selected.
12:17:43 INFO  : The application 'D:/Sem_6/AELD/Labs/Midsem_Prep/HP_only/HP_only.sdk/HP_only/Debug/HP_only.elf' is downloaded to processor 'ps7_cortexa9_0'.
12:17:43 INFO  : 'configparams force-mem-access 0' command is executed.
12:17:43 INFO  : ----------------XSDB Script----------------
connect -path [list tcp::1534 tcp:192.168.226.142:53423]
source D:/Sem_6/AELD/Labs/Midsem_Prep/HP_only/HP_only.sdk/design_1_wrapper_hw_platform_0/ps7_init.tcl
targets -set -nocase -filter {name =~"APU*" && jtag_cable_name =~ "Digilent Zed 210248722679"} -index 0
rst -system
after 3000
targets -set -filter {jtag_cable_name =~ "Digilent Zed 210248722679" && level==0} -index 1
fpga -file D:/Sem_6/AELD/Labs/Midsem_Prep/HP_only/HP_only.sdk/design_1_wrapper_hw_platform_0/design_1_wrapper.bit
targets -set -nocase -filter {name =~"APU*" && jtag_cable_name =~ "Digilent Zed 210248722679"} -index 0
loadhw -hw D:/Sem_6/AELD/Labs/Midsem_Prep/HP_only/HP_only.sdk/design_1_wrapper_hw_platform_0/system.hdf -mem-ranges [list {0x40000000 0xbfffffff}]
configparams force-mem-access 1
targets -set -nocase -filter {name =~"APU*" && jtag_cable_name =~ "Digilent Zed 210248722679"} -index 0
ps7_init
ps7_post_config
targets -set -nocase -filter {name =~ "ARM*#0" && jtag_cable_name =~ "Digilent Zed 210248722679"} -index 0
dow D:/Sem_6/AELD/Labs/Midsem_Prep/HP_only/HP_only.sdk/HP_only/Debug/HP_only.elf
configparams force-mem-access 0
----------------End of Script----------------

12:17:43 INFO  : Memory regions updated for context APU
12:17:43 INFO  : Context for processor 'ps7_cortexa9_0' is selected.
12:17:43 INFO  : 'con' command is executed.
12:17:43 INFO  : ----------------XSDB Script (After Launch)----------------
targets -set -nocase -filter {name =~ "ARM*#0" && jtag_cable_name =~ "Digilent Zed 210248722679"} -index 0
con
----------------End of Script----------------

12:17:43 INFO  : Launch script is exported to file 'D:\Sem_6\AELD\Labs\Midsem_Prep\HP_only\HP_only.sdk\.sdk\launch_scripts\xilinx_c-c++_application_(system_debugger)\system_debugger_using_debug_hp_only.elf_on_zed.tcl'
12:18:50 INFO  : Disconnected from the channel tcfchan#1.
12:18:51 INFO  : Connected through redirection to target on host '192.168.226.142' and port '53423'.
12:18:52 INFO  : Jtag cable 'Digilent Zed 210248722679' is selected.
12:18:52 INFO  : 'jtag frequency' command is executed.
12:18:52 INFO  : Sourcing of 'D:/Sem_6/AELD/Labs/Midsem_Prep/HP_only/HP_only.sdk/design_1_wrapper_hw_platform_0/ps7_init.tcl' is done.
12:18:52 INFO  : Context for 'APU' is selected.
12:18:52 INFO  : System reset is completed.
12:18:55 INFO  : 'after 3000' command is executed.
12:18:55 INFO  : 'targets -set -filter {jtag_cable_name =~ "Digilent Zed 210248722679" && level==0} -index 1' command is executed.
12:18:58 INFO  : FPGA configured successfully with bitstream "D:/Sem_6/AELD/Labs/Midsem_Prep/HP_only/HP_only.sdk/design_1_wrapper_hw_platform_0/design_1_wrapper.bit"
12:18:58 INFO  : Context for 'APU' is selected.
12:19:00 INFO  : Hardware design information is loaded from 'D:/Sem_6/AELD/Labs/Midsem_Prep/HP_only/HP_only.sdk/design_1_wrapper_hw_platform_0/system.hdf'.
12:19:00 INFO  : 'configparams force-mem-access 1' command is executed.
12:19:00 INFO  : Context for 'APU' is selected.
12:19:04 INFO  : 'ps7_init' command is executed.
12:19:04 INFO  : 'ps7_post_config' command is executed.
12:19:04 INFO  : Context for processor 'ps7_cortexa9_0' is selected.
12:19:04 INFO  : The application 'D:/Sem_6/AELD/Labs/Midsem_Prep/HP_only/HP_only.sdk/HP_only/Debug/HP_only.elf' is downloaded to processor 'ps7_cortexa9_0'.
12:19:04 INFO  : 'configparams force-mem-access 0' command is executed.
12:19:04 INFO  : ----------------XSDB Script----------------
connect -path [list tcp::1534 tcp:192.168.226.142:53423]
source D:/Sem_6/AELD/Labs/Midsem_Prep/HP_only/HP_only.sdk/design_1_wrapper_hw_platform_0/ps7_init.tcl
targets -set -nocase -filter {name =~"APU*" && jtag_cable_name =~ "Digilent Zed 210248722679"} -index 0
rst -system
after 3000
targets -set -filter {jtag_cable_name =~ "Digilent Zed 210248722679" && level==0} -index 1
fpga -file D:/Sem_6/AELD/Labs/Midsem_Prep/HP_only/HP_only.sdk/design_1_wrapper_hw_platform_0/design_1_wrapper.bit
targets -set -nocase -filter {name =~"APU*" && jtag_cable_name =~ "Digilent Zed 210248722679"} -index 0
loadhw -hw D:/Sem_6/AELD/Labs/Midsem_Prep/HP_only/HP_only.sdk/design_1_wrapper_hw_platform_0/system.hdf -mem-ranges [list {0x40000000 0xbfffffff}]
configparams force-mem-access 1
targets -set -nocase -filter {name =~"APU*" && jtag_cable_name =~ "Digilent Zed 210248722679"} -index 0
ps7_init
ps7_post_config
targets -set -nocase -filter {name =~ "ARM*#0" && jtag_cable_name =~ "Digilent Zed 210248722679"} -index 0
dow D:/Sem_6/AELD/Labs/Midsem_Prep/HP_only/HP_only.sdk/HP_only/Debug/HP_only.elf
configparams force-mem-access 0
----------------End of Script----------------

12:19:05 INFO  : Memory regions updated for context APU
12:19:05 INFO  : Context for processor 'ps7_cortexa9_0' is selected.
12:19:05 INFO  : 'con' command is executed.
12:19:05 INFO  : ----------------XSDB Script (After Launch)----------------
targets -set -nocase -filter {name =~ "ARM*#0" && jtag_cable_name =~ "Digilent Zed 210248722679"} -index 0
con
----------------End of Script----------------

12:19:05 INFO  : Launch script is exported to file 'D:\Sem_6\AELD\Labs\Midsem_Prep\HP_only\HP_only.sdk\.sdk\launch_scripts\xilinx_c-c++_application_(system_debugger)\system_debugger_using_debug_hp_only.elf_on_zed.tcl'
12:28:55 INFO  : Disconnected from the channel tcfchan#2.
12:28:56 INFO  : Connected through redirection to target on host '192.168.226.142' and port '53423'.
12:28:56 INFO  : Jtag cable 'Digilent Zed 210248722679' is selected.
12:28:56 INFO  : 'jtag frequency' command is executed.
12:28:56 INFO  : Sourcing of 'D:/Sem_6/AELD/Labs/Midsem_Prep/HP_only/HP_only.sdk/design_1_wrapper_hw_platform_0/ps7_init.tcl' is done.
12:28:56 INFO  : Context for 'APU' is selected.
12:28:57 INFO  : System reset is completed.
12:29:00 INFO  : 'after 3000' command is executed.
12:29:00 INFO  : 'targets -set -filter {jtag_cable_name =~ "Digilent Zed 210248722679" && level==0} -index 1' command is executed.
12:29:02 INFO  : FPGA configured successfully with bitstream "D:/Sem_6/AELD/Labs/Midsem_Prep/HP_only/HP_only.sdk/design_1_wrapper_hw_platform_0/design_1_wrapper.bit"
12:29:02 INFO  : Context for 'APU' is selected.
12:29:04 INFO  : Hardware design information is loaded from 'D:/Sem_6/AELD/Labs/Midsem_Prep/HP_only/HP_only.sdk/design_1_wrapper_hw_platform_0/system.hdf'.
12:29:04 INFO  : 'configparams force-mem-access 1' command is executed.
12:29:04 INFO  : Context for 'APU' is selected.
12:29:07 INFO  : 'ps7_init' command is executed.
12:29:07 INFO  : 'ps7_post_config' command is executed.
12:29:07 INFO  : Context for processor 'ps7_cortexa9_0' is selected.
12:29:07 INFO  : The application 'D:/Sem_6/AELD/Labs/Midsem_Prep/HP_only/HP_only.sdk/HP_only/Debug/HP_only.elf' is downloaded to processor 'ps7_cortexa9_0'.
12:29:07 INFO  : 'configparams force-mem-access 0' command is executed.
12:29:07 INFO  : ----------------XSDB Script----------------
connect -path [list tcp::1534 tcp:192.168.226.142:53423]
source D:/Sem_6/AELD/Labs/Midsem_Prep/HP_only/HP_only.sdk/design_1_wrapper_hw_platform_0/ps7_init.tcl
targets -set -nocase -filter {name =~"APU*" && jtag_cable_name =~ "Digilent Zed 210248722679"} -index 0
rst -system
after 3000
targets -set -filter {jtag_cable_name =~ "Digilent Zed 210248722679" && level==0} -index 1
fpga -file D:/Sem_6/AELD/Labs/Midsem_Prep/HP_only/HP_only.sdk/design_1_wrapper_hw_platform_0/design_1_wrapper.bit
targets -set -nocase -filter {name =~"APU*" && jtag_cable_name =~ "Digilent Zed 210248722679"} -index 0
loadhw -hw D:/Sem_6/AELD/Labs/Midsem_Prep/HP_only/HP_only.sdk/design_1_wrapper_hw_platform_0/system.hdf -mem-ranges [list {0x40000000 0xbfffffff}]
configparams force-mem-access 1
targets -set -nocase -filter {name =~"APU*" && jtag_cable_name =~ "Digilent Zed 210248722679"} -index 0
ps7_init
ps7_post_config
targets -set -nocase -filter {name =~ "ARM*#0" && jtag_cable_name =~ "Digilent Zed 210248722679"} -index 0
dow D:/Sem_6/AELD/Labs/Midsem_Prep/HP_only/HP_only.sdk/HP_only/Debug/HP_only.elf
configparams force-mem-access 0
----------------End of Script----------------

12:29:07 INFO  : Memory regions updated for context APU
12:29:08 INFO  : Context for processor 'ps7_cortexa9_0' is selected.
12:29:08 INFO  : 'con' command is executed.
12:29:08 INFO  : ----------------XSDB Script (After Launch)----------------
targets -set -nocase -filter {name =~ "ARM*#0" && jtag_cable_name =~ "Digilent Zed 210248722679"} -index 0
con
----------------End of Script----------------

12:29:08 INFO  : Launch script is exported to file 'D:\Sem_6\AELD\Labs\Midsem_Prep\HP_only\HP_only.sdk\.sdk\launch_scripts\xilinx_c-c++_application_(system_debugger)\system_debugger_using_debug_hp_only.elf_on_zed.tcl'
12:30:18 WARN  : channel "tcfchan#3" closed
15:30:56 INFO  : Connected through redirection to target on host '192.168.226.142' and port '57554'.
15:31:14 INFO  : ----------------XSDB Script----------------
connect -path [list tcp::1534 tcp:192.168.226.142:57554]
----------------End of Script----------------

15:32:12 INFO  : Connected through redirection to target on host '192.168.226.142' and port '59670'.
15:32:12 INFO  : Jtag cable 'Digilent Zed 210248A39C95' is selected.
15:32:12 INFO  : 'jtag frequency' command is executed.
15:32:12 INFO  : 'set bp_32_12_0 [bpadd -target-id all -ct-input {0} -ct-output {24 25 26 27}]' command is executed.
15:32:12 INFO  : 'set bp_32_12_1 [bpadd -target-id all -ct-input {24 25 26 27} -ct-output {0}]' command is executed.
15:32:12 INFO  : Sourcing of 'D:/Sem_6/AELD/Labs/Midsem_Prep/HP_only/HP_only.sdk/design_1_wrapper_hw_platform_0/ps7_init.tcl' is done.
15:32:13 INFO  : Context for 'APU' is selected.
15:32:13 INFO  : System reset is completed.
15:32:16 INFO  : 'after 3000' command is executed.
15:32:16 INFO  : 'targets -set -filter {jtag_cable_name =~ "Digilent Zed 210248A39C95" && level==0} -index 1' command is executed.
15:32:18 INFO  : FPGA configured successfully with bitstream "D:/Sem_6/AELD/Labs/Midsem_Prep/HP_only/HP_only.sdk/design_1_wrapper_hw_platform_0/design_1_wrapper.bit"
15:32:18 INFO  : Context for 'APU' is selected.
15:32:19 INFO  : Hardware design information is loaded from 'D:/Sem_6/AELD/Labs/Midsem_Prep/HP_only/HP_only.sdk/design_1_wrapper_hw_platform_0/system.hdf'.
15:32:19 INFO  : 'configparams force-mem-access 1' command is executed.
15:32:19 INFO  : Context for 'APU' is selected.
15:32:22 INFO  : 'ps7_init' command is executed.
15:32:22 INFO  : 'ps7_post_config' command is executed.
15:32:22 INFO  : Context for processor 'ps7_cortexa9_0' is selected.
15:32:22 INFO  : The application 'D:/Sem_6/AELD/Labs/Midsem_Prep/HP_only/HP_only.sdk/HP_only/Debug/HP_only.elf' is downloaded to processor 'ps7_cortexa9_0'.
15:32:22 INFO  : 'configparams force-mem-access 0' command is executed.
15:32:22 INFO  : ----------------XSDB Script----------------
connect -path [list tcp::1534 tcp:192.168.226.142:59670]
set bp_32_12_0 [bpadd -target-id all -ct-input {0} -ct-output {24 25 26 27}]
set bp_32_12_1 [bpadd -target-id all -ct-input {24 25 26 27} -ct-output {0}]
source D:/Sem_6/AELD/Labs/Midsem_Prep/HP_only/HP_only.sdk/design_1_wrapper_hw_platform_0/ps7_init.tcl
targets -set -nocase -filter {name =~"APU*" && jtag_cable_name =~ "Digilent Zed 210248A39C95"} -index 0
rst -system
after 3000
targets -set -filter {jtag_cable_name =~ "Digilent Zed 210248A39C95" && level==0} -index 1
fpga -file D:/Sem_6/AELD/Labs/Midsem_Prep/HP_only/HP_only.sdk/design_1_wrapper_hw_platform_0/design_1_wrapper.bit
targets -set -nocase -filter {name =~"APU*" && jtag_cable_name =~ "Digilent Zed 210248A39C95"} -index 0
loadhw -hw D:/Sem_6/AELD/Labs/Midsem_Prep/HP_only/HP_only.sdk/design_1_wrapper_hw_platform_0/system.hdf -mem-ranges [list {0x40000000 0xbfffffff}]
configparams force-mem-access 1
targets -set -nocase -filter {name =~"APU*" && jtag_cable_name =~ "Digilent Zed 210248A39C95"} -index 0
ps7_init
ps7_post_config
targets -set -nocase -filter {name =~ "ARM*#0" && jtag_cable_name =~ "Digilent Zed 210248A39C95"} -index 0
dow D:/Sem_6/AELD/Labs/Midsem_Prep/HP_only/HP_only.sdk/HP_only/Debug/HP_only.elf
configparams force-mem-access 0
----------------End of Script----------------

15:32:23 INFO  : Memory regions updated for context APU
15:32:23 INFO  : Context for processor 'ps7_cortexa9_0' is selected.
15:32:23 INFO  : 'con' command is executed.
15:32:23 INFO  : ----------------XSDB Script (After Launch)----------------
targets -set -nocase -filter {name =~ "ARM*#0" && jtag_cable_name =~ "Digilent Zed 210248A39C95"} -index 0
con
----------------End of Script----------------

15:32:23 INFO  : Launch script is exported to file 'D:\Sem_6\AELD\Labs\Midsem_Prep\HP_only\HP_only.sdk\.sdk\launch_scripts\xilinx_c-c++_application_(system_debugger)\system_debugger_using_debug_hp_only.elf_on_zed.tcl'
15:37:32 INFO  : Disconnected from the channel tcfchan#5.
15:37:32 INFO  : 'bpremove $bp_32_12_0' command is executed.
15:37:32 INFO  : 'bpremove $bp_32_12_1' command is executed.
15:37:40 INFO  : Connected through redirection to target on host '192.168.226.142' and port '59670'.
15:37:40 INFO  : Jtag cable 'Digilent Zed 210248A39C95' is selected.
15:37:40 INFO  : 'jtag frequency' command is executed.
15:37:40 INFO  : 'set bp_37_40_0 [bpadd -target-id all -ct-input {0} -ct-output {24 25 26 27}]' command is executed.
15:37:41 INFO  : 'set bp_37_40_1 [bpadd -target-id all -ct-input {24 25 26 27} -ct-output {0}]' command is executed.
15:37:41 INFO  : Sourcing of 'D:/Sem_6/AELD/Labs/Midsem_Prep/HP_only/HP_only.sdk/design_1_wrapper_hw_platform_0/ps7_init.tcl' is done.
15:37:41 INFO  : Context for 'APU' is selected.
15:37:41 INFO  : System reset is completed.
15:37:44 INFO  : 'after 3000' command is executed.
15:37:44 INFO  : 'targets -set -filter {jtag_cable_name =~ "Digilent Zed 210248A39C95" && level==0} -index 1' command is executed.
15:37:46 INFO  : FPGA configured successfully with bitstream "D:/Sem_6/AELD/Labs/Midsem_Prep/HP_only/HP_only.sdk/design_1_wrapper_hw_platform_0/design_1_wrapper.bit"
15:37:47 INFO  : Context for 'APU' is selected.
15:37:48 INFO  : Hardware design information is loaded from 'D:/Sem_6/AELD/Labs/Midsem_Prep/HP_only/HP_only.sdk/design_1_wrapper_hw_platform_0/system.hdf'.
15:37:48 INFO  : 'configparams force-mem-access 1' command is executed.
15:37:48 INFO  : Context for 'APU' is selected.
15:37:52 INFO  : 'ps7_init' command is executed.
15:37:52 INFO  : 'ps7_post_config' command is executed.
15:37:52 INFO  : Context for processor 'ps7_cortexa9_0' is selected.
15:37:52 INFO  : The application 'D:/Sem_6/AELD/Labs/Midsem_Prep/HP_only/HP_only.sdk/HP_only/Debug/HP_only.elf' is downloaded to processor 'ps7_cortexa9_0'.
15:37:52 INFO  : 'configparams force-mem-access 0' command is executed.
15:37:52 INFO  : ----------------XSDB Script----------------
connect -path [list tcp::1534 tcp:192.168.226.142:59670]
set bp_37_40_0 [bpadd -target-id all -ct-input {0} -ct-output {24 25 26 27}]
set bp_37_40_1 [bpadd -target-id all -ct-input {24 25 26 27} -ct-output {0}]
source D:/Sem_6/AELD/Labs/Midsem_Prep/HP_only/HP_only.sdk/design_1_wrapper_hw_platform_0/ps7_init.tcl
targets -set -nocase -filter {name =~"APU*" && jtag_cable_name =~ "Digilent Zed 210248A39C95"} -index 0
rst -system
after 3000
targets -set -filter {jtag_cable_name =~ "Digilent Zed 210248A39C95" && level==0} -index 1
fpga -file D:/Sem_6/AELD/Labs/Midsem_Prep/HP_only/HP_only.sdk/design_1_wrapper_hw_platform_0/design_1_wrapper.bit
targets -set -nocase -filter {name =~"APU*" && jtag_cable_name =~ "Digilent Zed 210248A39C95"} -index 0
loadhw -hw D:/Sem_6/AELD/Labs/Midsem_Prep/HP_only/HP_only.sdk/design_1_wrapper_hw_platform_0/system.hdf -mem-ranges [list {0x40000000 0xbfffffff}]
configparams force-mem-access 1
targets -set -nocase -filter {name =~"APU*" && jtag_cable_name =~ "Digilent Zed 210248A39C95"} -index 0
ps7_init
ps7_post_config
targets -set -nocase -filter {name =~ "ARM*#0" && jtag_cable_name =~ "Digilent Zed 210248A39C95"} -index 0
dow D:/Sem_6/AELD/Labs/Midsem_Prep/HP_only/HP_only.sdk/HP_only/Debug/HP_only.elf
configparams force-mem-access 0
----------------End of Script----------------

15:37:52 INFO  : Memory regions updated for context APU
15:37:52 INFO  : Context for processor 'ps7_cortexa9_0' is selected.
15:37:52 INFO  : 'con' command is executed.
15:37:52 INFO  : ----------------XSDB Script (After Launch)----------------
targets -set -nocase -filter {name =~ "ARM*#0" && jtag_cable_name =~ "Digilent Zed 210248A39C95"} -index 0
con
----------------End of Script----------------

15:37:52 INFO  : Launch script is exported to file 'D:\Sem_6\AELD\Labs\Midsem_Prep\HP_only\HP_only.sdk\.sdk\launch_scripts\xilinx_c-c++_application_(system_debugger)\system_debugger_using_debug_hp_only.elf_on_zed.tcl'
15:43:52 INFO  : Disconnected from the channel tcfchan#6.
15:43:52 INFO  : 'bpremove $bp_37_40_0' command is executed.
15:43:52 INFO  : 'bpremove $bp_37_40_1' command is executed.
15:43:54 INFO  : Connected through redirection to target on host '192.168.226.142' and port '59670'.
15:43:54 INFO  : Jtag cable 'Digilent Zed 210248A39C95' is selected.
15:43:54 INFO  : 'jtag frequency' command is executed.
15:43:55 INFO  : 'set bp_43_54_0 [bpadd -target-id all -ct-input {0} -ct-output {24 25 26 27}]' command is executed.
15:43:55 INFO  : 'set bp_43_54_1 [bpadd -target-id all -ct-input {24 25 26 27} -ct-output {0}]' command is executed.
15:43:55 INFO  : Sourcing of 'D:/Sem_6/AELD/Labs/Midsem_Prep/HP_only/HP_only.sdk/design_1_wrapper_hw_platform_0/ps7_init.tcl' is done.
15:43:55 INFO  : Context for 'APU' is selected.
15:43:55 INFO  : System reset is completed.
15:43:58 INFO  : 'after 3000' command is executed.
15:43:58 INFO  : 'targets -set -filter {jtag_cable_name =~ "Digilent Zed 210248A39C95" && level==0} -index 1' command is executed.
15:44:01 INFO  : FPGA configured successfully with bitstream "D:/Sem_6/AELD/Labs/Midsem_Prep/HP_only/HP_only.sdk/design_1_wrapper_hw_platform_0/design_1_wrapper.bit"
15:44:01 INFO  : Context for 'APU' is selected.
15:44:02 INFO  : Hardware design information is loaded from 'D:/Sem_6/AELD/Labs/Midsem_Prep/HP_only/HP_only.sdk/design_1_wrapper_hw_platform_0/system.hdf'.
15:44:02 INFO  : 'configparams force-mem-access 1' command is executed.
15:44:02 INFO  : Context for 'APU' is selected.
15:44:06 INFO  : 'ps7_init' command is executed.
15:44:06 INFO  : 'ps7_post_config' command is executed.
15:44:06 INFO  : Context for processor 'ps7_cortexa9_0' is selected.
15:44:06 INFO  : The application 'D:/Sem_6/AELD/Labs/Midsem_Prep/HP_only/HP_only.sdk/HP_only/Debug/HP_only.elf' is downloaded to processor 'ps7_cortexa9_0'.
15:44:06 INFO  : 'configparams force-mem-access 0' command is executed.
15:44:06 INFO  : ----------------XSDB Script----------------
connect -path [list tcp::1534 tcp:192.168.226.142:59670]
set bp_43_54_0 [bpadd -target-id all -ct-input {0} -ct-output {24 25 26 27}]
set bp_43_54_1 [bpadd -target-id all -ct-input {24 25 26 27} -ct-output {0}]
source D:/Sem_6/AELD/Labs/Midsem_Prep/HP_only/HP_only.sdk/design_1_wrapper_hw_platform_0/ps7_init.tcl
targets -set -nocase -filter {name =~"APU*" && jtag_cable_name =~ "Digilent Zed 210248A39C95"} -index 0
rst -system
after 3000
targets -set -filter {jtag_cable_name =~ "Digilent Zed 210248A39C95" && level==0} -index 1
fpga -file D:/Sem_6/AELD/Labs/Midsem_Prep/HP_only/HP_only.sdk/design_1_wrapper_hw_platform_0/design_1_wrapper.bit
targets -set -nocase -filter {name =~"APU*" && jtag_cable_name =~ "Digilent Zed 210248A39C95"} -index 0
loadhw -hw D:/Sem_6/AELD/Labs/Midsem_Prep/HP_only/HP_only.sdk/design_1_wrapper_hw_platform_0/system.hdf -mem-ranges [list {0x40000000 0xbfffffff}]
configparams force-mem-access 1
targets -set -nocase -filter {name =~"APU*" && jtag_cable_name =~ "Digilent Zed 210248A39C95"} -index 0
ps7_init
ps7_post_config
targets -set -nocase -filter {name =~ "ARM*#0" && jtag_cable_name =~ "Digilent Zed 210248A39C95"} -index 0
dow D:/Sem_6/AELD/Labs/Midsem_Prep/HP_only/HP_only.sdk/HP_only/Debug/HP_only.elf
configparams force-mem-access 0
----------------End of Script----------------

15:44:06 INFO  : Memory regions updated for context APU
15:44:06 INFO  : Context for processor 'ps7_cortexa9_0' is selected.
15:44:07 INFO  : 'con' command is executed.
15:44:07 INFO  : ----------------XSDB Script (After Launch)----------------
targets -set -nocase -filter {name =~ "ARM*#0" && jtag_cable_name =~ "Digilent Zed 210248A39C95"} -index 0
con
----------------End of Script----------------

15:44:07 INFO  : Launch script is exported to file 'D:\Sem_6\AELD\Labs\Midsem_Prep\HP_only\HP_only.sdk\.sdk\launch_scripts\xilinx_c-c++_application_(system_debugger)\system_debugger_using_debug_hp_only.elf_on_zed.tcl'
15:45:12 WARN  : channel "tcfchan#7" closed
15:45:12 INFO  : 'bpremove $bp_43_54_0' command is executed.
15:45:12 INFO  : 'bpremove $bp_43_54_1' command is executed.
09:51:07 INFO  : Registering command handlers for SDK TCF services
09:51:08 INFO  : Launching XSCT server: xsct.bat -interactive D:\Sem_6\AELD\Labs\Midsem_Prep\HP_only\HP_only.sdk\temp_xsdb_launch_script.tcl
09:51:12 INFO  : XSCT server has started successfully.
09:51:15 INFO  : Successfully done setting XSCT server connection channel  
09:51:15 INFO  : Processing command line option -hwspec D:/Sem_6/AELD/Labs/Midsem_Prep/HP_only/HP_only.sdk/design_1_wrapper.hdf.
09:51:15 INFO  : Successfully done setting SDK workspace  
09:51:15 INFO  : Checking for hwspec changes in the project design_1_wrapper_hw_platform_0.
09:51:20 INFO  : SDK has detected change in the last modified timestamps for source hardware specification file Source:1740284281552,  Project:1740120128537
09:51:20 INFO  : The hardware specification for project 'design_1_wrapper_hw_platform_0' is different from D:/Sem_6/AELD/Labs/Midsem_Prep/HP_only/HP_only.sdk/design_1_wrapper.hdf.
09:51:20 INFO  : Copied contents of D:/Sem_6/AELD/Labs/Midsem_Prep/HP_only/HP_only.sdk/design_1_wrapper.hdf into \design_1_wrapper_hw_platform_0\system.hdf.
09:51:24 INFO  : Synchronizing projects in the workspace with the hardware platform specification changes.
09:51:28 INFO  : 
09:51:29 INFO  : Updating hardware inferred compiler options for HP_only.
09:51:29 INFO  : Clearing existing target manager status.
09:58:51 INFO  : Connected through redirection to target on host '192.168.226.142' and port '53291'.
09:58:55 INFO  : Jtag cable 'Digilent Zed 210248A39C7D' is selected.
09:58:55 INFO  : 'jtag frequency' command is executed.
09:58:56 INFO  : 'set bp_58_55_0 [bpadd -target-id all -ct-input {0} -ct-output {24 25 26 27}]' command is executed.
09:58:56 INFO  : 'set bp_58_55_1 [bpadd -target-id all -ct-input {24 25 26 27} -ct-output {0}]' command is executed.
09:58:56 INFO  : Sourcing of 'D:/Sem_6/AELD/Labs/Midsem_Prep/HP_only/HP_only.sdk/design_1_wrapper_hw_platform_0/ps7_init.tcl' is done.
09:58:56 INFO  : Context for 'APU' is selected.
09:58:56 INFO  : System reset is completed.
09:58:59 INFO  : 'after 3000' command is executed.
09:58:59 INFO  : 'targets -set -filter {jtag_cable_name =~ "Digilent Zed 210248A39C7D" && level==0} -index 1' command is executed.
09:59:02 INFO  : FPGA configured successfully with bitstream "D:/Sem_6/AELD/Labs/Midsem_Prep/HP_only/HP_only.sdk/design_1_wrapper_hw_platform_0/design_1_wrapper.bit"
09:59:02 INFO  : Context for 'APU' is selected.
09:59:02 INFO  : Hardware design information is loaded from 'D:/Sem_6/AELD/Labs/Midsem_Prep/HP_only/HP_only.sdk/design_1_wrapper_hw_platform_0/system.hdf'.
09:59:02 INFO  : 'configparams force-mem-access 1' command is executed.
09:59:02 INFO  : Context for 'APU' is selected.
09:59:05 INFO  : 'ps7_init' command is executed.
09:59:05 INFO  : 'ps7_post_config' command is executed.
09:59:05 INFO  : Context for processor 'ps7_cortexa9_0' is selected.
09:59:06 INFO  : The application 'D:/Sem_6/AELD/Labs/Midsem_Prep/HP_only/HP_only.sdk/HP_only/Debug/HP_only.elf' is downloaded to processor 'ps7_cortexa9_0'.
09:59:06 INFO  : 'configparams force-mem-access 0' command is executed.
09:59:06 INFO  : ----------------XSDB Script----------------
connect -path [list tcp::1534 tcp:192.168.226.142:53291]
set bp_58_55_0 [bpadd -target-id all -ct-input {0} -ct-output {24 25 26 27}]
set bp_58_55_1 [bpadd -target-id all -ct-input {24 25 26 27} -ct-output {0}]
source D:/Sem_6/AELD/Labs/Midsem_Prep/HP_only/HP_only.sdk/design_1_wrapper_hw_platform_0/ps7_init.tcl
targets -set -nocase -filter {name =~"APU*" && jtag_cable_name =~ "Digilent Zed 210248A39C7D"} -index 0
rst -system
after 3000
targets -set -filter {jtag_cable_name =~ "Digilent Zed 210248A39C7D" && level==0} -index 1
fpga -file D:/Sem_6/AELD/Labs/Midsem_Prep/HP_only/HP_only.sdk/design_1_wrapper_hw_platform_0/design_1_wrapper.bit
targets -set -nocase -filter {name =~"APU*" && jtag_cable_name =~ "Digilent Zed 210248A39C7D"} -index 0
loadhw -hw D:/Sem_6/AELD/Labs/Midsem_Prep/HP_only/HP_only.sdk/design_1_wrapper_hw_platform_0/system.hdf -mem-ranges [list {0x40000000 0xbfffffff}]
configparams force-mem-access 1
targets -set -nocase -filter {name =~"APU*" && jtag_cable_name =~ "Digilent Zed 210248A39C7D"} -index 0
ps7_init
ps7_post_config
targets -set -nocase -filter {name =~ "ARM*#0" && jtag_cable_name =~ "Digilent Zed 210248A39C7D"} -index 0
dow D:/Sem_6/AELD/Labs/Midsem_Prep/HP_only/HP_only.sdk/HP_only/Debug/HP_only.elf
configparams force-mem-access 0
----------------End of Script----------------

09:59:06 INFO  : Memory regions updated for context APU
09:59:06 INFO  : Context for processor 'ps7_cortexa9_0' is selected.
09:59:06 INFO  : 'con' command is executed.
09:59:06 INFO  : ----------------XSDB Script (After Launch)----------------
targets -set -nocase -filter {name =~ "ARM*#0" && jtag_cable_name =~ "Digilent Zed 210248A39C7D"} -index 0
con
----------------End of Script----------------

09:59:06 INFO  : Launch script is exported to file 'D:\Sem_6\AELD\Labs\Midsem_Prep\HP_only\HP_only.sdk\.sdk\launch_scripts\xilinx_c-c++_application_(system_debugger)\system_debugger_using_debug_hp_only.elf_on_zed.tcl'
10:09:22 INFO  : Disconnected from the channel tcfchan#1.
10:09:22 INFO  : 'bpremove $bp_58_55_0' command is executed.
10:09:22 INFO  : 'bpremove $bp_58_55_1' command is executed.
10:09:23 INFO  : Connected through redirection to target on host '192.168.226.142' and port '53291'.
10:09:24 INFO  : Jtag cable 'Digilent Zed 210248A39C7D' is selected.
10:09:24 INFO  : 'jtag frequency' command is executed.
10:09:24 INFO  : 'set bp_9_23_0 [bpadd -target-id all -ct-input {0} -ct-output {24 25 26 27}]' command is executed.
10:09:24 INFO  : 'set bp_9_23_1 [bpadd -target-id all -ct-input {24 25 26 27} -ct-output {0}]' command is executed.
10:09:24 INFO  : Sourcing of 'D:/Sem_6/AELD/Labs/Midsem_Prep/HP_only/HP_only.sdk/design_1_wrapper_hw_platform_0/ps7_init.tcl' is done.
10:09:24 INFO  : Context for 'APU' is selected.
10:09:24 INFO  : System reset is completed.
10:09:27 INFO  : 'after 3000' command is executed.
10:09:28 INFO  : 'targets -set -filter {jtag_cable_name =~ "Digilent Zed 210248A39C7D" && level==0} -index 1' command is executed.
10:09:30 INFO  : FPGA configured successfully with bitstream "D:/Sem_6/AELD/Labs/Midsem_Prep/HP_only/HP_only.sdk/design_1_wrapper_hw_platform_0/design_1_wrapper.bit"
10:09:30 INFO  : Context for 'APU' is selected.
10:09:32 INFO  : Hardware design information is loaded from 'D:/Sem_6/AELD/Labs/Midsem_Prep/HP_only/HP_only.sdk/design_1_wrapper_hw_platform_0/system.hdf'.
10:09:32 INFO  : 'configparams force-mem-access 1' command is executed.
10:09:32 INFO  : Context for 'APU' is selected.
10:09:36 INFO  : 'ps7_init' command is executed.
10:09:36 INFO  : 'ps7_post_config' command is executed.
10:09:36 INFO  : Context for processor 'ps7_cortexa9_0' is selected.
10:09:36 INFO  : The application 'D:/Sem_6/AELD/Labs/Midsem_Prep/HP_only/HP_only.sdk/HP_only/Debug/HP_only.elf' is downloaded to processor 'ps7_cortexa9_0'.
10:09:36 INFO  : 'configparams force-mem-access 0' command is executed.
10:09:36 INFO  : ----------------XSDB Script----------------
connect -path [list tcp::1534 tcp:192.168.226.142:53291]
set bp_9_23_0 [bpadd -target-id all -ct-input {0} -ct-output {24 25 26 27}]
set bp_9_23_1 [bpadd -target-id all -ct-input {24 25 26 27} -ct-output {0}]
source D:/Sem_6/AELD/Labs/Midsem_Prep/HP_only/HP_only.sdk/design_1_wrapper_hw_platform_0/ps7_init.tcl
targets -set -nocase -filter {name =~"APU*" && jtag_cable_name =~ "Digilent Zed 210248A39C7D"} -index 0
rst -system
after 3000
targets -set -filter {jtag_cable_name =~ "Digilent Zed 210248A39C7D" && level==0} -index 1
fpga -file D:/Sem_6/AELD/Labs/Midsem_Prep/HP_only/HP_only.sdk/design_1_wrapper_hw_platform_0/design_1_wrapper.bit
targets -set -nocase -filter {name =~"APU*" && jtag_cable_name =~ "Digilent Zed 210248A39C7D"} -index 0
loadhw -hw D:/Sem_6/AELD/Labs/Midsem_Prep/HP_only/HP_only.sdk/design_1_wrapper_hw_platform_0/system.hdf -mem-ranges [list {0x40000000 0xbfffffff}]
configparams force-mem-access 1
targets -set -nocase -filter {name =~"APU*" && jtag_cable_name =~ "Digilent Zed 210248A39C7D"} -index 0
ps7_init
ps7_post_config
targets -set -nocase -filter {name =~ "ARM*#0" && jtag_cable_name =~ "Digilent Zed 210248A39C7D"} -index 0
dow D:/Sem_6/AELD/Labs/Midsem_Prep/HP_only/HP_only.sdk/HP_only/Debug/HP_only.elf
configparams force-mem-access 0
----------------End of Script----------------

10:09:36 INFO  : Memory regions updated for context APU
10:09:36 INFO  : Context for processor 'ps7_cortexa9_0' is selected.
10:09:36 INFO  : 'con' command is executed.
10:09:36 INFO  : ----------------XSDB Script (After Launch)----------------
targets -set -nocase -filter {name =~ "ARM*#0" && jtag_cable_name =~ "Digilent Zed 210248A39C7D"} -index 0
con
----------------End of Script----------------

10:09:36 INFO  : Launch script is exported to file 'D:\Sem_6\AELD\Labs\Midsem_Prep\HP_only\HP_only.sdk\.sdk\launch_scripts\xilinx_c-c++_application_(system_debugger)\system_debugger_using_debug_hp_only.elf_on_zed.tcl'
10:09:51 WARN  : channel "tcfchan#2" closed
10:09:51 ERROR : channel "tcfchan#2" closed
10:13:23 INFO  : Connected through redirection to target on host '192.168.226.142' and port '52060'.
10:13:23 INFO  : Jtag cable 'Digilent Zed 210248A39791' is selected.
10:13:23 INFO  : 'jtag frequency' command is executed.
10:13:23 INFO  : 'set bp_13_23_0 [bpadd -target-id all -ct-input {0} -ct-output {24 25 26 27}]' command is executed.
10:13:23 INFO  : 'set bp_13_23_1 [bpadd -target-id all -ct-input {24 25 26 27} -ct-output {0}]' command is executed.
10:13:23 INFO  : Sourcing of 'D:/Sem_6/AELD/Labs/Midsem_Prep/HP_only/HP_only.sdk/design_1_wrapper_hw_platform_0/ps7_init.tcl' is done.
10:13:26 INFO  : Context for 'APU' is selected.
10:13:26 INFO  : System reset is completed.
10:13:29 INFO  : 'after 3000' command is executed.
10:13:33 INFO  : 'targets -set -filter {jtag_cable_name =~ "Digilent Zed 210248A39791" && level==0} -index 1' command is executed.
10:13:35 INFO  : FPGA configured successfully with bitstream "D:/Sem_6/AELD/Labs/Midsem_Prep/HP_only/HP_only.sdk/design_1_wrapper_hw_platform_0/design_1_wrapper.bit"
10:13:39 INFO  : Context for 'APU' is selected.
10:13:39 INFO  : Hardware design information is loaded from 'D:/Sem_6/AELD/Labs/Midsem_Prep/HP_only/HP_only.sdk/design_1_wrapper_hw_platform_0/system.hdf'.
10:13:39 INFO  : 'configparams force-mem-access 1' command is executed.
10:13:41 INFO  : Context for 'APU' is selected.
10:13:53 INFO  : 'ps7_init' command is executed.
10:13:53 INFO  : 'ps7_post_config' command is executed.
10:13:59 INFO  : Context for processor 'ps7_cortexa9_0' is selected.
10:13:59 INFO  : The application 'D:/Sem_6/AELD/Labs/Midsem_Prep/HP_only/HP_only.sdk/HP_only/Debug/HP_only.elf' is downloaded to processor 'ps7_cortexa9_0'.
10:13:59 INFO  : 'configparams force-mem-access 0' command is executed.
10:13:59 INFO  : ----------------XSDB Script----------------
connect -path [list tcp::1534 tcp:192.168.226.142:52060]
set bp_13_23_0 [bpadd -target-id all -ct-input {0} -ct-output {24 25 26 27}]
set bp_13_23_1 [bpadd -target-id all -ct-input {24 25 26 27} -ct-output {0}]
source D:/Sem_6/AELD/Labs/Midsem_Prep/HP_only/HP_only.sdk/design_1_wrapper_hw_platform_0/ps7_init.tcl
targets -set -nocase -filter {name =~"APU*" && jtag_cable_name =~ "Digilent Zed 210248A39791"} -index 0
rst -system
after 3000
targets -set -filter {jtag_cable_name =~ "Digilent Zed 210248A39791" && level==0} -index 1
fpga -file D:/Sem_6/AELD/Labs/Midsem_Prep/HP_only/HP_only.sdk/design_1_wrapper_hw_platform_0/design_1_wrapper.bit
targets -set -nocase -filter {name =~"APU*" && jtag_cable_name =~ "Digilent Zed 210248A39791"} -index 0
loadhw -hw D:/Sem_6/AELD/Labs/Midsem_Prep/HP_only/HP_only.sdk/design_1_wrapper_hw_platform_0/system.hdf -mem-ranges [list {0x40000000 0xbfffffff}]
configparams force-mem-access 1
targets -set -nocase -filter {name =~"APU*" && jtag_cable_name =~ "Digilent Zed 210248A39791"} -index 0
ps7_init
ps7_post_config
targets -set -nocase -filter {name =~ "ARM*#0" && jtag_cable_name =~ "Digilent Zed 210248A39791"} -index 0
dow D:/Sem_6/AELD/Labs/Midsem_Prep/HP_only/HP_only.sdk/HP_only/Debug/HP_only.elf
configparams force-mem-access 0
----------------End of Script----------------

10:14:00 INFO  : Memory regions updated for context APU
10:14:07 INFO  : Context for processor 'ps7_cortexa9_0' is selected.
10:14:07 INFO  : 'con' command is executed.
10:14:07 INFO  : ----------------XSDB Script (After Launch)----------------
targets -set -nocase -filter {name =~ "ARM*#0" && jtag_cable_name =~ "Digilent Zed 210248A39791"} -index 0
con
----------------End of Script----------------

10:14:07 INFO  : Launch script is exported to file 'D:\Sem_6\AELD\Labs\Midsem_Prep\HP_only\HP_only.sdk\.sdk\launch_scripts\xilinx_c-c++_application_(system_debugger)\system_debugger_using_debug_hp_only.elf_on_zed.tcl'
10:17:09 INFO  : Disconnected from the channel tcfchan#3.
10:17:09 INFO  : 'bpremove $bp_13_23_0' command is executed.
10:17:09 INFO  : 'bpremove $bp_13_23_1' command is executed.
10:17:10 INFO  : Connected through redirection to target on host '192.168.226.142' and port '52060'.
10:17:11 INFO  : Jtag cable 'Digilent Zed 210248A39791' is selected.
10:17:11 INFO  : 'jtag frequency' command is executed.
10:17:11 INFO  : 'set bp_17_10_0 [bpadd -target-id all -ct-input {0} -ct-output {24 25 26 27}]' command is executed.
10:17:11 INFO  : 'set bp_17_10_1 [bpadd -target-id all -ct-input {24 25 26 27} -ct-output {0}]' command is executed.
10:17:11 INFO  : Sourcing of 'D:/Sem_6/AELD/Labs/Midsem_Prep/HP_only/HP_only.sdk/design_1_wrapper_hw_platform_0/ps7_init.tcl' is done.
10:17:11 INFO  : Context for 'APU' is selected.
10:17:11 INFO  : System reset is completed.
10:17:14 INFO  : 'after 3000' command is executed.
10:17:14 INFO  : 'targets -set -filter {jtag_cable_name =~ "Digilent Zed 210248A39791" && level==0} -index 1' command is executed.
10:17:17 INFO  : FPGA configured successfully with bitstream "D:/Sem_6/AELD/Labs/Midsem_Prep/HP_only/HP_only.sdk/design_1_wrapper_hw_platform_0/design_1_wrapper.bit"
10:17:17 INFO  : Context for 'APU' is selected.
10:17:17 INFO  : Hardware design information is loaded from 'D:/Sem_6/AELD/Labs/Midsem_Prep/HP_only/HP_only.sdk/design_1_wrapper_hw_platform_0/system.hdf'.
10:17:17 INFO  : 'configparams force-mem-access 1' command is executed.
10:17:17 INFO  : Context for 'APU' is selected.
10:17:21 INFO  : 'ps7_init' command is executed.
10:17:21 INFO  : 'ps7_post_config' command is executed.
10:17:21 INFO  : Context for processor 'ps7_cortexa9_0' is selected.
10:17:21 INFO  : The application 'D:/Sem_6/AELD/Labs/Midsem_Prep/HP_only/HP_only.sdk/HP_only/Debug/HP_only.elf' is downloaded to processor 'ps7_cortexa9_0'.
10:17:21 INFO  : 'configparams force-mem-access 0' command is executed.
10:17:21 INFO  : ----------------XSDB Script----------------
connect -path [list tcp::1534 tcp:192.168.226.142:52060]
set bp_17_10_0 [bpadd -target-id all -ct-input {0} -ct-output {24 25 26 27}]
set bp_17_10_1 [bpadd -target-id all -ct-input {24 25 26 27} -ct-output {0}]
source D:/Sem_6/AELD/Labs/Midsem_Prep/HP_only/HP_only.sdk/design_1_wrapper_hw_platform_0/ps7_init.tcl
targets -set -nocase -filter {name =~"APU*" && jtag_cable_name =~ "Digilent Zed 210248A39791"} -index 0
rst -system
after 3000
targets -set -filter {jtag_cable_name =~ "Digilent Zed 210248A39791" && level==0} -index 1
fpga -file D:/Sem_6/AELD/Labs/Midsem_Prep/HP_only/HP_only.sdk/design_1_wrapper_hw_platform_0/design_1_wrapper.bit
targets -set -nocase -filter {name =~"APU*" && jtag_cable_name =~ "Digilent Zed 210248A39791"} -index 0
loadhw -hw D:/Sem_6/AELD/Labs/Midsem_Prep/HP_only/HP_only.sdk/design_1_wrapper_hw_platform_0/system.hdf -mem-ranges [list {0x40000000 0xbfffffff}]
configparams force-mem-access 1
targets -set -nocase -filter {name =~"APU*" && jtag_cable_name =~ "Digilent Zed 210248A39791"} -index 0
ps7_init
ps7_post_config
targets -set -nocase -filter {name =~ "ARM*#0" && jtag_cable_name =~ "Digilent Zed 210248A39791"} -index 0
dow D:/Sem_6/AELD/Labs/Midsem_Prep/HP_only/HP_only.sdk/HP_only/Debug/HP_only.elf
configparams force-mem-access 0
----------------End of Script----------------

10:17:21 INFO  : Memory regions updated for context APU
10:17:22 INFO  : Context for processor 'ps7_cortexa9_0' is selected.
10:17:22 INFO  : 'con' command is executed.
10:17:22 INFO  : ----------------XSDB Script (After Launch)----------------
targets -set -nocase -filter {name =~ "ARM*#0" && jtag_cable_name =~ "Digilent Zed 210248A39791"} -index 0
con
----------------End of Script----------------

10:17:22 INFO  : Launch script is exported to file 'D:\Sem_6\AELD\Labs\Midsem_Prep\HP_only\HP_only.sdk\.sdk\launch_scripts\xilinx_c-c++_application_(system_debugger)\system_debugger_using_debug_hp_only.elf_on_zed.tcl'
10:19:24 WARN  : channel "tcfchan#4" closed
10:19:24 ERROR : channel "tcfchan#4" closed
10:20:52 ERROR : Failed to redirect connection to hardware server on host '192.168.226.142' and port '52060'.
Reason: No connection could be made because the target machine actively refused it
10:20:52 INFO  : ----------------XSDB Script----------------
connect -path [list tcp::1534 tcp:192.168.226.142:52060]
----------------End of Script----------------

10:21:52 INFO  : Connected through redirection to target on host '192.168.226.142' and port '59566'.
10:21:53 INFO  : Jtag cable 'Digilent Zed 210248A39C7D' is selected.
10:21:53 INFO  : 'jtag frequency' command is executed.
10:21:53 INFO  : 'set bp_21_53_0 [bpadd -target-id all -ct-input {0} -ct-output {24 25 26 27}]' command is executed.
10:21:53 INFO  : 'set bp_21_53_1 [bpadd -target-id all -ct-input {24 25 26 27} -ct-output {0}]' command is executed.
10:21:53 INFO  : Sourcing of 'D:/Sem_6/AELD/Labs/Midsem_Prep/HP_only/HP_only.sdk/design_1_wrapper_hw_platform_0/ps7_init.tcl' is done.
10:21:53 INFO  : Context for 'APU' is selected.
10:21:53 INFO  : System reset is completed.
10:21:56 INFO  : 'after 3000' command is executed.
10:21:56 INFO  : 'targets -set -filter {jtag_cable_name =~ "Digilent Zed 210248A39C7D" && level==0} -index 1' command is executed.
10:21:59 INFO  : FPGA configured successfully with bitstream "D:/Sem_6/AELD/Labs/Midsem_Prep/HP_only/HP_only.sdk/design_1_wrapper_hw_platform_0/design_1_wrapper.bit"
10:21:59 INFO  : Context for 'APU' is selected.
10:21:59 INFO  : Hardware design information is loaded from 'D:/Sem_6/AELD/Labs/Midsem_Prep/HP_only/HP_only.sdk/design_1_wrapper_hw_platform_0/system.hdf'.
10:21:59 INFO  : 'configparams force-mem-access 1' command is executed.
10:21:59 INFO  : Context for 'APU' is selected.
10:22:02 INFO  : 'ps7_init' command is executed.
10:22:02 INFO  : 'ps7_post_config' command is executed.
10:22:03 INFO  : Context for processor 'ps7_cortexa9_0' is selected.
10:22:03 INFO  : The application 'D:/Sem_6/AELD/Labs/Midsem_Prep/HP_only/HP_only.sdk/HP_only/Debug/HP_only.elf' is downloaded to processor 'ps7_cortexa9_0'.
10:22:03 INFO  : 'configparams force-mem-access 0' command is executed.
10:22:03 INFO  : ----------------XSDB Script----------------
connect -path [list tcp::1534 tcp:192.168.226.142:59566]
set bp_21_53_0 [bpadd -target-id all -ct-input {0} -ct-output {24 25 26 27}]
set bp_21_53_1 [bpadd -target-id all -ct-input {24 25 26 27} -ct-output {0}]
source D:/Sem_6/AELD/Labs/Midsem_Prep/HP_only/HP_only.sdk/design_1_wrapper_hw_platform_0/ps7_init.tcl
targets -set -nocase -filter {name =~"APU*" && jtag_cable_name =~ "Digilent Zed 210248A39C7D"} -index 0
rst -system
after 3000
targets -set -filter {jtag_cable_name =~ "Digilent Zed 210248A39C7D" && level==0} -index 1
fpga -file D:/Sem_6/AELD/Labs/Midsem_Prep/HP_only/HP_only.sdk/design_1_wrapper_hw_platform_0/design_1_wrapper.bit
targets -set -nocase -filter {name =~"APU*" && jtag_cable_name =~ "Digilent Zed 210248A39C7D"} -index 0
loadhw -hw D:/Sem_6/AELD/Labs/Midsem_Prep/HP_only/HP_only.sdk/design_1_wrapper_hw_platform_0/system.hdf -mem-ranges [list {0x40000000 0xbfffffff}]
configparams force-mem-access 1
targets -set -nocase -filter {name =~"APU*" && jtag_cable_name =~ "Digilent Zed 210248A39C7D"} -index 0
ps7_init
ps7_post_config
targets -set -nocase -filter {name =~ "ARM*#0" && jtag_cable_name =~ "Digilent Zed 210248A39C7D"} -index 0
dow D:/Sem_6/AELD/Labs/Midsem_Prep/HP_only/HP_only.sdk/HP_only/Debug/HP_only.elf
configparams force-mem-access 0
----------------End of Script----------------

10:22:03 INFO  : Memory regions updated for context APU
10:22:03 INFO  : Context for processor 'ps7_cortexa9_0' is selected.
10:22:03 INFO  : 'con' command is executed.
10:22:03 INFO  : ----------------XSDB Script (After Launch)----------------
targets -set -nocase -filter {name =~ "ARM*#0" && jtag_cable_name =~ "Digilent Zed 210248A39C7D"} -index 0
con
----------------End of Script----------------

10:22:03 INFO  : Launch script is exported to file 'D:\Sem_6\AELD\Labs\Midsem_Prep\HP_only\HP_only.sdk\.sdk\launch_scripts\xilinx_c-c++_application_(system_debugger)\system_debugger_using_debug_hp_only.elf_on_zed.tcl'
10:25:06 INFO  : Disconnected from the channel tcfchan#6.
10:25:06 INFO  : 'bpremove $bp_21_53_0' command is executed.
10:25:06 INFO  : 'bpremove $bp_21_53_1' command is executed.
10:25:08 INFO  : Connected through redirection to target on host '192.168.226.142' and port '59566'.
10:25:08 INFO  : Jtag cable 'Digilent Zed 210248A39C7D' is selected.
10:25:08 INFO  : 'jtag frequency' command is executed.
10:25:08 INFO  : 'set bp_25_8_0 [bpadd -target-id all -ct-input {0} -ct-output {24 25 26 27}]' command is executed.
10:25:08 INFO  : 'set bp_25_8_1 [bpadd -target-id all -ct-input {24 25 26 27} -ct-output {0}]' command is executed.
10:25:08 INFO  : Sourcing of 'D:/Sem_6/AELD/Labs/Midsem_Prep/HP_only/HP_only.sdk/design_1_wrapper_hw_platform_0/ps7_init.tcl' is done.
10:25:08 INFO  : Context for 'APU' is selected.
10:25:08 INFO  : System reset is completed.
10:25:11 INFO  : 'after 3000' command is executed.
10:25:12 INFO  : 'targets -set -filter {jtag_cable_name =~ "Digilent Zed 210248A39C7D" && level==0} -index 1' command is executed.
10:25:14 INFO  : FPGA configured successfully with bitstream "D:/Sem_6/AELD/Labs/Midsem_Prep/HP_only/HP_only.sdk/design_1_wrapper_hw_platform_0/design_1_wrapper.bit"
10:25:14 INFO  : Context for 'APU' is selected.
10:25:14 INFO  : Hardware design information is loaded from 'D:/Sem_6/AELD/Labs/Midsem_Prep/HP_only/HP_only.sdk/design_1_wrapper_hw_platform_0/system.hdf'.
10:25:14 INFO  : 'configparams force-mem-access 1' command is executed.
10:25:15 INFO  : Context for 'APU' is selected.
10:25:18 INFO  : 'ps7_init' command is executed.
10:25:18 INFO  : 'ps7_post_config' command is executed.
10:25:18 INFO  : Context for processor 'ps7_cortexa9_0' is selected.
10:25:19 INFO  : The application 'D:/Sem_6/AELD/Labs/Midsem_Prep/HP_only/HP_only.sdk/HP_only/Debug/HP_only.elf' is downloaded to processor 'ps7_cortexa9_0'.
10:25:19 INFO  : 'configparams force-mem-access 0' command is executed.
10:25:19 INFO  : ----------------XSDB Script----------------
connect -path [list tcp::1534 tcp:192.168.226.142:59566]
set bp_25_8_0 [bpadd -target-id all -ct-input {0} -ct-output {24 25 26 27}]
set bp_25_8_1 [bpadd -target-id all -ct-input {24 25 26 27} -ct-output {0}]
source D:/Sem_6/AELD/Labs/Midsem_Prep/HP_only/HP_only.sdk/design_1_wrapper_hw_platform_0/ps7_init.tcl
targets -set -nocase -filter {name =~"APU*" && jtag_cable_name =~ "Digilent Zed 210248A39C7D"} -index 0
rst -system
after 3000
targets -set -filter {jtag_cable_name =~ "Digilent Zed 210248A39C7D" && level==0} -index 1
fpga -file D:/Sem_6/AELD/Labs/Midsem_Prep/HP_only/HP_only.sdk/design_1_wrapper_hw_platform_0/design_1_wrapper.bit
targets -set -nocase -filter {name =~"APU*" && jtag_cable_name =~ "Digilent Zed 210248A39C7D"} -index 0
loadhw -hw D:/Sem_6/AELD/Labs/Midsem_Prep/HP_only/HP_only.sdk/design_1_wrapper_hw_platform_0/system.hdf -mem-ranges [list {0x40000000 0xbfffffff}]
configparams force-mem-access 1
targets -set -nocase -filter {name =~"APU*" && jtag_cable_name =~ "Digilent Zed 210248A39C7D"} -index 0
ps7_init
ps7_post_config
targets -set -nocase -filter {name =~ "ARM*#0" && jtag_cable_name =~ "Digilent Zed 210248A39C7D"} -index 0
dow D:/Sem_6/AELD/Labs/Midsem_Prep/HP_only/HP_only.sdk/HP_only/Debug/HP_only.elf
configparams force-mem-access 0
----------------End of Script----------------

10:25:19 INFO  : Memory regions updated for context APU
10:25:19 INFO  : Context for processor 'ps7_cortexa9_0' is selected.
10:25:19 INFO  : 'con' command is executed.
10:25:19 INFO  : ----------------XSDB Script (After Launch)----------------
targets -set -nocase -filter {name =~ "ARM*#0" && jtag_cable_name =~ "Digilent Zed 210248A39C7D"} -index 0
con
----------------End of Script----------------

10:25:19 INFO  : Launch script is exported to file 'D:\Sem_6\AELD\Labs\Midsem_Prep\HP_only\HP_only.sdk\.sdk\launch_scripts\xilinx_c-c++_application_(system_debugger)\system_debugger_using_debug_hp_only.elf_on_zed.tcl'
10:26:21 INFO  : Disconnected from the channel tcfchan#7.
10:26:21 INFO  : 'bpremove $bp_25_8_0' command is executed.
10:26:21 INFO  : 'bpremove $bp_25_8_1' command is executed.
10:26:22 INFO  : Connected through redirection to target on host '192.168.226.142' and port '59566'.
10:26:22 INFO  : Jtag cable 'Digilent Zed 210248A39C7D' is selected.
10:26:22 INFO  : 'jtag frequency' command is executed.
10:26:22 INFO  : 'set bp_26_22_0 [bpadd -target-id all -ct-input {0} -ct-output {24 25 26 27}]' command is executed.
10:26:22 INFO  : 'set bp_26_22_1 [bpadd -target-id all -ct-input {24 25 26 27} -ct-output {0}]' command is executed.
10:26:22 INFO  : Sourcing of 'D:/Sem_6/AELD/Labs/Midsem_Prep/HP_only/HP_only.sdk/design_1_wrapper_hw_platform_0/ps7_init.tcl' is done.
10:26:22 INFO  : Context for 'APU' is selected.
10:26:23 INFO  : System reset is completed.
10:26:26 INFO  : 'after 3000' command is executed.
10:26:26 INFO  : 'targets -set -filter {jtag_cable_name =~ "Digilent Zed 210248A39C7D" && level==0} -index 1' command is executed.
10:26:28 INFO  : FPGA configured successfully with bitstream "D:/Sem_6/AELD/Labs/Midsem_Prep/HP_only/HP_only.sdk/design_1_wrapper_hw_platform_0/design_1_wrapper.bit"
10:26:29 INFO  : Context for 'APU' is selected.
10:26:29 INFO  : Hardware design information is loaded from 'D:/Sem_6/AELD/Labs/Midsem_Prep/HP_only/HP_only.sdk/design_1_wrapper_hw_platform_0/system.hdf'.
10:26:29 INFO  : 'configparams force-mem-access 1' command is executed.
10:26:29 INFO  : Context for 'APU' is selected.
10:26:33 INFO  : 'ps7_init' command is executed.
10:26:33 INFO  : 'ps7_post_config' command is executed.
10:26:33 INFO  : Context for processor 'ps7_cortexa9_0' is selected.
10:26:34 INFO  : The application 'D:/Sem_6/AELD/Labs/Midsem_Prep/HP_only/HP_only.sdk/HP_only/Debug/HP_only.elf' is downloaded to processor 'ps7_cortexa9_0'.
10:26:34 INFO  : 'configparams force-mem-access 0' command is executed.
10:26:34 INFO  : ----------------XSDB Script----------------
connect -path [list tcp::1534 tcp:192.168.226.142:59566]
set bp_26_22_0 [bpadd -target-id all -ct-input {0} -ct-output {24 25 26 27}]
set bp_26_22_1 [bpadd -target-id all -ct-input {24 25 26 27} -ct-output {0}]
source D:/Sem_6/AELD/Labs/Midsem_Prep/HP_only/HP_only.sdk/design_1_wrapper_hw_platform_0/ps7_init.tcl
targets -set -nocase -filter {name =~"APU*" && jtag_cable_name =~ "Digilent Zed 210248A39C7D"} -index 0
rst -system
after 3000
targets -set -filter {jtag_cable_name =~ "Digilent Zed 210248A39C7D" && level==0} -index 1
fpga -file D:/Sem_6/AELD/Labs/Midsem_Prep/HP_only/HP_only.sdk/design_1_wrapper_hw_platform_0/design_1_wrapper.bit
targets -set -nocase -filter {name =~"APU*" && jtag_cable_name =~ "Digilent Zed 210248A39C7D"} -index 0
loadhw -hw D:/Sem_6/AELD/Labs/Midsem_Prep/HP_only/HP_only.sdk/design_1_wrapper_hw_platform_0/system.hdf -mem-ranges [list {0x40000000 0xbfffffff}]
configparams force-mem-access 1
targets -set -nocase -filter {name =~"APU*" && jtag_cable_name =~ "Digilent Zed 210248A39C7D"} -index 0
ps7_init
ps7_post_config
targets -set -nocase -filter {name =~ "ARM*#0" && jtag_cable_name =~ "Digilent Zed 210248A39C7D"} -index 0
dow D:/Sem_6/AELD/Labs/Midsem_Prep/HP_only/HP_only.sdk/HP_only/Debug/HP_only.elf
configparams force-mem-access 0
----------------End of Script----------------

10:26:34 INFO  : Memory regions updated for context APU
10:26:34 INFO  : Context for processor 'ps7_cortexa9_0' is selected.
10:26:34 INFO  : 'con' command is executed.
10:26:34 INFO  : ----------------XSDB Script (After Launch)----------------
targets -set -nocase -filter {name =~ "ARM*#0" && jtag_cable_name =~ "Digilent Zed 210248A39C7D"} -index 0
con
----------------End of Script----------------

10:26:34 INFO  : Launch script is exported to file 'D:\Sem_6\AELD\Labs\Midsem_Prep\HP_only\HP_only.sdk\.sdk\launch_scripts\xilinx_c-c++_application_(system_debugger)\system_debugger_using_debug_hp_only.elf_on_zed.tcl'
10:28:04 WARN  : channel "tcfchan#8" closed
10:28:05 ERROR : channel "tcfchan#8" closed
10:29:17 ERROR : Failed to redirect connection to hardware server on host '192.168.226.142' and port '59566'.
Reason: No connection could be made because the target machine actively refused it
10:29:17 INFO  : ----------------XSDB Script----------------
connect -path [list tcp::1534 tcp:192.168.226.142:59566]
----------------End of Script----------------

10:29:37 INFO  : Connected to target on host '127.0.0.1' and port '3121'.
10:29:37 INFO  : Jtag cable 'Digilent Zed 210248722265' is selected.
10:29:37 INFO  : 'jtag frequency' command is executed.
10:29:38 INFO  : 'set bp_29_37_0 [bpadd -target-id all -ct-input {0} -ct-output {24 25 26 27}]' command is executed.
10:29:38 INFO  : 'set bp_29_37_1 [bpadd -target-id all -ct-input {24 25 26 27} -ct-output {0}]' command is executed.
10:29:38 INFO  : Sourcing of 'D:/Sem_6/AELD/Labs/Midsem_Prep/HP_only/HP_only.sdk/design_1_wrapper_hw_platform_0/ps7_init.tcl' is done.
10:29:38 INFO  : Context for 'APU' is selected.
10:29:38 INFO  : System reset is completed.
10:29:41 INFO  : 'after 3000' command is executed.
10:29:41 INFO  : 'targets -set -filter {jtag_cable_name =~ "Digilent Zed 210248722265" && level==0} -index 1' command is executed.
10:29:43 INFO  : FPGA configured successfully with bitstream "D:/Sem_6/AELD/Labs/Midsem_Prep/HP_only/HP_only.sdk/design_1_wrapper_hw_platform_0/design_1_wrapper.bit"
10:29:43 INFO  : Context for 'APU' is selected.
10:29:43 INFO  : Hardware design information is loaded from 'D:/Sem_6/AELD/Labs/Midsem_Prep/HP_only/HP_only.sdk/design_1_wrapper_hw_platform_0/system.hdf'.
10:29:43 INFO  : 'configparams force-mem-access 1' command is executed.
10:29:44 INFO  : Context for 'APU' is selected.
10:29:44 INFO  : 'ps7_init' command is executed.
10:29:44 INFO  : 'ps7_post_config' command is executed.
10:29:44 INFO  : Context for processor 'ps7_cortexa9_0' is selected.
10:29:44 INFO  : The application 'D:/Sem_6/AELD/Labs/Midsem_Prep/HP_only/HP_only.sdk/HP_only/Debug/HP_only.elf' is downloaded to processor 'ps7_cortexa9_0'.
10:29:44 INFO  : 'configparams force-mem-access 0' command is executed.
10:29:44 INFO  : ----------------XSDB Script----------------
connect -url tcp:127.0.0.1:3121
set bp_29_37_0 [bpadd -target-id all -ct-input {0} -ct-output {24 25 26 27}]
set bp_29_37_1 [bpadd -target-id all -ct-input {24 25 26 27} -ct-output {0}]
source D:/Sem_6/AELD/Labs/Midsem_Prep/HP_only/HP_only.sdk/design_1_wrapper_hw_platform_0/ps7_init.tcl
targets -set -nocase -filter {name =~"APU*" && jtag_cable_name =~ "Digilent Zed 210248722265"} -index 0
rst -system
after 3000
targets -set -filter {jtag_cable_name =~ "Digilent Zed 210248722265" && level==0} -index 1
fpga -file D:/Sem_6/AELD/Labs/Midsem_Prep/HP_only/HP_only.sdk/design_1_wrapper_hw_platform_0/design_1_wrapper.bit
targets -set -nocase -filter {name =~"APU*" && jtag_cable_name =~ "Digilent Zed 210248722265"} -index 0
loadhw -hw D:/Sem_6/AELD/Labs/Midsem_Prep/HP_only/HP_only.sdk/design_1_wrapper_hw_platform_0/system.hdf -mem-ranges [list {0x40000000 0xbfffffff}]
configparams force-mem-access 1
targets -set -nocase -filter {name =~"APU*" && jtag_cable_name =~ "Digilent Zed 210248722265"} -index 0
ps7_init
ps7_post_config
targets -set -nocase -filter {name =~ "ARM*#0" && jtag_cable_name =~ "Digilent Zed 210248722265"} -index 0
dow D:/Sem_6/AELD/Labs/Midsem_Prep/HP_only/HP_only.sdk/HP_only/Debug/HP_only.elf
configparams force-mem-access 0
----------------End of Script----------------

10:29:44 INFO  : Memory regions updated for context APU
10:29:45 INFO  : Context for processor 'ps7_cortexa9_0' is selected.
10:29:45 INFO  : 'con' command is executed.
10:29:45 INFO  : ----------------XSDB Script (After Launch)----------------
targets -set -nocase -filter {name =~ "ARM*#0" && jtag_cable_name =~ "Digilent Zed 210248722265"} -index 0
con
----------------End of Script----------------

10:29:45 INFO  : Launch script is exported to file 'D:\Sem_6\AELD\Labs\Midsem_Prep\HP_only\HP_only.sdk\.sdk\launch_scripts\xilinx_c-c++_application_(system_debugger)\system_debugger_using_debug_hp_only.elf_on_zed.tcl'
10:45:53 INFO  : Disconnected from the channel tcfchan#10.
10:45:53 INFO  : 'bpremove $bp_29_37_0' command is executed.
10:45:53 INFO  : 'bpremove $bp_29_37_1' command is executed.
10:46:22 INFO  : Registering command handlers for SDK TCF services
10:46:22 INFO  : Launching XSCT server: xsct.bat -interactive D:\Sem_6\AELD\Labs\Midsem_Prep\HP_only\HP_only.sdk\temp_xsdb_launch_script.tcl
10:46:23 INFO  : XSCT server has started successfully.
10:46:23 INFO  : Successfully done setting XSCT server connection channel  
10:46:23 INFO  : Successfully done setting SDK workspace  
10:46:23 INFO  : Processing command line option -hwspec D:/Sem_6/AELD/Labs/Midsem_Prep/HP_only/HP_only.sdk/design_1_wrapper.hdf.
10:46:23 INFO  : Checking for hwspec changes in the project design_1_wrapper_hw_platform_0.
10:46:26 INFO  : SDK has detected change in the last modified timestamps for source hardware specification file Source:1740287708114,  Project:1740284281552
10:46:26 INFO  : The hardware specification for project 'design_1_wrapper_hw_platform_0' is different from D:/Sem_6/AELD/Labs/Midsem_Prep/HP_only/HP_only.sdk/design_1_wrapper.hdf.
10:46:26 INFO  : Copied contents of D:/Sem_6/AELD/Labs/Midsem_Prep/HP_only/HP_only.sdk/design_1_wrapper.hdf into \design_1_wrapper_hw_platform_0\system.hdf.
10:46:29 INFO  : Synchronizing projects in the workspace with the hardware platform specification changes.
10:46:31 INFO  : 
10:46:31 INFO  : Updating hardware inferred compiler options for HP_only.
10:46:31 INFO  : Clearing existing target manager status.
10:50:32 INFO  : Connected to target on host '127.0.0.1' and port '3121'.
10:50:32 INFO  : Jtag cable 'Digilent Zed 210248A39C83' is selected.
10:50:32 INFO  : 'jtag frequency' command is executed.
10:50:32 INFO  : 'set bp_50_32_0 [bpadd -target-id all -ct-input {0} -ct-output {24 25 26 27}]' command is executed.
10:50:32 INFO  : 'set bp_50_32_1 [bpadd -target-id all -ct-input {24 25 26 27} -ct-output {0}]' command is executed.
10:50:32 INFO  : Sourcing of 'D:/Sem_6/AELD/Labs/Midsem_Prep/HP_only/HP_only.sdk/design_1_wrapper_hw_platform_0/ps7_init.tcl' is done.
10:50:32 INFO  : Context for 'APU' is selected.
10:50:32 INFO  : System reset is completed.
10:50:35 INFO  : 'after 3000' command is executed.
10:50:36 INFO  : 'targets -set -filter {jtag_cable_name =~ "Digilent Zed 210248A39C83" && level==0} -index 1' command is executed.
10:50:38 INFO  : FPGA configured successfully with bitstream "D:/Sem_6/AELD/Labs/Midsem_Prep/HP_only/HP_only.sdk/design_1_wrapper_hw_platform_0/design_1_wrapper.bit"
10:50:38 INFO  : Context for 'APU' is selected.
10:50:38 INFO  : Hardware design information is loaded from 'D:/Sem_6/AELD/Labs/Midsem_Prep/HP_only/HP_only.sdk/design_1_wrapper_hw_platform_0/system.hdf'.
10:50:38 INFO  : 'configparams force-mem-access 1' command is executed.
10:50:38 INFO  : Context for 'APU' is selected.
10:50:39 INFO  : 'ps7_init' command is executed.
10:50:39 INFO  : 'ps7_post_config' command is executed.
10:50:39 INFO  : Context for processor 'ps7_cortexa9_0' is selected.
10:50:39 INFO  : The application 'D:/Sem_6/AELD/Labs/Midsem_Prep/HP_only/HP_only.sdk/HP_only/Debug/HP_only.elf' is downloaded to processor 'ps7_cortexa9_0'.
10:50:39 INFO  : 'configparams force-mem-access 0' command is executed.
10:50:39 INFO  : ----------------XSDB Script----------------
connect -url tcp:127.0.0.1:3121
set bp_50_32_0 [bpadd -target-id all -ct-input {0} -ct-output {24 25 26 27}]
set bp_50_32_1 [bpadd -target-id all -ct-input {24 25 26 27} -ct-output {0}]
source D:/Sem_6/AELD/Labs/Midsem_Prep/HP_only/HP_only.sdk/design_1_wrapper_hw_platform_0/ps7_init.tcl
targets -set -nocase -filter {name =~"APU*" && jtag_cable_name =~ "Digilent Zed 210248A39C83"} -index 0
rst -system
after 3000
targets -set -filter {jtag_cable_name =~ "Digilent Zed 210248A39C83" && level==0} -index 1
fpga -file D:/Sem_6/AELD/Labs/Midsem_Prep/HP_only/HP_only.sdk/design_1_wrapper_hw_platform_0/design_1_wrapper.bit
targets -set -nocase -filter {name =~"APU*" && jtag_cable_name =~ "Digilent Zed 210248A39C83"} -index 0
loadhw -hw D:/Sem_6/AELD/Labs/Midsem_Prep/HP_only/HP_only.sdk/design_1_wrapper_hw_platform_0/system.hdf -mem-ranges [list {0x40000000 0xbfffffff}]
configparams force-mem-access 1
targets -set -nocase -filter {name =~"APU*" && jtag_cable_name =~ "Digilent Zed 210248A39C83"} -index 0
ps7_init
ps7_post_config
targets -set -nocase -filter {name =~ "ARM*#0" && jtag_cable_name =~ "Digilent Zed 210248A39C83"} -index 0
dow D:/Sem_6/AELD/Labs/Midsem_Prep/HP_only/HP_only.sdk/HP_only/Debug/HP_only.elf
configparams force-mem-access 0
----------------End of Script----------------

10:50:39 INFO  : Memory regions updated for context APU
10:50:39 INFO  : Context for processor 'ps7_cortexa9_0' is selected.
10:50:39 INFO  : 'con' command is executed.
10:50:39 INFO  : ----------------XSDB Script (After Launch)----------------
targets -set -nocase -filter {name =~ "ARM*#0" && jtag_cable_name =~ "Digilent Zed 210248A39C83"} -index 0
con
----------------End of Script----------------

10:50:39 INFO  : Launch script is exported to file 'D:\Sem_6\AELD\Labs\Midsem_Prep\HP_only\HP_only.sdk\.sdk\launch_scripts\xilinx_c-c++_application_(system_debugger)\system_debugger_using_debug_hp_only.elf_on_zed.tcl'
10:51:20 INFO  : Disconnected from the channel tcfchan#1.
10:51:20 INFO  : 'bpremove $bp_50_32_0' command is executed.
10:51:20 INFO  : 'bpremove $bp_50_32_1' command is executed.
10:51:21 INFO  : Connected to target on host '127.0.0.1' and port '3121'.
10:51:21 INFO  : Jtag cable 'Digilent Zed 210248A39C83' is selected.
10:51:21 INFO  : 'jtag frequency' command is executed.
10:51:21 INFO  : 'set bp_51_21_0 [bpadd -target-id all -ct-input {0} -ct-output {24 25 26 27}]' command is executed.
10:51:21 INFO  : 'set bp_51_21_1 [bpadd -target-id all -ct-input {24 25 26 27} -ct-output {0}]' command is executed.
10:51:21 INFO  : Sourcing of 'D:/Sem_6/AELD/Labs/Midsem_Prep/HP_only/HP_only.sdk/design_1_wrapper_hw_platform_0/ps7_init.tcl' is done.
10:51:21 INFO  : Context for 'APU' is selected.
10:51:21 INFO  : System reset is completed.
10:51:24 INFO  : 'after 3000' command is executed.
10:51:24 INFO  : 'targets -set -filter {jtag_cable_name =~ "Digilent Zed 210248A39C83" && level==0} -index 1' command is executed.
10:51:27 INFO  : FPGA configured successfully with bitstream "D:/Sem_6/AELD/Labs/Midsem_Prep/HP_only/HP_only.sdk/design_1_wrapper_hw_platform_0/design_1_wrapper.bit"
10:51:27 INFO  : Context for 'APU' is selected.
10:51:28 INFO  : Hardware design information is loaded from 'D:/Sem_6/AELD/Labs/Midsem_Prep/HP_only/HP_only.sdk/design_1_wrapper_hw_platform_0/system.hdf'.
10:51:28 INFO  : 'configparams force-mem-access 1' command is executed.
10:51:29 INFO  : Context for 'APU' is selected.
10:51:29 INFO  : 'ps7_init' command is executed.
10:51:29 INFO  : 'ps7_post_config' command is executed.
10:51:29 INFO  : Context for processor 'ps7_cortexa9_0' is selected.
10:51:29 INFO  : The application 'D:/Sem_6/AELD/Labs/Midsem_Prep/HP_only/HP_only.sdk/HP_only/Debug/HP_only.elf' is downloaded to processor 'ps7_cortexa9_0'.
10:51:29 INFO  : 'configparams force-mem-access 0' command is executed.
10:51:29 INFO  : ----------------XSDB Script----------------
connect -url tcp:127.0.0.1:3121
set bp_51_21_0 [bpadd -target-id all -ct-input {0} -ct-output {24 25 26 27}]
set bp_51_21_1 [bpadd -target-id all -ct-input {24 25 26 27} -ct-output {0}]
source D:/Sem_6/AELD/Labs/Midsem_Prep/HP_only/HP_only.sdk/design_1_wrapper_hw_platform_0/ps7_init.tcl
targets -set -nocase -filter {name =~"APU*" && jtag_cable_name =~ "Digilent Zed 210248A39C83"} -index 0
rst -system
after 3000
targets -set -filter {jtag_cable_name =~ "Digilent Zed 210248A39C83" && level==0} -index 1
fpga -file D:/Sem_6/AELD/Labs/Midsem_Prep/HP_only/HP_only.sdk/design_1_wrapper_hw_platform_0/design_1_wrapper.bit
targets -set -nocase -filter {name =~"APU*" && jtag_cable_name =~ "Digilent Zed 210248A39C83"} -index 0
loadhw -hw D:/Sem_6/AELD/Labs/Midsem_Prep/HP_only/HP_only.sdk/design_1_wrapper_hw_platform_0/system.hdf -mem-ranges [list {0x40000000 0xbfffffff}]
configparams force-mem-access 1
targets -set -nocase -filter {name =~"APU*" && jtag_cable_name =~ "Digilent Zed 210248A39C83"} -index 0
ps7_init
ps7_post_config
targets -set -nocase -filter {name =~ "ARM*#0" && jtag_cable_name =~ "Digilent Zed 210248A39C83"} -index 0
dow D:/Sem_6/AELD/Labs/Midsem_Prep/HP_only/HP_only.sdk/HP_only/Debug/HP_only.elf
configparams force-mem-access 0
----------------End of Script----------------

10:51:29 INFO  : Memory regions updated for context APU
10:51:29 INFO  : Context for processor 'ps7_cortexa9_0' is selected.
10:51:29 INFO  : 'con' command is executed.
10:51:29 INFO  : ----------------XSDB Script (After Launch)----------------
targets -set -nocase -filter {name =~ "ARM*#0" && jtag_cable_name =~ "Digilent Zed 210248A39C83"} -index 0
con
----------------End of Script----------------

10:51:29 INFO  : Launch script is exported to file 'D:\Sem_6\AELD\Labs\Midsem_Prep\HP_only\HP_only.sdk\.sdk\launch_scripts\xilinx_c-c++_application_(system_debugger)\system_debugger_using_debug_hp_only.elf_on_zed.tcl'
10:54:09 INFO  : Disconnected from the channel tcfchan#2.
10:54:09 INFO  : 'bpremove $bp_51_21_0' command is executed.
10:54:09 INFO  : 'bpremove $bp_51_21_1' command is executed.
10:54:10 INFO  : Connected to target on host '127.0.0.1' and port '3121'.
10:54:10 INFO  : Jtag cable 'Digilent Zed 210248A39C83' is selected.
10:54:10 INFO  : 'jtag frequency' command is executed.
10:54:10 INFO  : 'set bp_54_10_0 [bpadd -target-id all -ct-input {0} -ct-output {24 25 26 27}]' command is executed.
10:54:10 INFO  : 'set bp_54_10_1 [bpadd -target-id all -ct-input {24 25 26 27} -ct-output {0}]' command is executed.
10:54:10 INFO  : Sourcing of 'D:/Sem_6/AELD/Labs/Midsem_Prep/HP_only/HP_only.sdk/design_1_wrapper_hw_platform_0/ps7_init.tcl' is done.
10:54:11 INFO  : Context for 'APU' is selected.
10:54:11 INFO  : System reset is completed.
10:54:14 INFO  : 'after 3000' command is executed.
10:54:14 INFO  : 'targets -set -filter {jtag_cable_name =~ "Digilent Zed 210248A39C83" && level==0} -index 1' command is executed.
10:54:16 INFO  : FPGA configured successfully with bitstream "D:/Sem_6/AELD/Labs/Midsem_Prep/HP_only/HP_only.sdk/design_1_wrapper_hw_platform_0/design_1_wrapper.bit"
10:54:16 INFO  : Context for 'APU' is selected.
10:54:16 INFO  : Hardware design information is loaded from 'D:/Sem_6/AELD/Labs/Midsem_Prep/HP_only/HP_only.sdk/design_1_wrapper_hw_platform_0/system.hdf'.
10:54:16 INFO  : 'configparams force-mem-access 1' command is executed.
10:54:16 INFO  : Context for 'APU' is selected.
10:54:17 INFO  : 'ps7_init' command is executed.
10:54:17 INFO  : 'ps7_post_config' command is executed.
10:54:17 INFO  : Context for processor 'ps7_cortexa9_0' is selected.
10:54:17 INFO  : The application 'D:/Sem_6/AELD/Labs/Midsem_Prep/HP_only/HP_only.sdk/HP_only/Debug/HP_only.elf' is downloaded to processor 'ps7_cortexa9_0'.
10:54:17 INFO  : 'configparams force-mem-access 0' command is executed.
10:54:17 INFO  : ----------------XSDB Script----------------
connect -url tcp:127.0.0.1:3121
set bp_54_10_0 [bpadd -target-id all -ct-input {0} -ct-output {24 25 26 27}]
set bp_54_10_1 [bpadd -target-id all -ct-input {24 25 26 27} -ct-output {0}]
source D:/Sem_6/AELD/Labs/Midsem_Prep/HP_only/HP_only.sdk/design_1_wrapper_hw_platform_0/ps7_init.tcl
targets -set -nocase -filter {name =~"APU*" && jtag_cable_name =~ "Digilent Zed 210248A39C83"} -index 0
rst -system
after 3000
targets -set -filter {jtag_cable_name =~ "Digilent Zed 210248A39C83" && level==0} -index 1
fpga -file D:/Sem_6/AELD/Labs/Midsem_Prep/HP_only/HP_only.sdk/design_1_wrapper_hw_platform_0/design_1_wrapper.bit
targets -set -nocase -filter {name =~"APU*" && jtag_cable_name =~ "Digilent Zed 210248A39C83"} -index 0
loadhw -hw D:/Sem_6/AELD/Labs/Midsem_Prep/HP_only/HP_only.sdk/design_1_wrapper_hw_platform_0/system.hdf -mem-ranges [list {0x40000000 0xbfffffff}]
configparams force-mem-access 1
targets -set -nocase -filter {name =~"APU*" && jtag_cable_name =~ "Digilent Zed 210248A39C83"} -index 0
ps7_init
ps7_post_config
targets -set -nocase -filter {name =~ "ARM*#0" && jtag_cable_name =~ "Digilent Zed 210248A39C83"} -index 0
dow D:/Sem_6/AELD/Labs/Midsem_Prep/HP_only/HP_only.sdk/HP_only/Debug/HP_only.elf
configparams force-mem-access 0
----------------End of Script----------------

10:54:17 INFO  : Memory regions updated for context APU
10:54:17 INFO  : Context for processor 'ps7_cortexa9_0' is selected.
10:54:17 INFO  : 'con' command is executed.
10:54:17 INFO  : ----------------XSDB Script (After Launch)----------------
targets -set -nocase -filter {name =~ "ARM*#0" && jtag_cable_name =~ "Digilent Zed 210248A39C83"} -index 0
con
----------------End of Script----------------

10:54:17 INFO  : Launch script is exported to file 'D:\Sem_6\AELD\Labs\Midsem_Prep\HP_only\HP_only.sdk\.sdk\launch_scripts\xilinx_c-c++_application_(system_debugger)\system_debugger_using_debug_hp_only.elf_on_zed.tcl'
10:57:00 INFO  : Disconnected from the channel tcfchan#3.
10:57:00 INFO  : 'bpremove $bp_54_10_0' command is executed.
10:57:00 INFO  : 'bpremove $bp_54_10_1' command is executed.
10:57:01 INFO  : Connected to target on host '127.0.0.1' and port '3121'.
10:57:01 INFO  : Jtag cable 'Digilent Zed 210248A39C83' is selected.
10:57:01 INFO  : 'jtag frequency' command is executed.
10:57:01 INFO  : 'set bp_57_1_0 [bpadd -target-id all -ct-input {0} -ct-output {24 25 26 27}]' command is executed.
10:57:01 INFO  : 'set bp_57_1_1 [bpadd -target-id all -ct-input {24 25 26 27} -ct-output {0}]' command is executed.
10:57:01 INFO  : Sourcing of 'D:/Sem_6/AELD/Labs/Midsem_Prep/HP_only/HP_only.sdk/design_1_wrapper_hw_platform_0/ps7_init.tcl' is done.
10:57:01 INFO  : Context for 'APU' is selected.
10:57:02 INFO  : System reset is completed.
10:57:05 INFO  : 'after 3000' command is executed.
10:57:05 INFO  : 'targets -set -filter {jtag_cable_name =~ "Digilent Zed 210248A39C83" && level==0} -index 1' command is executed.
10:57:07 INFO  : FPGA configured successfully with bitstream "D:/Sem_6/AELD/Labs/Midsem_Prep/HP_only/HP_only.sdk/design_1_wrapper_hw_platform_0/design_1_wrapper.bit"
10:57:07 INFO  : Context for 'APU' is selected.
10:57:07 INFO  : Hardware design information is loaded from 'D:/Sem_6/AELD/Labs/Midsem_Prep/HP_only/HP_only.sdk/design_1_wrapper_hw_platform_0/system.hdf'.
10:57:07 INFO  : 'configparams force-mem-access 1' command is executed.
10:57:08 INFO  : Context for 'APU' is selected.
10:57:08 INFO  : 'ps7_init' command is executed.
10:57:08 INFO  : 'ps7_post_config' command is executed.
10:57:08 INFO  : Context for processor 'ps7_cortexa9_0' is selected.
10:57:08 INFO  : The application 'D:/Sem_6/AELD/Labs/Midsem_Prep/HP_only/HP_only.sdk/HP_only/Debug/HP_only.elf' is downloaded to processor 'ps7_cortexa9_0'.
10:57:08 INFO  : 'configparams force-mem-access 0' command is executed.
10:57:08 INFO  : ----------------XSDB Script----------------
connect -url tcp:127.0.0.1:3121
set bp_57_1_0 [bpadd -target-id all -ct-input {0} -ct-output {24 25 26 27}]
set bp_57_1_1 [bpadd -target-id all -ct-input {24 25 26 27} -ct-output {0}]
source D:/Sem_6/AELD/Labs/Midsem_Prep/HP_only/HP_only.sdk/design_1_wrapper_hw_platform_0/ps7_init.tcl
targets -set -nocase -filter {name =~"APU*" && jtag_cable_name =~ "Digilent Zed 210248A39C83"} -index 0
rst -system
after 3000
targets -set -filter {jtag_cable_name =~ "Digilent Zed 210248A39C83" && level==0} -index 1
fpga -file D:/Sem_6/AELD/Labs/Midsem_Prep/HP_only/HP_only.sdk/design_1_wrapper_hw_platform_0/design_1_wrapper.bit
targets -set -nocase -filter {name =~"APU*" && jtag_cable_name =~ "Digilent Zed 210248A39C83"} -index 0
loadhw -hw D:/Sem_6/AELD/Labs/Midsem_Prep/HP_only/HP_only.sdk/design_1_wrapper_hw_platform_0/system.hdf -mem-ranges [list {0x40000000 0xbfffffff}]
configparams force-mem-access 1
targets -set -nocase -filter {name =~"APU*" && jtag_cable_name =~ "Digilent Zed 210248A39C83"} -index 0
ps7_init
ps7_post_config
targets -set -nocase -filter {name =~ "ARM*#0" && jtag_cable_name =~ "Digilent Zed 210248A39C83"} -index 0
dow D:/Sem_6/AELD/Labs/Midsem_Prep/HP_only/HP_only.sdk/HP_only/Debug/HP_only.elf
configparams force-mem-access 0
----------------End of Script----------------

10:57:08 INFO  : Memory regions updated for context APU
10:57:08 INFO  : Context for processor 'ps7_cortexa9_0' is selected.
10:57:09 INFO  : 'con' command is executed.
10:57:09 INFO  : ----------------XSDB Script (After Launch)----------------
targets -set -nocase -filter {name =~ "ARM*#0" && jtag_cable_name =~ "Digilent Zed 210248A39C83"} -index 0
con
----------------End of Script----------------

10:57:09 INFO  : Launch script is exported to file 'D:\Sem_6\AELD\Labs\Midsem_Prep\HP_only\HP_only.sdk\.sdk\launch_scripts\xilinx_c-c++_application_(system_debugger)\system_debugger_using_debug_hp_only.elf_on_zed.tcl'
11:08:14 INFO  : Disconnected from the channel tcfchan#4.
11:08:14 INFO  : 'bpremove $bp_57_1_0' command is executed.
11:08:14 INFO  : 'bpremove $bp_57_1_1' command is executed.
11:08:16 INFO  : Connected through redirection to target on host '192.168.226.142' and port '61194'.
11:08:19 INFO  : Jtag cable 'Digilent Zed 210248722679' is selected.
11:08:19 INFO  : 'jtag frequency' command is executed.
11:08:19 INFO  : 'set bp_8_19_0 [bpadd -target-id all -ct-input {0} -ct-output {24 25 26 27}]' command is executed.
11:08:19 INFO  : 'set bp_8_19_1 [bpadd -target-id all -ct-input {24 25 26 27} -ct-output {0}]' command is executed.
11:08:19 INFO  : Sourcing of 'D:/Sem_6/AELD/Labs/Midsem_Prep/HP_only/HP_only.sdk/design_1_wrapper_hw_platform_0/ps7_init.tcl' is done.
11:08:19 INFO  : Context for 'APU' is selected.
11:08:19 INFO  : System reset is completed.
11:08:23 INFO  : 'after 3000' command is executed.
11:08:23 INFO  : 'targets -set -filter {jtag_cable_name =~ "Digilent Zed 210248722679" && level==0} -index 1' command is executed.
11:08:25 INFO  : FPGA configured successfully with bitstream "D:/Sem_6/AELD/Labs/Midsem_Prep/HP_only/HP_only.sdk/design_1_wrapper_hw_platform_0/design_1_wrapper.bit"
11:08:25 INFO  : Context for 'APU' is selected.
11:08:25 INFO  : Hardware design information is loaded from 'D:/Sem_6/AELD/Labs/Midsem_Prep/HP_only/HP_only.sdk/design_1_wrapper_hw_platform_0/system.hdf'.
11:08:25 INFO  : 'configparams force-mem-access 1' command is executed.
11:08:25 INFO  : Context for 'APU' is selected.
11:08:29 INFO  : 'ps7_init' command is executed.
11:08:29 INFO  : 'ps7_post_config' command is executed.
11:08:29 INFO  : Context for processor 'ps7_cortexa9_0' is selected.
11:08:29 INFO  : The application 'D:/Sem_6/AELD/Labs/Midsem_Prep/HP_only/HP_only.sdk/HP_only/Debug/HP_only.elf' is downloaded to processor 'ps7_cortexa9_0'.
11:08:29 INFO  : 'configparams force-mem-access 0' command is executed.
11:08:29 INFO  : ----------------XSDB Script----------------
connect -path [list tcp::1534 tcp:192.168.226.142:61194]
set bp_8_19_0 [bpadd -target-id all -ct-input {0} -ct-output {24 25 26 27}]
set bp_8_19_1 [bpadd -target-id all -ct-input {24 25 26 27} -ct-output {0}]
source D:/Sem_6/AELD/Labs/Midsem_Prep/HP_only/HP_only.sdk/design_1_wrapper_hw_platform_0/ps7_init.tcl
targets -set -nocase -filter {name =~"APU*" && jtag_cable_name =~ "Digilent Zed 210248722679"} -index 0
rst -system
after 3000
targets -set -filter {jtag_cable_name =~ "Digilent Zed 210248722679" && level==0} -index 1
fpga -file D:/Sem_6/AELD/Labs/Midsem_Prep/HP_only/HP_only.sdk/design_1_wrapper_hw_platform_0/design_1_wrapper.bit
targets -set -nocase -filter {name =~"APU*" && jtag_cable_name =~ "Digilent Zed 210248722679"} -index 0
loadhw -hw D:/Sem_6/AELD/Labs/Midsem_Prep/HP_only/HP_only.sdk/design_1_wrapper_hw_platform_0/system.hdf -mem-ranges [list {0x40000000 0xbfffffff}]
configparams force-mem-access 1
targets -set -nocase -filter {name =~"APU*" && jtag_cable_name =~ "Digilent Zed 210248722679"} -index 0
ps7_init
ps7_post_config
targets -set -nocase -filter {name =~ "ARM*#0" && jtag_cable_name =~ "Digilent Zed 210248722679"} -index 0
dow D:/Sem_6/AELD/Labs/Midsem_Prep/HP_only/HP_only.sdk/HP_only/Debug/HP_only.elf
configparams force-mem-access 0
----------------End of Script----------------

11:08:30 INFO  : Memory regions updated for context APU
11:08:30 INFO  : Context for processor 'ps7_cortexa9_0' is selected.
11:08:30 INFO  : 'con' command is executed.
11:08:30 INFO  : ----------------XSDB Script (After Launch)----------------
targets -set -nocase -filter {name =~ "ARM*#0" && jtag_cable_name =~ "Digilent Zed 210248722679"} -index 0
con
----------------End of Script----------------

11:08:30 INFO  : Launch script is exported to file 'D:\Sem_6\AELD\Labs\Midsem_Prep\HP_only\HP_only.sdk\.sdk\launch_scripts\xilinx_c-c++_application_(system_debugger)\system_debugger_using_debug_hp_only.elf_on_zed.tcl'
11:09:54 INFO  : Disconnected from the channel tcfchan#5.
11:09:54 INFO  : 'bpremove $bp_8_19_0' command is executed.
11:09:54 INFO  : 'bpremove $bp_8_19_1' command is executed.
11:09:55 INFO  : Connected through redirection to target on host '192.168.226.142' and port '61194'.
11:09:55 INFO  : Jtag cable 'Digilent Zed 210248722679' is selected.
11:09:55 INFO  : 'jtag frequency' command is executed.
11:09:55 INFO  : 'set bp_9_55_0 [bpadd -target-id all -ct-input {0} -ct-output {24 25 26 27}]' command is executed.
11:09:55 INFO  : 'set bp_9_55_1 [bpadd -target-id all -ct-input {24 25 26 27} -ct-output {0}]' command is executed.
11:09:55 INFO  : Sourcing of 'D:/Sem_6/AELD/Labs/Midsem_Prep/HP_only/HP_only.sdk/design_1_wrapper_hw_platform_0/ps7_init.tcl' is done.
11:09:55 INFO  : Context for 'APU' is selected.
11:09:56 INFO  : System reset is completed.
11:09:59 INFO  : 'after 3000' command is executed.
11:09:59 INFO  : 'targets -set -filter {jtag_cable_name =~ "Digilent Zed 210248722679" && level==0} -index 1' command is executed.
11:10:01 INFO  : FPGA configured successfully with bitstream "D:/Sem_6/AELD/Labs/Midsem_Prep/HP_only/HP_only.sdk/design_1_wrapper_hw_platform_0/design_1_wrapper.bit"
11:10:01 INFO  : Context for 'APU' is selected.
11:10:01 INFO  : Hardware design information is loaded from 'D:/Sem_6/AELD/Labs/Midsem_Prep/HP_only/HP_only.sdk/design_1_wrapper_hw_platform_0/system.hdf'.
11:10:01 INFO  : 'configparams force-mem-access 1' command is executed.
11:10:01 INFO  : Context for 'APU' is selected.
11:10:05 INFO  : 'ps7_init' command is executed.
11:10:05 INFO  : 'ps7_post_config' command is executed.
11:10:05 INFO  : Context for processor 'ps7_cortexa9_0' is selected.
11:10:06 INFO  : The application 'D:/Sem_6/AELD/Labs/Midsem_Prep/HP_only/HP_only.sdk/HP_only/Debug/HP_only.elf' is downloaded to processor 'ps7_cortexa9_0'.
11:10:06 INFO  : 'configparams force-mem-access 0' command is executed.
11:10:06 INFO  : ----------------XSDB Script----------------
connect -path [list tcp::1534 tcp:192.168.226.142:61194]
set bp_9_55_0 [bpadd -target-id all -ct-input {0} -ct-output {24 25 26 27}]
set bp_9_55_1 [bpadd -target-id all -ct-input {24 25 26 27} -ct-output {0}]
source D:/Sem_6/AELD/Labs/Midsem_Prep/HP_only/HP_only.sdk/design_1_wrapper_hw_platform_0/ps7_init.tcl
targets -set -nocase -filter {name =~"APU*" && jtag_cable_name =~ "Digilent Zed 210248722679"} -index 0
rst -system
after 3000
targets -set -filter {jtag_cable_name =~ "Digilent Zed 210248722679" && level==0} -index 1
fpga -file D:/Sem_6/AELD/Labs/Midsem_Prep/HP_only/HP_only.sdk/design_1_wrapper_hw_platform_0/design_1_wrapper.bit
targets -set -nocase -filter {name =~"APU*" && jtag_cable_name =~ "Digilent Zed 210248722679"} -index 0
loadhw -hw D:/Sem_6/AELD/Labs/Midsem_Prep/HP_only/HP_only.sdk/design_1_wrapper_hw_platform_0/system.hdf -mem-ranges [list {0x40000000 0xbfffffff}]
configparams force-mem-access 1
targets -set -nocase -filter {name =~"APU*" && jtag_cable_name =~ "Digilent Zed 210248722679"} -index 0
ps7_init
ps7_post_config
targets -set -nocase -filter {name =~ "ARM*#0" && jtag_cable_name =~ "Digilent Zed 210248722679"} -index 0
dow D:/Sem_6/AELD/Labs/Midsem_Prep/HP_only/HP_only.sdk/HP_only/Debug/HP_only.elf
configparams force-mem-access 0
----------------End of Script----------------

11:10:06 INFO  : Memory regions updated for context APU
11:10:06 INFO  : Context for processor 'ps7_cortexa9_0' is selected.
11:10:06 INFO  : 'con' command is executed.
11:10:06 INFO  : ----------------XSDB Script (After Launch)----------------
targets -set -nocase -filter {name =~ "ARM*#0" && jtag_cable_name =~ "Digilent Zed 210248722679"} -index 0
con
----------------End of Script----------------

11:10:06 INFO  : Launch script is exported to file 'D:\Sem_6\AELD\Labs\Midsem_Prep\HP_only\HP_only.sdk\.sdk\launch_scripts\xilinx_c-c++_application_(system_debugger)\system_debugger_using_debug_hp_only.elf_on_zed.tcl'
11:23:50 WARN  : channel "tcfchan#6" closed
11:23:50 ERROR : channel "tcfchan#6" closed
00:20:48 INFO  : Registering command handlers for SDK TCF services
00:20:48 INFO  : Launching XSCT server: xsct.bat -interactive D:\Sem_6\AELD\Labs\Midsem_Prep\HP_only\HP_only.sdk\temp_xsdb_launch_script.tcl
00:20:51 INFO  : XSCT server has started successfully.
00:20:51 INFO  : Successfully done setting XSCT server connection channel  
00:20:51 INFO  : Successfully done setting SDK workspace  
00:20:51 INFO  : Processing command line option -hwspec D:/Sem_6/AELD/Labs/Midsem_Prep/HP_only/HP_only.sdk/design_1_wrapper.hdf.
00:20:51 INFO  : Checking for hwspec changes in the project design_1_wrapper_hw_platform_0.
