

================================================================
== Vivado HLS Report for 'matrixmul_2'
================================================================
* Date:           Sun Apr  6 20:44:24 2025

* Version:        2019.1 (Build 2552052 on Fri May 24 15:28:33 MDT 2019)
* Project:        Lab_8_HLS
* Solution:       solution2
* Product family: zynq
* Target device:  xc7z020-clg484-1


================================================================
== Performance Estimates
================================================================
+ Timing (ns): 
    * Summary: 
    +--------+-------+----------+------------+
    |  Clock | Target| Estimated| Uncertainty|
    +--------+-------+----------+------------+
    |ap_clk  |  10.00|     8.104|        1.25|
    +--------+-------+----------+------------+

+ Latency (clock cycles): 
    * Summary: 
    +------+------+------+------+---------+
    |   Latency   |   Interval  | Pipeline|
    |  min |  max |  min |  max |   Type  |
    +------+------+------+------+---------+
    |  2768|  2768|  2768|  2768|   none  |
    +------+------+------+------+---------+

    + Detail: 
        * Instance: 
        N/A

        * Loop: 
        +---------------------------------+------+------+----------+-----------+-----------+------+----------+
        |                                 |   Latency   | Iteration|  Initiation Interval  | Trip |          |
        |            Loop Name            |  min |  max |  Latency |  achieved |   target  | Count| Pipelined|
        +---------------------------------+------+------+----------+-----------+-----------+------+----------+
        |- loop_input_A1_loop_input_A2    |    64|    64|         1|          1|          1|    64|    yes   |
        |- loop_input_B1_loop_input_B2    |    64|    64|         1|          1|          1|    64|    yes   |
        |- loop1_loop2_loop3              |  2567|  2567|        13|          5|          1|   512|    yes   |
        |- loop_output_C1_loop_output_C2  |    65|    65|         3|          1|          1|    64|    yes   |
        +---------------------------------+------+------+----------+-----------+-----------+------+----------+

============================================================
+ Verbose Summary: Synthesis Manager
============================================================
InlineROM: 1
ExposeGlobal: 0
============================================================
+ Verbose Summary: CDFG Model
============================================================
IsTopModel: 1
ResetActiveHigh: 1
IsCombinational: 0
IsDatapathOnly: 0
HasWiredReturn: 1
HasMFsm: 0
HasVarLatency: 1
IsPipeline: 0
IsRtlPipelined: 0
IsInstanceOverlapped: 0
IsDontTouch: 0
HasImplIP: 0
IsGatedGlobalClock: 0

+ Individual pipeline summary: 
  * Pipeline-0: initiation interval (II) = 1, depth = 1
  * Pipeline-1: initiation interval (II) = 1, depth = 1
  * Pipeline-2: initiation interval (II) = 5, depth = 13
  * Pipeline-3: initiation interval (II) = 1, depth = 3


============================================================
+ Verbose Summary: Schedule
============================================================
* Number of FSM states : 23
* Pipeline : 4
  Pipeline-0 : II = 1, D = 1, States = { 2 }
  Pipeline-1 : II = 1, D = 1, States = { 4 }
  Pipeline-2 : II = 5, D = 13, States = { 6 7 8 9 10 11 12 13 14 15 16 17 18 }
  Pipeline-3 : II = 1, D = 3, States = { 20 21 22 }
* Dataflow Pipeline: 0

* FSM state transitions: 
1 --> 2 
2 --> 3 2 
3 --> 4 
4 --> 5 4 
5 --> 6 
6 --> 19 7 
7 --> 8 
8 --> 9 
9 --> 10 
10 --> 11 
11 --> 12 
12 --> 13 
13 --> 14 
14 --> 15 
15 --> 16 
16 --> 17 
17 --> 18 
18 --> 6 
19 --> 20 
20 --> 23 21 
21 --> 22 
22 --> 20 
23 --> 

* FSM state operations: 

State 1 <SV = 0> <Delay = 1.76>
ST_1 : Operation 24 [1/1] (0.00ns)   --->   "call void (...)* @_ssdm_op_SpecBitsMap(float* %in_A_V_data), !map !30"   --->   Operation 24 'specbitsmap' <Predicate = true> <Delay = 0.00>
ST_1 : Operation 25 [1/1] (0.00ns)   --->   "call void (...)* @_ssdm_op_SpecBitsMap(i1* %in_A_V_last_V), !map !36"   --->   Operation 25 'specbitsmap' <Predicate = true> <Delay = 0.00>
ST_1 : Operation 26 [1/1] (0.00ns)   --->   "call void (...)* @_ssdm_op_SpecBitsMap(float* %out_C_V_data), !map !40"   --->   Operation 26 'specbitsmap' <Predicate = true> <Delay = 0.00>
ST_1 : Operation 27 [1/1] (0.00ns)   --->   "call void (...)* @_ssdm_op_SpecBitsMap(i1* %out_C_V_last_V), !map !44"   --->   Operation 27 'specbitsmap' <Predicate = true> <Delay = 0.00>
ST_1 : Operation 28 [1/1] (0.00ns)   --->   "call void (...)* @_ssdm_op_SpecTopModule([12 x i8]* @matrixmul_2_str) nounwind"   --->   Operation 28 'spectopmodule' <Predicate = true> <Delay = 0.00>
ST_1 : Operation 29 [1/1] (0.00ns)   --->   "%input_A = alloca [64 x float], align 4" [Lab_7_MM_HLS/matrixmul.cpp:11]   --->   Operation 29 'alloca' 'input_A' <Predicate = true> <Delay = 0.00> <Core = "RAM">   --->   Core 37 'RAM' <Latency = 1> <II = 1> <Delay = 3.25> <Storage> <Opcode : 'load' 'store'> <Ports = 2> <Width = 32> <Depth = 64> <RAM>
ST_1 : Operation 30 [1/1] (0.00ns)   --->   "%input_B = alloca [64 x float], align 4" [Lab_7_MM_HLS/matrixmul.cpp:12]   --->   Operation 30 'alloca' 'input_B' <Predicate = true> <Delay = 0.00> <Core = "RAM">   --->   Core 37 'RAM' <Latency = 1> <II = 1> <Delay = 3.25> <Storage> <Opcode : 'load' 'store'> <Ports = 2> <Width = 32> <Depth = 64> <RAM>
ST_1 : Operation 31 [1/1] (0.00ns)   --->   "%output_C = alloca [64 x float], align 4" [Lab_7_MM_HLS/matrixmul.cpp:13]   --->   Operation 31 'alloca' 'output_C' <Predicate = true> <Delay = 0.00> <Core = "RAM">   --->   Core 37 'RAM' <Latency = 1> <II = 1> <Delay = 3.25> <Storage> <Opcode : 'load' 'store'> <Ports = 2> <Width = 32> <Depth = 64> <RAM>
ST_1 : Operation 32 [1/1] (0.00ns)   --->   "call void (...)* @_ssdm_op_SpecInterface(i32 0, [13 x i8]* @p_str, i32 0, i32 0, [1 x i8]* @p_str1, i32 0, i32 0, [1 x i8]* @p_str1, [1 x i8]* @p_str1, [1 x i8]* @p_str1, i32 0, i32 0, i32 0, i32 0, [1 x i8]* @p_str1, [1 x i8]* @p_str1) nounwind" [Lab_7_MM_HLS/matrixmul.cpp:7]   --->   Operation 32 'specinterface' <Predicate = true> <Delay = 0.00>
ST_1 : Operation 33 [1/1] (0.00ns)   --->   "call void (...)* @_ssdm_op_SpecInterface(float* %out_C_V_data, i1* %out_C_V_last_V, [5 x i8]* @p_str2, i32 1, i32 1, [5 x i8]* @p_str3, i32 0, i32 0, [1 x i8]* @p_str1, [1 x i8]* @p_str1, [1 x i8]* @p_str1, i32 0, i32 0, i32 0, i32 0, [1 x i8]* @p_str1, [1 x i8]* @p_str1) nounwind" [Lab_7_MM_HLS/matrixmul.cpp:8]   --->   Operation 33 'specinterface' <Predicate = true> <Delay = 0.00>
ST_1 : Operation 34 [1/1] (0.00ns)   --->   "call void (...)* @_ssdm_op_SpecInterface(float* %in_A_V_data, i1* %in_A_V_last_V, [5 x i8]* @p_str2, i32 1, i32 1, [5 x i8]* @p_str3, i32 0, i32 0, [1 x i8]* @p_str1, [1 x i8]* @p_str1, [1 x i8]* @p_str1, i32 0, i32 0, i32 0, i32 0, [1 x i8]* @p_str1, [1 x i8]* @p_str1) nounwind" [Lab_7_MM_HLS/matrixmul.cpp:9]   --->   Operation 34 'specinterface' <Predicate = true> <Delay = 0.00>
ST_1 : Operation 35 [1/1] (1.76ns)   --->   "br label %1" [Lab_7_MM_HLS/matrixmul.cpp:18]   --->   Operation 35 'br' <Predicate = true> <Delay = 1.76>

State 2 <SV = 1> <Delay = 7.88>
ST_2 : Operation 36 [1/1] (0.00ns)   --->   "%indvar_flatten = phi i7 [ 0, %0 ], [ %add_ln18, %loop_input_A2 ]" [Lab_7_MM_HLS/matrixmul.cpp:18]   --->   Operation 36 'phi' 'indvar_flatten' <Predicate = true> <Delay = 0.00>
ST_2 : Operation 37 [1/1] (0.00ns)   --->   "%row_0 = phi i4 [ 0, %0 ], [ %select_ln24_1, %loop_input_A2 ]" [Lab_7_MM_HLS/matrixmul.cpp:24]   --->   Operation 37 'phi' 'row_0' <Predicate = true> <Delay = 0.00>
ST_2 : Operation 38 [1/1] (0.00ns)   --->   "%col_0 = phi i4 [ 0, %0 ], [ %col, %loop_input_A2 ]"   --->   Operation 38 'phi' 'col_0' <Predicate = true> <Delay = 0.00>
ST_2 : Operation 39 [1/1] (1.48ns)   --->   "%icmp_ln18 = icmp eq i7 %indvar_flatten, -64" [Lab_7_MM_HLS/matrixmul.cpp:18]   --->   Operation 39 'icmp' 'icmp_ln18' <Predicate = true> <Delay = 1.48> <Core = "Cmp">   --->   Core 25 'Cmp' <Latency = 0> <II = 1> <Delay = 1.30> <FuncUnit> <Opcode : 'icmp'> <InPorts = 2> <OutPorts = 1>
ST_2 : Operation 40 [1/1] (1.87ns)   --->   "%add_ln18 = add i7 %indvar_flatten, 1" [Lab_7_MM_HLS/matrixmul.cpp:18]   --->   Operation 40 'add' 'add_ln18' <Predicate = true> <Delay = 1.87> <Core = "AddSub">   --->   Core 14 'AddSub' <Latency = 0> <II = 1> <Delay = 1.73> <FuncUnit> <Opcode : 'add' 'sub'> <InPorts = 2> <OutPorts = 1>
ST_2 : Operation 41 [1/1] (0.00ns)   --->   "br i1 %icmp_ln18, label %.preheader21.preheader.preheader, label %loop_input_A2" [Lab_7_MM_HLS/matrixmul.cpp:18]   --->   Operation 41 'br' <Predicate = true> <Delay = 0.00>
ST_2 : Operation 42 [1/1] (1.73ns)   --->   "%row = add i4 %row_0, 1" [Lab_7_MM_HLS/matrixmul.cpp:18]   --->   Operation 42 'add' 'row' <Predicate = (!icmp_ln18)> <Delay = 1.73> <Core = "AddSub">   --->   Core 14 'AddSub' <Latency = 0> <II = 1> <Delay = 1.73> <FuncUnit> <Opcode : 'add' 'sub'> <InPorts = 2> <OutPorts = 1>
ST_2 : Operation 43 [1/1] (0.00ns)   --->   "call void (...)* @_ssdm_op_SpecLoopName([28 x i8]* @loop_input_A1_loop_i)"   --->   Operation 43 'specloopname' <Predicate = (!icmp_ln18)> <Delay = 0.00>
ST_2 : Operation 44 [1/1] (0.00ns)   --->   "%empty = call i32 (...)* @_ssdm_op_SpecLoopTripCount(i64 64, i64 64, i64 64)"   --->   Operation 44 'speclooptripcount' 'empty' <Predicate = (!icmp_ln18)> <Delay = 0.00>
ST_2 : Operation 45 [1/1] (1.30ns)   --->   "%icmp_ln20 = icmp eq i4 %col_0, -8" [Lab_7_MM_HLS/matrixmul.cpp:20]   --->   Operation 45 'icmp' 'icmp_ln20' <Predicate = (!icmp_ln18)> <Delay = 1.30> <Core = "Cmp">   --->   Core 25 'Cmp' <Latency = 0> <II = 1> <Delay = 1.30> <FuncUnit> <Opcode : 'icmp'> <InPorts = 2> <OutPorts = 1>
ST_2 : Operation 46 [1/1] (1.02ns)   --->   "%select_ln24 = select i1 %icmp_ln20, i4 0, i4 %col_0" [Lab_7_MM_HLS/matrixmul.cpp:24]   --->   Operation 46 'select' 'select_ln24' <Predicate = (!icmp_ln18)> <Delay = 1.02> <Core = "Sel">   --->   Core 26 'Sel' <Latency = 0> <II = 1> <Delay = 0.99> <FuncUnit> <Opcode : 'select'> <InPorts = 3> <OutPorts = 1>
ST_2 : Operation 47 [1/1] (1.02ns)   --->   "%select_ln24_1 = select i1 %icmp_ln20, i4 %row, i4 %row_0" [Lab_7_MM_HLS/matrixmul.cpp:24]   --->   Operation 47 'select' 'select_ln24_1' <Predicate = (!icmp_ln18)> <Delay = 1.02> <Core = "Sel">   --->   Core 26 'Sel' <Latency = 0> <II = 1> <Delay = 0.99> <FuncUnit> <Opcode : 'select'> <InPorts = 3> <OutPorts = 1>
ST_2 : Operation 48 [1/1] (0.00ns)   --->   "%tmp = call i7 @_ssdm_op_BitConcatenate.i7.i4.i3(i4 %select_ln24_1, i3 0)" [Lab_7_MM_HLS/matrixmul.cpp:24]   --->   Operation 48 'bitconcatenate' 'tmp' <Predicate = (!icmp_ln18)> <Delay = 0.00>
ST_2 : Operation 49 [1/1] (0.00ns)   --->   "%zext_ln21 = zext i7 %tmp to i8" [Lab_7_MM_HLS/matrixmul.cpp:21]   --->   Operation 49 'zext' 'zext_ln21' <Predicate = (!icmp_ln18)> <Delay = 0.00>
ST_2 : Operation 50 [1/1] (0.00ns)   --->   "call void (...)* @_ssdm_op_SpecLoopName([14 x i8]* @p_str5) nounwind" [Lab_7_MM_HLS/matrixmul.cpp:21]   --->   Operation 50 'specloopname' <Predicate = (!icmp_ln18)> <Delay = 0.00>
ST_2 : Operation 51 [1/1] (0.00ns)   --->   "%tmp_4 = call i32 (...)* @_ssdm_op_SpecRegionBegin([14 x i8]* @p_str5)" [Lab_7_MM_HLS/matrixmul.cpp:21]   --->   Operation 51 'specregionbegin' 'tmp_4' <Predicate = (!icmp_ln18)> <Delay = 0.00>
ST_2 : Operation 52 [1/1] (0.00ns)   --->   "call void (...)* @_ssdm_op_SpecPipeline(i32 -1, i32 1, i32 1, i32 0, [1 x i8]* @p_str1) nounwind" [Lab_7_MM_HLS/matrixmul.cpp:22]   --->   Operation 52 'specpipeline' <Predicate = (!icmp_ln18)> <Delay = 0.00>
ST_2 : Operation 53 [1/1] (0.00ns)   --->   "%empty_3 = call { float, i1 } @_ssdm_op_Read.axis.volatile.floatP.i1P(float* %in_A_V_data, i1* %in_A_V_last_V)" [Lab_7_MM_HLS/matrixmul.cpp:23]   --->   Operation 53 'read' 'empty_3' <Predicate = (!icmp_ln18)> <Delay = 0.00> <Core = "AXI4Stream">   --->   Core 5 'AXI4Stream' <Latency = 0> <II = 1> <Delay = 1.00> <Adapter> <Opcode : >
ST_2 : Operation 54 [1/1] (0.00ns)   --->   "%tmp_data = extractvalue { float, i1 } %empty_3, 0" [Lab_7_MM_HLS/matrixmul.cpp:23]   --->   Operation 54 'extractvalue' 'tmp_data' <Predicate = (!icmp_ln18)> <Delay = 0.00>
ST_2 : Operation 55 [1/1] (0.00ns)   --->   "%zext_ln24 = zext i4 %select_ln24 to i8" [Lab_7_MM_HLS/matrixmul.cpp:24]   --->   Operation 55 'zext' 'zext_ln24' <Predicate = (!icmp_ln18)> <Delay = 0.00>
ST_2 : Operation 56 [1/1] (1.87ns)   --->   "%add_ln24 = add i8 %zext_ln24, %zext_ln21" [Lab_7_MM_HLS/matrixmul.cpp:24]   --->   Operation 56 'add' 'add_ln24' <Predicate = (!icmp_ln18)> <Delay = 1.87> <Core = "AddSub">   --->   Core 14 'AddSub' <Latency = 0> <II = 1> <Delay = 1.73> <FuncUnit> <Opcode : 'add' 'sub'> <InPorts = 2> <OutPorts = 1>
ST_2 : Operation 57 [1/1] (0.00ns)   --->   "%zext_ln24_1 = zext i8 %add_ln24 to i64" [Lab_7_MM_HLS/matrixmul.cpp:24]   --->   Operation 57 'zext' 'zext_ln24_1' <Predicate = (!icmp_ln18)> <Delay = 0.00>
ST_2 : Operation 58 [1/1] (0.00ns)   --->   "%input_A_addr = getelementptr [64 x float]* %input_A, i64 0, i64 %zext_ln24_1" [Lab_7_MM_HLS/matrixmul.cpp:24]   --->   Operation 58 'getelementptr' 'input_A_addr' <Predicate = (!icmp_ln18)> <Delay = 0.00>
ST_2 : Operation 59 [1/1] (3.25ns)   --->   "store float %tmp_data, float* %input_A_addr, align 4" [Lab_7_MM_HLS/matrixmul.cpp:24]   --->   Operation 59 'store' <Predicate = (!icmp_ln18)> <Delay = 3.25> <Core = "RAM">   --->   Core 37 'RAM' <Latency = 1> <II = 1> <Delay = 3.25> <Storage> <Opcode : 'load' 'store'> <Ports = 2> <Width = 32> <Depth = 64> <RAM>
ST_2 : Operation 60 [1/1] (0.00ns)   --->   "%empty_4 = call i32 (...)* @_ssdm_op_SpecRegionEnd([14 x i8]* @p_str5, i32 %tmp_4)" [Lab_7_MM_HLS/matrixmul.cpp:25]   --->   Operation 60 'specregionend' 'empty_4' <Predicate = (!icmp_ln18)> <Delay = 0.00>
ST_2 : Operation 61 [1/1] (1.73ns)   --->   "%col = add i4 %select_ln24, 1" [Lab_7_MM_HLS/matrixmul.cpp:20]   --->   Operation 61 'add' 'col' <Predicate = (!icmp_ln18)> <Delay = 1.73> <Core = "AddSub">   --->   Core 14 'AddSub' <Latency = 0> <II = 1> <Delay = 1.73> <FuncUnit> <Opcode : 'add' 'sub'> <InPorts = 2> <OutPorts = 1>
ST_2 : Operation 62 [1/1] (0.00ns)   --->   "br label %1"   --->   Operation 62 'br' <Predicate = (!icmp_ln18)> <Delay = 0.00>

State 3 <SV = 2> <Delay = 1.76>
ST_3 : Operation 63 [1/1] (1.76ns)   --->   "br label %.preheader21.preheader" [Lab_7_MM_HLS/matrixmul.cpp:28]   --->   Operation 63 'br' <Predicate = true> <Delay = 1.76>

State 4 <SV = 3> <Delay = 7.88>
ST_4 : Operation 64 [1/1] (0.00ns)   --->   "%indvar_flatten11 = phi i7 [ %add_ln28, %loop_input_B2 ], [ 0, %.preheader21.preheader.preheader ]" [Lab_7_MM_HLS/matrixmul.cpp:28]   --->   Operation 64 'phi' 'indvar_flatten11' <Predicate = true> <Delay = 0.00>
ST_4 : Operation 65 [1/1] (0.00ns)   --->   "%row_1 = phi i4 [ %select_ln34_1, %loop_input_B2 ], [ 0, %.preheader21.preheader.preheader ]" [Lab_7_MM_HLS/matrixmul.cpp:34]   --->   Operation 65 'phi' 'row_1' <Predicate = true> <Delay = 0.00>
ST_4 : Operation 66 [1/1] (0.00ns)   --->   "%col_1 = phi i4 [ %col_4, %loop_input_B2 ], [ 0, %.preheader21.preheader.preheader ]"   --->   Operation 66 'phi' 'col_1' <Predicate = true> <Delay = 0.00>
ST_4 : Operation 67 [1/1] (1.48ns)   --->   "%icmp_ln28 = icmp eq i7 %indvar_flatten11, -64" [Lab_7_MM_HLS/matrixmul.cpp:28]   --->   Operation 67 'icmp' 'icmp_ln28' <Predicate = true> <Delay = 1.48> <Core = "Cmp">   --->   Core 25 'Cmp' <Latency = 0> <II = 1> <Delay = 1.30> <FuncUnit> <Opcode : 'icmp'> <InPorts = 2> <OutPorts = 1>
ST_4 : Operation 68 [1/1] (1.87ns)   --->   "%add_ln28 = add i7 %indvar_flatten11, 1" [Lab_7_MM_HLS/matrixmul.cpp:28]   --->   Operation 68 'add' 'add_ln28' <Predicate = true> <Delay = 1.87> <Core = "AddSub">   --->   Core 14 'AddSub' <Latency = 0> <II = 1> <Delay = 1.73> <FuncUnit> <Opcode : 'add' 'sub'> <InPorts = 2> <OutPorts = 1>
ST_4 : Operation 69 [1/1] (0.00ns)   --->   "br i1 %icmp_ln28, label %.preheader20.preheader.preheader, label %loop_input_B2" [Lab_7_MM_HLS/matrixmul.cpp:28]   --->   Operation 69 'br' <Predicate = true> <Delay = 0.00>
ST_4 : Operation 70 [1/1] (1.73ns)   --->   "%row_4 = add i4 %row_1, 1" [Lab_7_MM_HLS/matrixmul.cpp:28]   --->   Operation 70 'add' 'row_4' <Predicate = (!icmp_ln28)> <Delay = 1.73> <Core = "AddSub">   --->   Core 14 'AddSub' <Latency = 0> <II = 1> <Delay = 1.73> <FuncUnit> <Opcode : 'add' 'sub'> <InPorts = 2> <OutPorts = 1>
ST_4 : Operation 71 [1/1] (0.00ns)   --->   "call void (...)* @_ssdm_op_SpecLoopName([28 x i8]* @loop_input_B1_loop_i)"   --->   Operation 71 'specloopname' <Predicate = (!icmp_ln28)> <Delay = 0.00>
ST_4 : Operation 72 [1/1] (0.00ns)   --->   "%empty_5 = call i32 (...)* @_ssdm_op_SpecLoopTripCount(i64 64, i64 64, i64 64)"   --->   Operation 72 'speclooptripcount' 'empty_5' <Predicate = (!icmp_ln28)> <Delay = 0.00>
ST_4 : Operation 73 [1/1] (1.30ns)   --->   "%icmp_ln30 = icmp eq i4 %col_1, -8" [Lab_7_MM_HLS/matrixmul.cpp:30]   --->   Operation 73 'icmp' 'icmp_ln30' <Predicate = (!icmp_ln28)> <Delay = 1.30> <Core = "Cmp">   --->   Core 25 'Cmp' <Latency = 0> <II = 1> <Delay = 1.30> <FuncUnit> <Opcode : 'icmp'> <InPorts = 2> <OutPorts = 1>
ST_4 : Operation 74 [1/1] (1.02ns)   --->   "%select_ln34 = select i1 %icmp_ln30, i4 0, i4 %col_1" [Lab_7_MM_HLS/matrixmul.cpp:34]   --->   Operation 74 'select' 'select_ln34' <Predicate = (!icmp_ln28)> <Delay = 1.02> <Core = "Sel">   --->   Core 26 'Sel' <Latency = 0> <II = 1> <Delay = 0.99> <FuncUnit> <Opcode : 'select'> <InPorts = 3> <OutPorts = 1>
ST_4 : Operation 75 [1/1] (1.02ns)   --->   "%select_ln34_1 = select i1 %icmp_ln30, i4 %row_4, i4 %row_1" [Lab_7_MM_HLS/matrixmul.cpp:34]   --->   Operation 75 'select' 'select_ln34_1' <Predicate = (!icmp_ln28)> <Delay = 1.02> <Core = "Sel">   --->   Core 26 'Sel' <Latency = 0> <II = 1> <Delay = 0.99> <FuncUnit> <Opcode : 'select'> <InPorts = 3> <OutPorts = 1>
ST_4 : Operation 76 [1/1] (0.00ns)   --->   "%tmp_1 = call i7 @_ssdm_op_BitConcatenate.i7.i4.i3(i4 %select_ln34_1, i3 0)" [Lab_7_MM_HLS/matrixmul.cpp:34]   --->   Operation 76 'bitconcatenate' 'tmp_1' <Predicate = (!icmp_ln28)> <Delay = 0.00>
ST_4 : Operation 77 [1/1] (0.00ns)   --->   "%zext_ln31 = zext i7 %tmp_1 to i8" [Lab_7_MM_HLS/matrixmul.cpp:31]   --->   Operation 77 'zext' 'zext_ln31' <Predicate = (!icmp_ln28)> <Delay = 0.00>
ST_4 : Operation 78 [1/1] (0.00ns)   --->   "call void (...)* @_ssdm_op_SpecLoopName([14 x i8]* @p_str7) nounwind" [Lab_7_MM_HLS/matrixmul.cpp:31]   --->   Operation 78 'specloopname' <Predicate = (!icmp_ln28)> <Delay = 0.00>
ST_4 : Operation 79 [1/1] (0.00ns)   --->   "%tmp_6 = call i32 (...)* @_ssdm_op_SpecRegionBegin([14 x i8]* @p_str7)" [Lab_7_MM_HLS/matrixmul.cpp:31]   --->   Operation 79 'specregionbegin' 'tmp_6' <Predicate = (!icmp_ln28)> <Delay = 0.00>
ST_4 : Operation 80 [1/1] (0.00ns)   --->   "call void (...)* @_ssdm_op_SpecPipeline(i32 -1, i32 1, i32 1, i32 0, [1 x i8]* @p_str1) nounwind" [Lab_7_MM_HLS/matrixmul.cpp:32]   --->   Operation 80 'specpipeline' <Predicate = (!icmp_ln28)> <Delay = 0.00>
ST_4 : Operation 81 [1/1] (0.00ns)   --->   "%empty_6 = call { float, i1 } @_ssdm_op_Read.axis.volatile.floatP.i1P(float* %in_A_V_data, i1* %in_A_V_last_V)" [Lab_7_MM_HLS/matrixmul.cpp:33]   --->   Operation 81 'read' 'empty_6' <Predicate = (!icmp_ln28)> <Delay = 0.00> <Core = "AXI4Stream">   --->   Core 5 'AXI4Stream' <Latency = 0> <II = 1> <Delay = 1.00> <Adapter> <Opcode : >
ST_4 : Operation 82 [1/1] (0.00ns)   --->   "%tmp_data_1 = extractvalue { float, i1 } %empty_6, 0" [Lab_7_MM_HLS/matrixmul.cpp:33]   --->   Operation 82 'extractvalue' 'tmp_data_1' <Predicate = (!icmp_ln28)> <Delay = 0.00>
ST_4 : Operation 83 [1/1] (0.00ns)   --->   "%zext_ln34 = zext i4 %select_ln34 to i8" [Lab_7_MM_HLS/matrixmul.cpp:34]   --->   Operation 83 'zext' 'zext_ln34' <Predicate = (!icmp_ln28)> <Delay = 0.00>
ST_4 : Operation 84 [1/1] (1.87ns)   --->   "%add_ln34 = add i8 %zext_ln34, %zext_ln31" [Lab_7_MM_HLS/matrixmul.cpp:34]   --->   Operation 84 'add' 'add_ln34' <Predicate = (!icmp_ln28)> <Delay = 1.87> <Core = "AddSub">   --->   Core 14 'AddSub' <Latency = 0> <II = 1> <Delay = 1.73> <FuncUnit> <Opcode : 'add' 'sub'> <InPorts = 2> <OutPorts = 1>
ST_4 : Operation 85 [1/1] (0.00ns)   --->   "%zext_ln34_1 = zext i8 %add_ln34 to i64" [Lab_7_MM_HLS/matrixmul.cpp:34]   --->   Operation 85 'zext' 'zext_ln34_1' <Predicate = (!icmp_ln28)> <Delay = 0.00>
ST_4 : Operation 86 [1/1] (0.00ns)   --->   "%input_B_addr = getelementptr [64 x float]* %input_B, i64 0, i64 %zext_ln34_1" [Lab_7_MM_HLS/matrixmul.cpp:34]   --->   Operation 86 'getelementptr' 'input_B_addr' <Predicate = (!icmp_ln28)> <Delay = 0.00>
ST_4 : Operation 87 [1/1] (3.25ns)   --->   "store float %tmp_data_1, float* %input_B_addr, align 4" [Lab_7_MM_HLS/matrixmul.cpp:34]   --->   Operation 87 'store' <Predicate = (!icmp_ln28)> <Delay = 3.25> <Core = "RAM">   --->   Core 37 'RAM' <Latency = 1> <II = 1> <Delay = 3.25> <Storage> <Opcode : 'load' 'store'> <Ports = 2> <Width = 32> <Depth = 64> <RAM>
ST_4 : Operation 88 [1/1] (0.00ns)   --->   "%empty_7 = call i32 (...)* @_ssdm_op_SpecRegionEnd([14 x i8]* @p_str7, i32 %tmp_6)" [Lab_7_MM_HLS/matrixmul.cpp:35]   --->   Operation 88 'specregionend' 'empty_7' <Predicate = (!icmp_ln28)> <Delay = 0.00>
ST_4 : Operation 89 [1/1] (1.73ns)   --->   "%col_4 = add i4 %select_ln34, 1" [Lab_7_MM_HLS/matrixmul.cpp:30]   --->   Operation 89 'add' 'col_4' <Predicate = (!icmp_ln28)> <Delay = 1.73> <Core = "AddSub">   --->   Core 14 'AddSub' <Latency = 0> <II = 1> <Delay = 1.73> <FuncUnit> <Opcode : 'add' 'sub'> <InPorts = 2> <OutPorts = 1>
ST_4 : Operation 90 [1/1] (0.00ns)   --->   "br label %.preheader21.preheader"   --->   Operation 90 'br' <Predicate = (!icmp_ln28)> <Delay = 0.00>

State 5 <SV = 4> <Delay = 1.76>
ST_5 : Operation 91 [1/1] (1.76ns)   --->   "br label %.preheader20.preheader" [Lab_7_MM_HLS/matrixmul.cpp:39]   --->   Operation 91 'br' <Predicate = true> <Delay = 1.76>

State 6 <SV = 5> <Delay = 2.74>
ST_6 : Operation 92 [1/1] (0.00ns)   --->   "%indvar_flatten38 = phi i10 [ %add_ln39, %ifFalse16 ], [ 0, %.preheader20.preheader.preheader ]" [Lab_7_MM_HLS/matrixmul.cpp:39]   --->   Operation 92 'phi' 'indvar_flatten38' <Predicate = true> <Delay = 0.00>
ST_6 : Operation 93 [1/1] (0.00ns)   --->   "%row_2 = phi i4 [ %select_ln44_1, %ifFalse16 ], [ 0, %.preheader20.preheader.preheader ]" [Lab_7_MM_HLS/matrixmul.cpp:44]   --->   Operation 93 'phi' 'row_2' <Predicate = true> <Delay = 0.00>
ST_6 : Operation 94 [1/1] (0.00ns)   --->   "%indvar_flatten23 = phi i8 [ %select_ln40, %ifFalse16 ], [ 0, %.preheader20.preheader.preheader ]" [Lab_7_MM_HLS/matrixmul.cpp:40]   --->   Operation 94 'phi' 'indvar_flatten23' <Predicate = true> <Delay = 0.00>
ST_6 : Operation 95 [1/1] (0.00ns)   --->   "%col_2 = phi i4 [ %select_ln44_4, %ifFalse16 ], [ 0, %.preheader20.preheader.preheader ]" [Lab_7_MM_HLS/matrixmul.cpp:44]   --->   Operation 95 'phi' 'col_2' <Predicate = true> <Delay = 0.00>
ST_6 : Operation 96 [1/1] (0.00ns)   --->   "%index_0 = phi i4 [ %index, %ifFalse16 ], [ 0, %.preheader20.preheader.preheader ]"   --->   Operation 96 'phi' 'index_0' <Predicate = true> <Delay = 0.00>
ST_6 : Operation 97 [1/1] (0.00ns)   --->   "%res_0 = phi float [ %res, %ifFalse16 ], [ 0.000000e+00, %.preheader20.preheader.preheader ]"   --->   Operation 97 'phi' 'res_0' <Predicate = true> <Delay = 0.00>
ST_6 : Operation 98 [1/1] (1.77ns)   --->   "%icmp_ln39 = icmp eq i10 %indvar_flatten38, -512" [Lab_7_MM_HLS/matrixmul.cpp:39]   --->   Operation 98 'icmp' 'icmp_ln39' <Predicate = true> <Delay = 1.77> <Core = "Cmp">   --->   Core 25 'Cmp' <Latency = 0> <II = 1> <Delay = 1.30> <FuncUnit> <Opcode : 'icmp'> <InPorts = 2> <OutPorts = 1>
ST_6 : Operation 99 [1/1] (1.73ns)   --->   "%add_ln39 = add i10 %indvar_flatten38, 1" [Lab_7_MM_HLS/matrixmul.cpp:39]   --->   Operation 99 'add' 'add_ln39' <Predicate = true> <Delay = 1.73> <Core = "AddSub">   --->   Core 14 'AddSub' <Latency = 0> <II = 1> <Delay = 1.73> <FuncUnit> <Opcode : 'add' 'sub'> <InPorts = 2> <OutPorts = 1>
ST_6 : Operation 100 [1/1] (0.00ns)   --->   "br i1 %icmp_ln39, label %.preheader.preheader.preheader, label %loop3" [Lab_7_MM_HLS/matrixmul.cpp:39]   --->   Operation 100 'br' <Predicate = true> <Delay = 0.00>
ST_6 : Operation 101 [1/1] (1.55ns)   --->   "%icmp_ln40 = icmp eq i8 %indvar_flatten23, 64" [Lab_7_MM_HLS/matrixmul.cpp:40]   --->   Operation 101 'icmp' 'icmp_ln40' <Predicate = (!icmp_ln39)> <Delay = 1.55> <Core = "Cmp">   --->   Core 25 'Cmp' <Latency = 0> <II = 1> <Delay = 1.30> <FuncUnit> <Opcode : 'icmp'> <InPorts = 2> <OutPorts = 1>
ST_6 : Operation 102 [1/1] (1.02ns)   --->   "%select_ln44 = select i1 %icmp_ln40, i4 0, i4 %col_2" [Lab_7_MM_HLS/matrixmul.cpp:44]   --->   Operation 102 'select' 'select_ln44' <Predicate = (!icmp_ln39)> <Delay = 1.02> <Core = "Sel">   --->   Core 26 'Sel' <Latency = 0> <II = 1> <Delay = 0.99> <FuncUnit> <Opcode : 'select'> <InPorts = 3> <OutPorts = 1>
ST_6 : Operation 103 [1/1] (1.30ns)   --->   "%icmp_ln42 = icmp eq i4 %index_0, -8" [Lab_7_MM_HLS/matrixmul.cpp:42]   --->   Operation 103 'icmp' 'icmp_ln42' <Predicate = (!icmp_ln39)> <Delay = 1.30> <Core = "Cmp">   --->   Core 25 'Cmp' <Latency = 0> <II = 1> <Delay = 1.30> <FuncUnit> <Opcode : 'icmp'> <InPorts = 2> <OutPorts = 1>
ST_6 : Operation 104 [1/1] (1.91ns)   --->   "%add_ln40 = add i8 %indvar_flatten23, 1" [Lab_7_MM_HLS/matrixmul.cpp:40]   --->   Operation 104 'add' 'add_ln40' <Predicate = (!icmp_ln39)> <Delay = 1.91> <Core = "AddSub">   --->   Core 14 'AddSub' <Latency = 0> <II = 1> <Delay = 1.73> <FuncUnit> <Opcode : 'add' 'sub'> <InPorts = 2> <OutPorts = 1>

State 7 <SV = 6> <Delay = 8.10>
ST_7 : Operation 105 [1/1] (1.73ns)   --->   "%row_6 = add i4 %row_2, 1" [Lab_7_MM_HLS/matrixmul.cpp:39]   --->   Operation 105 'add' 'row_6' <Predicate = (!icmp_ln39 & icmp_ln40)> <Delay = 1.73> <Core = "AddSub">   --->   Core 14 'AddSub' <Latency = 0> <II = 1> <Delay = 1.73> <FuncUnit> <Opcode : 'add' 'sub'> <InPorts = 2> <OutPorts = 1>
ST_7 : Operation 106 [1/1] (1.02ns)   --->   "%select_ln44_1 = select i1 %icmp_ln40, i4 %row_6, i4 %row_2" [Lab_7_MM_HLS/matrixmul.cpp:44]   --->   Operation 106 'select' 'select_ln44_1' <Predicate = (!icmp_ln39)> <Delay = 1.02> <Core = "Sel">   --->   Core 26 'Sel' <Latency = 0> <II = 1> <Delay = 0.99> <FuncUnit> <Opcode : 'select'> <InPorts = 3> <OutPorts = 1>
ST_7 : Operation 107 [1/1] (0.00ns)   --->   "%tmp_2 = call i7 @_ssdm_op_BitConcatenate.i7.i4.i3(i4 %select_ln44_1, i3 0)" [Lab_7_MM_HLS/matrixmul.cpp:44]   --->   Operation 107 'bitconcatenate' 'tmp_2' <Predicate = (!icmp_ln39)> <Delay = 0.00>
ST_7 : Operation 108 [1/1] (0.00ns)   --->   "%zext_ln44 = zext i7 %tmp_2 to i8" [Lab_7_MM_HLS/matrixmul.cpp:44]   --->   Operation 108 'zext' 'zext_ln44' <Predicate = (!icmp_ln39)> <Delay = 0.00>
ST_7 : Operation 109 [1/1] (0.00ns) (grouped into LUT with out node and_ln44)   --->   "%xor_ln44 = xor i1 %icmp_ln40, true" [Lab_7_MM_HLS/matrixmul.cpp:44]   --->   Operation 109 'xor' 'xor_ln44' <Predicate = (!icmp_ln39)> <Delay = 0.00> <Core = "LogicGate">   --->   Core 27 'LogicGate' <Latency = 0> <II = 1> <Delay = 0.97> <FuncUnit> <Opcode : 'and' 'or' 'xor'> <InPorts = 2> <OutPorts = 1>
ST_7 : Operation 110 [1/1] (0.97ns) (out node of the LUT)   --->   "%and_ln44 = and i1 %icmp_ln42, %xor_ln44" [Lab_7_MM_HLS/matrixmul.cpp:44]   --->   Operation 110 'and' 'and_ln44' <Predicate = (!icmp_ln39)> <Delay = 0.97> <Core = "LogicGate">   --->   Core 27 'LogicGate' <Latency = 0> <II = 1> <Delay = 0.97> <FuncUnit> <Opcode : 'and' 'or' 'xor'> <InPorts = 2> <OutPorts = 1>
ST_7 : Operation 111 [1/1] (1.73ns)   --->   "%col_5 = add i4 %select_ln44, 1" [Lab_7_MM_HLS/matrixmul.cpp:40]   --->   Operation 111 'add' 'col_5' <Predicate = (!icmp_ln39)> <Delay = 1.73> <Core = "AddSub">   --->   Core 14 'AddSub' <Latency = 0> <II = 1> <Delay = 1.73> <FuncUnit> <Opcode : 'add' 'sub'> <InPorts = 2> <OutPorts = 1>
ST_7 : Operation 112 [1/1] (0.97ns)   --->   "%or_ln44 = or i1 %and_ln44, %icmp_ln40" [Lab_7_MM_HLS/matrixmul.cpp:44]   --->   Operation 112 'or' 'or_ln44' <Predicate = (!icmp_ln39)> <Delay = 0.97> <Core = "LogicGate">   --->   Core 27 'LogicGate' <Latency = 0> <II = 1> <Delay = 0.97> <FuncUnit> <Opcode : 'and' 'or' 'xor'> <InPorts = 2> <OutPorts = 1>
ST_7 : Operation 113 [1/1] (1.02ns)   --->   "%select_ln44_2 = select i1 %or_ln44, i4 0, i4 %index_0" [Lab_7_MM_HLS/matrixmul.cpp:44]   --->   Operation 113 'select' 'select_ln44_2' <Predicate = (!icmp_ln39)> <Delay = 1.02> <Core = "Sel">   --->   Core 26 'Sel' <Latency = 0> <II = 1> <Delay = 0.99> <FuncUnit> <Opcode : 'select'> <InPorts = 3> <OutPorts = 1>
ST_7 : Operation 114 [1/1] (1.02ns)   --->   "%select_ln44_4 = select i1 %and_ln44, i4 %col_5, i4 %select_ln44" [Lab_7_MM_HLS/matrixmul.cpp:44]   --->   Operation 114 'select' 'select_ln44_4' <Predicate = (!icmp_ln39)> <Delay = 1.02> <Core = "Sel">   --->   Core 26 'Sel' <Latency = 0> <II = 1> <Delay = 0.99> <FuncUnit> <Opcode : 'select'> <InPorts = 3> <OutPorts = 1>
ST_7 : Operation 115 [1/1] (0.00ns)   --->   "%zext_ln44_1 = zext i4 %select_ln44_4 to i8" [Lab_7_MM_HLS/matrixmul.cpp:44]   --->   Operation 115 'zext' 'zext_ln44_1' <Predicate = (!icmp_ln39)> <Delay = 0.00>
ST_7 : Operation 116 [1/1] (1.87ns)   --->   "%add_ln46 = add i8 %zext_ln44_1, %zext_ln44" [Lab_7_MM_HLS/matrixmul.cpp:46]   --->   Operation 116 'add' 'add_ln46' <Predicate = (!icmp_ln39)> <Delay = 1.87> <Core = "AddSub">   --->   Core 14 'AddSub' <Latency = 0> <II = 1> <Delay = 1.73> <FuncUnit> <Opcode : 'add' 'sub'> <InPorts = 2> <OutPorts = 1>
ST_7 : Operation 117 [1/1] (0.00ns)   --->   "%zext_ln46 = zext i8 %add_ln46 to i64" [Lab_7_MM_HLS/matrixmul.cpp:46]   --->   Operation 117 'zext' 'zext_ln46' <Predicate = (!icmp_ln39)> <Delay = 0.00>
ST_7 : Operation 118 [1/1] (0.00ns)   --->   "%output_C_addr_1 = getelementptr [64 x float]* %output_C, i64 0, i64 %zext_ln46" [Lab_7_MM_HLS/matrixmul.cpp:46]   --->   Operation 118 'getelementptr' 'output_C_addr_1' <Predicate = (!icmp_ln39)> <Delay = 0.00>
ST_7 : Operation 119 [1/1] (0.00ns)   --->   "%zext_ln44_2 = zext i4 %select_ln44_2 to i8" [Lab_7_MM_HLS/matrixmul.cpp:44]   --->   Operation 119 'zext' 'zext_ln44_2' <Predicate = (!icmp_ln39)> <Delay = 0.00>
ST_7 : Operation 120 [1/1] (1.87ns)   --->   "%add_ln44 = add i8 %zext_ln44_2, %zext_ln44" [Lab_7_MM_HLS/matrixmul.cpp:44]   --->   Operation 120 'add' 'add_ln44' <Predicate = (!icmp_ln39)> <Delay = 1.87> <Core = "AddSub">   --->   Core 14 'AddSub' <Latency = 0> <II = 1> <Delay = 1.73> <FuncUnit> <Opcode : 'add' 'sub'> <InPorts = 2> <OutPorts = 1>
ST_7 : Operation 121 [1/1] (0.00ns)   --->   "%zext_ln44_3 = zext i8 %add_ln44 to i64" [Lab_7_MM_HLS/matrixmul.cpp:44]   --->   Operation 121 'zext' 'zext_ln44_3' <Predicate = (!icmp_ln39)> <Delay = 0.00>
ST_7 : Operation 122 [1/1] (0.00ns)   --->   "%input_A_addr_1 = getelementptr [64 x float]* %input_A, i64 0, i64 %zext_ln44_3" [Lab_7_MM_HLS/matrixmul.cpp:44]   --->   Operation 122 'getelementptr' 'input_A_addr_1' <Predicate = (!icmp_ln39)> <Delay = 0.00>
ST_7 : Operation 123 [1/1] (0.00ns)   --->   "%tmp_5 = call i7 @_ssdm_op_BitConcatenate.i7.i4.i3(i4 %select_ln44_2, i3 0)" [Lab_7_MM_HLS/matrixmul.cpp:44]   --->   Operation 123 'bitconcatenate' 'tmp_5' <Predicate = (!icmp_ln39)> <Delay = 0.00>
ST_7 : Operation 124 [1/1] (0.00ns)   --->   "%zext_ln44_4 = zext i7 %tmp_5 to i8" [Lab_7_MM_HLS/matrixmul.cpp:44]   --->   Operation 124 'zext' 'zext_ln44_4' <Predicate = (!icmp_ln39)> <Delay = 0.00>
ST_7 : Operation 125 [1/1] (1.87ns)   --->   "%add_ln44_1 = add i8 %zext_ln44_1, %zext_ln44_4" [Lab_7_MM_HLS/matrixmul.cpp:44]   --->   Operation 125 'add' 'add_ln44_1' <Predicate = (!icmp_ln39)> <Delay = 1.87> <Core = "AddSub">   --->   Core 14 'AddSub' <Latency = 0> <II = 1> <Delay = 1.73> <FuncUnit> <Opcode : 'add' 'sub'> <InPorts = 2> <OutPorts = 1>
ST_7 : Operation 126 [1/1] (0.00ns)   --->   "%zext_ln44_5 = zext i8 %add_ln44_1 to i64" [Lab_7_MM_HLS/matrixmul.cpp:44]   --->   Operation 126 'zext' 'zext_ln44_5' <Predicate = (!icmp_ln39)> <Delay = 0.00>
ST_7 : Operation 127 [1/1] (0.00ns)   --->   "%input_B_addr_1 = getelementptr [64 x float]* %input_B, i64 0, i64 %zext_ln44_5" [Lab_7_MM_HLS/matrixmul.cpp:44]   --->   Operation 127 'getelementptr' 'input_B_addr_1' <Predicate = (!icmp_ln39)> <Delay = 0.00>
ST_7 : Operation 128 [2/2] (3.25ns)   --->   "%input_A_load = load float* %input_A_addr_1, align 4" [Lab_7_MM_HLS/matrixmul.cpp:44]   --->   Operation 128 'load' 'input_A_load' <Predicate = (!icmp_ln39)> <Delay = 3.25> <Core = "RAM">   --->   Core 37 'RAM' <Latency = 1> <II = 1> <Delay = 3.25> <Storage> <Opcode : 'load' 'store'> <Ports = 2> <Width = 32> <Depth = 64> <RAM>
ST_7 : Operation 129 [2/2] (3.25ns)   --->   "%input_B_load = load float* %input_B_addr_1, align 4" [Lab_7_MM_HLS/matrixmul.cpp:44]   --->   Operation 129 'load' 'input_B_load' <Predicate = (!icmp_ln39)> <Delay = 3.25> <Core = "RAM">   --->   Core 37 'RAM' <Latency = 1> <II = 1> <Delay = 3.25> <Storage> <Opcode : 'load' 'store'> <Ports = 2> <Width = 32> <Depth = 64> <RAM>
ST_7 : Operation 130 [1/1] (1.73ns)   --->   "%index = add i4 %select_ln44_2, 1" [Lab_7_MM_HLS/matrixmul.cpp:42]   --->   Operation 130 'add' 'index' <Predicate = (!icmp_ln39)> <Delay = 1.73> <Core = "AddSub">   --->   Core 14 'AddSub' <Latency = 0> <II = 1> <Delay = 1.73> <FuncUnit> <Opcode : 'add' 'sub'> <InPorts = 2> <OutPorts = 1>
ST_7 : Operation 131 [1/1] (1.30ns)   --->   "%icmp_ln42_1 = icmp eq i4 %index, -8" [Lab_7_MM_HLS/matrixmul.cpp:42]   --->   Operation 131 'icmp' 'icmp_ln42_1' <Predicate = (!icmp_ln39)> <Delay = 1.30> <Core = "Cmp">   --->   Core 25 'Cmp' <Latency = 0> <II = 1> <Delay = 1.30> <FuncUnit> <Opcode : 'icmp'> <InPorts = 2> <OutPorts = 1>
ST_7 : Operation 132 [1/1] (0.00ns)   --->   "br i1 %icmp_ln42_1, label %ifTrue15, label %ifFalse16" [Lab_7_MM_HLS/matrixmul.cpp:42]   --->   Operation 132 'br' <Predicate = (!icmp_ln39)> <Delay = 0.00>

State 8 <SV = 7> <Delay = 3.25>
ST_8 : Operation 133 [1/2] (3.25ns)   --->   "%input_A_load = load float* %input_A_addr_1, align 4" [Lab_7_MM_HLS/matrixmul.cpp:44]   --->   Operation 133 'load' 'input_A_load' <Predicate = (!icmp_ln39)> <Delay = 3.25> <Core = "RAM">   --->   Core 37 'RAM' <Latency = 1> <II = 1> <Delay = 3.25> <Storage> <Opcode : 'load' 'store'> <Ports = 2> <Width = 32> <Depth = 64> <RAM>
ST_8 : Operation 134 [1/2] (3.25ns)   --->   "%input_B_load = load float* %input_B_addr_1, align 4" [Lab_7_MM_HLS/matrixmul.cpp:44]   --->   Operation 134 'load' 'input_B_load' <Predicate = (!icmp_ln39)> <Delay = 3.25> <Core = "RAM">   --->   Core 37 'RAM' <Latency = 1> <II = 1> <Delay = 3.25> <Storage> <Opcode : 'load' 'store'> <Ports = 2> <Width = 32> <Depth = 64> <RAM>

State 9 <SV = 8> <Delay = 5.70>
ST_9 : Operation 135 [4/4] (5.70ns)   --->   "%tmp_3 = fmul float %input_A_load, %input_B_load" [Lab_7_MM_HLS/matrixmul.cpp:44]   --->   Operation 135 'fmul' 'tmp_3' <Predicate = (!icmp_ln39)> <Delay = 5.70> <Core = "FMul">   --->   Core 106 'FMul' <Latency = 3> <II = 1> <Delay = 5.70> <FuncUnit> <Opcode : 'fmul'> <InPorts = 2> <OutPorts = 1>

State 10 <SV = 9> <Delay = 5.70>
ST_10 : Operation 136 [3/4] (5.70ns)   --->   "%tmp_3 = fmul float %input_A_load, %input_B_load" [Lab_7_MM_HLS/matrixmul.cpp:44]   --->   Operation 136 'fmul' 'tmp_3' <Predicate = (!icmp_ln39)> <Delay = 5.70> <Core = "FMul">   --->   Core 106 'FMul' <Latency = 3> <II = 1> <Delay = 5.70> <FuncUnit> <Opcode : 'fmul'> <InPorts = 2> <OutPorts = 1>
ST_10 : Operation 137 [1/1] (1.24ns)   --->   "%select_ln40 = select i1 %icmp_ln40, i8 1, i8 %add_ln40" [Lab_7_MM_HLS/matrixmul.cpp:40]   --->   Operation 137 'select' 'select_ln40' <Predicate = (!icmp_ln39)> <Delay = 1.24> <Core = "Sel">   --->   Core 26 'Sel' <Latency = 0> <II = 1> <Delay = 0.99> <FuncUnit> <Opcode : 'select'> <InPorts = 3> <OutPorts = 1>
ST_10 : Operation 138 [1/1] (0.00ns)   --->   "br label %.preheader20.preheader"   --->   Operation 138 'br' <Predicate = (!icmp_ln39)> <Delay = 0.00>

State 11 <SV = 10> <Delay = 5.70>
ST_11 : Operation 139 [2/4] (5.70ns)   --->   "%tmp_3 = fmul float %input_A_load, %input_B_load" [Lab_7_MM_HLS/matrixmul.cpp:44]   --->   Operation 139 'fmul' 'tmp_3' <Predicate = (!icmp_ln39)> <Delay = 5.70> <Core = "FMul">   --->   Core 106 'FMul' <Latency = 3> <II = 1> <Delay = 5.70> <FuncUnit> <Opcode : 'fmul'> <InPorts = 2> <OutPorts = 1>

State 12 <SV = 11> <Delay = 5.70>
ST_12 : Operation 140 [1/4] (5.70ns)   --->   "%tmp_3 = fmul float %input_A_load, %input_B_load" [Lab_7_MM_HLS/matrixmul.cpp:44]   --->   Operation 140 'fmul' 'tmp_3' <Predicate = (!icmp_ln39)> <Delay = 5.70> <Core = "FMul">   --->   Core 106 'FMul' <Latency = 3> <II = 1> <Delay = 5.70> <FuncUnit> <Opcode : 'fmul'> <InPorts = 2> <OutPorts = 1>

State 13 <SV = 12> <Delay = 7.95>
ST_13 : Operation 141 [1/1] (0.69ns)   --->   "%select_ln44_3 = select i1 %or_ln44, float 0.000000e+00, float %res_0" [Lab_7_MM_HLS/matrixmul.cpp:44]   --->   Operation 141 'select' 'select_ln44_3' <Predicate = (!icmp_ln39)> <Delay = 0.69> <Core = "Sel">   --->   Core 26 'Sel' <Latency = 0> <II = 1> <Delay = 0.99> <FuncUnit> <Opcode : 'select'> <InPorts = 3> <OutPorts = 1>
ST_13 : Operation 142 [5/5] (7.25ns)   --->   "%res = fadd float %select_ln44_3, %tmp_3" [Lab_7_MM_HLS/matrixmul.cpp:44]   --->   Operation 142 'fadd' 'res' <Predicate = (!icmp_ln39)> <Delay = 7.25> <Core = "FAddSub">   --->   Core 105 'FAddSub' <Latency = 4> <II = 1> <Delay = 7.25> <FuncUnit> <Opcode : 'fadd' 'fsub'> <InPorts = 2> <OutPorts = 1>

State 14 <SV = 13> <Delay = 7.25>
ST_14 : Operation 143 [4/5] (7.25ns)   --->   "%res = fadd float %select_ln44_3, %tmp_3" [Lab_7_MM_HLS/matrixmul.cpp:44]   --->   Operation 143 'fadd' 'res' <Predicate = (!icmp_ln39)> <Delay = 7.25> <Core = "FAddSub">   --->   Core 105 'FAddSub' <Latency = 4> <II = 1> <Delay = 7.25> <FuncUnit> <Opcode : 'fadd' 'fsub'> <InPorts = 2> <OutPorts = 1>

State 15 <SV = 14> <Delay = 7.25>
ST_15 : Operation 144 [3/5] (7.25ns)   --->   "%res = fadd float %select_ln44_3, %tmp_3" [Lab_7_MM_HLS/matrixmul.cpp:44]   --->   Operation 144 'fadd' 'res' <Predicate = (!icmp_ln39)> <Delay = 7.25> <Core = "FAddSub">   --->   Core 105 'FAddSub' <Latency = 4> <II = 1> <Delay = 7.25> <FuncUnit> <Opcode : 'fadd' 'fsub'> <InPorts = 2> <OutPorts = 1>

State 16 <SV = 15> <Delay = 7.25>
ST_16 : Operation 145 [2/5] (7.25ns)   --->   "%res = fadd float %select_ln44_3, %tmp_3" [Lab_7_MM_HLS/matrixmul.cpp:44]   --->   Operation 145 'fadd' 'res' <Predicate = (!icmp_ln39)> <Delay = 7.25> <Core = "FAddSub">   --->   Core 105 'FAddSub' <Latency = 4> <II = 1> <Delay = 7.25> <FuncUnit> <Opcode : 'fadd' 'fsub'> <InPorts = 2> <OutPorts = 1>

State 17 <SV = 16> <Delay = 7.25>
ST_17 : Operation 146 [1/5] (7.25ns)   --->   "%res = fadd float %select_ln44_3, %tmp_3" [Lab_7_MM_HLS/matrixmul.cpp:44]   --->   Operation 146 'fadd' 'res' <Predicate = (!icmp_ln39)> <Delay = 7.25> <Core = "FAddSub">   --->   Core 105 'FAddSub' <Latency = 4> <II = 1> <Delay = 7.25> <FuncUnit> <Opcode : 'fadd' 'fsub'> <InPorts = 2> <OutPorts = 1>

State 18 <SV = 17> <Delay = 3.25>
ST_18 : Operation 147 [1/1] (0.00ns)   --->   "call void (...)* @_ssdm_op_SpecLoopName([18 x i8]* @loop1_loop2_loop3_st)"   --->   Operation 147 'specloopname' <Predicate = (!icmp_ln39)> <Delay = 0.00>
ST_18 : Operation 148 [1/1] (0.00ns)   --->   "%empty_8 = call i32 (...)* @_ssdm_op_SpecLoopTripCount(i64 512, i64 512, i64 512)"   --->   Operation 148 'speclooptripcount' 'empty_8' <Predicate = (!icmp_ln39)> <Delay = 0.00>
ST_18 : Operation 149 [1/1] (0.00ns)   --->   "call void (...)* @_ssdm_op_SpecLoopName([12 x i8]* @loop2_loop3_str)"   --->   Operation 149 'specloopname' <Predicate = (!icmp_ln39)> <Delay = 0.00>
ST_18 : Operation 150 [1/1] (0.00ns)   --->   "call void (...)* @_ssdm_op_SpecLoopName([6 x i8]* @p_str10) nounwind" [Lab_7_MM_HLS/matrixmul.cpp:42]   --->   Operation 150 'specloopname' <Predicate = (!icmp_ln39)> <Delay = 0.00>
ST_18 : Operation 151 [1/1] (0.00ns)   --->   "%tmp_9 = call i32 (...)* @_ssdm_op_SpecRegionBegin([6 x i8]* @p_str10)" [Lab_7_MM_HLS/matrixmul.cpp:42]   --->   Operation 151 'specregionbegin' 'tmp_9' <Predicate = (!icmp_ln39)> <Delay = 0.00>
ST_18 : Operation 152 [1/1] (0.00ns)   --->   "call void (...)* @_ssdm_op_SpecPipeline(i32 -1, i32 1, i32 1, i32 0, [1 x i8]* @p_str1) nounwind" [Lab_7_MM_HLS/matrixmul.cpp:43]   --->   Operation 152 'specpipeline' <Predicate = (!icmp_ln39)> <Delay = 0.00>
ST_18 : Operation 153 [1/1] (0.00ns)   --->   "%empty_9 = call i32 (...)* @_ssdm_op_SpecRegionEnd([6 x i8]* @p_str10, i32 %tmp_9)" [Lab_7_MM_HLS/matrixmul.cpp:45]   --->   Operation 153 'specregionend' 'empty_9' <Predicate = (!icmp_ln39)> <Delay = 0.00>
ST_18 : Operation 154 [1/1] (3.25ns)   --->   "store float %res, float* %output_C_addr_1, align 4" [Lab_7_MM_HLS/matrixmul.cpp:46]   --->   Operation 154 'store' <Predicate = (icmp_ln42_1)> <Delay = 3.25> <Core = "RAM">   --->   Core 37 'RAM' <Latency = 1> <II = 1> <Delay = 3.25> <Storage> <Opcode : 'load' 'store'> <Ports = 2> <Width = 32> <Depth = 64> <RAM>
ST_18 : Operation 155 [1/1] (0.00ns)   --->   "br label %ifFalse16"   --->   Operation 155 'br' <Predicate = (icmp_ln42_1)> <Delay = 0.00>

State 19 <SV = 6> <Delay = 1.76>
ST_19 : Operation 156 [1/1] (1.76ns)   --->   "br label %.preheader.preheader" [Lab_7_MM_HLS/matrixmul.cpp:51]   --->   Operation 156 'br' <Predicate = true> <Delay = 1.76>

State 20 <SV = 7> <Delay = 7.88>
ST_20 : Operation 157 [1/1] (0.00ns)   --->   "%indvar_flatten50 = phi i7 [ %add_ln51, %loop_output_C2 ], [ 0, %.preheader.preheader.preheader ]" [Lab_7_MM_HLS/matrixmul.cpp:51]   --->   Operation 157 'phi' 'indvar_flatten50' <Predicate = true> <Delay = 0.00>
ST_20 : Operation 158 [1/1] (0.00ns)   --->   "%row_3 = phi i4 [ %select_ln54_1, %loop_output_C2 ], [ 0, %.preheader.preheader.preheader ]" [Lab_7_MM_HLS/matrixmul.cpp:54]   --->   Operation 158 'phi' 'row_3' <Predicate = true> <Delay = 0.00>
ST_20 : Operation 159 [1/1] (0.00ns)   --->   "%col_3 = phi i4 [ %col_6, %loop_output_C2 ], [ 0, %.preheader.preheader.preheader ]"   --->   Operation 159 'phi' 'col_3' <Predicate = true> <Delay = 0.00>
ST_20 : Operation 160 [1/1] (1.48ns)   --->   "%icmp_ln51 = icmp eq i7 %indvar_flatten50, -64" [Lab_7_MM_HLS/matrixmul.cpp:51]   --->   Operation 160 'icmp' 'icmp_ln51' <Predicate = true> <Delay = 1.48> <Core = "Cmp">   --->   Core 25 'Cmp' <Latency = 0> <II = 1> <Delay = 1.30> <FuncUnit> <Opcode : 'icmp'> <InPorts = 2> <OutPorts = 1>
ST_20 : Operation 161 [1/1] (1.87ns)   --->   "%add_ln51 = add i7 %indvar_flatten50, 1" [Lab_7_MM_HLS/matrixmul.cpp:51]   --->   Operation 161 'add' 'add_ln51' <Predicate = true> <Delay = 1.87> <Core = "AddSub">   --->   Core 14 'AddSub' <Latency = 0> <II = 1> <Delay = 1.73> <FuncUnit> <Opcode : 'add' 'sub'> <InPorts = 2> <OutPorts = 1>
ST_20 : Operation 162 [1/1] (0.00ns)   --->   "br i1 %icmp_ln51, label %2, label %loop_output_C2" [Lab_7_MM_HLS/matrixmul.cpp:51]   --->   Operation 162 'br' <Predicate = true> <Delay = 0.00>
ST_20 : Operation 163 [1/1] (1.73ns)   --->   "%row_7 = add i4 %row_3, 1" [Lab_7_MM_HLS/matrixmul.cpp:51]   --->   Operation 163 'add' 'row_7' <Predicate = (!icmp_ln51)> <Delay = 1.73> <Core = "AddSub">   --->   Core 14 'AddSub' <Latency = 0> <II = 1> <Delay = 1.73> <FuncUnit> <Opcode : 'add' 'sub'> <InPorts = 2> <OutPorts = 1>
ST_20 : Operation 164 [1/1] (1.30ns)   --->   "%icmp_ln52 = icmp eq i4 %col_3, -8" [Lab_7_MM_HLS/matrixmul.cpp:52]   --->   Operation 164 'icmp' 'icmp_ln52' <Predicate = (!icmp_ln51)> <Delay = 1.30> <Core = "Cmp">   --->   Core 25 'Cmp' <Latency = 0> <II = 1> <Delay = 1.30> <FuncUnit> <Opcode : 'icmp'> <InPorts = 2> <OutPorts = 1>
ST_20 : Operation 165 [1/1] (1.02ns)   --->   "%select_ln54 = select i1 %icmp_ln52, i4 0, i4 %col_3" [Lab_7_MM_HLS/matrixmul.cpp:54]   --->   Operation 165 'select' 'select_ln54' <Predicate = (!icmp_ln51)> <Delay = 1.02> <Core = "Sel">   --->   Core 26 'Sel' <Latency = 0> <II = 1> <Delay = 0.99> <FuncUnit> <Opcode : 'select'> <InPorts = 3> <OutPorts = 1>
ST_20 : Operation 166 [1/1] (1.02ns)   --->   "%select_ln54_1 = select i1 %icmp_ln52, i4 %row_7, i4 %row_3" [Lab_7_MM_HLS/matrixmul.cpp:54]   --->   Operation 166 'select' 'select_ln54_1' <Predicate = (!icmp_ln51)> <Delay = 1.02> <Core = "Sel">   --->   Core 26 'Sel' <Latency = 0> <II = 1> <Delay = 0.99> <FuncUnit> <Opcode : 'select'> <InPorts = 3> <OutPorts = 1>
ST_20 : Operation 167 [1/1] (0.00ns)   --->   "%tmp_7 = call i7 @_ssdm_op_BitConcatenate.i7.i4.i3(i4 %select_ln54_1, i3 0)" [Lab_7_MM_HLS/matrixmul.cpp:54]   --->   Operation 167 'bitconcatenate' 'tmp_7' <Predicate = (!icmp_ln51)> <Delay = 0.00>
ST_20 : Operation 168 [1/1] (0.00ns)   --->   "%zext_ln56 = zext i7 %tmp_7 to i8" [Lab_7_MM_HLS/matrixmul.cpp:56]   --->   Operation 168 'zext' 'zext_ln56' <Predicate = (!icmp_ln51)> <Delay = 0.00>
ST_20 : Operation 169 [1/1] (1.30ns)   --->   "%icmp_ln56 = icmp eq i4 %row_7, 7" [Lab_7_MM_HLS/matrixmul.cpp:56]   --->   Operation 169 'icmp' 'icmp_ln56' <Predicate = (!icmp_ln51)> <Delay = 1.30> <Core = "Cmp">   --->   Core 25 'Cmp' <Latency = 0> <II = 1> <Delay = 1.30> <FuncUnit> <Opcode : 'icmp'> <InPorts = 2> <OutPorts = 1>
ST_20 : Operation 170 [1/1] (1.30ns)   --->   "%icmp_ln56_2 = icmp eq i4 %row_3, 7" [Lab_7_MM_HLS/matrixmul.cpp:56]   --->   Operation 170 'icmp' 'icmp_ln56_2' <Predicate = (!icmp_ln51)> <Delay = 1.30> <Core = "Cmp">   --->   Core 25 'Cmp' <Latency = 0> <II = 1> <Delay = 1.30> <FuncUnit> <Opcode : 'icmp'> <InPorts = 2> <OutPorts = 1>
ST_20 : Operation 171 [1/1] (0.00ns) (grouped into LUT with out node tmp_last_V)   --->   "%select_ln54_2 = select i1 %icmp_ln52, i1 %icmp_ln56, i1 %icmp_ln56_2" [Lab_7_MM_HLS/matrixmul.cpp:54]   --->   Operation 171 'select' 'select_ln54_2' <Predicate = (!icmp_ln51)> <Delay = 0.00> <Core = "Sel">   --->   Core 26 'Sel' <Latency = 0> <II = 1> <Delay = 0.99> <FuncUnit> <Opcode : 'select'> <InPorts = 3> <OutPorts = 1>
ST_20 : Operation 172 [1/1] (0.00ns)   --->   "%zext_ln54 = zext i4 %select_ln54 to i8" [Lab_7_MM_HLS/matrixmul.cpp:54]   --->   Operation 172 'zext' 'zext_ln54' <Predicate = (!icmp_ln51)> <Delay = 0.00>
ST_20 : Operation 173 [1/1] (1.87ns)   --->   "%add_ln54 = add i8 %zext_ln54, %zext_ln56" [Lab_7_MM_HLS/matrixmul.cpp:54]   --->   Operation 173 'add' 'add_ln54' <Predicate = (!icmp_ln51)> <Delay = 1.87> <Core = "AddSub">   --->   Core 14 'AddSub' <Latency = 0> <II = 1> <Delay = 1.73> <FuncUnit> <Opcode : 'add' 'sub'> <InPorts = 2> <OutPorts = 1>
ST_20 : Operation 174 [1/1] (0.00ns)   --->   "%zext_ln54_1 = zext i8 %add_ln54 to i64" [Lab_7_MM_HLS/matrixmul.cpp:54]   --->   Operation 174 'zext' 'zext_ln54_1' <Predicate = (!icmp_ln51)> <Delay = 0.00>
ST_20 : Operation 175 [1/1] (0.00ns)   --->   "%output_C_addr = getelementptr [64 x float]* %output_C, i64 0, i64 %zext_ln54_1" [Lab_7_MM_HLS/matrixmul.cpp:54]   --->   Operation 175 'getelementptr' 'output_C_addr' <Predicate = (!icmp_ln51)> <Delay = 0.00>
ST_20 : Operation 176 [2/2] (3.25ns)   --->   "%local_write_data = load float* %output_C_addr, align 4" [Lab_7_MM_HLS/matrixmul.cpp:54]   --->   Operation 176 'load' 'local_write_data' <Predicate = (!icmp_ln51)> <Delay = 3.25> <Core = "RAM">   --->   Core 37 'RAM' <Latency = 1> <II = 1> <Delay = 3.25> <Storage> <Opcode : 'load' 'store'> <Ports = 2> <Width = 32> <Depth = 64> <RAM>
ST_20 : Operation 177 [1/1] (1.30ns)   --->   "%icmp_ln56_1 = icmp eq i4 %select_ln54, 7" [Lab_7_MM_HLS/matrixmul.cpp:56]   --->   Operation 177 'icmp' 'icmp_ln56_1' <Predicate = (!icmp_ln51)> <Delay = 1.30> <Core = "Cmp">   --->   Core 25 'Cmp' <Latency = 0> <II = 1> <Delay = 1.30> <FuncUnit> <Opcode : 'icmp'> <InPorts = 2> <OutPorts = 1>
ST_20 : Operation 178 [1/1] (0.99ns) (out node of the LUT)   --->   "%tmp_last_V = and i1 %select_ln54_2, %icmp_ln56_1" [Lab_7_MM_HLS/matrixmul.cpp:56]   --->   Operation 178 'and' 'tmp_last_V' <Predicate = (!icmp_ln51)> <Delay = 0.99> <Core = "LogicGate">   --->   Core 27 'LogicGate' <Latency = 0> <II = 1> <Delay = 0.97> <FuncUnit> <Opcode : 'and' 'or' 'xor'> <InPorts = 2> <OutPorts = 1>
ST_20 : Operation 179 [1/1] (1.73ns)   --->   "%col_6 = add i4 %select_ln54, 1" [Lab_7_MM_HLS/matrixmul.cpp:52]   --->   Operation 179 'add' 'col_6' <Predicate = (!icmp_ln51)> <Delay = 1.73> <Core = "AddSub">   --->   Core 14 'AddSub' <Latency = 0> <II = 1> <Delay = 1.73> <FuncUnit> <Opcode : 'add' 'sub'> <InPorts = 2> <OutPorts = 1>

State 21 <SV = 8> <Delay = 3.25>
ST_21 : Operation 180 [1/2] (3.25ns)   --->   "%local_write_data = load float* %output_C_addr, align 4" [Lab_7_MM_HLS/matrixmul.cpp:54]   --->   Operation 180 'load' 'local_write_data' <Predicate = (!icmp_ln51)> <Delay = 3.25> <Core = "RAM">   --->   Core 37 'RAM' <Latency = 1> <II = 1> <Delay = 3.25> <Storage> <Opcode : 'load' 'store'> <Ports = 2> <Width = 32> <Depth = 64> <RAM>
ST_21 : Operation 181 [2/2] (0.00ns)   --->   "call void @_ssdm_op_Write.axis.volatile.floatP.i1P(float* %out_C_V_data, i1* %out_C_V_last_V, float %local_write_data, i1 %tmp_last_V)" [Lab_7_MM_HLS/matrixmul.cpp:60]   --->   Operation 181 'write' <Predicate = (!icmp_ln51)> <Delay = 0.00> <Core = "AXI4Stream">   --->   Core 5 'AXI4Stream' <Latency = 0> <II = 1> <Delay = 1.00> <Adapter> <Opcode : >

State 22 <SV = 9> <Delay = 0.00>
ST_22 : Operation 182 [1/1] (0.00ns)   --->   "call void (...)* @_ssdm_op_SpecLoopName([30 x i8]* @loop_output_C1_loop_s)"   --->   Operation 182 'specloopname' <Predicate = (!icmp_ln51)> <Delay = 0.00>
ST_22 : Operation 183 [1/1] (0.00ns)   --->   "%empty_10 = call i32 (...)* @_ssdm_op_SpecLoopTripCount(i64 64, i64 64, i64 64)"   --->   Operation 183 'speclooptripcount' 'empty_10' <Predicate = (!icmp_ln51)> <Delay = 0.00>
ST_22 : Operation 184 [1/1] (0.00ns)   --->   "call void (...)* @_ssdm_op_SpecLoopName([15 x i8]* @p_str12) nounwind" [Lab_7_MM_HLS/matrixmul.cpp:52]   --->   Operation 184 'specloopname' <Predicate = (!icmp_ln51)> <Delay = 0.00>
ST_22 : Operation 185 [1/1] (0.00ns)   --->   "%tmp_8 = call i32 (...)* @_ssdm_op_SpecRegionBegin([15 x i8]* @p_str12)" [Lab_7_MM_HLS/matrixmul.cpp:52]   --->   Operation 185 'specregionbegin' 'tmp_8' <Predicate = (!icmp_ln51)> <Delay = 0.00>
ST_22 : Operation 186 [1/1] (0.00ns)   --->   "call void (...)* @_ssdm_op_SpecPipeline(i32 -1, i32 1, i32 1, i32 0, [1 x i8]* @p_str1) nounwind" [Lab_7_MM_HLS/matrixmul.cpp:53]   --->   Operation 186 'specpipeline' <Predicate = (!icmp_ln51)> <Delay = 0.00>
ST_22 : Operation 187 [1/2] (0.00ns)   --->   "call void @_ssdm_op_Write.axis.volatile.floatP.i1P(float* %out_C_V_data, i1* %out_C_V_last_V, float %local_write_data, i1 %tmp_last_V)" [Lab_7_MM_HLS/matrixmul.cpp:60]   --->   Operation 187 'write' <Predicate = (!icmp_ln51)> <Delay = 0.00> <Core = "AXI4Stream">   --->   Core 5 'AXI4Stream' <Latency = 0> <II = 1> <Delay = 1.00> <Adapter> <Opcode : >
ST_22 : Operation 188 [1/1] (0.00ns)   --->   "%empty_11 = call i32 (...)* @_ssdm_op_SpecRegionEnd([15 x i8]* @p_str12, i32 %tmp_8)" [Lab_7_MM_HLS/matrixmul.cpp:61]   --->   Operation 188 'specregionend' 'empty_11' <Predicate = (!icmp_ln51)> <Delay = 0.00>
ST_22 : Operation 189 [1/1] (0.00ns)   --->   "br label %.preheader.preheader"   --->   Operation 189 'br' <Predicate = (!icmp_ln51)> <Delay = 0.00>

State 23 <SV = 8> <Delay = 0.00>
ST_23 : Operation 190 [1/1] (0.00ns)   --->   "ret void" [Lab_7_MM_HLS/matrixmul.cpp:63]   --->   Operation 190 'ret' <Predicate = true> <Delay = 0.00>


============================================================
+ Verbose Summary: Timing violations
============================================================
Target clock period: 10ns, clock uncertainty: 1.25ns.

 <State 1>: 1.77ns
The critical path consists of the following:
	multiplexor before 'phi' operation ('indvar_flatten', Lab_7_MM_HLS/matrixmul.cpp:18) with incoming values : ('add_ln18', Lab_7_MM_HLS/matrixmul.cpp:18) [18]  (1.77 ns)

 <State 2>: 7.88ns
The critical path consists of the following:
	'phi' operation ('row_0', Lab_7_MM_HLS/matrixmul.cpp:24) with incoming values : ('select_ln24_1', Lab_7_MM_HLS/matrixmul.cpp:24) [19]  (0 ns)
	'add' operation ('row', Lab_7_MM_HLS/matrixmul.cpp:18) [25]  (1.74 ns)
	'select' operation ('select_ln24_1', Lab_7_MM_HLS/matrixmul.cpp:24) [30]  (1.02 ns)
	'add' operation ('add_ln24', Lab_7_MM_HLS/matrixmul.cpp:24) [39]  (1.87 ns)
	'getelementptr' operation ('input_A_addr', Lab_7_MM_HLS/matrixmul.cpp:24) [41]  (0 ns)
	'store' operation ('store_ln24', Lab_7_MM_HLS/matrixmul.cpp:24) of variable 'tmp.data', Lab_7_MM_HLS/matrixmul.cpp:23 on array 'input_A', Lab_7_MM_HLS/matrixmul.cpp:11 [42]  (3.25 ns)

 <State 3>: 1.77ns
The critical path consists of the following:
	multiplexor before 'phi' operation ('indvar_flatten11', Lab_7_MM_HLS/matrixmul.cpp:28) with incoming values : ('add_ln28', Lab_7_MM_HLS/matrixmul.cpp:28) [49]  (1.77 ns)

 <State 4>: 7.88ns
The critical path consists of the following:
	'phi' operation ('row_1', Lab_7_MM_HLS/matrixmul.cpp:34) with incoming values : ('select_ln34_1', Lab_7_MM_HLS/matrixmul.cpp:34) [50]  (0 ns)
	'add' operation ('row', Lab_7_MM_HLS/matrixmul.cpp:28) [56]  (1.74 ns)
	'select' operation ('select_ln34_1', Lab_7_MM_HLS/matrixmul.cpp:34) [61]  (1.02 ns)
	'add' operation ('add_ln34', Lab_7_MM_HLS/matrixmul.cpp:34) [70]  (1.87 ns)
	'getelementptr' operation ('input_B_addr', Lab_7_MM_HLS/matrixmul.cpp:34) [72]  (0 ns)
	'store' operation ('store_ln34', Lab_7_MM_HLS/matrixmul.cpp:34) of variable 'tmp.data', Lab_7_MM_HLS/matrixmul.cpp:33 on array 'input_B', Lab_7_MM_HLS/matrixmul.cpp:12 [73]  (3.25 ns)

 <State 5>: 1.77ns
The critical path consists of the following:
	multiplexor before 'phi' operation ('indvar_flatten38', Lab_7_MM_HLS/matrixmul.cpp:39) with incoming values : ('add_ln39', Lab_7_MM_HLS/matrixmul.cpp:39) [80]  (1.77 ns)

 <State 6>: 2.75ns
The critical path consists of the following:
	'icmp' operation ('icmp_ln39', Lab_7_MM_HLS/matrixmul.cpp:39) [86]  (1.77 ns)
	blocking operation 0.978 ns on control path)

 <State 7>: 8.1ns
The critical path consists of the following:
	'xor' operation ('xor_ln44', Lab_7_MM_HLS/matrixmul.cpp:44) [98]  (0 ns)
	'and' operation ('and_ln44', Lab_7_MM_HLS/matrixmul.cpp:44) [100]  (0.978 ns)
	'or' operation ('or_ln44', Lab_7_MM_HLS/matrixmul.cpp:44) [103]  (0.978 ns)
	'select' operation ('select_ln44_2', Lab_7_MM_HLS/matrixmul.cpp:44) [104]  (1.02 ns)
	'add' operation ('add_ln44', Lab_7_MM_HLS/matrixmul.cpp:44) [115]  (1.87 ns)
	'getelementptr' operation ('input_A_addr_1', Lab_7_MM_HLS/matrixmul.cpp:44) [117]  (0 ns)
	'load' operation ('input_A_load', Lab_7_MM_HLS/matrixmul.cpp:44) on array 'input_A', Lab_7_MM_HLS/matrixmul.cpp:11 [123]  (3.25 ns)

 <State 8>: 3.25ns
The critical path consists of the following:
	'load' operation ('input_A_load', Lab_7_MM_HLS/matrixmul.cpp:44) on array 'input_A', Lab_7_MM_HLS/matrixmul.cpp:11 [123]  (3.25 ns)

 <State 9>: 5.7ns
The critical path consists of the following:
	'fmul' operation ('tmp_3', Lab_7_MM_HLS/matrixmul.cpp:44) [125]  (5.7 ns)

 <State 10>: 5.7ns
The critical path consists of the following:
	'fmul' operation ('tmp_3', Lab_7_MM_HLS/matrixmul.cpp:44) [125]  (5.7 ns)

 <State 11>: 5.7ns
The critical path consists of the following:
	'fmul' operation ('tmp_3', Lab_7_MM_HLS/matrixmul.cpp:44) [125]  (5.7 ns)

 <State 12>: 5.7ns
The critical path consists of the following:
	'fmul' operation ('tmp_3', Lab_7_MM_HLS/matrixmul.cpp:44) [125]  (5.7 ns)

 <State 13>: 7.95ns
The critical path consists of the following:
	'select' operation ('select_ln44_3', Lab_7_MM_HLS/matrixmul.cpp:44) [105]  (0.698 ns)
	'fadd' operation ('res', Lab_7_MM_HLS/matrixmul.cpp:44) [126]  (7.26 ns)

 <State 14>: 7.26ns
The critical path consists of the following:
	'fadd' operation ('res', Lab_7_MM_HLS/matrixmul.cpp:44) [126]  (7.26 ns)

 <State 15>: 7.26ns
The critical path consists of the following:
	'fadd' operation ('res', Lab_7_MM_HLS/matrixmul.cpp:44) [126]  (7.26 ns)

 <State 16>: 7.26ns
The critical path consists of the following:
	'fadd' operation ('res', Lab_7_MM_HLS/matrixmul.cpp:44) [126]  (7.26 ns)

 <State 17>: 7.26ns
The critical path consists of the following:
	'fadd' operation ('res', Lab_7_MM_HLS/matrixmul.cpp:44) [126]  (7.26 ns)

 <State 18>: 3.25ns
The critical path consists of the following:
	'store' operation ('store_ln46', Lab_7_MM_HLS/matrixmul.cpp:46) of variable 'res', Lab_7_MM_HLS/matrixmul.cpp:44 on array 'output_C', Lab_7_MM_HLS/matrixmul.cpp:13 [132]  (3.25 ns)

 <State 19>: 1.77ns
The critical path consists of the following:
	multiplexor before 'phi' operation ('indvar_flatten50', Lab_7_MM_HLS/matrixmul.cpp:51) with incoming values : ('add_ln51', Lab_7_MM_HLS/matrixmul.cpp:51) [141]  (1.77 ns)

 <State 20>: 7.88ns
The critical path consists of the following:
	'phi' operation ('row_3', Lab_7_MM_HLS/matrixmul.cpp:54) with incoming values : ('select_ln54_1', Lab_7_MM_HLS/matrixmul.cpp:54) [142]  (0 ns)
	'add' operation ('row', Lab_7_MM_HLS/matrixmul.cpp:51) [148]  (1.74 ns)
	'select' operation ('select_ln54_1', Lab_7_MM_HLS/matrixmul.cpp:54) [153]  (1.02 ns)
	'add' operation ('add_ln54', Lab_7_MM_HLS/matrixmul.cpp:54) [163]  (1.87 ns)
	'getelementptr' operation ('output_C_addr', Lab_7_MM_HLS/matrixmul.cpp:54) [165]  (0 ns)
	'load' operation ('local_write.data', Lab_7_MM_HLS/matrixmul.cpp:54) on array 'output_C', Lab_7_MM_HLS/matrixmul.cpp:13 [166]  (3.25 ns)

 <State 21>: 3.25ns
The critical path consists of the following:
	'load' operation ('local_write.data', Lab_7_MM_HLS/matrixmul.cpp:54) on array 'output_C', Lab_7_MM_HLS/matrixmul.cpp:13 [166]  (3.25 ns)

 <State 22>: 0ns
The critical path consists of the following:

 <State 23>: 0ns
The critical path consists of the following:


============================================================
+ Verbose Summary: Binding
============================================================
N/A
* FSMD analyzer results:
  - Output states:
 - Input state : 
  - Chain level:
	State 1
	State 2
	State 3
	State 4
	State 5
	State 6
	State 7
	State 8
	State 9
	State 10
	State 11
	State 12
	State 13
	State 14
	State 15
	State 16
	State 17
	State 18
	State 19
	State 20
	State 21
	State 22
	State 23


============================================================
+ Verbose Summary: Datapath Resource usage 
============================================================
N/A
