INFO: [COSIM-47] Using XSIM for RTL simulation.
INFO: [COSIM-14] Instrumenting C test bench ...
   Build using "C:/Xilinx/Vivado/2019.1/msys64/mingw64/bin/g++"
   Compiling demo_find_tb.cpp_pre.cpp.tb.cpp
   Compiling apatb_demo_find.cpp
   Compiling demo_find.cpp_pre.cpp.tb.cpp
   Generating cosim.tv.exe
INFO: [COSIM-302] Starting C TB testing ... 
INFO: [COSIM-333] Generating C post check test bench ...
INFO: [COSIM-12] Generating RTL test bench ...
INFO: [COSIM-1] *** C/RTL co-simulation file generation completed. ***
INFO: [COSIM-323] Starting verilog simulation. 
INFO: [COSIM-15] Starting XSIM ...
INFO: [COSIM-316] Starting C post checking ...
No Error!

D:\Sem_6\AELD\Labs\Lab_6_HLS\solution1\sim\verilog>set PATH= 

D:\Sem_6\AELD\Labs\Lab_6_HLS\solution1\sim\verilog>call C:/Xilinx/Vivado/2019.1/bin/xelab xil_defaultlib.apatb_demo_find_top glbl -prj demo_find.prj -L smartconnect_v1_0 -L axi_protocol_checker_v1_1_12 -L axi_protocol_checker_v1_1_13 -L axis_protocol_checker_v1_1_11 -L axis_protocol_checker_v1_1_12 -L xil_defaultlib -L unisims_ver -L xpm --initfile "C:/Xilinx/Vivado/2019.1/data/xsim/ip/xsim_ip.ini" --lib "ieee_proposed=./ieee_proposed" -s demo_find -debug wave 
INFO: [XSIM 43-3496] Using init file passed via -initfile option "C:/Xilinx/Vivado/2019.1/data/xsim/ip/xsim_ip.ini".
Vivado Simulator 2019.1
Copyright 1986-1999, 2001-2019 Xilinx, Inc. All Rights Reserved.
Running: C:/Xilinx/Vivado/2019.1/bin/unwrapped/win64.o/xelab.exe xil_defaultlib.apatb_demo_find_top glbl -prj demo_find.prj -L smartconnect_v1_0 -L axi_protocol_checker_v1_1_12 -L axi_protocol_checker_v1_1_13 -L axis_protocol_checker_v1_1_11 -L axis_protocol_checker_v1_1_12 -L xil_defaultlib -L unisims_ver -L xpm --initfile C:/Xilinx/Vivado/2019.1/data/xsim/ip/xsim_ip.ini --lib ieee_proposed=./ieee_proposed -s demo_find -debug wave 
Multi-threading is on. Using 22 slave threads.
INFO: [VRFC 10-2263] Analyzing SystemVerilog file "D:/Sem_6/AELD/Labs/Lab_6_HLS/solution1/sim/verilog/glbl.v" into library work
INFO: [VRFC 10-311] analyzing module glbl
INFO: [VRFC 10-2263] Analyzing SystemVerilog file "D:/Sem_6/AELD/Labs/Lab_6_HLS/solution1/sim/verilog/AESL_axi_s_in_vec.v" into library xil_defaultlib
INFO: [VRFC 10-311] analyzing module AESL_axi_s_in_vec
INFO: [VRFC 10-2263] Analyzing SystemVerilog file "D:/Sem_6/AELD/Labs/Lab_6_HLS/solution1/sim/verilog/AESL_axi_s_out_vec.v" into library xil_defaultlib
INFO: [VRFC 10-311] analyzing module AESL_axi_s_out_vec
INFO: [VRFC 10-2263] Analyzing SystemVerilog file "D:/Sem_6/AELD/Labs/Lab_6_HLS/solution1/sim/verilog/AESL_axi_s_val_r.v" into library xil_defaultlib
INFO: [VRFC 10-311] analyzing module AESL_axi_s_val_r
INFO: [VRFC 10-2263] Analyzing SystemVerilog file "D:/Sem_6/AELD/Labs/Lab_6_HLS/solution1/sim/verilog/AESL_fifo.v" into library xil_defaultlib
INFO: [VRFC 10-311] analyzing module fifo
INFO: [VRFC 10-2263] Analyzing SystemVerilog file "D:/Sem_6/AELD/Labs/Lab_6_HLS/solution1/sim/verilog/demo_find.autotb.v" into library xil_defaultlib
INFO: [VRFC 10-311] analyzing module apatb_demo_find_top
INFO: [VRFC 10-2263] Analyzing SystemVerilog file "D:/Sem_6/AELD/Labs/Lab_6_HLS/solution1/sim/verilog/demo_find.v" into library xil_defaultlib
INFO: [VRFC 10-311] analyzing module demo_find
Starting static elaboration
Completed static elaboration
Starting simulation data flow analysis
Completed simulation data flow analysis
Time Resolution for simulation is 1ps
Compiling module xil_defaultlib.demo_find
Compiling module xil_defaultlib.fifo(DEPTH=1)
Compiling module xil_defaultlib.AESL_axi_s_val_r
Compiling module xil_defaultlib.fifo(DEPTH=32,WIDTH=32)
Compiling module xil_defaultlib.fifo(DEPTH=32,WIDTH=1)
Compiling module xil_defaultlib.AESL_axi_s_in_vec
Compiling module xil_defaultlib.AESL_axi_s_out_vec
Compiling module xil_defaultlib.apatb_demo_find_top
Compiling module work.glbl
Built simulation snapshot demo_find

****** Webtalk v2019.1 (64-bit)
  **** SW Build 2552052 on Fri May 24 14:49:42 MDT 2019
  **** IP Build 2548770 on Fri May 24 18:01:18 MDT 2019
    ** Copyright 1986-2019 Xilinx, Inc. All Rights Reserved.

source D:/Sem_6/AELD/Labs/Lab_6_HLS/solution1/sim/verilog/xsim.dir/demo_find/webtalk/xsim_webtalk.tcl -notrace
INFO: [Common 17-206] Exiting Webtalk at Tue Mar 25 13:08:41 2025...

****** xsim v2019.1 (64-bit)
  **** SW Build 2552052 on Fri May 24 14:49:42 MDT 2019
  **** IP Build 2548770 on Fri May 24 18:01:18 MDT 2019
    ** Copyright 1986-2019 Xilinx, Inc. All Rights Reserved.

source xsim.dir/demo_find/xsim_script.tcl
# xsim {demo_find} -autoloadwcfg -tclbatch {demo_find.tcl}
Vivado Simulator 2019.1
Time resolution is 1 ps
source demo_find.tcl
## log_wave -r /
WARNING: [Simtcl 6-197] One or more HDL objects could not be logged because of object type or size limitations.  To see details please rerun the command with -verbose (-v).
## set designtopgroup [add_wave_group "Design Top Signals"]
## set coutputgroup [add_wave_group "C Outputs" -into $designtopgroup]
## set out_vec_group [add_wave_group out_vec(axis) -into $coutputgroup]
## add_wave /apatb_demo_find_top/AESL_inst_demo_find/out_vec_TLAST -into $out_vec_group -color #ffff00 -radix hex
## add_wave /apatb_demo_find_top/AESL_inst_demo_find/out_vec_TREADY -into $out_vec_group -color #ffff00 -radix hex
## add_wave /apatb_demo_find_top/AESL_inst_demo_find/out_vec_TVALID -into $out_vec_group -color #ffff00 -radix hex
## add_wave /apatb_demo_find_top/AESL_inst_demo_find/out_vec_TDATA -into $out_vec_group -radix hex
## set cinputgroup [add_wave_group "C Inputs" -into $designtopgroup]
## set in_vec_group [add_wave_group in_vec(axis) -into $cinputgroup]
## add_wave /apatb_demo_find_top/AESL_inst_demo_find/in_vec_TLAST -into $in_vec_group -color #ffff00 -radix hex
## add_wave /apatb_demo_find_top/AESL_inst_demo_find/in_vec_TREADY -into $in_vec_group -color #ffff00 -radix hex
## add_wave /apatb_demo_find_top/AESL_inst_demo_find/in_vec_TVALID -into $in_vec_group -color #ffff00 -radix hex
## add_wave /apatb_demo_find_top/AESL_inst_demo_find/in_vec_TDATA -into $in_vec_group -radix hex
## set val_group [add_wave_group val(axis) -into $cinputgroup]
## add_wave /apatb_demo_find_top/AESL_inst_demo_find/val_r_TREADY -into $val_group -color #ffff00 -radix hex
## add_wave /apatb_demo_find_top/AESL_inst_demo_find/val_r_TVALID -into $val_group -color #ffff00 -radix hex
## add_wave /apatb_demo_find_top/AESL_inst_demo_find/val_r_TDATA -into $val_group -radix hex
## set resetgroup [add_wave_group "Reset" -into $designtopgroup]
## add_wave /apatb_demo_find_top/AESL_inst_demo_find/ap_rst_n -into $resetgroup
## set clockgroup [add_wave_group "Clock" -into $designtopgroup]
## add_wave /apatb_demo_find_top/AESL_inst_demo_find/ap_clk -into $clockgroup
## set testbenchgroup [add_wave_group "Test Bench Signals"]
## set tbinternalsiggroup [add_wave_group "Internal Signals" -into $testbenchgroup]
## set tb_simstatus_group [add_wave_group "Simulation Status" -into $tbinternalsiggroup]
## set tb_portdepth_group [add_wave_group "Port Depth" -into $tbinternalsiggroup]
## add_wave /apatb_demo_find_top/AUTOTB_TRANSACTION_NUM -into $tb_simstatus_group -radix hex
## add_wave /apatb_demo_find_top/ready_cnt -into $tb_simstatus_group -radix hex
## add_wave /apatb_demo_find_top/done_cnt -into $tb_simstatus_group -radix hex
## add_wave /apatb_demo_find_top/ap_c_n_tvin_trans_num_val_r -into $tb_simstatus_group -radix hex
## add_wave /apatb_demo_find_top/ap_c_n_tvin_trans_num_in_vec_V_data_V -into $tb_simstatus_group -radix hex
## add_wave /apatb_demo_find_top/ap_c_n_tvin_trans_num_in_vec_V_last_V -into $tb_simstatus_group -radix hex
## add_wave /apatb_demo_find_top/ap_c_n_tvout_trans_num_out_vec_V_data_V -into $tb_simstatus_group -radix hex
## add_wave /apatb_demo_find_top/ap_c_n_tvout_trans_num_out_vec_V_last_V -into $tb_simstatus_group -radix hex
## add_wave /apatb_demo_find_top/LENGTH_val_r -into $tb_portdepth_group -radix hex
## add_wave /apatb_demo_find_top/LENGTH_in_vec_V_data_V -into $tb_portdepth_group -radix hex
## add_wave /apatb_demo_find_top/LENGTH_in_vec_V_last_V -into $tb_portdepth_group -radix hex
## add_wave /apatb_demo_find_top/LENGTH_out_vec_V_data_V -into $tb_portdepth_group -radix hex
## add_wave /apatb_demo_find_top/LENGTH_out_vec_V_last_V -into $tb_portdepth_group -radix hex
## set tbcoutputgroup [add_wave_group "C Outputs" -into $testbenchgroup]
## set tb_out_vec_group [add_wave_group out_vec(axis) -into $tbcoutputgroup]
## add_wave /apatb_demo_find_top/out_vec_TLAST -into $tb_out_vec_group -color #ffff00 -radix hex
## add_wave /apatb_demo_find_top/out_vec_TREADY -into $tb_out_vec_group -color #ffff00 -radix hex
## add_wave /apatb_demo_find_top/out_vec_TVALID -into $tb_out_vec_group -color #ffff00 -radix hex
## add_wave /apatb_demo_find_top/out_vec_TDATA -into $tb_out_vec_group -radix hex
## set tbcinputgroup [add_wave_group "C Inputs" -into $testbenchgroup]
## set tb_in_vec_group [add_wave_group in_vec(axis) -into $tbcinputgroup]
## add_wave /apatb_demo_find_top/in_vec_TLAST -into $tb_in_vec_group -color #ffff00 -radix hex
## add_wave /apatb_demo_find_top/in_vec_TREADY -into $tb_in_vec_group -color #ffff00 -radix hex
## add_wave /apatb_demo_find_top/in_vec_TVALID -into $tb_in_vec_group -color #ffff00 -radix hex
## add_wave /apatb_demo_find_top/in_vec_TDATA -into $tb_in_vec_group -radix hex
## set tb_val_group [add_wave_group val(axis) -into $tbcinputgroup]
## add_wave /apatb_demo_find_top/val_r_TREADY -into $tb_val_group -color #ffff00 -radix hex
## add_wave /apatb_demo_find_top/val_r_TVALID -into $tb_val_group -color #ffff00 -radix hex
## add_wave /apatb_demo_find_top/val_r_TDATA -into $tb_val_group -radix hex
## save_wave_config demo_find.wcfg
## run all
////////////////////////////////////////////////////////////////////////////////////
// Inter-Transaction Progress: Completed Transaction / Total Transaction
// Intra-Transaction Progress: Measured Latency / Latency Estimation * 100%
//
// RTL Simulation : "Inter-Transaction Progress" ["Intra-Transaction Progress"] @ "Simulation Time"
////////////////////////////////////////////////////////////////////////////////////
// RTL Simulation : 0 / 1 [0.00%] @ "125000"
// RTL Simulation : 1 / 1 [100.00%] @ "795000"
////////////////////////////////////////////////////////////////////////////////////
$finish called at time : 835 ns : File "D:/Sem_6/AELD/Labs/Lab_6_HLS/solution1/sim/verilog/demo_find.autotb.v" Line 248
## quit
INFO: [Common 17-206] Exiting xsim at Tue Mar 25 13:08:51 2025...
No Error!
INFO: [COSIM-1000] *** C/RTL co-simulation finished: PASS ***
INFO: [COSIM-211] II is measurable only when transaction number is greater than 1 in RTL simulation. Otherwise, they will be marked as all NA. If user wants to calculate them, please make sure there are at least 2 transactions in RTL simulation.
