==============================================================
Vivado(TM) HLS - High-Level Synthesis from C, C++ and SystemC v2019.1 (64-bit)
Copyright 1986-2019 Xilinx, Inc. All Rights Reserved.
==============================================================
INFO: [SYN 201-201] Setting up clock 'default' with a period of 10ns.
INFO: [HLS 200-10] Setting target device to 'xc7z020-clg484-1'
INFO: [SIM 211-2] *************** CSIM start ***************
INFO: [SIM 211-4] CSIM will launch GCC as the compiler.
INFO: [SIM 211-1] CSim done with 0 errors.
INFO: [SIM 211-3] *************** CSIM finish ***************
==============================================================
Vivado(TM) HLS - High-Level Synthesis from C, C++ and SystemC v2019.1 (64-bit)
Copyright 1986-2019 Xilinx, Inc. All Rights Reserved.
==============================================================
INFO: [SYN 201-201] Setting up clock 'default' with a period of 10ns.
INFO: [HLS 200-10] Setting target device to 'xc7z020-clg484-1'
INFO: [SYN 201-201] Setting up clock 'default' with a period of 10ns.
INFO: [SCHED 204-61] Option 'relax_ii_for_timing' is enabled, will increase II to preserve clock frequency constraints.
INFO: [HLS 200-10] Analyzing design file 'Lab_7_MM_HLS/matrixmul.cpp' ... 
INFO: [HLS 200-111] Finished Linking Time (s): cpu = 00:00:01 ; elapsed = 00:00:06 . Memory (MB): peak = 184.891 ; gain = 88.469
INFO: [HLS 200-111] Finished Checking Pragmas Time (s): cpu = 00:00:01 ; elapsed = 00:00:06 . Memory (MB): peak = 184.891 ; gain = 88.469
INFO: [HLS 200-10] Starting code transformations ...
ERROR: [SYNCHK 200-79] Cannot find the top function 'matrixmul_2' in the design. Possible causes are: (1) the top function name is misspelled; (2) the top function is nonexistent or declared as static.
ERROR: [HLS 200-70] Synthesizability check failed.
==============================================================
Vivado(TM) HLS - High-Level Synthesis from C, C++ and SystemC v2019.1 (64-bit)
Copyright 1986-2019 Xilinx, Inc. All Rights Reserved.
==============================================================
INFO: [SYN 201-201] Setting up clock 'default' with a period of 10ns.
INFO: [HLS 200-10] Setting target device to 'xc7z020-clg484-1'
INFO: [SCHED 204-61] Option 'relax_ii_for_timing' is enabled, will increase II to preserve clock frequency constraints.
INFO: [HLS 200-10] Analyzing design file 'Lab_7_MM_HLS/matrixmul.cpp' ... 
INFO: [HLS 200-111] Finished Linking Time (s): cpu = 00:00:01 ; elapsed = 00:00:06 . Memory (MB): peak = 184.453 ; gain = 93.438
INFO: [HLS 200-111] Finished Checking Pragmas Time (s): cpu = 00:00:01 ; elapsed = 00:00:06 . Memory (MB): peak = 184.453 ; gain = 93.438
INFO: [HLS 200-10] Starting code transformations ...
ERROR: [SYNCHK 200-79] Cannot find the top function 'matrixmul_2' in the design. Possible causes are: (1) the top function name is misspelled; (2) the top function is nonexistent or declared as static.
ERROR: [HLS 200-70] Synthesizability check failed.
==============================================================
Vivado(TM) HLS - High-Level Synthesis from C, C++ and SystemC v2019.1 (64-bit)
Copyright 1986-2019 Xilinx, Inc. All Rights Reserved.
==============================================================
INFO: [SYN 201-201] Setting up clock 'default' with a period of 10ns.
INFO: [HLS 200-10] Setting target device to 'xc7z020-clg484-1'
INFO: [SCHED 204-61] Option 'relax_ii_for_timing' is enabled, will increase II to preserve clock frequency constraints.
INFO: [HLS 200-10] Analyzing design file 'Lab_7_MM_HLS/matrixmul.cpp' ... 
INFO: [HLS 200-111] Finished Linking Time (s): cpu = 00:00:01 ; elapsed = 00:00:06 . Memory (MB): peak = 184.641 ; gain = 94.145
INFO: [HLS 200-111] Finished Checking Pragmas Time (s): cpu = 00:00:01 ; elapsed = 00:00:06 . Memory (MB): peak = 184.641 ; gain = 94.145
INFO: [HLS 200-10] Starting code transformations ...
INFO: [HLS 200-111] Finished Standard Transforms Time (s): cpu = 00:00:01 ; elapsed = 00:00:06 . Memory (MB): peak = 184.641 ; gain = 94.145
INFO: [HLS 200-10] Checking synthesizability ...
INFO: [HLS 200-111] Finished Checking Synthesizability Time (s): cpu = 00:00:01 ; elapsed = 00:00:06 . Memory (MB): peak = 184.641 ; gain = 94.145
INFO: [HLS 200-111] Finished Pre-synthesis Time (s): cpu = 00:00:01 ; elapsed = 00:00:06 . Memory (MB): peak = 184.641 ; gain = 94.145
INFO: [XFORM 203-541] Flattening a loop nest 'loop_input_A1' (Lab_7_MM_HLS/matrixmul.cpp:78:3) in function 'matrixmul_2'.
INFO: [XFORM 203-541] Flattening a loop nest 'loop_input_B1' (Lab_7_MM_HLS/matrixmul.cpp:88:3) in function 'matrixmul_2'.
INFO: [XFORM 203-541] Flattening a loop nest 'loop2' (Lab_7_MM_HLS/matrixmul.cpp:99:33) in function 'matrixmul_2'.
INFO: [XFORM 203-541] Flattening a loop nest 'loop1' (Lab_7_MM_HLS/matrixmul.cpp:98:33) in function 'matrixmul_2'.
INFO: [XFORM 203-541] Flattening a loop nest 'loop_output_C1' (Lab_7_MM_HLS/matrixmul.cpp:110:41) in function 'matrixmul_2'.
INFO: [HLS 200-111] Finished Architecture Synthesis Time (s): cpu = 00:00:01 ; elapsed = 00:00:07 . Memory (MB): peak = 184.641 ; gain = 94.145
INFO: [HLS 200-10] Starting hardware synthesis ...
INFO: [HLS 200-10] Synthesizing 'matrixmul_2' ...
INFO: [HLS 200-10] ----------------------------------------------------------------
INFO: [HLS 200-42] -- Implementing module 'matrixmul_2' 
INFO: [HLS 200-10] ----------------------------------------------------------------
INFO: [SCHED 204-11] Starting scheduling ...
INFO: [SCHED 204-61] Pipelining loop 'loop_input_A1_loop_input_A2'.
INFO: [SCHED 204-61] Pipelining result : Target II = 1, Final II = 1, Depth = 1.
INFO: [SCHED 204-61] Pipelining loop 'loop_input_B1_loop_input_B2'.
INFO: [SCHED 204-61] Pipelining result : Target II = 1, Final II = 1, Depth = 1.
INFO: [SCHED 204-61] Pipelining loop 'loop1_loop2_loop3'.
WARNING: [SCHED 204-68] The II Violation in module 'matrixmul_2' (Loop: loop1_loop2_loop3): Unable to enforce a carried dependence constraint (II = 1, distance = 1, offset = 1)
   between 'fadd' operation ('res', Lab_7_MM_HLS/matrixmul.cpp:103) and 'select' operation ('select_ln103_3', Lab_7_MM_HLS/matrixmul.cpp:103).
WARNING: [SCHED 204-68] The II Violation in module 'matrixmul_2' (Loop: loop1_loop2_loop3): Unable to enforce a carried dependence constraint (II = 2, distance = 1, offset = 1)
   between 'fadd' operation ('res', Lab_7_MM_HLS/matrixmul.cpp:103) and 'select' operation ('select_ln103_3', Lab_7_MM_HLS/matrixmul.cpp:103).
WARNING: [SCHED 204-68] The II Violation in module 'matrixmul_2' (Loop: loop1_loop2_loop3): Unable to enforce a carried dependence constraint (II = 3, distance = 1, offset = 1)
   between 'fadd' operation ('res', Lab_7_MM_HLS/matrixmul.cpp:103) and 'select' operation ('select_ln103_3', Lab_7_MM_HLS/matrixmul.cpp:103).
WARNING: [SCHED 204-68] The II Violation in module 'matrixmul_2' (Loop: loop1_loop2_loop3): Unable to enforce a carried dependence constraint (II = 4, distance = 1, offset = 1)
   between 'fadd' operation ('res', Lab_7_MM_HLS/matrixmul.cpp:103) and 'select' operation ('select_ln103_3', Lab_7_MM_HLS/matrixmul.cpp:103).
INFO: [SCHED 204-61] Pipelining result : Target II = 1, Final II = 5, Depth = 13.
INFO: [SCHED 204-61] Pipelining loop 'loop_output_C1_loop_output_C2'.
INFO: [SCHED 204-61] Pipelining result : Target II = 1, Final II = 1, Depth = 3.
INFO: [SCHED 204-11] Finished scheduling.
INFO: [HLS 200-111]  Elapsed time: 6.871 seconds; current allocated memory: 104.027 MB.
INFO: [BIND 205-100] Starting micro-architecture generation ...
INFO: [BIND 205-101] Performing variable lifetime analysis.
INFO: [BIND 205-101] Exploring resource sharing.
INFO: [BIND 205-101] Binding ...
INFO: [BIND 205-100] Finished micro-architecture generation.
INFO: [HLS 200-111]  Elapsed time: 0.104 seconds; current allocated memory: 104.606 MB.
INFO: [HLS 200-10] ----------------------------------------------------------------
INFO: [HLS 200-10] -- Generating RTL for module 'matrixmul_2' 
INFO: [HLS 200-10] ----------------------------------------------------------------
INFO: [RTGEN 206-500] Setting interface mode on port 'matrixmul_2/in_A_V_data' to 'axis' (register, both mode).
INFO: [RTGEN 206-500] Setting interface mode on port 'matrixmul_2/in_A_V_last_V' to 'axis' (register, both mode).
INFO: [RTGEN 206-500] Setting interface mode on port 'matrixmul_2/out_C_V_data' to 'axis' (register, both mode).
INFO: [RTGEN 206-500] Setting interface mode on port 'matrixmul_2/out_C_V_last_V' to 'axis' (register, both mode).
INFO: [RTGEN 206-500] Setting interface mode on function 'matrixmul_2' to 'ap_ctrl_none'.
INFO: [SYN 201-210] Renamed object name 'matrixmul_2_output_C' to 'matrixmul_2_outpubkb' due to the length limit 20
INFO: [SYN 201-210] Renamed object name 'matrixmul_2_fadd_32ns_32ns_32_5_full_dsp_1' to 'matrixmul_2_fadd_cud' due to the length limit 20
INFO: [SYN 201-210] Renamed object name 'matrixmul_2_fmul_32ns_32ns_32_4_max_dsp_1' to 'matrixmul_2_fmul_dEe' due to the length limit 20
INFO: [RTGEN 206-100] Generating core module 'matrixmul_2_fadd_cud': 1 instance(s).
INFO: [RTGEN 206-100] Generating core module 'matrixmul_2_fmul_dEe': 1 instance(s).
INFO: [RTGEN 206-100] Finished creating RTL model for 'matrixmul_2'.
INFO: [HLS 200-111]  Elapsed time: 0.275 seconds; current allocated memory: 105.992 MB.
INFO: [RTMG 210-278] Implementing memory 'matrixmul_2_input_A_ram (RAM)' using block RAMs.
INFO: [HLS 200-111] Finished generating all RTL models Time (s): cpu = 00:00:02 ; elapsed = 00:00:08 . Memory (MB): peak = 184.641 ; gain = 94.145
INFO: [VHDL 208-304] Generating VHDL RTL for matrixmul_2.
INFO: [VLOG 209-307] Generating Verilog RTL for matrixmul_2.
INFO: [HLS 200-112] Total elapsed time: 8.371 seconds; peak allocated memory: 105.992 MB.
==============================================================
Vivado(TM) HLS - High-Level Synthesis from C, C++ and SystemC v2019.1 (64-bit)
Copyright 1986-2019 Xilinx, Inc. All Rights Reserved.
==============================================================
==============================================================
Vivado(TM) HLS - High-Level Synthesis from C, C++ and SystemC v2019.1 (64-bit)
Copyright 1986-2019 Xilinx, Inc. All Rights Reserved.
==============================================================
INFO: [SYN 201-201] Setting up clock 'default' with a period of 10ns.
INFO: [HLS 200-10] Setting target device to 'xc7z020-clg484-1'
INFO: [SIM 211-2] *************** CSIM start ***************
INFO: [SIM 211-4] CSIM will launch GCC as the compiler.
INFO: [SIM 211-1] CSim done with 0 errors.
INFO: [SIM 211-3] *************** CSIM finish ***************
==============================================================
Vivado(TM) HLS - High-Level Synthesis from C, C++ and SystemC v2019.1 (64-bit)
Copyright 1986-2019 Xilinx, Inc. All Rights Reserved.
==============================================================
INFO: [SYN 201-201] Setting up clock 'default' with a period of 10ns.
INFO: [HLS 200-10] Setting target device to 'xc7z020-clg484-1'
INFO: [SYN 201-201] Setting up clock 'default' with a period of 10ns.
INFO: [SCHED 204-61] Option 'relax_ii_for_timing' is enabled, will increase II to preserve clock frequency constraints.
INFO: [HLS 200-10] Analyzing design file 'Lab_7_MM_HLS/matrixmul.cpp' ... 
INFO: [HLS 200-111] Finished Linking Time (s): cpu = 00:00:01 ; elapsed = 00:00:05 . Memory (MB): peak = 184.430 ; gain = 92.703
INFO: [HLS 200-111] Finished Checking Pragmas Time (s): cpu = 00:00:01 ; elapsed = 00:00:05 . Memory (MB): peak = 184.430 ; gain = 92.703
INFO: [HLS 200-10] Starting code transformations ...
INFO: [HLS 200-111] Finished Standard Transforms Time (s): cpu = 00:00:01 ; elapsed = 00:00:06 . Memory (MB): peak = 184.430 ; gain = 92.703
INFO: [HLS 200-10] Checking synthesizability ...
INFO: [HLS 200-111] Finished Checking Synthesizability Time (s): cpu = 00:00:01 ; elapsed = 00:00:06 . Memory (MB): peak = 184.430 ; gain = 92.703
INFO: [HLS 200-111] Finished Pre-synthesis Time (s): cpu = 00:00:01 ; elapsed = 00:00:06 . Memory (MB): peak = 184.430 ; gain = 92.703
INFO: [XFORM 203-541] Flattening a loop nest 'loop_input_A1' (Lab_7_MM_HLS/matrixmul.cpp:78:3) in function 'matrixmul_2'.
INFO: [XFORM 203-541] Flattening a loop nest 'loop_input_B1' (Lab_7_MM_HLS/matrixmul.cpp:88:3) in function 'matrixmul_2'.
INFO: [XFORM 203-541] Flattening a loop nest 'loop2' (Lab_7_MM_HLS/matrixmul.cpp:99:33) in function 'matrixmul_2'.
INFO: [XFORM 203-541] Flattening a loop nest 'loop1' (Lab_7_MM_HLS/matrixmul.cpp:98:33) in function 'matrixmul_2'.
INFO: [XFORM 203-541] Flattening a loop nest 'loop_output_C1' (Lab_7_MM_HLS/matrixmul.cpp:110:41) in function 'matrixmul_2'.
INFO: [HLS 200-111] Finished Architecture Synthesis Time (s): cpu = 00:00:02 ; elapsed = 00:00:06 . Memory (MB): peak = 184.430 ; gain = 92.703
INFO: [HLS 200-10] Starting hardware synthesis ...
INFO: [HLS 200-10] Synthesizing 'matrixmul_2' ...
INFO: [HLS 200-10] ----------------------------------------------------------------
INFO: [HLS 200-42] -- Implementing module 'matrixmul_2' 
INFO: [HLS 200-10] ----------------------------------------------------------------
INFO: [SCHED 204-11] Starting scheduling ...
INFO: [SCHED 204-61] Pipelining loop 'loop_input_A1_loop_input_A2'.
INFO: [SCHED 204-61] Pipelining result : Target II = 1, Final II = 1, Depth = 1.
INFO: [SCHED 204-61] Pipelining loop 'loop_input_B1_loop_input_B2'.
INFO: [SCHED 204-61] Pipelining result : Target II = 1, Final II = 1, Depth = 1.
INFO: [SCHED 204-61] Pipelining loop 'loop1_loop2_loop3'.
WARNING: [SCHED 204-68] The II Violation in module 'matrixmul_2' (Loop: loop1_loop2_loop3): Unable to enforce a carried dependence constraint (II = 1, distance = 1, offset = 1)
   between 'fadd' operation ('res', Lab_7_MM_HLS/matrixmul.cpp:103) and 'select' operation ('select_ln103_3', Lab_7_MM_HLS/matrixmul.cpp:103).
WARNING: [SCHED 204-68] The II Violation in module 'matrixmul_2' (Loop: loop1_loop2_loop3): Unable to enforce a carried dependence constraint (II = 2, distance = 1, offset = 1)
   between 'fadd' operation ('res', Lab_7_MM_HLS/matrixmul.cpp:103) and 'select' operation ('select_ln103_3', Lab_7_MM_HLS/matrixmul.cpp:103).
WARNING: [SCHED 204-68] The II Violation in module 'matrixmul_2' (Loop: loop1_loop2_loop3): Unable to enforce a carried dependence constraint (II = 3, distance = 1, offset = 1)
   between 'fadd' operation ('res', Lab_7_MM_HLS/matrixmul.cpp:103) and 'select' operation ('select_ln103_3', Lab_7_MM_HLS/matrixmul.cpp:103).
WARNING: [SCHED 204-68] The II Violation in module 'matrixmul_2' (Loop: loop1_loop2_loop3): Unable to enforce a carried dependence constraint (II = 4, distance = 1, offset = 1)
   between 'fadd' operation ('res', Lab_7_MM_HLS/matrixmul.cpp:103) and 'select' operation ('select_ln103_3', Lab_7_MM_HLS/matrixmul.cpp:103).
INFO: [SCHED 204-61] Pipelining result : Target II = 1, Final II = 5, Depth = 13.
INFO: [SCHED 204-61] Pipelining loop 'loop_output_C1_loop_output_C2'.
INFO: [SCHED 204-61] Pipelining result : Target II = 1, Final II = 1, Depth = 3.
INFO: [SCHED 204-11] Finished scheduling.
INFO: [HLS 200-111]  Elapsed time: 6.676 seconds; current allocated memory: 103.990 MB.
INFO: [BIND 205-100] Starting micro-architecture generation ...
INFO: [BIND 205-101] Performing variable lifetime analysis.
INFO: [BIND 205-101] Exploring resource sharing.
INFO: [BIND 205-101] Binding ...
INFO: [BIND 205-100] Finished micro-architecture generation.
INFO: [HLS 200-111]  Elapsed time: 0.113 seconds; current allocated memory: 104.585 MB.
INFO: [HLS 200-10] ----------------------------------------------------------------
INFO: [HLS 200-10] -- Generating RTL for module 'matrixmul_2' 
INFO: [HLS 200-10] ----------------------------------------------------------------
INFO: [RTGEN 206-500] Setting interface mode on port 'matrixmul_2/in_A_V_data' to 'axis' (register, both mode).
INFO: [RTGEN 206-500] Setting interface mode on port 'matrixmul_2/in_A_V_last_V' to 'axis' (register, both mode).
INFO: [RTGEN 206-500] Setting interface mode on port 'matrixmul_2/out_C_V_data' to 'axis' (register, both mode).
INFO: [RTGEN 206-500] Setting interface mode on port 'matrixmul_2/out_C_V_last_V' to 'axis' (register, both mode).
INFO: [RTGEN 206-500] Setting interface mode on function 'matrixmul_2' to 'ap_ctrl_none'.
INFO: [SYN 201-210] Renamed object name 'matrixmul_2_output_C' to 'matrixmul_2_outpubkb' due to the length limit 20
INFO: [SYN 201-210] Renamed object name 'matrixmul_2_fadd_32ns_32ns_32_5_full_dsp_1' to 'matrixmul_2_fadd_cud' due to the length limit 20
INFO: [SYN 201-210] Renamed object name 'matrixmul_2_fmul_32ns_32ns_32_4_max_dsp_1' to 'matrixmul_2_fmul_dEe' due to the length limit 20
INFO: [RTGEN 206-100] Generating core module 'matrixmul_2_fadd_cud': 1 instance(s).
INFO: [RTGEN 206-100] Generating core module 'matrixmul_2_fmul_dEe': 1 instance(s).
INFO: [RTGEN 206-100] Finished creating RTL model for 'matrixmul_2'.
INFO: [HLS 200-111]  Elapsed time: 0.252 seconds; current allocated memory: 105.987 MB.
INFO: [RTMG 210-278] Implementing memory 'matrixmul_2_input_A_ram (RAM)' using block RAMs.
INFO: [HLS 200-111] Finished generating all RTL models Time (s): cpu = 00:00:02 ; elapsed = 00:00:08 . Memory (MB): peak = 184.430 ; gain = 92.703
INFO: [VHDL 208-304] Generating VHDL RTL for matrixmul_2.
INFO: [VLOG 209-307] Generating Verilog RTL for matrixmul_2.
INFO: [HLS 200-112] Total elapsed time: 8.041 seconds; peak allocated memory: 105.987 MB.
==============================================================
Vivado(TM) HLS - High-Level Synthesis from C, C++ and SystemC v2019.1 (64-bit)
Copyright 1986-2019 Xilinx, Inc. All Rights Reserved.
==============================================================
INFO: [SYN 201-201] Setting up clock 'default' with a period of 10ns.
INFO: [HLS 200-10] Setting target device to 'xc7z020-clg484-1'
INFO: [COSIM 212-47] Using XSIM for RTL simulation.
INFO: [COSIM 212-14] Instrumenting C test bench ...
INFO: [COSIM 212-302] Starting C TB testing ... 
INFO: [COSIM 212-333] Generating C post check test bench ...
INFO: [COSIM 212-12] Generating RTL test bench ...
INFO: [COSIM 212-1] *** C/RTL co-simulation file generation completed. ***
INFO: [COSIM 212-323] Starting verilog simulation. 
INFO: [COSIM 212-15] Starting XSIM ...
INFO: [COSIM 212-316] Starting C post checking ...
INFO: [COSIM 212-1000] *** C/RTL co-simulation finished: PASS ***
INFO: [COSIM 212-211] II is measurable only when transaction number is greater than 1 in RTL simulation. Otherwise, they will be marked as all NA. If user wants to calculate them, please make sure there are at least 2 transactions in RTL simulation.
==============================================================
Vivado(TM) HLS - High-Level Synthesis from C, C++ and SystemC v2019.1 (64-bit)
Copyright 1986-2019 Xilinx, Inc. All Rights Reserved.
==============================================================
INFO: [SYN 201-201] Setting up clock 'default' with a period of 10ns.
INFO: [HLS 200-10] Setting target device to 'xc7z020-clg484-1'
INFO: [IMPL 213-8] Exporting RTL as a Vivado IP.
