

================================================================
== Vivado HLS Report for 'matrixmul_1'
================================================================
* Date:           Sat Apr  5 23:29:05 2025

* Version:        2019.1 (Build 2552052 on Fri May 24 15:28:33 MDT 2019)
* Project:        Lab_7_MM_HLS
* Solution:       solution1
* Product family: zynq
* Target device:  xc7z020-clg484-1


================================================================
== Performance Estimates
================================================================
+ Timing (ns): 
    * Summary: 
    +--------+-------+----------+------------+
    |  Clock | Target| Estimated| Uncertainty|
    +--------+-------+----------+------------+
    |ap_clk  |  10.00|     7.256|        1.25|
    +--------+-------+----------+------------+

+ Latency (clock cycles): 
    * Summary: 
    +------+------+------+------+---------+
    |   Latency   |   Interval  | Pipeline|
    |  min |  max |  min |  max |   Type  |
    +------+------+------+------+---------+
    |  6148|  6148|  6148|  6148|   none  |
    +------+------+------+------+---------+

    + Detail: 
        * Instance: 
        N/A

        * Loop: 
        +-------------------+------+------+----------+-----------+-----------+------+----------+
        |                   |   Latency   | Iteration|  Initiation Interval  | Trip |          |
        |     Loop Name     |  min |  max |  Latency |  achieved |   target  | Count| Pipelined|
        +-------------------+------+------+----------+-----------+-----------+------+----------+
        |- loop_input_A1    |    80|    80|        10|          -|          -|     8|    no    |
        | + loop_input_A2   |     8|     8|         1|          -|          -|     8|    no    |
        |- loop_input_B1    |    80|    80|        10|          -|          -|     8|    no    |
        | + loop_input_B2   |     8|     8|         1|          -|          -|     8|    no    |
        |- loop1            |  5776|  5776|       722|          -|          -|     8|    no    |
        | + loop2           |   720|   720|        90|          -|          -|     8|    no    |
        |  ++ loop3         |    88|    88|        11|          -|          -|     8|    no    |
        |- loop_output_C1   |   208|   208|        26|          -|          -|     8|    no    |
        | + loop_output_C2  |    24|    24|         3|          -|          -|     8|    no    |
        +-------------------+------+------+----------+-----------+-----------+------+----------+



================================================================
== Utilization Estimates
================================================================
* Summary: 
+-----------------+---------+-------+--------+-------+-----+
|       Name      | BRAM_18K| DSP48E|   FF   |  LUT  | URAM|
+-----------------+---------+-------+--------+-------+-----+
|DSP              |        -|      -|       -|      -|    -|
|Expression       |        -|      -|       0|    368|    -|
|FIFO             |        -|      -|       -|      -|    -|
|Instance         |        -|      5|     348|    711|    -|
|Memory           |        3|      -|       0|      0|    0|
|Multiplexer      |        -|      -|       -|    349|    -|
|Register         |        -|      -|     386|      -|    -|
+-----------------+---------+-------+--------+-------+-----+
|Total            |        3|      5|     734|   1428|    0|
+-----------------+---------+-------+--------+-------+-----+
|Available        |      280|    220|  106400|  53200|    0|
+-----------------+---------+-------+--------+-------+-----+
|Utilization (%)  |        1|      2|   ~0   |      2|    0|
+-----------------+---------+-------+--------+-------+-----+

+ Detail: 
    * Instance: 
    +-------------------------+----------------------+---------+-------+-----+-----+-----+
    |         Instance        |        Module        | BRAM_18K| DSP48E|  FF | LUT | URAM|
    +-------------------------+----------------------+---------+-------+-----+-----+-----+
    |matrixmul_1_fadd_cud_U1  |matrixmul_1_fadd_cud  |        0|      2|  205|  390|    0|
    |matrixmul_1_fmul_dEe_U2  |matrixmul_1_fmul_dEe  |        0|      3|  143|  321|    0|
    +-------------------------+----------------------+---------+-------+-----+-----+-----+
    |Total                    |                      |        0|      5|  348|  711|    0|
    +-------------------------+----------------------+---------+-------+-----+-----+-----+

    * DSP48E: 
    N/A

    * Memory: 
    +------------+---------------------+---------+---+----+-----+------+-----+------+-------------+
    |   Memory   |        Module       | BRAM_18K| FF| LUT| URAM| Words| Bits| Banks| W*Bits*Banks|
    +------------+---------------------+---------+---+----+-----+------+-----+------+-------------+
    |input_A_U   |matrixmul_1_input_A  |        1|  0|   0|    0|    64|   32|     1|         2048|
    |input_B_U   |matrixmul_1_input_A  |        1|  0|   0|    0|    64|   32|     1|         2048|
    |output_C_U  |matrixmul_1_input_A  |        1|  0|   0|    0|    64|   32|     1|         2048|
    +------------+---------------------+---------+---+----+-----+------+-----+------+-------------+
    |Total       |                     |        3|  0|   0|    0|   192|   96|     3|         6144|
    +------------+---------------------+---------+---+----+-----+------+-----+------+-------------+

    * FIFO: 
    N/A

    * Expression: 
    +---------------------------------+----------+-------+---+----+------------+------------+
    |          Variable Name          | Operation| DSP48E| FF| LUT| Bitwidth P0| Bitwidth P1|
    +---------------------------------+----------+-------+---+----+------------+------------+
    |add_ln23_fu_332_p2               |     +    |      0|  0|  15|           8|           8|
    |add_ln32_fu_382_p2               |     +    |      0|  0|  15|           8|           8|
    |add_ln41_1_fu_480_p2             |     +    |      0|  0|  15|           8|           8|
    |add_ln41_fu_458_p2               |     +    |      0|  0|  15|           8|           8|
    |add_ln43_fu_432_p2               |     +    |      0|  0|  15|           8|           8|
    |add_ln50_fu_536_p2               |     +    |      0|  0|  15|           8|           8|
    |col_4_fu_372_p2                  |     +    |      0|  0|  13|           4|           1|
    |col_5_fu_526_p2                  |     +    |      0|  0|  13|           4|           1|
    |col_6_fu_422_p2                  |     +    |      0|  0|  13|           4|           1|
    |col_fu_322_p2                    |     +    |      0|  0|  13|           4|           1|
    |index_fu_448_p2                  |     +    |      0|  0|  13|           4|           1|
    |row_4_fu_348_p2                  |     +    |      0|  0|  13|           4|           1|
    |row_5_fu_398_p2                  |     +    |      0|  0|  13|           4|           1|
    |row_6_fu_496_p2                  |     +    |      0|  0|  13|           4|           1|
    |row_fu_298_p2                    |     +    |      0|  0|  13|           4|           1|
    |ap_block_state3                  |    and   |      0|  0|   2|           1|           1|
    |ap_block_state5                  |    and   |      0|  0|   2|           1|           1|
    |in_A_V_data_0_load_A             |    and   |      0|  0|   2|           1|           1|
    |in_A_V_data_0_load_B             |    and   |      0|  0|   2|           1|           1|
    |out_C_V_data_1_load_A            |    and   |      0|  0|   2|           1|           1|
    |out_C_V_data_1_load_B            |    and   |      0|  0|   2|           1|           1|
    |out_C_V_last_V_1_load_A          |    and   |      0|  0|   2|           1|           1|
    |out_C_V_last_V_1_load_B          |    and   |      0|  0|   2|           1|           1|
    |tmp_last_V_fu_552_p2             |    and   |      0|  0|   2|           1|           1|
    |icmp_ln18_fu_292_p2              |   icmp   |      0|  0|  11|           4|           5|
    |icmp_ln20_fu_316_p2              |   icmp   |      0|  0|  11|           4|           5|
    |icmp_ln27_fu_342_p2              |   icmp   |      0|  0|  11|           4|           5|
    |icmp_ln29_fu_366_p2              |   icmp   |      0|  0|  11|           4|           5|
    |icmp_ln37_fu_392_p2              |   icmp   |      0|  0|  11|           4|           5|
    |icmp_ln38_fu_416_p2              |   icmp   |      0|  0|  11|           4|           5|
    |icmp_ln40_fu_442_p2              |   icmp   |      0|  0|  11|           4|           5|
    |icmp_ln48_fu_490_p2              |   icmp   |      0|  0|  11|           4|           5|
    |icmp_ln49_fu_520_p2              |   icmp   |      0|  0|  11|           4|           5|
    |icmp_ln52_1_fu_546_p2            |   icmp   |      0|  0|   9|           4|           3|
    |icmp_ln52_fu_514_p2              |   icmp   |      0|  0|   9|           4|           3|
    |in_A_V_data_0_state_cmp_full     |   icmp   |      0|  0|   8|           2|           1|
    |out_C_V_data_1_state_cmp_full    |   icmp   |      0|  0|   8|           2|           1|
    |out_C_V_last_V_1_state_cmp_full  |   icmp   |      0|  0|   8|           2|           1|
    |ap_block_state19                 |    or    |      0|  0|   2|           1|           1|
    +---------------------------------+----------+-------+---+----+------------+------------+
    |Total                            |          |      0|  0| 368|         144|         121|
    +---------------------------------+----------+-------+---+----+------------+------------+

    * Multiplexer: 
    +---------------------------+-----+-----------+-----+-----------+
    |            Name           | LUT | Input Size| Bits| Total Bits|
    +---------------------------+-----+-----------+-----+-----------+
    |ap_NS_fsm                  |  109|         23|    1|         23|
    |col_0_reg_176              |    9|          2|    4|          8|
    |col_1_reg_198              |    9|          2|    4|          8|
    |col_2_reg_220              |    9|          2|    4|          8|
    |col_3_reg_266              |    9|          2|    4|          8|
    |in_A_TDATA_blk_n           |    9|          2|    1|          2|
    |in_A_V_data_0_data_out     |    9|          2|   32|         64|
    |in_A_V_data_0_state        |   15|          3|    2|          6|
    |in_A_V_last_V_0_state      |   15|          3|    2|          6|
    |index_0_reg_231            |    9|          2|    4|          8|
    |input_A_address0           |   15|          3|    6|         18|
    |input_B_address0           |   15|          3|    6|         18|
    |out_C_TDATA_blk_n          |    9|          2|    1|          2|
    |out_C_V_data_1_data_out    |    9|          2|   32|         64|
    |out_C_V_data_1_state       |   15|          3|    2|          6|
    |out_C_V_last_V_1_data_out  |    9|          2|    1|          2|
    |out_C_V_last_V_1_state     |   15|          3|    2|          6|
    |output_C_address0          |   15|          3|    6|         18|
    |res_0_reg_242              |    9|          2|   32|         64|
    |row_0_reg_165              |    9|          2|    4|          8|
    |row_1_reg_187              |    9|          2|    4|          8|
    |row_2_reg_209              |    9|          2|    4|          8|
    |row_3_reg_255              |    9|          2|    4|          8|
    +---------------------------+-----+-----------+-----+-----------+
    |Total                      |  349|         74|  162|        371|
    +---------------------------+-----+-----------+-----+-----------+

    * Register: 
    +----------------------------+----+----+-----+-----------+
    |            Name            | FF | LUT| Bits| Const Bits|
    +----------------------------+----+----+-----+-----------+
    |ap_CS_fsm                   |  22|   0|   22|          0|
    |col_0_reg_176               |   4|   0|    4|          0|
    |col_1_reg_198               |   4|   0|    4|          0|
    |col_2_reg_220               |   4|   0|    4|          0|
    |col_3_reg_266               |   4|   0|    4|          0|
    |col_5_reg_690               |   4|   0|    4|          0|
    |col_6_reg_616               |   4|   0|    4|          0|
    |icmp_ln52_reg_682           |   1|   0|    1|          0|
    |in_A_V_data_0_payload_A     |  32|   0|   32|          0|
    |in_A_V_data_0_payload_B     |  32|   0|   32|          0|
    |in_A_V_data_0_sel_rd        |   1|   0|    1|          0|
    |in_A_V_data_0_sel_wr        |   1|   0|    1|          0|
    |in_A_V_data_0_state         |   2|   0|    2|          0|
    |in_A_V_last_V_0_state       |   2|   0|    2|          0|
    |index_0_reg_231             |   4|   0|    4|          0|
    |index_reg_634               |   4|   0|    4|          0|
    |input_A_load_reg_649        |  32|   0|   32|          0|
    |input_B_load_reg_654        |  32|   0|   32|          0|
    |out_C_V_data_1_payload_A    |  32|   0|   32|          0|
    |out_C_V_data_1_payload_B    |  32|   0|   32|          0|
    |out_C_V_data_1_sel_rd       |   1|   0|    1|          0|
    |out_C_V_data_1_sel_wr       |   1|   0|    1|          0|
    |out_C_V_data_1_state        |   2|   0|    2|          0|
    |out_C_V_last_V_1_payload_A  |   1|   0|    1|          0|
    |out_C_V_last_V_1_payload_B  |   1|   0|    1|          0|
    |out_C_V_last_V_1_sel_rd     |   1|   0|    1|          0|
    |out_C_V_last_V_1_sel_wr     |   1|   0|    1|          0|
    |out_C_V_last_V_1_state      |   2|   0|    2|          0|
    |output_C_addr_1_reg_626     |   6|   0|    6|          0|
    |res_0_reg_242               |  32|   0|   32|          0|
    |row_0_reg_165               |   4|   0|    4|          0|
    |row_1_reg_187               |   4|   0|    4|          0|
    |row_2_reg_209               |   4|   0|    4|          0|
    |row_3_reg_255               |   4|   0|    4|          0|
    |row_4_reg_581               |   4|   0|    4|          0|
    |row_5_reg_602               |   4|   0|    4|          0|
    |row_6_reg_672               |   4|   0|    4|          0|
    |row_reg_560                 |   4|   0|    4|          0|
    |tmp_3_reg_659               |  32|   0|   32|          0|
    |tmp_last_V_reg_700          |   1|   0|    1|          0|
    |zext_ln20_reg_565           |   4|   0|    8|          4|
    |zext_ln29_reg_586           |   4|   0|    8|          4|
    |zext_ln38_reg_607           |   4|   0|    8|          4|
    |zext_ln43_reg_621           |   4|   0|    8|          4|
    |zext_ln52_reg_677           |   4|   0|    8|          4|
    +----------------------------+----+----+-----+-----------+
    |Total                       | 386|   0|  406|         20|
    +----------------------------+----+----+-----+-----------+



================================================================
== Interface
================================================================
* Summary: 
+--------------+-----+-----+--------------+----------------+--------------+
|   RTL Ports  | Dir | Bits|   Protocol   |  Source Object |    C Type    |
+--------------+-----+-----+--------------+----------------+--------------+
|ap_clk        |  in |    1| ap_ctrl_none |   matrixmul_1  | return value |
|ap_rst_n      |  in |    1| ap_ctrl_none |   matrixmul_1  | return value |
|in_A_TDATA    |  in |   32|     axis     |   in_A_V_data  |    pointer   |
|in_A_TVALID   |  in |    1|     axis     |  in_A_V_last_V |    pointer   |
|in_A_TREADY   | out |    1|     axis     |  in_A_V_last_V |    pointer   |
|in_A_TLAST    |  in |    1|     axis     |  in_A_V_last_V |    pointer   |
|out_C_TDATA   | out |   32|     axis     |  out_C_V_data  |    pointer   |
|out_C_TREADY  |  in |    1|     axis     |  out_C_V_data  |    pointer   |
|out_C_TVALID  | out |    1|     axis     | out_C_V_last_V |    pointer   |
|out_C_TLAST   | out |    1|     axis     | out_C_V_last_V |    pointer   |
+--------------+-----+-----+--------------+----------------+--------------+

