19:47:28 INFO  : Registering command handlers for SDK TCF services
19:47:28 INFO  : Launching XSCT server: xsct.bat -interactive D:\Sem_6\AELD\Labs\Lab_6_Vivado\Lab_6_Vivado.sdk\temp_xsdb_launch_script.tcl
19:47:31 INFO  : XSCT server has started successfully.
19:47:31 INFO  : Successfully done setting XSCT server connection channel  
19:47:32 INFO  : Successfully done setting SDK workspace  
19:47:32 INFO  : Processing command line option -hwspec D:/Sem_6/AELD/Labs/Lab_6_Vivado/Lab_6_Vivado.sdk/design_1_wrapper.hdf.
21:10:05 INFO  : Connected through redirection to target on host '192.168.226.142' and port '60386'.
21:10:07 INFO  : Jtag cable 'Digilent Zed 210248A39C95' is selected.
21:10:08 INFO  : 'jtag frequency' command is executed.
21:10:08 INFO  : Sourcing of 'D:/Sem_6/AELD/Labs/Lab_6_Vivado/Lab_6_Vivado.sdk/design_1_wrapper_hw_platform_0/ps7_init.tcl' is done.
21:10:08 INFO  : Context for 'APU' is selected.
21:10:09 INFO  : System reset is completed.
21:10:12 INFO  : 'after 3000' command is executed.
21:10:12 INFO  : 'targets -set -filter {jtag_cable_name =~ "Digilent Zed 210248A39C95" && level==0} -index 1' command is executed.
21:10:20 INFO  : FPGA configured successfully with bitstream "D:/Sem_6/AELD/Labs/Lab_6_Vivado/Lab_6_Vivado.sdk/design_1_wrapper_hw_platform_0/design_1_wrapper.bit"
21:10:21 INFO  : Context for 'APU' is selected.
21:10:21 INFO  : Hardware design information is loaded from 'D:/Sem_6/AELD/Labs/Lab_6_Vivado/Lab_6_Vivado.sdk/design_1_wrapper_hw_platform_0/system.hdf'.
21:10:21 INFO  : 'configparams force-mem-access 1' command is executed.
21:10:21 INFO  : Context for 'APU' is selected.
21:10:36 INFO  : 'ps7_init' command is executed.
21:10:37 INFO  : 'ps7_post_config' command is executed.
21:10:37 INFO  : Context for processor 'ps7_cortexa9_0' is selected.
21:10:38 INFO  : The application 'D:/Sem_6/AELD/Labs/Lab_6_Vivado/Lab_6_Vivado.sdk/Lab_6/Debug/Lab_6.elf' is downloaded to processor 'ps7_cortexa9_0'.
21:10:38 INFO  : 'configparams force-mem-access 0' command is executed.
21:10:38 INFO  : ----------------XSDB Script----------------
connect -path [list tcp::1534 tcp:192.168.226.142:60386]
source D:/Sem_6/AELD/Labs/Lab_6_Vivado/Lab_6_Vivado.sdk/design_1_wrapper_hw_platform_0/ps7_init.tcl
targets -set -nocase -filter {name =~"APU*" && jtag_cable_name =~ "Digilent Zed 210248A39C95"} -index 0
rst -system
after 3000
targets -set -filter {jtag_cable_name =~ "Digilent Zed 210248A39C95" && level==0} -index 1
fpga -file D:/Sem_6/AELD/Labs/Lab_6_Vivado/Lab_6_Vivado.sdk/design_1_wrapper_hw_platform_0/design_1_wrapper.bit
targets -set -nocase -filter {name =~"APU*" && jtag_cable_name =~ "Digilent Zed 210248A39C95"} -index 0
loadhw -hw D:/Sem_6/AELD/Labs/Lab_6_Vivado/Lab_6_Vivado.sdk/design_1_wrapper_hw_platform_0/system.hdf -mem-ranges [list {0x40000000 0xbfffffff}]
configparams force-mem-access 1
targets -set -nocase -filter {name =~"APU*" && jtag_cable_name =~ "Digilent Zed 210248A39C95"} -index 0
ps7_init
ps7_post_config
targets -set -nocase -filter {name =~ "ARM*#0" && jtag_cable_name =~ "Digilent Zed 210248A39C95"} -index 0
dow D:/Sem_6/AELD/Labs/Lab_6_Vivado/Lab_6_Vivado.sdk/Lab_6/Debug/Lab_6.elf
configparams force-mem-access 0
----------------End of Script----------------

21:10:39 INFO  : Memory regions updated for context APU
21:10:39 INFO  : Context for processor 'ps7_cortexa9_0' is selected.
21:10:39 INFO  : 'con' command is executed.
21:10:39 INFO  : ----------------XSDB Script (After Launch)----------------
targets -set -nocase -filter {name =~ "ARM*#0" && jtag_cable_name =~ "Digilent Zed 210248A39C95"} -index 0
con
----------------End of Script----------------

21:10:39 INFO  : Launch script is exported to file 'D:\Sem_6\AELD\Labs\Lab_6_Vivado\Lab_6_Vivado.sdk\.sdk\launch_scripts\xilinx_c-c++_application_(system_debugger)\system_debugger_using_debug_lab_6.elf_on_zed.tcl'
21:15:12 WARN  : channel "tcfchan#1" closed
19:55:36 INFO  : Registering command handlers for SDK TCF services
19:55:37 INFO  : Launching XSCT server: xsct.bat -interactive D:\Sem_6\AELD\Labs\Lab_6_Vivado\Lab_6_Vivado.sdk\temp_xsdb_launch_script.tcl
19:55:39 INFO  : XSCT server has started successfully.
19:55:42 INFO  : Successfully done setting XSCT server connection channel  
19:55:42 INFO  : Successfully done setting SDK workspace  
19:55:42 INFO  : Processing command line option -hwspec D:/Sem_6/AELD/Labs/Lab_6_Vivado/Lab_6_Vivado.sdk/design_1_wrapper.hdf.
19:55:42 INFO  : Checking for hwspec changes in the project design_1_wrapper_hw_platform_0.
20:05:30 INFO  : Refreshed build settings on project Lab_6
20:39:30 INFO  : Connected through redirection to target on host '192.168.226.142' and port '56115'.
20:39:31 INFO  : Jtag cable 'Digilent Zed 210248A39C95' is selected.
20:39:32 INFO  : 'jtag frequency' command is executed.
20:39:32 INFO  : Sourcing of 'D:/Sem_6/AELD/Labs/Lab_6_Vivado/Lab_6_Vivado.sdk/design_1_wrapper_hw_platform_0/ps7_init.tcl' is done.
20:39:32 INFO  : Context for 'APU' is selected.
20:39:34 INFO  : System reset is completed.
20:39:37 INFO  : 'after 3000' command is executed.
20:39:38 INFO  : 'targets -set -filter {jtag_cable_name =~ "Digilent Zed 210248A39C95" && level==0} -index 1' command is executed.
20:39:46 INFO  : FPGA configured successfully with bitstream "D:/Sem_6/AELD/Labs/Lab_6_Vivado/Lab_6_Vivado.sdk/design_1_wrapper_hw_platform_0/design_1_wrapper.bit"
20:39:46 INFO  : Context for 'APU' is selected.
20:39:47 INFO  : Hardware design information is loaded from 'D:/Sem_6/AELD/Labs/Lab_6_Vivado/Lab_6_Vivado.sdk/design_1_wrapper_hw_platform_0/system.hdf'.
20:39:47 INFO  : 'configparams force-mem-access 1' command is executed.
20:39:47 INFO  : Context for 'APU' is selected.
20:40:11 INFO  : 'ps7_init' command is executed.
20:40:12 INFO  : 'ps7_post_config' command is executed.
20:40:12 INFO  : Context for processor 'ps7_cortexa9_0' is selected.
20:40:13 INFO  : The application 'D:/Sem_6/AELD/Labs/Lab_6_Vivado/Lab_6_Vivado.sdk/Lab_6/Debug/Lab_6.elf' is downloaded to processor 'ps7_cortexa9_0'.
20:40:13 INFO  : 'configparams force-mem-access 0' command is executed.
20:40:13 INFO  : ----------------XSDB Script----------------
connect -path [list tcp::1534 tcp:192.168.226.142:56115]
source D:/Sem_6/AELD/Labs/Lab_6_Vivado/Lab_6_Vivado.sdk/design_1_wrapper_hw_platform_0/ps7_init.tcl
targets -set -nocase -filter {name =~"APU*" && jtag_cable_name =~ "Digilent Zed 210248A39C95"} -index 0
rst -system
after 3000
targets -set -filter {jtag_cable_name =~ "Digilent Zed 210248A39C95" && level==0} -index 1
fpga -file D:/Sem_6/AELD/Labs/Lab_6_Vivado/Lab_6_Vivado.sdk/design_1_wrapper_hw_platform_0/design_1_wrapper.bit
targets -set -nocase -filter {name =~"APU*" && jtag_cable_name =~ "Digilent Zed 210248A39C95"} -index 0
loadhw -hw D:/Sem_6/AELD/Labs/Lab_6_Vivado/Lab_6_Vivado.sdk/design_1_wrapper_hw_platform_0/system.hdf -mem-ranges [list {0x40000000 0xbfffffff}]
configparams force-mem-access 1
targets -set -nocase -filter {name =~"APU*" && jtag_cable_name =~ "Digilent Zed 210248A39C95"} -index 0
ps7_init
ps7_post_config
targets -set -nocase -filter {name =~ "ARM*#0" && jtag_cable_name =~ "Digilent Zed 210248A39C95"} -index 0
dow D:/Sem_6/AELD/Labs/Lab_6_Vivado/Lab_6_Vivado.sdk/Lab_6/Debug/Lab_6.elf
configparams force-mem-access 0
----------------End of Script----------------

20:40:14 INFO  : Memory regions updated for context APU
20:40:15 INFO  : Context for processor 'ps7_cortexa9_0' is selected.
20:40:15 INFO  : 'con' command is executed.
20:40:15 INFO  : ----------------XSDB Script (After Launch)----------------
targets -set -nocase -filter {name =~ "ARM*#0" && jtag_cable_name =~ "Digilent Zed 210248A39C95"} -index 0
con
----------------End of Script----------------

20:40:15 INFO  : Launch script is exported to file 'D:\Sem_6\AELD\Labs\Lab_6_Vivado\Lab_6_Vivado.sdk\.sdk\launch_scripts\xilinx_c-c++_application_(system_debugger)\system_debugger_using_debug_lab_6.elf_on_zed.tcl'
20:41:59 INFO  : Disconnected from the channel tcfchan#1.
20:42:00 INFO  : Connected through redirection to target on host '192.168.226.142' and port '56115'.
20:42:01 INFO  : Jtag cable 'Digilent Zed 210248A39C95' is selected.
20:42:01 INFO  : 'jtag frequency' command is executed.
20:42:01 INFO  : Sourcing of 'D:/Sem_6/AELD/Labs/Lab_6_Vivado/Lab_6_Vivado.sdk/design_1_wrapper_hw_platform_0/ps7_init.tcl' is done.
20:42:02 INFO  : Context for 'APU' is selected.
20:42:03 INFO  : System reset is completed.
20:42:06 INFO  : 'after 3000' command is executed.
20:42:07 INFO  : 'targets -set -filter {jtag_cable_name =~ "Digilent Zed 210248A39C95" && level==0} -index 1' command is executed.
20:42:13 INFO  : FPGA configured successfully with bitstream "D:/Sem_6/AELD/Labs/Lab_6_Vivado/Lab_6_Vivado.sdk/design_1_wrapper_hw_platform_0/design_1_wrapper.bit"
20:42:14 INFO  : Context for 'APU' is selected.
20:42:17 INFO  : Hardware design information is loaded from 'D:/Sem_6/AELD/Labs/Lab_6_Vivado/Lab_6_Vivado.sdk/design_1_wrapper_hw_platform_0/system.hdf'.
20:42:17 INFO  : 'configparams force-mem-access 1' command is executed.
20:42:17 INFO  : Context for 'APU' is selected.
20:42:41 INFO  : 'ps7_init' command is executed.
20:42:42 INFO  : 'ps7_post_config' command is executed.
20:42:43 INFO  : Context for processor 'ps7_cortexa9_0' is selected.
20:42:44 INFO  : The application 'D:/Sem_6/AELD/Labs/Lab_6_Vivado/Lab_6_Vivado.sdk/Lab_6/Debug/Lab_6.elf' is downloaded to processor 'ps7_cortexa9_0'.
20:42:44 INFO  : 'configparams force-mem-access 0' command is executed.
20:42:44 INFO  : ----------------XSDB Script----------------
connect -path [list tcp::1534 tcp:192.168.226.142:56115]
source D:/Sem_6/AELD/Labs/Lab_6_Vivado/Lab_6_Vivado.sdk/design_1_wrapper_hw_platform_0/ps7_init.tcl
targets -set -nocase -filter {name =~"APU*" && jtag_cable_name =~ "Digilent Zed 210248A39C95"} -index 0
rst -system
after 3000
targets -set -filter {jtag_cable_name =~ "Digilent Zed 210248A39C95" && level==0} -index 1
fpga -file D:/Sem_6/AELD/Labs/Lab_6_Vivado/Lab_6_Vivado.sdk/design_1_wrapper_hw_platform_0/design_1_wrapper.bit
targets -set -nocase -filter {name =~"APU*" && jtag_cable_name =~ "Digilent Zed 210248A39C95"} -index 0
loadhw -hw D:/Sem_6/AELD/Labs/Lab_6_Vivado/Lab_6_Vivado.sdk/design_1_wrapper_hw_platform_0/system.hdf -mem-ranges [list {0x40000000 0xbfffffff}]
configparams force-mem-access 1
targets -set -nocase -filter {name =~"APU*" && jtag_cable_name =~ "Digilent Zed 210248A39C95"} -index 0
ps7_init
ps7_post_config
targets -set -nocase -filter {name =~ "ARM*#0" && jtag_cable_name =~ "Digilent Zed 210248A39C95"} -index 0
dow D:/Sem_6/AELD/Labs/Lab_6_Vivado/Lab_6_Vivado.sdk/Lab_6/Debug/Lab_6.elf
configparams force-mem-access 0
----------------End of Script----------------

20:42:45 INFO  : Memory regions updated for context APU
20:42:45 INFO  : Context for processor 'ps7_cortexa9_0' is selected.
20:42:45 INFO  : 'con' command is executed.
20:42:45 INFO  : ----------------XSDB Script (After Launch)----------------
targets -set -nocase -filter {name =~ "ARM*#0" && jtag_cable_name =~ "Digilent Zed 210248A39C95"} -index 0
con
----------------End of Script----------------

20:42:45 INFO  : Launch script is exported to file 'D:\Sem_6\AELD\Labs\Lab_6_Vivado\Lab_6_Vivado.sdk\.sdk\launch_scripts\xilinx_c-c++_application_(system_debugger)\system_debugger_using_debug_lab_6.elf_on_zed.tcl'
20:45:07 WARN  : channel "tcfchan#2" closed
12:43:51 INFO  : Registering command handlers for SDK TCF services
12:43:51 INFO  : Launching XSCT server: xsct.bat -interactive D:\Sem_6\AELD\Labs\Lab_6_Vivado\Lab_6_Vivado.sdk\temp_xsdb_launch_script.tcl
12:43:55 INFO  : XSCT server has started successfully.
12:43:57 INFO  : Successfully done setting XSCT server connection channel  
12:43:57 INFO  : Successfully done setting SDK workspace  
12:43:57 INFO  : Processing command line option -hwspec D:/Sem_6/AELD/Labs/Lab_6_Vivado/Lab_6_Vivado.sdk/design_1_wrapper.hdf.
12:43:57 INFO  : Checking for hwspec changes in the project design_1_wrapper_hw_platform_0.
13:31:30 INFO  : Connected through redirection to target on host '192.168.226.142' and port '64609'.
13:31:30 INFO  : Jtag cable 'Digilent Zed 210248A39C93' is selected.
13:31:31 INFO  : 'jtag frequency' command is executed.
13:31:31 INFO  : Sourcing of 'D:/Sem_6/AELD/Labs/Lab_6_Vivado/Lab_6_Vivado.sdk/design_1_wrapper_hw_platform_0/ps7_init.tcl' is done.
13:31:32 INFO  : Context for 'APU' is selected.
13:31:36 INFO  : System reset is completed.
13:31:39 INFO  : 'after 3000' command is executed.
13:31:39 INFO  : 'targets -set -filter {jtag_cable_name =~ "Digilent Zed 210248A39C93" && level==0} -index 1' command is executed.
13:31:47 INFO  : FPGA configured successfully with bitstream "D:/Sem_6/AELD/Labs/Lab_6_Vivado/Lab_6_Vivado.sdk/design_1_wrapper_hw_platform_0/design_1_wrapper.bit"
13:31:48 INFO  : Context for 'APU' is selected.
13:31:48 INFO  : Hardware design information is loaded from 'D:/Sem_6/AELD/Labs/Lab_6_Vivado/Lab_6_Vivado.sdk/design_1_wrapper_hw_platform_0/system.hdf'.
13:31:48 INFO  : 'configparams force-mem-access 1' command is executed.
13:31:48 INFO  : Context for 'APU' is selected.
13:32:10 INFO  : 'ps7_init' command is executed.
13:32:11 INFO  : 'ps7_post_config' command is executed.
13:32:11 INFO  : Context for processor 'ps7_cortexa9_0' is selected.
13:32:12 INFO  : The application 'D:/Sem_6/AELD/Labs/Lab_6_Vivado/Lab_6_Vivado.sdk/Lab_6/Debug/Lab_6.elf' is downloaded to processor 'ps7_cortexa9_0'.
13:32:12 INFO  : 'configparams force-mem-access 0' command is executed.
13:32:12 INFO  : ----------------XSDB Script----------------
connect -path [list tcp::1534 tcp:192.168.226.142:64609]
source D:/Sem_6/AELD/Labs/Lab_6_Vivado/Lab_6_Vivado.sdk/design_1_wrapper_hw_platform_0/ps7_init.tcl
targets -set -nocase -filter {name =~"APU*" && jtag_cable_name =~ "Digilent Zed 210248A39C93"} -index 0
rst -system
after 3000
targets -set -filter {jtag_cable_name =~ "Digilent Zed 210248A39C93" && level==0} -index 1
fpga -file D:/Sem_6/AELD/Labs/Lab_6_Vivado/Lab_6_Vivado.sdk/design_1_wrapper_hw_platform_0/design_1_wrapper.bit
targets -set -nocase -filter {name =~"APU*" && jtag_cable_name =~ "Digilent Zed 210248A39C93"} -index 0
loadhw -hw D:/Sem_6/AELD/Labs/Lab_6_Vivado/Lab_6_Vivado.sdk/design_1_wrapper_hw_platform_0/system.hdf -mem-ranges [list {0x40000000 0xbfffffff}]
configparams force-mem-access 1
targets -set -nocase -filter {name =~"APU*" && jtag_cable_name =~ "Digilent Zed 210248A39C93"} -index 0
ps7_init
ps7_post_config
targets -set -nocase -filter {name =~ "ARM*#0" && jtag_cable_name =~ "Digilent Zed 210248A39C93"} -index 0
dow D:/Sem_6/AELD/Labs/Lab_6_Vivado/Lab_6_Vivado.sdk/Lab_6/Debug/Lab_6.elf
configparams force-mem-access 0
----------------End of Script----------------

13:32:13 INFO  : Memory regions updated for context APU
13:32:13 INFO  : Context for processor 'ps7_cortexa9_0' is selected.
13:32:13 INFO  : 'con' command is executed.
13:32:13 INFO  : ----------------XSDB Script (After Launch)----------------
targets -set -nocase -filter {name =~ "ARM*#0" && jtag_cable_name =~ "Digilent Zed 210248A39C93"} -index 0
con
----------------End of Script----------------

13:32:13 INFO  : Launch script is exported to file 'D:\Sem_6\AELD\Labs\Lab_6_Vivado\Lab_6_Vivado.sdk\.sdk\launch_scripts\xilinx_c-c++_application_(system_debugger)\system_debugger_using_debug_lab_6.elf_on_zed.tcl'
13:33:25 INFO  : Disconnected from the channel tcfchan#1.
13:33:27 INFO  : Connected through redirection to target on host '192.168.226.142' and port '64609'.
13:33:28 INFO  : Jtag cable 'Digilent Zed 210248A39C93' is selected.
13:33:28 INFO  : 'jtag frequency' command is executed.
13:33:28 INFO  : Sourcing of 'D:/Sem_6/AELD/Labs/Lab_6_Vivado/Lab_6_Vivado.sdk/design_1_wrapper_hw_platform_0/ps7_init.tcl' is done.
13:33:29 INFO  : Context for 'APU' is selected.
13:33:30 INFO  : System reset is completed.
13:33:33 INFO  : 'after 3000' command is executed.
13:33:34 INFO  : 'targets -set -filter {jtag_cable_name =~ "Digilent Zed 210248A39C93" && level==0} -index 1' command is executed.
13:33:39 INFO  : FPGA configured successfully with bitstream "D:/Sem_6/AELD/Labs/Lab_6_Vivado/Lab_6_Vivado.sdk/design_1_wrapper_hw_platform_0/design_1_wrapper.bit"
13:33:39 INFO  : Context for 'APU' is selected.
13:33:41 INFO  : Hardware design information is loaded from 'D:/Sem_6/AELD/Labs/Lab_6_Vivado/Lab_6_Vivado.sdk/design_1_wrapper_hw_platform_0/system.hdf'.
13:33:41 INFO  : 'configparams force-mem-access 1' command is executed.
13:33:41 INFO  : Context for 'APU' is selected.
13:34:00 INFO  : 'ps7_init' command is executed.
13:34:01 INFO  : 'ps7_post_config' command is executed.
13:34:01 INFO  : Context for processor 'ps7_cortexa9_0' is selected.
13:34:01 INFO  : The application 'D:/Sem_6/AELD/Labs/Lab_6_Vivado/Lab_6_Vivado.sdk/Lab_6/Debug/Lab_6.elf' is downloaded to processor 'ps7_cortexa9_0'.
13:34:01 INFO  : 'configparams force-mem-access 0' command is executed.
13:34:01 INFO  : ----------------XSDB Script----------------
connect -path [list tcp::1534 tcp:192.168.226.142:64609]
source D:/Sem_6/AELD/Labs/Lab_6_Vivado/Lab_6_Vivado.sdk/design_1_wrapper_hw_platform_0/ps7_init.tcl
targets -set -nocase -filter {name =~"APU*" && jtag_cable_name =~ "Digilent Zed 210248A39C93"} -index 0
rst -system
after 3000
targets -set -filter {jtag_cable_name =~ "Digilent Zed 210248A39C93" && level==0} -index 1
fpga -file D:/Sem_6/AELD/Labs/Lab_6_Vivado/Lab_6_Vivado.sdk/design_1_wrapper_hw_platform_0/design_1_wrapper.bit
targets -set -nocase -filter {name =~"APU*" && jtag_cable_name =~ "Digilent Zed 210248A39C93"} -index 0
loadhw -hw D:/Sem_6/AELD/Labs/Lab_6_Vivado/Lab_6_Vivado.sdk/design_1_wrapper_hw_platform_0/system.hdf -mem-ranges [list {0x40000000 0xbfffffff}]
configparams force-mem-access 1
targets -set -nocase -filter {name =~"APU*" && jtag_cable_name =~ "Digilent Zed 210248A39C93"} -index 0
ps7_init
ps7_post_config
targets -set -nocase -filter {name =~ "ARM*#0" && jtag_cable_name =~ "Digilent Zed 210248A39C93"} -index 0
dow D:/Sem_6/AELD/Labs/Lab_6_Vivado/Lab_6_Vivado.sdk/Lab_6/Debug/Lab_6.elf
configparams force-mem-access 0
----------------End of Script----------------

13:34:02 INFO  : Memory regions updated for context APU
13:34:02 INFO  : Context for processor 'ps7_cortexa9_0' is selected.
13:34:03 INFO  : 'con' command is executed.
13:34:03 INFO  : ----------------XSDB Script (After Launch)----------------
targets -set -nocase -filter {name =~ "ARM*#0" && jtag_cable_name =~ "Digilent Zed 210248A39C93"} -index 0
con
----------------End of Script----------------

13:34:03 INFO  : Launch script is exported to file 'D:\Sem_6\AELD\Labs\Lab_6_Vivado\Lab_6_Vivado.sdk\.sdk\launch_scripts\xilinx_c-c++_application_(system_debugger)\system_debugger_using_debug_lab_6.elf_on_zed.tcl'
13:34:55 INFO  : Disconnected from the channel tcfchan#2.
13:34:56 INFO  : Connected through redirection to target on host '192.168.226.142' and port '64609'.
13:34:56 INFO  : Jtag cable 'Digilent Zed 210248A39C93' is selected.
13:34:56 INFO  : 'jtag frequency' command is executed.
13:34:56 INFO  : Sourcing of 'D:/Sem_6/AELD/Labs/Lab_6_Vivado/Lab_6_Vivado.sdk/design_1_wrapper_hw_platform_0/ps7_init.tcl' is done.
13:34:57 INFO  : Context for 'APU' is selected.
13:34:59 INFO  : System reset is completed.
13:35:02 INFO  : 'after 3000' command is executed.
13:35:02 INFO  : 'targets -set -filter {jtag_cable_name =~ "Digilent Zed 210248A39C93" && level==0} -index 1' command is executed.
13:35:08 INFO  : FPGA configured successfully with bitstream "D:/Sem_6/AELD/Labs/Lab_6_Vivado/Lab_6_Vivado.sdk/design_1_wrapper_hw_platform_0/design_1_wrapper.bit"
13:35:08 INFO  : Context for 'APU' is selected.
13:35:10 INFO  : Hardware design information is loaded from 'D:/Sem_6/AELD/Labs/Lab_6_Vivado/Lab_6_Vivado.sdk/design_1_wrapper_hw_platform_0/system.hdf'.
13:35:11 INFO  : 'configparams force-mem-access 1' command is executed.
13:35:11 INFO  : Context for 'APU' is selected.
13:35:29 INFO  : 'ps7_init' command is executed.
13:35:30 INFO  : 'ps7_post_config' command is executed.
13:35:30 INFO  : Context for processor 'ps7_cortexa9_0' is selected.
13:35:31 INFO  : The application 'D:/Sem_6/AELD/Labs/Lab_6_Vivado/Lab_6_Vivado.sdk/Lab_6/Debug/Lab_6.elf' is downloaded to processor 'ps7_cortexa9_0'.
13:35:31 INFO  : 'configparams force-mem-access 0' command is executed.
13:35:31 INFO  : ----------------XSDB Script----------------
connect -path [list tcp::1534 tcp:192.168.226.142:64609]
source D:/Sem_6/AELD/Labs/Lab_6_Vivado/Lab_6_Vivado.sdk/design_1_wrapper_hw_platform_0/ps7_init.tcl
targets -set -nocase -filter {name =~"APU*" && jtag_cable_name =~ "Digilent Zed 210248A39C93"} -index 0
rst -system
after 3000
targets -set -filter {jtag_cable_name =~ "Digilent Zed 210248A39C93" && level==0} -index 1
fpga -file D:/Sem_6/AELD/Labs/Lab_6_Vivado/Lab_6_Vivado.sdk/design_1_wrapper_hw_platform_0/design_1_wrapper.bit
targets -set -nocase -filter {name =~"APU*" && jtag_cable_name =~ "Digilent Zed 210248A39C93"} -index 0
loadhw -hw D:/Sem_6/AELD/Labs/Lab_6_Vivado/Lab_6_Vivado.sdk/design_1_wrapper_hw_platform_0/system.hdf -mem-ranges [list {0x40000000 0xbfffffff}]
configparams force-mem-access 1
targets -set -nocase -filter {name =~"APU*" && jtag_cable_name =~ "Digilent Zed 210248A39C93"} -index 0
ps7_init
ps7_post_config
targets -set -nocase -filter {name =~ "ARM*#0" && jtag_cable_name =~ "Digilent Zed 210248A39C93"} -index 0
dow D:/Sem_6/AELD/Labs/Lab_6_Vivado/Lab_6_Vivado.sdk/Lab_6/Debug/Lab_6.elf
configparams force-mem-access 0
----------------End of Script----------------

13:35:32 INFO  : Memory regions updated for context APU
13:35:32 INFO  : Context for processor 'ps7_cortexa9_0' is selected.
13:35:33 INFO  : 'con' command is executed.
13:35:33 INFO  : ----------------XSDB Script (After Launch)----------------
targets -set -nocase -filter {name =~ "ARM*#0" && jtag_cable_name =~ "Digilent Zed 210248A39C93"} -index 0
con
----------------End of Script----------------

13:35:33 INFO  : Launch script is exported to file 'D:\Sem_6\AELD\Labs\Lab_6_Vivado\Lab_6_Vivado.sdk\.sdk\launch_scripts\xilinx_c-c++_application_(system_debugger)\system_debugger_using_debug_lab_6.elf_on_zed.tcl'
13:38:25 INFO  : Disconnected from the channel tcfchan#3.
13:38:26 INFO  : Connected through redirection to target on host '192.168.226.142' and port '64609'.
13:38:27 INFO  : Jtag cable 'Digilent Zed 210248A39C93' is selected.
13:38:27 INFO  : 'jtag frequency' command is executed.
13:38:27 INFO  : Sourcing of 'D:/Sem_6/AELD/Labs/Lab_6_Vivado/Lab_6_Vivado.sdk/design_1_wrapper_hw_platform_0/ps7_init.tcl' is done.
13:38:27 INFO  : Context for 'APU' is selected.
13:38:29 INFO  : System reset is completed.
13:38:32 INFO  : 'after 3000' command is executed.
13:38:32 INFO  : 'targets -set -filter {jtag_cable_name =~ "Digilent Zed 210248A39C93" && level==0} -index 1' command is executed.
13:38:38 INFO  : FPGA configured successfully with bitstream "D:/Sem_6/AELD/Labs/Lab_6_Vivado/Lab_6_Vivado.sdk/design_1_wrapper_hw_platform_0/design_1_wrapper.bit"
13:38:39 INFO  : Context for 'APU' is selected.
13:38:41 INFO  : Hardware design information is loaded from 'D:/Sem_6/AELD/Labs/Lab_6_Vivado/Lab_6_Vivado.sdk/design_1_wrapper_hw_platform_0/system.hdf'.
13:38:41 INFO  : 'configparams force-mem-access 1' command is executed.
13:38:42 INFO  : Context for 'APU' is selected.
13:39:07 INFO  : 'ps7_init' command is executed.
13:39:08 INFO  : 'ps7_post_config' command is executed.
13:39:08 INFO  : Context for processor 'ps7_cortexa9_0' is selected.
13:39:09 INFO  : The application 'D:/Sem_6/AELD/Labs/Lab_6_Vivado/Lab_6_Vivado.sdk/Lab_6/Debug/Lab_6.elf' is downloaded to processor 'ps7_cortexa9_0'.
13:39:09 INFO  : 'configparams force-mem-access 0' command is executed.
13:39:09 INFO  : ----------------XSDB Script----------------
connect -path [list tcp::1534 tcp:192.168.226.142:64609]
source D:/Sem_6/AELD/Labs/Lab_6_Vivado/Lab_6_Vivado.sdk/design_1_wrapper_hw_platform_0/ps7_init.tcl
targets -set -nocase -filter {name =~"APU*" && jtag_cable_name =~ "Digilent Zed 210248A39C93"} -index 0
rst -system
after 3000
targets -set -filter {jtag_cable_name =~ "Digilent Zed 210248A39C93" && level==0} -index 1
fpga -file D:/Sem_6/AELD/Labs/Lab_6_Vivado/Lab_6_Vivado.sdk/design_1_wrapper_hw_platform_0/design_1_wrapper.bit
targets -set -nocase -filter {name =~"APU*" && jtag_cable_name =~ "Digilent Zed 210248A39C93"} -index 0
loadhw -hw D:/Sem_6/AELD/Labs/Lab_6_Vivado/Lab_6_Vivado.sdk/design_1_wrapper_hw_platform_0/system.hdf -mem-ranges [list {0x40000000 0xbfffffff}]
configparams force-mem-access 1
targets -set -nocase -filter {name =~"APU*" && jtag_cable_name =~ "Digilent Zed 210248A39C93"} -index 0
ps7_init
ps7_post_config
targets -set -nocase -filter {name =~ "ARM*#0" && jtag_cable_name =~ "Digilent Zed 210248A39C93"} -index 0
dow D:/Sem_6/AELD/Labs/Lab_6_Vivado/Lab_6_Vivado.sdk/Lab_6/Debug/Lab_6.elf
configparams force-mem-access 0
----------------End of Script----------------

13:39:11 INFO  : Memory regions updated for context APU
13:39:11 INFO  : Context for processor 'ps7_cortexa9_0' is selected.
13:39:11 INFO  : 'con' command is executed.
13:39:11 INFO  : ----------------XSDB Script (After Launch)----------------
targets -set -nocase -filter {name =~ "ARM*#0" && jtag_cable_name =~ "Digilent Zed 210248A39C93"} -index 0
con
----------------End of Script----------------

13:39:11 INFO  : Launch script is exported to file 'D:\Sem_6\AELD\Labs\Lab_6_Vivado\Lab_6_Vivado.sdk\.sdk\launch_scripts\xilinx_c-c++_application_(system_debugger)\system_debugger_using_debug_lab_6.elf_on_zed.tcl'
13:45:21 WARN  : channel "tcfchan#4" closed
13:51:36 INFO  : Connected through redirection to target on host '192.168.226.142' and port '62287'.
13:51:36 INFO  : Jtag cable 'Digilent Zed 210248A39C93' is selected.
13:51:36 INFO  : 'jtag frequency' command is executed.
13:51:36 INFO  : Sourcing of 'D:/Sem_6/AELD/Labs/Lab_6_Vivado/Lab_6_Vivado.sdk/design_1_wrapper_hw_platform_0/ps7_init.tcl' is done.
13:51:37 INFO  : Context for 'APU' is selected.
13:51:38 INFO  : System reset is completed.
13:51:41 INFO  : 'after 3000' command is executed.
13:51:41 INFO  : 'targets -set -filter {jtag_cable_name =~ "Digilent Zed 210248A39C93" && level==0} -index 1' command is executed.
13:51:47 INFO  : FPGA configured successfully with bitstream "D:/Sem_6/AELD/Labs/Lab_6_Vivado/Lab_6_Vivado.sdk/design_1_wrapper_hw_platform_0/design_1_wrapper.bit"
13:51:47 INFO  : Context for 'APU' is selected.
13:51:48 INFO  : Hardware design information is loaded from 'D:/Sem_6/AELD/Labs/Lab_6_Vivado/Lab_6_Vivado.sdk/design_1_wrapper_hw_platform_0/system.hdf'.
13:51:48 INFO  : 'configparams force-mem-access 1' command is executed.
13:51:48 INFO  : Context for 'APU' is selected.
13:52:06 INFO  : 'ps7_init' command is executed.
13:52:06 INFO  : 'ps7_post_config' command is executed.
13:52:06 INFO  : Context for processor 'ps7_cortexa9_0' is selected.
13:52:07 INFO  : The application 'D:/Sem_6/AELD/Labs/Lab_6_Vivado/Lab_6_Vivado.sdk/Lab_6/Debug/Lab_6.elf' is downloaded to processor 'ps7_cortexa9_0'.
13:52:07 INFO  : 'configparams force-mem-access 0' command is executed.
13:52:07 INFO  : ----------------XSDB Script----------------
connect -path [list tcp::1534 tcp:192.168.226.142:62287]
source D:/Sem_6/AELD/Labs/Lab_6_Vivado/Lab_6_Vivado.sdk/design_1_wrapper_hw_platform_0/ps7_init.tcl
targets -set -nocase -filter {name =~"APU*" && jtag_cable_name =~ "Digilent Zed 210248A39C93"} -index 0
rst -system
after 3000
targets -set -filter {jtag_cable_name =~ "Digilent Zed 210248A39C93" && level==0} -index 1
fpga -file D:/Sem_6/AELD/Labs/Lab_6_Vivado/Lab_6_Vivado.sdk/design_1_wrapper_hw_platform_0/design_1_wrapper.bit
targets -set -nocase -filter {name =~"APU*" && jtag_cable_name =~ "Digilent Zed 210248A39C93"} -index 0
loadhw -hw D:/Sem_6/AELD/Labs/Lab_6_Vivado/Lab_6_Vivado.sdk/design_1_wrapper_hw_platform_0/system.hdf -mem-ranges [list {0x40000000 0xbfffffff}]
configparams force-mem-access 1
targets -set -nocase -filter {name =~"APU*" && jtag_cable_name =~ "Digilent Zed 210248A39C93"} -index 0
ps7_init
ps7_post_config
targets -set -nocase -filter {name =~ "ARM*#0" && jtag_cable_name =~ "Digilent Zed 210248A39C93"} -index 0
dow D:/Sem_6/AELD/Labs/Lab_6_Vivado/Lab_6_Vivado.sdk/Lab_6/Debug/Lab_6.elf
configparams force-mem-access 0
----------------End of Script----------------

13:52:09 INFO  : Memory regions updated for context APU
13:52:09 INFO  : Context for processor 'ps7_cortexa9_0' is selected.
13:52:09 INFO  : 'con' command is executed.
13:52:09 INFO  : ----------------XSDB Script (After Launch)----------------
targets -set -nocase -filter {name =~ "ARM*#0" && jtag_cable_name =~ "Digilent Zed 210248A39C93"} -index 0
con
----------------End of Script----------------

13:52:09 INFO  : Launch script is exported to file 'D:\Sem_6\AELD\Labs\Lab_6_Vivado\Lab_6_Vivado.sdk\.sdk\launch_scripts\xilinx_c-c++_application_(system_debugger)\system_debugger_using_debug_lab_6.elf_on_zed.tcl'
13:54:41 INFO  : Disconnected from the channel tcfchan#5.
13:54:43 INFO  : Connected through redirection to target on host '192.168.226.142' and port '62287'.
13:54:44 INFO  : Jtag cable 'Digilent Zed 210248A39C93' is selected.
13:54:44 INFO  : 'jtag frequency' command is executed.
13:54:44 INFO  : Sourcing of 'D:/Sem_6/AELD/Labs/Lab_6_Vivado/Lab_6_Vivado.sdk/design_1_wrapper_hw_platform_0/ps7_init.tcl' is done.
13:54:45 INFO  : Context for 'APU' is selected.
13:54:46 INFO  : System reset is completed.
13:54:49 INFO  : 'after 3000' command is executed.
13:54:50 INFO  : 'targets -set -filter {jtag_cable_name =~ "Digilent Zed 210248A39C93" && level==0} -index 1' command is executed.
13:54:55 INFO  : FPGA configured successfully with bitstream "D:/Sem_6/AELD/Labs/Lab_6_Vivado/Lab_6_Vivado.sdk/design_1_wrapper_hw_platform_0/design_1_wrapper.bit"
13:54:56 INFO  : Context for 'APU' is selected.
13:54:58 INFO  : Hardware design information is loaded from 'D:/Sem_6/AELD/Labs/Lab_6_Vivado/Lab_6_Vivado.sdk/design_1_wrapper_hw_platform_0/system.hdf'.
13:54:58 INFO  : 'configparams force-mem-access 1' command is executed.
13:54:58 INFO  : Context for 'APU' is selected.
13:55:18 INFO  : 'ps7_init' command is executed.
13:55:19 INFO  : 'ps7_post_config' command is executed.
13:55:19 INFO  : Context for processor 'ps7_cortexa9_0' is selected.
13:55:19 INFO  : The application 'D:/Sem_6/AELD/Labs/Lab_6_Vivado/Lab_6_Vivado.sdk/Lab_6/Debug/Lab_6.elf' is downloaded to processor 'ps7_cortexa9_0'.
13:55:19 INFO  : 'configparams force-mem-access 0' command is executed.
13:55:19 INFO  : ----------------XSDB Script----------------
connect -path [list tcp::1534 tcp:192.168.226.142:62287]
source D:/Sem_6/AELD/Labs/Lab_6_Vivado/Lab_6_Vivado.sdk/design_1_wrapper_hw_platform_0/ps7_init.tcl
targets -set -nocase -filter {name =~"APU*" && jtag_cable_name =~ "Digilent Zed 210248A39C93"} -index 0
rst -system
after 3000
targets -set -filter {jtag_cable_name =~ "Digilent Zed 210248A39C93" && level==0} -index 1
fpga -file D:/Sem_6/AELD/Labs/Lab_6_Vivado/Lab_6_Vivado.sdk/design_1_wrapper_hw_platform_0/design_1_wrapper.bit
targets -set -nocase -filter {name =~"APU*" && jtag_cable_name =~ "Digilent Zed 210248A39C93"} -index 0
loadhw -hw D:/Sem_6/AELD/Labs/Lab_6_Vivado/Lab_6_Vivado.sdk/design_1_wrapper_hw_platform_0/system.hdf -mem-ranges [list {0x40000000 0xbfffffff}]
configparams force-mem-access 1
targets -set -nocase -filter {name =~"APU*" && jtag_cable_name =~ "Digilent Zed 210248A39C93"} -index 0
ps7_init
ps7_post_config
targets -set -nocase -filter {name =~ "ARM*#0" && jtag_cable_name =~ "Digilent Zed 210248A39C93"} -index 0
dow D:/Sem_6/AELD/Labs/Lab_6_Vivado/Lab_6_Vivado.sdk/Lab_6/Debug/Lab_6.elf
configparams force-mem-access 0
----------------End of Script----------------

13:55:20 INFO  : Memory regions updated for context APU
13:55:21 INFO  : Context for processor 'ps7_cortexa9_0' is selected.
13:55:21 INFO  : 'con' command is executed.
13:55:21 INFO  : ----------------XSDB Script (After Launch)----------------
targets -set -nocase -filter {name =~ "ARM*#0" && jtag_cable_name =~ "Digilent Zed 210248A39C93"} -index 0
con
----------------End of Script----------------

13:55:21 INFO  : Launch script is exported to file 'D:\Sem_6\AELD\Labs\Lab_6_Vivado\Lab_6_Vivado.sdk\.sdk\launch_scripts\xilinx_c-c++_application_(system_debugger)\system_debugger_using_debug_lab_6.elf_on_zed.tcl'
13:55:52 INFO  : Disconnected from the channel tcfchan#6.
13:55:54 INFO  : Connected through redirection to target on host '192.168.226.142' and port '62287'.
13:55:54 INFO  : Jtag cable 'Digilent Zed 210248A39C93' is selected.
13:55:54 INFO  : 'jtag frequency' command is executed.
13:55:54 INFO  : Sourcing of 'D:/Sem_6/AELD/Labs/Lab_6_Vivado/Lab_6_Vivado.sdk/design_1_wrapper_hw_platform_0/ps7_init.tcl' is done.
13:55:55 INFO  : Context for 'APU' is selected.
13:55:56 INFO  : System reset is completed.
13:55:59 INFO  : 'after 3000' command is executed.
13:56:00 INFO  : 'targets -set -filter {jtag_cable_name =~ "Digilent Zed 210248A39C93" && level==0} -index 1' command is executed.
13:56:06 INFO  : FPGA configured successfully with bitstream "D:/Sem_6/AELD/Labs/Lab_6_Vivado/Lab_6_Vivado.sdk/design_1_wrapper_hw_platform_0/design_1_wrapper.bit"
13:56:06 INFO  : Context for 'APU' is selected.
13:56:08 INFO  : Hardware design information is loaded from 'D:/Sem_6/AELD/Labs/Lab_6_Vivado/Lab_6_Vivado.sdk/design_1_wrapper_hw_platform_0/system.hdf'.
13:56:08 INFO  : 'configparams force-mem-access 1' command is executed.
13:56:08 INFO  : Context for 'APU' is selected.
13:56:29 INFO  : 'ps7_init' command is executed.
13:56:30 INFO  : 'ps7_post_config' command is executed.
13:56:30 INFO  : Context for processor 'ps7_cortexa9_0' is selected.
13:56:31 INFO  : The application 'D:/Sem_6/AELD/Labs/Lab_6_Vivado/Lab_6_Vivado.sdk/Lab_6/Debug/Lab_6.elf' is downloaded to processor 'ps7_cortexa9_0'.
13:56:31 INFO  : 'configparams force-mem-access 0' command is executed.
13:56:31 INFO  : ----------------XSDB Script----------------
connect -path [list tcp::1534 tcp:192.168.226.142:62287]
source D:/Sem_6/AELD/Labs/Lab_6_Vivado/Lab_6_Vivado.sdk/design_1_wrapper_hw_platform_0/ps7_init.tcl
targets -set -nocase -filter {name =~"APU*" && jtag_cable_name =~ "Digilent Zed 210248A39C93"} -index 0
rst -system
after 3000
targets -set -filter {jtag_cable_name =~ "Digilent Zed 210248A39C93" && level==0} -index 1
fpga -file D:/Sem_6/AELD/Labs/Lab_6_Vivado/Lab_6_Vivado.sdk/design_1_wrapper_hw_platform_0/design_1_wrapper.bit
targets -set -nocase -filter {name =~"APU*" && jtag_cable_name =~ "Digilent Zed 210248A39C93"} -index 0
loadhw -hw D:/Sem_6/AELD/Labs/Lab_6_Vivado/Lab_6_Vivado.sdk/design_1_wrapper_hw_platform_0/system.hdf -mem-ranges [list {0x40000000 0xbfffffff}]
configparams force-mem-access 1
targets -set -nocase -filter {name =~"APU*" && jtag_cable_name =~ "Digilent Zed 210248A39C93"} -index 0
ps7_init
ps7_post_config
targets -set -nocase -filter {name =~ "ARM*#0" && jtag_cable_name =~ "Digilent Zed 210248A39C93"} -index 0
dow D:/Sem_6/AELD/Labs/Lab_6_Vivado/Lab_6_Vivado.sdk/Lab_6/Debug/Lab_6.elf
configparams force-mem-access 0
----------------End of Script----------------

13:56:32 INFO  : Memory regions updated for context APU
13:56:32 INFO  : Context for processor 'ps7_cortexa9_0' is selected.
13:56:33 INFO  : 'con' command is executed.
13:56:33 INFO  : ----------------XSDB Script (After Launch)----------------
targets -set -nocase -filter {name =~ "ARM*#0" && jtag_cable_name =~ "Digilent Zed 210248A39C93"} -index 0
con
----------------End of Script----------------

13:56:33 INFO  : Launch script is exported to file 'D:\Sem_6\AELD\Labs\Lab_6_Vivado\Lab_6_Vivado.sdk\.sdk\launch_scripts\xilinx_c-c++_application_(system_debugger)\system_debugger_using_debug_lab_6.elf_on_zed.tcl'
13:58:01 INFO  : Disconnected from the channel tcfchan#7.
18:35:53 INFO  : Registering command handlers for SDK TCF services
18:35:53 INFO  : Launching XSCT server: xsct.bat -interactive D:\Sem_6\AELD\Labs\Lab_6_Vivado\Lab_6_Vivado.sdk\temp_xsdb_launch_script.tcl
18:35:55 INFO  : XSCT server has started successfully.
18:35:56 INFO  : Successfully done setting XSCT server connection channel  
18:35:56 INFO  : Successfully done setting SDK workspace  
18:35:56 INFO  : Processing command line option -hwspec D:/Sem_6/AELD/Labs/Lab_6_Vivado/Lab_6_Vivado.sdk/design_1_wrapper.hdf.
18:35:56 INFO  : Checking for hwspec changes in the project design_1_wrapper_hw_platform_0.
18:37:00 INFO  : Connected through redirection to target on host '192.168.226.142' and port '53359'.
18:37:01 INFO  : Jtag cable 'Digilent Zed 210248722679' is selected.
18:37:01 INFO  : 'jtag frequency' command is executed.
18:37:01 INFO  : Sourcing of 'D:/Sem_6/AELD/Labs/Lab_6_Vivado/Lab_6_Vivado.sdk/design_1_wrapper_hw_platform_0/ps7_init.tcl' is done.
18:37:01 INFO  : Context for 'APU' is selected.
18:37:01 INFO  : System reset is completed.
18:37:04 INFO  : 'after 3000' command is executed.
18:37:04 INFO  : 'targets -set -filter {jtag_cable_name =~ "Digilent Zed 210248722679" && level==0} -index 1' command is executed.
18:37:06 INFO  : FPGA configured successfully with bitstream "D:/Sem_6/AELD/Labs/Lab_6_Vivado/Lab_6_Vivado.sdk/design_1_wrapper_hw_platform_0/design_1_wrapper.bit"
18:37:06 INFO  : Context for 'APU' is selected.
18:37:06 INFO  : Hardware design information is loaded from 'D:/Sem_6/AELD/Labs/Lab_6_Vivado/Lab_6_Vivado.sdk/design_1_wrapper_hw_platform_0/system.hdf'.
18:37:06 INFO  : 'configparams force-mem-access 1' command is executed.
18:37:06 INFO  : Context for 'APU' is selected.
18:37:08 INFO  : 'ps7_init' command is executed.
18:37:08 INFO  : 'ps7_post_config' command is executed.
18:37:08 INFO  : Context for processor 'ps7_cortexa9_0' is selected.
18:37:09 INFO  : The application 'D:/Sem_6/AELD/Labs/Lab_6_Vivado/Lab_6_Vivado.sdk/Lab_6/Debug/Lab_6.elf' is downloaded to processor 'ps7_cortexa9_0'.
18:37:09 INFO  : 'configparams force-mem-access 0' command is executed.
18:37:09 INFO  : ----------------XSDB Script----------------
connect -path [list tcp::1541 tcp:192.168.226.142:53359]
source D:/Sem_6/AELD/Labs/Lab_6_Vivado/Lab_6_Vivado.sdk/design_1_wrapper_hw_platform_0/ps7_init.tcl
targets -set -nocase -filter {name =~"APU*" && jtag_cable_name =~ "Digilent Zed 210248722679"} -index 0
rst -system
after 3000
targets -set -filter {jtag_cable_name =~ "Digilent Zed 210248722679" && level==0} -index 1
fpga -file D:/Sem_6/AELD/Labs/Lab_6_Vivado/Lab_6_Vivado.sdk/design_1_wrapper_hw_platform_0/design_1_wrapper.bit
targets -set -nocase -filter {name =~"APU*" && jtag_cable_name =~ "Digilent Zed 210248722679"} -index 0
loadhw -hw D:/Sem_6/AELD/Labs/Lab_6_Vivado/Lab_6_Vivado.sdk/design_1_wrapper_hw_platform_0/system.hdf -mem-ranges [list {0x40000000 0xbfffffff}]
configparams force-mem-access 1
targets -set -nocase -filter {name =~"APU*" && jtag_cable_name =~ "Digilent Zed 210248722679"} -index 0
ps7_init
ps7_post_config
targets -set -nocase -filter {name =~ "ARM*#0" && jtag_cable_name =~ "Digilent Zed 210248722679"} -index 0
dow D:/Sem_6/AELD/Labs/Lab_6_Vivado/Lab_6_Vivado.sdk/Lab_6/Debug/Lab_6.elf
configparams force-mem-access 0
----------------End of Script----------------

18:37:09 INFO  : Memory regions updated for context APU
18:37:09 INFO  : Context for processor 'ps7_cortexa9_0' is selected.
18:37:09 INFO  : 'con' command is executed.
18:37:09 INFO  : ----------------XSDB Script (After Launch)----------------
targets -set -nocase -filter {name =~ "ARM*#0" && jtag_cable_name =~ "Digilent Zed 210248722679"} -index 0
con
----------------End of Script----------------

18:37:09 INFO  : Launch script is exported to file 'D:\Sem_6\AELD\Labs\Lab_6_Vivado\Lab_6_Vivado.sdk\.sdk\launch_scripts\xilinx_c-c++_application_(system_debugger)\system_debugger_using_debug_lab_6.elf_on_zed.tcl'
18:39:28 INFO  : Disconnected from the channel tcfchan#1.
18:39:29 INFO  : Connected through redirection to target on host '192.168.226.142' and port '53359'.
18:39:29 INFO  : Jtag cable 'Digilent Zed 210248722679' is selected.
18:39:29 INFO  : 'jtag frequency' command is executed.
18:39:29 INFO  : Sourcing of 'D:/Sem_6/AELD/Labs/Lab_6_Vivado/Lab_6_Vivado.sdk/design_1_wrapper_hw_platform_0/ps7_init.tcl' is done.
18:39:29 INFO  : Context for 'APU' is selected.
18:39:29 INFO  : System reset is completed.
18:39:32 INFO  : 'after 3000' command is executed.
18:39:32 INFO  : 'targets -set -filter {jtag_cable_name =~ "Digilent Zed 210248722679" && level==0} -index 1' command is executed.
18:39:35 INFO  : FPGA configured successfully with bitstream "D:/Sem_6/AELD/Labs/Lab_6_Vivado/Lab_6_Vivado.sdk/design_1_wrapper_hw_platform_0/design_1_wrapper.bit"
18:39:35 INFO  : Context for 'APU' is selected.
18:39:36 INFO  : Hardware design information is loaded from 'D:/Sem_6/AELD/Labs/Lab_6_Vivado/Lab_6_Vivado.sdk/design_1_wrapper_hw_platform_0/system.hdf'.
18:39:36 INFO  : 'configparams force-mem-access 1' command is executed.
18:39:36 INFO  : Context for 'APU' is selected.
18:39:38 INFO  : 'ps7_init' command is executed.
18:39:38 INFO  : 'ps7_post_config' command is executed.
18:39:38 INFO  : Context for processor 'ps7_cortexa9_0' is selected.
18:39:38 INFO  : The application 'D:/Sem_6/AELD/Labs/Lab_6_Vivado/Lab_6_Vivado.sdk/Lab_6/Debug/Lab_6.elf' is downloaded to processor 'ps7_cortexa9_0'.
18:39:38 INFO  : 'configparams force-mem-access 0' command is executed.
18:39:38 INFO  : ----------------XSDB Script----------------
connect -path [list tcp::1541 tcp:192.168.226.142:53359]
source D:/Sem_6/AELD/Labs/Lab_6_Vivado/Lab_6_Vivado.sdk/design_1_wrapper_hw_platform_0/ps7_init.tcl
targets -set -nocase -filter {name =~"APU*" && jtag_cable_name =~ "Digilent Zed 210248722679"} -index 0
rst -system
after 3000
targets -set -filter {jtag_cable_name =~ "Digilent Zed 210248722679" && level==0} -index 1
fpga -file D:/Sem_6/AELD/Labs/Lab_6_Vivado/Lab_6_Vivado.sdk/design_1_wrapper_hw_platform_0/design_1_wrapper.bit
targets -set -nocase -filter {name =~"APU*" && jtag_cable_name =~ "Digilent Zed 210248722679"} -index 0
loadhw -hw D:/Sem_6/AELD/Labs/Lab_6_Vivado/Lab_6_Vivado.sdk/design_1_wrapper_hw_platform_0/system.hdf -mem-ranges [list {0x40000000 0xbfffffff}]
configparams force-mem-access 1
targets -set -nocase -filter {name =~"APU*" && jtag_cable_name =~ "Digilent Zed 210248722679"} -index 0
ps7_init
ps7_post_config
targets -set -nocase -filter {name =~ "ARM*#0" && jtag_cable_name =~ "Digilent Zed 210248722679"} -index 0
dow D:/Sem_6/AELD/Labs/Lab_6_Vivado/Lab_6_Vivado.sdk/Lab_6/Debug/Lab_6.elf
configparams force-mem-access 0
----------------End of Script----------------

18:39:38 INFO  : Memory regions updated for context APU
18:39:38 INFO  : Context for processor 'ps7_cortexa9_0' is selected.
18:39:38 INFO  : 'con' command is executed.
18:39:38 INFO  : ----------------XSDB Script (After Launch)----------------
targets -set -nocase -filter {name =~ "ARM*#0" && jtag_cable_name =~ "Digilent Zed 210248722679"} -index 0
con
----------------End of Script----------------

18:39:38 INFO  : Launch script is exported to file 'D:\Sem_6\AELD\Labs\Lab_6_Vivado\Lab_6_Vivado.sdk\.sdk\launch_scripts\xilinx_c-c++_application_(system_debugger)\system_debugger_using_debug_lab_6.elf_on_zed.tcl'
18:50:04 INFO  : Disconnected from the channel tcfchan#2.
