12:20:03 INFO  : Registering command handlers for SDK TCF services
12:20:05 INFO  : Launching XSCT server: xsct.bat -interactive D:\Sem_6\AELD\Labs\Lab_3\Lab_3.sdk\temp_xsdb_launch_script.tcl
12:20:09 INFO  : XSCT server has started successfully.
12:20:12 INFO  : Successfully done setting XSCT server connection channel  
12:20:13 INFO  : Processing command line option -hwspec D:/Sem_6/AELD/Labs/Lab_3/Lab_3.sdk/design_1_wrapper.hdf.
12:20:13 INFO  : Successfully done setting SDK workspace  
13:26:42 INFO  : Connected to target on host '127.0.0.1' and port '3121'.
13:27:29 INFO  : Connected to target on host '127.0.0.1' and port '3121'.
13:27:29 INFO  : Jtag cable 'Digilent Zed 210248685248' is selected.
13:27:29 INFO  : 'jtag frequency' command is executed.
13:27:29 INFO  : Sourcing of 'D:/Sem_6/AELD/Labs/Lab_3/Lab_3.sdk/design_1_wrapper_hw_platform_0/ps7_init.tcl' is done.
13:27:29 INFO  : Context for 'APU' is selected.
13:27:29 INFO  : System reset is completed.
13:27:32 INFO  : 'after 3000' command is executed.
13:27:32 INFO  : 'targets -set -filter {jtag_cable_name =~ "Digilent Zed 210248685248" && level==0} -index 1' command is executed.
13:27:35 INFO  : FPGA configured successfully with bitstream "D:/Sem_6/AELD/Labs/Lab_3/Lab_3.sdk/design_1_wrapper_hw_platform_0/design_1_wrapper.bit"
13:27:35 INFO  : Context for 'APU' is selected.
13:27:35 INFO  : Hardware design information is loaded from 'D:/Sem_6/AELD/Labs/Lab_3/Lab_3.sdk/design_1_wrapper_hw_platform_0/system.hdf'.
13:27:35 INFO  : 'configparams force-mem-access 1' command is executed.
13:27:35 INFO  : Context for 'APU' is selected.
13:27:35 INFO  : 'ps7_init' command is executed.
13:27:35 INFO  : 'ps7_post_config' command is executed.
13:27:35 INFO  : Context for processor 'ps7_cortexa9_0' is selected.
13:27:36 INFO  : The application 'D:/Sem_6/AELD/Labs/Lab_3/Lab_3.sdk/Lab_4/Debug/Lab_4.elf' is downloaded to processor 'ps7_cortexa9_0'.
13:27:36 INFO  : 'configparams force-mem-access 0' command is executed.
13:27:36 INFO  : ----------------XSDB Script----------------
connect -url tcp:127.0.0.1:3121
source D:/Sem_6/AELD/Labs/Lab_3/Lab_3.sdk/design_1_wrapper_hw_platform_0/ps7_init.tcl
targets -set -nocase -filter {name =~"APU*" && jtag_cable_name =~ "Digilent Zed 210248685248"} -index 0
rst -system
after 3000
targets -set -filter {jtag_cable_name =~ "Digilent Zed 210248685248" && level==0} -index 1
fpga -file D:/Sem_6/AELD/Labs/Lab_3/Lab_3.sdk/design_1_wrapper_hw_platform_0/design_1_wrapper.bit
targets -set -nocase -filter {name =~"APU*" && jtag_cable_name =~ "Digilent Zed 210248685248"} -index 0
loadhw -hw D:/Sem_6/AELD/Labs/Lab_3/Lab_3.sdk/design_1_wrapper_hw_platform_0/system.hdf -mem-ranges [list {0x40000000 0xbfffffff}]
configparams force-mem-access 1
targets -set -nocase -filter {name =~"APU*" && jtag_cable_name =~ "Digilent Zed 210248685248"} -index 0
ps7_init
ps7_post_config
targets -set -nocase -filter {name =~ "ARM*#0" && jtag_cable_name =~ "Digilent Zed 210248685248"} -index 0
dow D:/Sem_6/AELD/Labs/Lab_3/Lab_3.sdk/Lab_4/Debug/Lab_4.elf
configparams force-mem-access 0
----------------End of Script----------------

13:27:36 INFO  : Memory regions updated for context APU
13:27:36 INFO  : Context for processor 'ps7_cortexa9_0' is selected.
13:27:36 INFO  : 'con' command is executed.
13:27:36 INFO  : ----------------XSDB Script (After Launch)----------------
targets -set -nocase -filter {name =~ "ARM*#0" && jtag_cable_name =~ "Digilent Zed 210248685248"} -index 0
con
----------------End of Script----------------

13:27:36 INFO  : Launch script is exported to file 'D:\Sem_6\AELD\Labs\Lab_3\Lab_3.sdk\.sdk\launch_scripts\xilinx_c-c++_application_(system_debugger)\system_debugger_using_debug_lab_4.elf_on_local.tcl'
13:30:32 INFO  : Refreshed build settings on project Lab_4
13:30:52 INFO  : Disconnected from the channel tcfchan#1.
13:30:53 INFO  : Connected to target on host '127.0.0.1' and port '3121'.
13:30:53 INFO  : Jtag cable 'Digilent Zed 210248685248' is selected.
13:30:53 INFO  : 'jtag frequency' command is executed.
13:30:53 INFO  : Sourcing of 'D:/Sem_6/AELD/Labs/Lab_3/Lab_3.sdk/design_1_wrapper_hw_platform_0/ps7_init.tcl' is done.
13:30:53 INFO  : Context for 'APU' is selected.
13:30:53 INFO  : System reset is completed.
13:30:56 INFO  : 'after 3000' command is executed.
13:30:56 INFO  : 'targets -set -filter {jtag_cable_name =~ "Digilent Zed 210248685248" && level==0} -index 1' command is executed.
13:30:58 INFO  : FPGA configured successfully with bitstream "D:/Sem_6/AELD/Labs/Lab_3/Lab_3.sdk/design_1_wrapper_hw_platform_0/design_1_wrapper.bit"
13:30:59 INFO  : Context for 'APU' is selected.
13:31:00 INFO  : Hardware design information is loaded from 'D:/Sem_6/AELD/Labs/Lab_3/Lab_3.sdk/design_1_wrapper_hw_platform_0/system.hdf'.
13:31:00 INFO  : 'configparams force-mem-access 1' command is executed.
13:31:00 INFO  : Context for 'APU' is selected.
13:31:00 INFO  : 'ps7_init' command is executed.
13:31:00 INFO  : 'ps7_post_config' command is executed.
13:31:00 INFO  : Context for processor 'ps7_cortexa9_0' is selected.
13:31:00 INFO  : The application 'D:/Sem_6/AELD/Labs/Lab_3/Lab_3.sdk/Lab_4/Debug/Lab_4.elf' is downloaded to processor 'ps7_cortexa9_0'.
13:31:00 INFO  : 'configparams force-mem-access 0' command is executed.
13:31:00 INFO  : ----------------XSDB Script----------------
connect -url tcp:127.0.0.1:3121
source D:/Sem_6/AELD/Labs/Lab_3/Lab_3.sdk/design_1_wrapper_hw_platform_0/ps7_init.tcl
targets -set -nocase -filter {name =~"APU*" && jtag_cable_name =~ "Digilent Zed 210248685248"} -index 0
rst -system
after 3000
targets -set -filter {jtag_cable_name =~ "Digilent Zed 210248685248" && level==0} -index 1
fpga -file D:/Sem_6/AELD/Labs/Lab_3/Lab_3.sdk/design_1_wrapper_hw_platform_0/design_1_wrapper.bit
targets -set -nocase -filter {name =~"APU*" && jtag_cable_name =~ "Digilent Zed 210248685248"} -index 0
loadhw -hw D:/Sem_6/AELD/Labs/Lab_3/Lab_3.sdk/design_1_wrapper_hw_platform_0/system.hdf -mem-ranges [list {0x40000000 0xbfffffff}]
configparams force-mem-access 1
targets -set -nocase -filter {name =~"APU*" && jtag_cable_name =~ "Digilent Zed 210248685248"} -index 0
ps7_init
ps7_post_config
targets -set -nocase -filter {name =~ "ARM*#0" && jtag_cable_name =~ "Digilent Zed 210248685248"} -index 0
dow D:/Sem_6/AELD/Labs/Lab_3/Lab_3.sdk/Lab_4/Debug/Lab_4.elf
configparams force-mem-access 0
----------------End of Script----------------

13:31:01 INFO  : Memory regions updated for context APU
13:31:01 INFO  : Context for processor 'ps7_cortexa9_0' is selected.
13:31:01 INFO  : 'con' command is executed.
13:31:01 INFO  : ----------------XSDB Script (After Launch)----------------
targets -set -nocase -filter {name =~ "ARM*#0" && jtag_cable_name =~ "Digilent Zed 210248685248"} -index 0
con
----------------End of Script----------------

13:31:01 INFO  : Launch script is exported to file 'D:\Sem_6\AELD\Labs\Lab_3\Lab_3.sdk\.sdk\launch_scripts\xilinx_c-c++_application_(system_debugger)\system_debugger_using_debug_lab_4.elf_on_local.tcl'
13:31:27 INFO  : Disconnected from the channel tcfchan#2.
