#-----------------------------------------------------------
# xsim v2019.1 (64-bit)
# SW Build 2552052 on Fri May 24 14:49:42 MDT 2019
# IP Build 2548770 on Fri May 24 18:01:18 MDT 2019
# Start of session at: Sun Apr  6 21:06:41 2025
# Process ID: 22808
# Current directory: D:/Sem_6/AELD/Labs/Lab_8_HLS/solution3/sim/verilog
# Command line: xsim.exe -mode tcl -source {xsim.dir/matrixmul_3/xsim_script.tcl}
# Log file: D:/Sem_6/AELD/Labs/Lab_8_HLS/solution3/sim/verilog/xsim.log
# Journal file: D:/Sem_6/AELD/Labs/Lab_8_HLS/solution3/sim/verilog\xsim.jou
#-----------------------------------------------------------
source xsim.dir/matrixmul_3/xsim_script.tcl
# xsim {matrixmul_3} -autoloadwcfg -tclbatch {matrixmul_3.tcl}
Vivado Simulator 2019.1
Time resolution is 1 ps
source matrixmul_3.tcl
## log_wave -r /
WARNING: [Simtcl 6-197] One or more HDL objects could not be logged because of object type or size limitations.  To see details please rerun the command with -verbose (-v).
## set designtopgroup [add_wave_group "Design Top Signals"]
## set coutputgroup [add_wave_group "C Outputs" -into $designtopgroup]
## set out_C_group [add_wave_group out_C(axis) -into $coutputgroup]
## add_wave /apatb_matrixmul_3_top/AESL_inst_matrixmul_3/out_C_TLAST -into $out_C_group -color #ffff00 -radix hex
## add_wave /apatb_matrixmul_3_top/AESL_inst_matrixmul_3/out_C_TREADY -into $out_C_group -color #ffff00 -radix hex
## add_wave /apatb_matrixmul_3_top/AESL_inst_matrixmul_3/out_C_TVALID -into $out_C_group -color #ffff00 -radix hex
## add_wave /apatb_matrixmul_3_top/AESL_inst_matrixmul_3/out_C_TDATA -into $out_C_group -radix hex
## set cinputgroup [add_wave_group "C Inputs" -into $designtopgroup]
## set in_A_group [add_wave_group in_A(axis) -into $cinputgroup]
## add_wave /apatb_matrixmul_3_top/AESL_inst_matrixmul_3/in_A_TLAST -into $in_A_group -color #ffff00 -radix hex
## add_wave /apatb_matrixmul_3_top/AESL_inst_matrixmul_3/in_A_TREADY -into $in_A_group -color #ffff00 -radix hex
## add_wave /apatb_matrixmul_3_top/AESL_inst_matrixmul_3/in_A_TVALID -into $in_A_group -color #ffff00 -radix hex
## add_wave /apatb_matrixmul_3_top/AESL_inst_matrixmul_3/in_A_TDATA -into $in_A_group -radix hex
## set resetgroup [add_wave_group "Reset" -into $designtopgroup]
## add_wave /apatb_matrixmul_3_top/AESL_inst_matrixmul_3/ap_rst_n -into $resetgroup
## set clockgroup [add_wave_group "Clock" -into $designtopgroup]
## add_wave /apatb_matrixmul_3_top/AESL_inst_matrixmul_3/ap_clk -into $clockgroup
## set testbenchgroup [add_wave_group "Test Bench Signals"]
## set tbinternalsiggroup [add_wave_group "Internal Signals" -into $testbenchgroup]
## set tb_simstatus_group [add_wave_group "Simulation Status" -into $tbinternalsiggroup]
## set tb_portdepth_group [add_wave_group "Port Depth" -into $tbinternalsiggroup]
## add_wave /apatb_matrixmul_3_top/AUTOTB_TRANSACTION_NUM -into $tb_simstatus_group -radix hex
## add_wave /apatb_matrixmul_3_top/ready_cnt -into $tb_simstatus_group -radix hex
## add_wave /apatb_matrixmul_3_top/done_cnt -into $tb_simstatus_group -radix hex
## add_wave /apatb_matrixmul_3_top/ap_c_n_tvin_trans_num_in_A_V_data -into $tb_simstatus_group -radix hex
## add_wave /apatb_matrixmul_3_top/ap_c_n_tvin_trans_num_in_A_V_last_V -into $tb_simstatus_group -radix hex
## add_wave /apatb_matrixmul_3_top/ap_c_n_tvout_trans_num_out_C_V_data -into $tb_simstatus_group -radix hex
## add_wave /apatb_matrixmul_3_top/ap_c_n_tvout_trans_num_out_C_V_last_V -into $tb_simstatus_group -radix hex
## add_wave /apatb_matrixmul_3_top/LENGTH_in_A_V_data -into $tb_portdepth_group -radix hex
## add_wave /apatb_matrixmul_3_top/LENGTH_in_A_V_last_V -into $tb_portdepth_group -radix hex
## add_wave /apatb_matrixmul_3_top/LENGTH_out_C_V_data -into $tb_portdepth_group -radix hex
## add_wave /apatb_matrixmul_3_top/LENGTH_out_C_V_last_V -into $tb_portdepth_group -radix hex
## set tbcoutputgroup [add_wave_group "C Outputs" -into $testbenchgroup]
## set tb_out_C_group [add_wave_group out_C(axis) -into $tbcoutputgroup]
## add_wave /apatb_matrixmul_3_top/out_C_TLAST -into $tb_out_C_group -color #ffff00 -radix hex
## add_wave /apatb_matrixmul_3_top/out_C_TREADY -into $tb_out_C_group -color #ffff00 -radix hex
## add_wave /apatb_matrixmul_3_top/out_C_TVALID -into $tb_out_C_group -color #ffff00 -radix hex
## add_wave /apatb_matrixmul_3_top/out_C_TDATA -into $tb_out_C_group -radix hex
## set tbcinputgroup [add_wave_group "C Inputs" -into $testbenchgroup]
## set tb_in_A_group [add_wave_group in_A(axis) -into $tbcinputgroup]
## add_wave /apatb_matrixmul_3_top/in_A_TLAST -into $tb_in_A_group -color #ffff00 -radix hex
## add_wave /apatb_matrixmul_3_top/in_A_TREADY -into $tb_in_A_group -color #ffff00 -radix hex
## add_wave /apatb_matrixmul_3_top/in_A_TVALID -into $tb_in_A_group -color #ffff00 -radix hex
## add_wave /apatb_matrixmul_3_top/in_A_TDATA -into $tb_in_A_group -radix hex
## save_wave_config matrixmul_3.wcfg
## run all
Warning: OPMODE Input Warning : The OPMODE 0110X0X with CARRYINSEL  000 to DSP48E1 instance is invalid.
Time: 100010 ps  Iteration: 0  Process: /apatb_matrixmul_3_top/AESL_inst_matrixmul_3/matrixmul_3_fadd_sc4_U8/matrixmul_3_ap_fadd_3_full_dsp_32_u/U0/i_synth/addsub_op/ADDSUB/dsp/OP/dsp48e1_body/ALIGN_ADD/DSP2/DSP/prcs_opmode_drc  File: C:\Xilinx\Vivado\2019.1\data/vhdl/src/unisims/primitive/DSP48E1.vhd
Warning: OPMODE Input Warning : The OPMODE 0110X0X with CARRYINSEL  000 to DSP48E1 instance is invalid.
Time: 100010 ps  Iteration: 0  Process: /apatb_matrixmul_3_top/AESL_inst_matrixmul_3/matrixmul_3_fadd_sc4_U7/matrixmul_3_ap_fadd_3_full_dsp_32_u/U0/i_synth/addsub_op/ADDSUB/dsp/OP/dsp48e1_body/ALIGN_ADD/DSP2/DSP/prcs_opmode_drc  File: C:\Xilinx\Vivado\2019.1\data/vhdl/src/unisims/primitive/DSP48E1.vhd
Warning: OPMODE Input Warning : The OPMODE 0110X0X with CARRYINSEL  000 to DSP48E1 instance is invalid.
Time: 100010 ps  Iteration: 0  Process: /apatb_matrixmul_3_top/AESL_inst_matrixmul_3/matrixmul_3_fadd_sc4_U6/matrixmul_3_ap_fadd_3_full_dsp_32_u/U0/i_synth/addsub_op/ADDSUB/dsp/OP/dsp48e1_body/ALIGN_ADD/DSP2/DSP/prcs_opmode_drc  File: C:\Xilinx\Vivado\2019.1\data/vhdl/src/unisims/primitive/DSP48E1.vhd
Warning: OPMODE Input Warning : The OPMODE 0110X0X with CARRYINSEL  000 to DSP48E1 instance is invalid.
Time: 100010 ps  Iteration: 0  Process: /apatb_matrixmul_3_top/AESL_inst_matrixmul_3/matrixmul_3_fadd_sc4_U5/matrixmul_3_ap_fadd_3_full_dsp_32_u/U0/i_synth/addsub_op/ADDSUB/dsp/OP/dsp48e1_body/ALIGN_ADD/DSP2/DSP/prcs_opmode_drc  File: C:\Xilinx\Vivado\2019.1\data/vhdl/src/unisims/primitive/DSP48E1.vhd
Warning: OPMODE Input Warning : The OPMODE 0110X0X with CARRYINSEL  000 to DSP48E1 instance is invalid.
Time: 100010 ps  Iteration: 0  Process: /apatb_matrixmul_3_top/AESL_inst_matrixmul_3/matrixmul_3_fadd_sc4_U4/matrixmul_3_ap_fadd_3_full_dsp_32_u/U0/i_synth/addsub_op/ADDSUB/dsp/OP/dsp48e1_body/ALIGN_ADD/DSP2/DSP/prcs_opmode_drc  File: C:\Xilinx\Vivado\2019.1\data/vhdl/src/unisims/primitive/DSP48E1.vhd
Warning: OPMODE Input Warning : The OPMODE 0110X0X with CARRYINSEL  000 to DSP48E1 instance is invalid.
Time: 100010 ps  Iteration: 0  Process: /apatb_matrixmul_3_top/AESL_inst_matrixmul_3/matrixmul_3_fadd_sc4_U3/matrixmul_3_ap_fadd_3_full_dsp_32_u/U0/i_synth/addsub_op/ADDSUB/dsp/OP/dsp48e1_body/ALIGN_ADD/DSP2/DSP/prcs_opmode_drc  File: C:\Xilinx\Vivado\2019.1\data/vhdl/src/unisims/primitive/DSP48E1.vhd
Warning: OPMODE Input Warning : The OPMODE 0110X0X with CARRYINSEL  000 to DSP48E1 instance is invalid.
Time: 100010 ps  Iteration: 0  Process: /apatb_matrixmul_3_top/AESL_inst_matrixmul_3/matrixmul_3_fadd_sc4_U2/matrixmul_3_ap_fadd_3_full_dsp_32_u/U0/i_synth/addsub_op/ADDSUB/dsp/OP/dsp48e1_body/ALIGN_ADD/DSP2/DSP/prcs_opmode_drc  File: C:\Xilinx\Vivado\2019.1\data/vhdl/src/unisims/primitive/DSP48E1.vhd
////////////////////////////////////////////////////////////////////////////////////
// Inter-Transaction Progress: Completed Transaction / Total Transaction
// Intra-Transaction Progress: Measured Latency / Latency Estimation * 100%
//
// RTL Simulation : "Inter-Transaction Progress" ["Intra-Transaction Progress"] @ "Simulation Time"
////////////////////////////////////////////////////////////////////////////////////
// RTL Simulation : 0 / 1 [0.00%] @ "125000"
// RTL Simulation : 1 / 1 [100.00%] @ "3225000"
////////////////////////////////////////////////////////////////////////////////////
$finish called at time : 3265 ns : File "D:/Sem_6/AELD/Labs/Lab_8_HLS/solution3/sim/verilog/matrixmul_3.autotb.v" Line 218
## quit
INFO: [Common 17-206] Exiting xsim at Sun Apr  6 21:06:51 2025...
