#-----------------------------------------------------------
# Webtalk v2019.1 (64-bit)
# SW Build 2552052 on Fri May 24 14:49:42 MDT 2019
# 
# Start of session at: Sat Jan 25 12:42:08 2025
# Process ID: 9248
# Current directory: D:/Sem_6/AELD/Labs/Lab_2_HW/Lab_2_HW.sdk/webtalk
# Command line: wbtcv.exe -mode batch -source sdk_webtalk.tcl
# Log file: D:/Sem_6/AELD/Labs/Lab_2_HW/Lab_2_HW.sdk/webtalk/webtalk.log
# Journal file: D:/Sem_6/AELD/Labs/Lab_2_HW/Lab_2_HW.sdk/webtalk\webtalk.jou
#-----------------------------------------------------------
source sdk_webtalk.tcl
# webtalk_init -webtalk_dir D:\\Sem_6\\AELD\\Labs\\Lab_2_HW\\Lab_2_HW.sdk\\webtalk
# webtalk_register_client -client project
# webtalk_add_data -client project -key date_generated -value "2025-01-25 12:42:07" -context "software_version_and_target_device"
# webtalk_add_data -client project -key product_version -value "SDK v2019.1" -context "software_version_and_target_device"
# webtalk_add_data -client project -key build_version -value "2019.1" -context "software_version_and_target_device"
# webtalk_add_data -client project -key os_platform -value "amd64" -context "software_version_and_target_device"
# webtalk_add_data -client project -key registration_id -value "211433259_1777510721_210765779_928" -context "software_version_and_target_device"
# webtalk_add_data -client project -key tool_flow -value "SDK" -context "software_version_and_target_device"
# webtalk_add_data -client project -key beta -value "false" -context "software_version_and_target_device"
# webtalk_add_data -client project -key route_design -value "NA" -context "software_version_and_target_device"
# webtalk_add_data -client project -key target_family -value "NA" -context "software_version_and_target_device"
# webtalk_add_data -client project -key target_device -value "NA" -context "software_version_and_target_device"
# webtalk_add_data -client project -key target_package -value "NA" -context "software_version_and_target_device"
# webtalk_add_data -client project -key target_speed -value "NA" -context "software_version_and_target_device"
# webtalk_add_data -client project -key random_id -value "mvhgabj2sknsp4fve83n422bsb" -context "software_version_and_target_device"
# webtalk_add_data -client project -key project_id -value "2019.1_12" -context "software_version_and_target_device"
# webtalk_add_data -client project -key project_iteration -value "12" -context "software_version_and_target_device"
# webtalk_add_data -client project -key os_name -value "Microsoft Windows 8 or later , 64-bit" -context "user_environment"
# webtalk_add_data -client project -key os_release -value "major release  (build 9200)" -context "user_environment"
# webtalk_add_data -client project -key cpu_name -value "12th Gen Intel(R) Core(TM) i7-12800HX" -context "user_environment"
# webtalk_add_data -client project -key cpu_speed -value "2304 MHz" -context "user_environment"
# webtalk_add_data -client project -key total_processors -value "1" -context "user_environment"
# webtalk_add_data -client project -key system_ram -value "34.011 GB" -context "user_environment"
# webtalk_register_client -client sdk
# webtalk_add_data -client sdk -key uid -value "1737780960172" -context "sdk\\\\hardware/1737780960172"
# webtalk_add_data -client sdk -key isZynq -value "true" -context "sdk\\\\hardware/1737780960172"
# webtalk_add_data -client sdk -key isZynqMP -value "false" -context "sdk\\\\hardware/1737780960172"
# webtalk_add_data -client sdk -key Processors -value "2" -context "sdk\\\\hardware/1737780960172"
# webtalk_add_data -client sdk -key VivadoVersion -value "2019.1" -context "sdk\\\\hardware/1737780960172"
# webtalk_add_data -client sdk -key Arch -value "zynq" -context "sdk\\\\hardware/1737780960172"
# webtalk_add_data -client sdk -key Device -value "7z020" -context "sdk\\\\hardware/1737780960172"
# webtalk_add_data -client sdk -key IsHandoff -value "true" -context "sdk\\\\hardware/1737780960172"
# webtalk_add_data -client sdk -key os -value "NA" -context "sdk\\\\hardware/1737780960172"
# webtalk_add_data -client sdk -key apptemplate -value "NA" -context "sdk\\\\hardware/1737780960172"
# webtalk_add_data -client sdk -key RecordType -value "HWCreation" -context "sdk\\\\hardware/1737780960172"
# webtalk_add_data -client sdk -key uid -value "1737781005322" -context "sdk\\\\bsp/1737781005322"
# webtalk_add_data -client sdk -key hwid -value "1737780960172" -context "sdk\\\\bsp/1737781005322"
# webtalk_add_data -client sdk -key os -value "standalone" -context "sdk\\\\bsp/1737781005322"
# webtalk_add_data -client sdk -key apptemplate -value "hello_world" -context "sdk\\\\bsp/1737781005322"
# webtalk_add_data -client sdk -key RecordType -value "BSPCreation" -context "sdk\\\\bsp/1737781005322"
# webtalk_add_data -client sdk -key uid -value "1737781008500" -context "sdk\\\\application/1737781008500"
# webtalk_add_data -client sdk -key hwid -value "1737780960172" -context "sdk\\\\application/1737781008500"
# webtalk_add_data -client sdk -key bspid -value "1737781005322" -context "sdk\\\\application/1737781008500"
# webtalk_add_data -client sdk -key newbsp -value "true" -context "sdk\\\\application/1737781008500"
# webtalk_add_data -client sdk -key os -value "standalone" -context "sdk\\\\application/1737781008500"
# webtalk_add_data -client sdk -key apptemplate -value "hello_world" -context "sdk\\\\application/1737781008500"
# webtalk_add_data -client sdk -key RecordType -value "APPCreation" -context "sdk\\\\application/1737781008500"
# webtalk_add_data -client sdk -key LangUsed -value "C" -context "sdk\\\\application/1737781008500"
# webtalk_add_data -client sdk -key Procused -value "ps7_cortexa9" -context "sdk\\\\application/1737781008500"
# webtalk_add_data -client sdk -key projSize -value "244.1640625" -context "sdk\\\\application/1737781008500"
# webtalk_add_data -client sdk -key uid -value "NA" -context "sdk\\\\bsp/1737789127656"
# webtalk_add_data -client sdk -key RecordType -value "ToolUsage" -context "sdk\\\\bsp/1737789127656"
# webtalk_add_data -client sdk -key BootgenCount -value "0" -context "sdk\\\\bsp/1737789127656"
# webtalk_add_data -client sdk -key DebugCount -value "1" -context "sdk\\\\bsp/1737789127656"
# webtalk_add_data -client sdk -key PerfCount -value "0" -context "sdk\\\\bsp/1737789127656"
# webtalk_add_data -client sdk -key FlashCount -value "0" -context "sdk\\\\bsp/1737789127656"
# webtalk_add_data -client sdk -key CrossTriggCount -value "0" -context "sdk\\\\bsp/1737789127656"
# webtalk_add_data -client sdk -key QemuDebugCount -value "0" -context "sdk\\\\bsp/1737789127656"
# webtalk_transmit -clientid 2240378815 -regid "211433259_1777510721_210765779_928" -xml D:\\Sem_6\\AELD\\Labs\\Lab_2_HW\\Lab_2_HW.sdk\\webtalk\\usage_statistics_ext_sdk.xml -html D:\\Sem_6\\AELD\\Labs\\Lab_2_HW\\Lab_2_HW.sdk\\webtalk\\usage_statistics_ext_sdk.html -wdm D:\\Sem_6\\AELD\\Labs\\Lab_2_HW\\Lab_2_HW.sdk\\webtalk\\sdk_webtalk.wdm -intro "<H3>SDK Usage Report</H3><BR>"
# webtalk_terminate
INFO: [Common 17-206] Exiting Webtalk at Sat Jan 25 12:42:10 2025...
