20:24:55 INFO  : Registering command handlers for SDK TCF services
20:24:56 INFO  : Launching XSCT server: xsct.bat -interactive D:\Sem_6\AELD\Labs\Midsem_Prep\ACP_HP_both\ACP_HP_both.sdk\temp_xsdb_launch_script.tcl
20:24:59 INFO  : XSCT server has started successfully.
20:24:59 INFO  : Successfully done setting XSCT server connection channel  
20:24:59 INFO  : Successfully done setting SDK workspace  
20:24:59 INFO  : Processing command line option -hwspec D:/Sem_6/AELD/Labs/Midsem_Prep/ACP_HP_both/ACP_HP_both.sdk/design_1_wrapper.hdf.
21:02:58 INFO  : Refreshed build settings on project ACP_HP_both
23:12:07 INFO  : Connected through redirection to target on host '192.168.226.142' and port '55239'.
23:12:09 INFO  : Jtag cable 'Digilent Zed 210248A39C95' is selected.
23:12:09 INFO  : 'jtag frequency' command is executed.
23:12:09 INFO  : 'set bp_12_8_0 [bpadd -target-id all -ct-input {0} -ct-output {24 25 26 27}]' command is executed.
23:12:09 INFO  : 'set bp_12_8_1 [bpadd -target-id all -ct-input {24 25 26 27} -ct-output {0}]' command is executed.
23:12:09 INFO  : Sourcing of 'D:/Sem_6/AELD/Labs/Midsem_Prep/ACP_HP_both/ACP_HP_both.sdk/design_1_wrapper_hw_platform_0/ps7_init.tcl' is done.
23:12:10 INFO  : Context for 'APU' is selected.
23:12:11 INFO  : System reset is completed.
23:12:14 INFO  : 'after 3000' command is executed.
23:12:14 INFO  : 'targets -set -filter {jtag_cable_name =~ "Digilent Zed 210248A39C95" && level==0} -index 1' command is executed.
23:12:20 INFO  : FPGA configured successfully with bitstream "D:/Sem_6/AELD/Labs/Midsem_Prep/ACP_HP_both/ACP_HP_both.sdk/design_1_wrapper_hw_platform_0/design_1_wrapper.bit"
23:12:20 INFO  : Context for 'APU' is selected.
23:12:20 INFO  : Hardware design information is loaded from 'D:/Sem_6/AELD/Labs/Midsem_Prep/ACP_HP_both/ACP_HP_both.sdk/design_1_wrapper_hw_platform_0/system.hdf'.
23:12:21 INFO  : 'configparams force-mem-access 1' command is executed.
23:12:21 INFO  : Context for 'APU' is selected.
23:12:35 INFO  : 'ps7_init' command is executed.
23:12:36 INFO  : 'ps7_post_config' command is executed.
23:12:36 INFO  : Context for processor 'ps7_cortexa9_0' is selected.
23:12:36 INFO  : The application 'D:/Sem_6/AELD/Labs/Midsem_Prep/ACP_HP_both/ACP_HP_both.sdk/ACP_HP_both/Debug/ACP_HP_both.elf' is downloaded to processor 'ps7_cortexa9_0'.
23:12:36 INFO  : 'configparams force-mem-access 0' command is executed.
23:12:36 INFO  : ----------------XSDB Script----------------
connect -path [list tcp::1534 tcp:192.168.226.142:55239]
set bp_12_8_0 [bpadd -target-id all -ct-input {0} -ct-output {24 25 26 27}]
set bp_12_8_1 [bpadd -target-id all -ct-input {24 25 26 27} -ct-output {0}]
source D:/Sem_6/AELD/Labs/Midsem_Prep/ACP_HP_both/ACP_HP_both.sdk/design_1_wrapper_hw_platform_0/ps7_init.tcl
targets -set -nocase -filter {name =~"APU*" && jtag_cable_name =~ "Digilent Zed 210248A39C95"} -index 0
rst -system
after 3000
targets -set -filter {jtag_cable_name =~ "Digilent Zed 210248A39C95" && level==0} -index 1
fpga -file D:/Sem_6/AELD/Labs/Midsem_Prep/ACP_HP_both/ACP_HP_both.sdk/design_1_wrapper_hw_platform_0/design_1_wrapper.bit
targets -set -nocase -filter {name =~"APU*" && jtag_cable_name =~ "Digilent Zed 210248A39C95"} -index 0
loadhw -hw D:/Sem_6/AELD/Labs/Midsem_Prep/ACP_HP_both/ACP_HP_both.sdk/design_1_wrapper_hw_platform_0/system.hdf -mem-ranges [list {0x40000000 0xbfffffff}]
configparams force-mem-access 1
targets -set -nocase -filter {name =~"APU*" && jtag_cable_name =~ "Digilent Zed 210248A39C95"} -index 0
ps7_init
ps7_post_config
targets -set -nocase -filter {name =~ "ARM*#0" && jtag_cable_name =~ "Digilent Zed 210248A39C95"} -index 0
dow D:/Sem_6/AELD/Labs/Midsem_Prep/ACP_HP_both/ACP_HP_both.sdk/ACP_HP_both/Debug/ACP_HP_both.elf
configparams force-mem-access 0
----------------End of Script----------------

23:12:37 INFO  : Memory regions updated for context APU
23:12:38 INFO  : Context for processor 'ps7_cortexa9_0' is selected.
23:12:38 INFO  : 'con' command is executed.
23:12:38 INFO  : ----------------XSDB Script (After Launch)----------------
targets -set -nocase -filter {name =~ "ARM*#0" && jtag_cable_name =~ "Digilent Zed 210248A39C95"} -index 0
con
----------------End of Script----------------

23:12:38 INFO  : Launch script is exported to file 'D:\Sem_6\AELD\Labs\Midsem_Prep\ACP_HP_both\ACP_HP_both.sdk\.sdk\launch_scripts\xilinx_c-c++_application_(system_debugger)\system_debugger_using_debug_acp_hp_both.elf_on_zed.tcl'
23:15:17 WARN  : channel "tcfchan#1" closed
23:15:17 INFO  : 'bpremove $bp_12_8_0' command is executed.
23:15:17 INFO  : 'bpremove $bp_12_8_1' command is executed.
23:15:51 INFO  : Connected through redirection to target on host '192.168.226.142' and port '49753'.
23:16:10 INFO  : ----------------XSDB Script----------------
connect -path [list tcp::1534 tcp:192.168.226.142:49753]
----------------End of Script----------------

23:17:21 INFO  : Connected through redirection to target on host '192.168.226.142' and port '58103'.
23:17:22 INFO  : Jtag cable 'Digilent Zed 210248722230' is selected.
23:17:22 INFO  : 'jtag frequency' command is executed.
23:17:22 INFO  : 'set bp_17_21_0 [bpadd -target-id all -ct-input {0} -ct-output {24 25 26 27}]' command is executed.
23:17:22 INFO  : 'set bp_17_21_1 [bpadd -target-id all -ct-input {24 25 26 27} -ct-output {0}]' command is executed.
23:17:22 INFO  : Sourcing of 'D:/Sem_6/AELD/Labs/Midsem_Prep/ACP_HP_both/ACP_HP_both.sdk/design_1_wrapper_hw_platform_0/ps7_init.tcl' is done.
23:17:22 INFO  : Context for 'APU' is selected.
23:17:23 INFO  : System reset is completed.
23:17:26 INFO  : 'after 3000' command is executed.
23:17:27 INFO  : 'targets -set -filter {jtag_cable_name =~ "Digilent Zed 210248722230" && level==0} -index 1' command is executed.
23:17:32 INFO  : FPGA configured successfully with bitstream "D:/Sem_6/AELD/Labs/Midsem_Prep/ACP_HP_both/ACP_HP_both.sdk/design_1_wrapper_hw_platform_0/design_1_wrapper.bit"
23:17:32 INFO  : Context for 'APU' is selected.
23:17:32 INFO  : Hardware design information is loaded from 'D:/Sem_6/AELD/Labs/Midsem_Prep/ACP_HP_both/ACP_HP_both.sdk/design_1_wrapper_hw_platform_0/system.hdf'.
23:17:32 INFO  : 'configparams force-mem-access 1' command is executed.
23:17:32 INFO  : Context for 'APU' is selected.
23:17:48 INFO  : 'ps7_init' command is executed.
23:17:48 INFO  : 'ps7_post_config' command is executed.
23:17:49 INFO  : Context for processor 'ps7_cortexa9_0' is selected.
23:17:50 INFO  : The application 'D:/Sem_6/AELD/Labs/Midsem_Prep/ACP_HP_both/ACP_HP_both.sdk/ACP_HP_both/Debug/ACP_HP_both.elf' is downloaded to processor 'ps7_cortexa9_0'.
23:17:50 INFO  : 'configparams force-mem-access 0' command is executed.
23:17:50 INFO  : ----------------XSDB Script----------------
connect -path [list tcp::1534 tcp:192.168.226.142:58103]
set bp_17_21_0 [bpadd -target-id all -ct-input {0} -ct-output {24 25 26 27}]
set bp_17_21_1 [bpadd -target-id all -ct-input {24 25 26 27} -ct-output {0}]
source D:/Sem_6/AELD/Labs/Midsem_Prep/ACP_HP_both/ACP_HP_both.sdk/design_1_wrapper_hw_platform_0/ps7_init.tcl
targets -set -nocase -filter {name =~"APU*" && jtag_cable_name =~ "Digilent Zed 210248722230"} -index 0
rst -system
after 3000
targets -set -filter {jtag_cable_name =~ "Digilent Zed 210248722230" && level==0} -index 1
fpga -file D:/Sem_6/AELD/Labs/Midsem_Prep/ACP_HP_both/ACP_HP_both.sdk/design_1_wrapper_hw_platform_0/design_1_wrapper.bit
targets -set -nocase -filter {name =~"APU*" && jtag_cable_name =~ "Digilent Zed 210248722230"} -index 0
loadhw -hw D:/Sem_6/AELD/Labs/Midsem_Prep/ACP_HP_both/ACP_HP_both.sdk/design_1_wrapper_hw_platform_0/system.hdf -mem-ranges [list {0x40000000 0xbfffffff}]
configparams force-mem-access 1
targets -set -nocase -filter {name =~"APU*" && jtag_cable_name =~ "Digilent Zed 210248722230"} -index 0
ps7_init
ps7_post_config
targets -set -nocase -filter {name =~ "ARM*#0" && jtag_cable_name =~ "Digilent Zed 210248722230"} -index 0
dow D:/Sem_6/AELD/Labs/Midsem_Prep/ACP_HP_both/ACP_HP_both.sdk/ACP_HP_both/Debug/ACP_HP_both.elf
configparams force-mem-access 0
----------------End of Script----------------

23:17:51 INFO  : Memory regions updated for context APU
23:17:52 INFO  : Context for processor 'ps7_cortexa9_0' is selected.
23:17:52 INFO  : 'con' command is executed.
23:17:52 INFO  : ----------------XSDB Script (After Launch)----------------
targets -set -nocase -filter {name =~ "ARM*#0" && jtag_cable_name =~ "Digilent Zed 210248722230"} -index 0
con
----------------End of Script----------------

23:17:52 INFO  : Launch script is exported to file 'D:\Sem_6\AELD\Labs\Midsem_Prep\ACP_HP_both\ACP_HP_both.sdk\.sdk\launch_scripts\xilinx_c-c++_application_(system_debugger)\system_debugger_using_debug_acp_hp_both.elf_on_zed.tcl'
23:26:01 INFO  : Disconnected from the channel tcfchan#3.
23:26:01 INFO  : 'bpremove $bp_17_21_0' command is executed.
23:26:01 INFO  : 'bpremove $bp_17_21_1' command is executed.
23:26:02 INFO  : Connected through redirection to target on host '192.168.226.142' and port '58103'.
23:26:03 INFO  : Jtag cable 'Digilent Zed 210248722230' is selected.
23:26:03 INFO  : 'jtag frequency' command is executed.
23:26:03 INFO  : 'set bp_26_3_0 [bpadd -target-id all -ct-input {0} -ct-output {24 25 26 27}]' command is executed.
23:26:03 INFO  : 'set bp_26_3_1 [bpadd -target-id all -ct-input {24 25 26 27} -ct-output {0}]' command is executed.
23:26:03 INFO  : Sourcing of 'D:/Sem_6/AELD/Labs/Midsem_Prep/ACP_HP_both/ACP_HP_both.sdk/design_1_wrapper_hw_platform_0/ps7_init.tcl' is done.
23:26:03 INFO  : Context for 'APU' is selected.
23:26:05 INFO  : System reset is completed.
23:26:08 INFO  : 'after 3000' command is executed.
23:26:08 INFO  : 'targets -set -filter {jtag_cable_name =~ "Digilent Zed 210248722230" && level==0} -index 1' command is executed.
23:26:12 INFO  : FPGA configured successfully with bitstream "D:/Sem_6/AELD/Labs/Midsem_Prep/ACP_HP_both/ACP_HP_both.sdk/design_1_wrapper_hw_platform_0/design_1_wrapper.bit"
23:26:12 INFO  : Context for 'APU' is selected.
23:26:14 INFO  : Hardware design information is loaded from 'D:/Sem_6/AELD/Labs/Midsem_Prep/ACP_HP_both/ACP_HP_both.sdk/design_1_wrapper_hw_platform_0/system.hdf'.
23:26:14 INFO  : 'configparams force-mem-access 1' command is executed.
23:26:15 INFO  : Context for 'APU' is selected.
23:26:27 INFO  : 'ps7_init' command is executed.
23:26:27 INFO  : 'ps7_post_config' command is executed.
23:26:27 INFO  : Context for processor 'ps7_cortexa9_0' is selected.
23:26:28 INFO  : The application 'D:/Sem_6/AELD/Labs/Midsem_Prep/ACP_HP_both/ACP_HP_both.sdk/ACP_HP_both/Debug/ACP_HP_both.elf' is downloaded to processor 'ps7_cortexa9_0'.
23:26:28 INFO  : 'configparams force-mem-access 0' command is executed.
23:26:28 INFO  : ----------------XSDB Script----------------
connect -path [list tcp::1534 tcp:192.168.226.142:58103]
set bp_26_3_0 [bpadd -target-id all -ct-input {0} -ct-output {24 25 26 27}]
set bp_26_3_1 [bpadd -target-id all -ct-input {24 25 26 27} -ct-output {0}]
source D:/Sem_6/AELD/Labs/Midsem_Prep/ACP_HP_both/ACP_HP_both.sdk/design_1_wrapper_hw_platform_0/ps7_init.tcl
targets -set -nocase -filter {name =~"APU*" && jtag_cable_name =~ "Digilent Zed 210248722230"} -index 0
rst -system
after 3000
targets -set -filter {jtag_cable_name =~ "Digilent Zed 210248722230" && level==0} -index 1
fpga -file D:/Sem_6/AELD/Labs/Midsem_Prep/ACP_HP_both/ACP_HP_both.sdk/design_1_wrapper_hw_platform_0/design_1_wrapper.bit
targets -set -nocase -filter {name =~"APU*" && jtag_cable_name =~ "Digilent Zed 210248722230"} -index 0
loadhw -hw D:/Sem_6/AELD/Labs/Midsem_Prep/ACP_HP_both/ACP_HP_both.sdk/design_1_wrapper_hw_platform_0/system.hdf -mem-ranges [list {0x40000000 0xbfffffff}]
configparams force-mem-access 1
targets -set -nocase -filter {name =~"APU*" && jtag_cable_name =~ "Digilent Zed 210248722230"} -index 0
ps7_init
ps7_post_config
targets -set -nocase -filter {name =~ "ARM*#0" && jtag_cable_name =~ "Digilent Zed 210248722230"} -index 0
dow D:/Sem_6/AELD/Labs/Midsem_Prep/ACP_HP_both/ACP_HP_both.sdk/ACP_HP_both/Debug/ACP_HP_both.elf
configparams force-mem-access 0
----------------End of Script----------------

23:26:28 INFO  : Memory regions updated for context APU
23:26:29 INFO  : Context for processor 'ps7_cortexa9_0' is selected.
23:26:29 INFO  : 'con' command is executed.
23:26:29 INFO  : ----------------XSDB Script (After Launch)----------------
targets -set -nocase -filter {name =~ "ARM*#0" && jtag_cable_name =~ "Digilent Zed 210248722230"} -index 0
con
----------------End of Script----------------

23:26:29 INFO  : Launch script is exported to file 'D:\Sem_6\AELD\Labs\Midsem_Prep\ACP_HP_both\ACP_HP_both.sdk\.sdk\launch_scripts\xilinx_c-c++_application_(system_debugger)\system_debugger_using_debug_acp_hp_both.elf_on_zed.tcl'
23:29:22 INFO  : Disconnected from the channel tcfchan#4.
23:29:22 INFO  : 'bpremove $bp_26_3_0' command is executed.
23:29:22 INFO  : 'bpremove $bp_26_3_1' command is executed.
